[DEBUG] 2023-05-13 10:10:23.567 [main] InternalLoggerFactory:76-Using Log4J2 as the default logging framework
[DEBUG] 2023-05-13 10:10:23.583 [main] ResourceLeakDetector:129--Dio.netty.leakDetection.level: simple
[DEBUG] 2023-05-13 10:10:23.583 [main] ResourceLeakDetector:130--Dio.netty.leakDetection.targetRecords: 4
[DEBUG] 2023-05-13 10:10:23.598 [main] ResourceLeakDetectorFactory:196-Loaded default ResourceLeakDetector: io.netty.util.ResourceLeakDetector@3c7cfcbb
[DEBUG] 2023-05-13 10:10:23.614 [main] PlatformDependent0:460--Dio.netty.noUnsafe: false
[DEBUG] 2023-05-13 10:10:23.614 [main] PlatformDependent0:954-Java version: 11
[DEBUG] 2023-05-13 10:10:23.614 [main] PlatformDependent0:135-sun.misc.Unsafe.theUnsafe: available
[DEBUG] 2023-05-13 10:10:23.614 [main] PlatformDependent0:159-sun.misc.Unsafe.copyMemory: available
[DEBUG] 2023-05-13 10:10:23.630 [main] PlatformDependent0:202-java.nio.Buffer.address: available
[DEBUG] 2023-05-13 10:10:23.630 [main] PlatformDependent0:285-direct buffer constructor: unavailable: Reflective setAccessible(true) disabled
[DEBUG] 2023-05-13 10:10:23.630 [main] PlatformDependent0:350-java.nio.Bits.unaligned: available, true
[DEBUG] 2023-05-13 10:10:23.630 [main] PlatformDependent0:417-jdk.internal.misc.Unsafe.allocateUninitializedArray(int): unavailable: class io.netty.util.internal.PlatformDependent0$6 cannot access class jdk.internal.misc.Unsafe (in module java.base) because module java.base does not export jdk.internal.misc to unnamed module @19ccca5
[DEBUG] 2023-05-13 10:10:23.630 [main] PlatformDependent0:446-java.nio.DirectByteBuffer.<init>(long, int): unavailable
[DEBUG] 2023-05-13 10:10:23.630 [main] PlatformDependent:1103-sun.misc.Unsafe: available
[DEBUG] 2023-05-13 10:10:23.630 [main] PlatformDependent:1205-maxDirectMemory: 2109734912 bytes (maybe)
[DEBUG] 2023-05-13 10:10:23.630 [main] PlatformDependent:1224--Dio.netty.tmpdir: C:\Users\YURAKO~1.000\AppData\Local\Temp (java.io.tmpdir)
[DEBUG] 2023-05-13 10:10:23.630 [main] PlatformDependent:1303--Dio.netty.bitMode: 64 (sun.arch.data.model)
[DEBUG] 2023-05-13 10:10:23.630 [main] PlatformDependent:1063-Platform: Windows
[DEBUG] 2023-05-13 10:10:23.630 [main] PlatformDependent:178--Dio.netty.maxDirectMemory: -1 bytes
[DEBUG] 2023-05-13 10:10:23.630 [main] PlatformDependent:185--Dio.netty.uninitializedArrayAllocationThreshold: -1
[DEBUG] 2023-05-13 10:10:23.630 [main] CleanerJava9:71-java.nio.ByteBuffer.cleaner(): available
[DEBUG] 2023-05-13 10:10:23.630 [main] PlatformDependent:205--Dio.netty.noPreferDirect: false
[DEBUG] 2023-05-13 10:10:23.645 [main] PlatformDependent:967-org.jctools-core.MpscChunkedArrayQueue: available
[DEBUG] 2023-05-13 10:10:23.661 [main] InternalThreadLocalMap:83--Dio.netty.threadLocalMap.stringBuilder.initialSize: 1024
[DEBUG] 2023-05-13 10:10:23.661 [main] InternalThreadLocalMap:86--Dio.netty.threadLocalMap.stringBuilder.maxSize: 4096
[DEBUG] 2023-05-13 10:10:23.692 [main] JdkSslContext:97-Default protocols (JDK): [TLSv1.3, TLSv1.2] 
[DEBUG] 2023-05-13 10:10:23.692 [main] JdkSslContext:98-Default cipher suites (JDK): [TLS_ECDHE_ECDSA_WITH_AES_256_GCM_SHA384, TLS_ECDHE_ECDSA_WITH_AES_128_GCM_SHA256, TLS_ECDHE_RSA_WITH_AES_128_GCM_SHA256, TLS_ECDHE_RSA_WITH_AES_256_GCM_SHA384, TLS_ECDHE_RSA_WITH_AES_128_CBC_SHA, TLS_ECDHE_RSA_WITH_AES_256_CBC_SHA, TLS_RSA_WITH_AES_128_GCM_SHA256, TLS_RSA_WITH_AES_128_CBC_SHA, TLS_RSA_WITH_AES_256_CBC_SHA, TLS_AES_128_GCM_SHA256, TLS_AES_256_GCM_SHA384]
[DEBUG] 2023-05-13 10:10:23.739 [main] MultithreadEventLoopGroup:44--Dio.netty.eventLoopThreads: 16
[DEBUG] 2023-05-13 10:10:23.739 [main] NioEventLoop:106--Dio.netty.noKeySetOptimization: false
[DEBUG] 2023-05-13 10:10:23.739 [main] NioEventLoop:107--Dio.netty.selectorAutoRebuildThreshold: 512
[DEBUG] 2023-05-13 10:10:23.786 [main] PooledByteBufAllocator:155--Dio.netty.allocator.numHeapArenas: 16
[DEBUG] 2023-05-13 10:10:23.786 [main] PooledByteBufAllocator:156--Dio.netty.allocator.numDirectArenas: 16
[DEBUG] 2023-05-13 10:10:23.786 [main] PooledByteBufAllocator:158--Dio.netty.allocator.pageSize: 8192
[DEBUG] 2023-05-13 10:10:23.786 [main] PooledByteBufAllocator:163--Dio.netty.allocator.maxOrder: 11
[DEBUG] 2023-05-13 10:10:23.786 [main] PooledByteBufAllocator:167--Dio.netty.allocator.chunkSize: 16777216
[DEBUG] 2023-05-13 10:10:23.786 [main] PooledByteBufAllocator:168--Dio.netty.allocator.smallCacheSize: 256
[DEBUG] 2023-05-13 10:10:23.786 [main] PooledByteBufAllocator:169--Dio.netty.allocator.normalCacheSize: 64
[DEBUG] 2023-05-13 10:10:23.786 [main] PooledByteBufAllocator:170--Dio.netty.allocator.maxCachedBufferCapacity: 32768
[DEBUG] 2023-05-13 10:10:23.786 [main] PooledByteBufAllocator:171--Dio.netty.allocator.cacheTrimInterval: 8192
[DEBUG] 2023-05-13 10:10:23.786 [main] PooledByteBufAllocator:172--Dio.netty.allocator.cacheTrimIntervalMillis: 0
[DEBUG] 2023-05-13 10:10:23.786 [main] PooledByteBufAllocator:173--Dio.netty.allocator.useCacheForAllThreads: true
[DEBUG] 2023-05-13 10:10:23.786 [main] PooledByteBufAllocator:174--Dio.netty.allocator.maxCachedByteBuffersPerChunk: 1023
[DEBUG] 2023-05-13 10:10:23.802 [main] ByteBufUtil:87--Dio.netty.allocator.type: pooled
[DEBUG] 2023-05-13 10:10:23.802 [main] ByteBufUtil:96--Dio.netty.threadLocalDirectBufferSize: 0
[DEBUG] 2023-05-13 10:10:23.802 [main] ByteBufUtil:99--Dio.netty.maxThreadLocalCharBufferSize: 16384
[DEBUG] 2023-05-13 10:10:25.153 [Forwarding newSession on session null to remote] DefaultChannelId:79--Dio.netty.processId: 14128 (auto-detected)
[DEBUG] 2023-05-13 10:10:25.153 [Forwarding newSession on session null to remote] NetUtil:135--Djava.net.preferIPv4Stack: false
[DEBUG] 2023-05-13 10:10:25.153 [Forwarding newSession on session null to remote] NetUtil:136--Djava.net.preferIPv6Addresses: false
[DEBUG] 2023-05-13 10:10:25.372 [Forwarding newSession on session null to remote] NetUtilInitializations:129-Loopback interface: lo (Software Loopback Interface 1, 127.0.0.1)
[DEBUG] 2023-05-13 10:10:25.387 [Forwarding newSession on session null to remote] NetUtil:187-Failed to get SOMAXCONN from sysctl and file \proc\sys\net\core\somaxconn. Default: 200
[DEBUG] 2023-05-13 10:10:25.625 [Forwarding newSession on session null to remote] DefaultChannelId:101--Dio.netty.machineId: d0:c6:37:ff:fe:f7:a9:b8 (auto-detected)
[DEBUG] 2023-05-13 10:10:25.672 [AsyncHttpClient-1-2] AbstractByteBuf:63--Dio.netty.buffer.checkAccessible: true
[DEBUG] 2023-05-13 10:10:25.672 [AsyncHttpClient-1-2] AbstractByteBuf:64--Dio.netty.buffer.checkBounds: true
[DEBUG] 2023-05-13 10:10:25.687 [AsyncHttpClient-1-2] ResourceLeakDetectorFactory:196-Loaded default ResourceLeakDetector: io.netty.util.ResourceLeakDetector@7397d51a
[DEBUG] 2023-05-13 10:10:25.703 [AsyncHttpClient-1-2] Recycler:103--Dio.netty.recycler.maxCapacityPerThread: 4096
[DEBUG] 2023-05-13 10:10:25.703 [AsyncHttpClient-1-2] Recycler:104--Dio.netty.recycler.maxSharedCapacityFactor: 2
[DEBUG] 2023-05-13 10:10:25.703 [AsyncHttpClient-1-2] Recycler:105--Dio.netty.recycler.linkCapacity: 16
[DEBUG] 2023-05-13 10:10:25.703 [AsyncHttpClient-1-2] Recycler:106--Dio.netty.recycler.ratio: 8
[DEBUG] 2023-05-13 10:10:25.703 [AsyncHttpClient-1-2] Recycler:107--Dio.netty.recycler.delayedQueue.ratio: 8
[DEBUG] 2023-05-13 10:10:26.559 [AsyncHttpClient-1-2] Brotli:38-brotli4j not in the classpath; Brotli support will be unavailable.
[DEBUG] 2023-05-13 10:10:26.719 [main] ThreadLocalRandom:214--Dio.netty.initialSeedUniquifier: 0x3db82441d06d5c4c
[INFO ] 2023-05-13 10:10:27.379 [main] BaseTest:35-Init page
[INFO ] 2023-05-13 10:10:28.377 [main] BaseTest:41-click close Popup Window
[INFO ] 2023-05-13 10:10:28.585 [main] BaseTest:47-Click Contact
[INFO ] 2023-05-13 10:10:29.306 [main] BaseTest:53-Click Dropdown
[INFO ] 2023-05-13 10:10:29.344 [main] BaseTest:67-Switch to window
[DEBUG] 2023-05-13 10:10:29.345 [main] BaseTest:68-Switch to window by key: 29605857E2364D37314AFAD2C6C3E956
[DEBUG] 2023-05-13 10:10:29.345 [main] BaseTest:57-Try to click on button
[INFO ] 2023-05-13 10:10:31.025 [main] BaseTest:63-Click Callback
[DEBUG] 2023-05-13 10:50:29.123 [main] InternalLoggerFactory:76-Using Log4J2 as the default logging framework
[DEBUG] 2023-05-13 10:50:29.157 [main] ResourceLeakDetector:129--Dio.netty.leakDetection.level: simple
[DEBUG] 2023-05-13 10:50:29.157 [main] ResourceLeakDetector:130--Dio.netty.leakDetection.targetRecords: 4
[DEBUG] 2023-05-13 10:50:29.170 [main] ResourceLeakDetectorFactory:196-Loaded default ResourceLeakDetector: io.netty.util.ResourceLeakDetector@66908383
[DEBUG] 2023-05-13 10:50:29.330 [main] PlatformDependent0:460--Dio.netty.noUnsafe: false
[DEBUG] 2023-05-13 10:50:29.330 [main] PlatformDependent0:954-Java version: 11
[DEBUG] 2023-05-13 10:50:29.332 [main] PlatformDependent0:135-sun.misc.Unsafe.theUnsafe: available
[DEBUG] 2023-05-13 10:50:29.333 [main] PlatformDependent0:159-sun.misc.Unsafe.copyMemory: available
[DEBUG] 2023-05-13 10:50:29.334 [main] PlatformDependent0:202-java.nio.Buffer.address: available
[DEBUG] 2023-05-13 10:50:29.336 [main] PlatformDependent0:285-direct buffer constructor: unavailable: Reflective setAccessible(true) disabled
[DEBUG] 2023-05-13 10:50:29.338 [main] PlatformDependent0:350-java.nio.Bits.unaligned: available, true
[DEBUG] 2023-05-13 10:50:29.339 [main] PlatformDependent0:417-jdk.internal.misc.Unsafe.allocateUninitializedArray(int): unavailable: class io.netty.util.internal.PlatformDependent0$6 cannot access class jdk.internal.misc.Unsafe (in module java.base) because module java.base does not export jdk.internal.misc to unnamed module @693e4d19
[DEBUG] 2023-05-13 10:50:29.340 [main] PlatformDependent0:446-java.nio.DirectByteBuffer.<init>(long, int): unavailable
[DEBUG] 2023-05-13 10:50:29.340 [main] PlatformDependent:1103-sun.misc.Unsafe: available
[DEBUG] 2023-05-13 10:50:29.341 [main] PlatformDependent:1205-maxDirectMemory: 2109734912 bytes (maybe)
[DEBUG] 2023-05-13 10:50:29.341 [main] PlatformDependent:1224--Dio.netty.tmpdir: C:\Users\YURAKO~1.000\AppData\Local\Temp (java.io.tmpdir)
[DEBUG] 2023-05-13 10:50:29.341 [main] PlatformDependent:1303--Dio.netty.bitMode: 64 (sun.arch.data.model)
[DEBUG] 2023-05-13 10:50:29.342 [main] PlatformDependent:1063-Platform: Windows
[DEBUG] 2023-05-13 10:50:29.343 [main] PlatformDependent:178--Dio.netty.maxDirectMemory: -1 bytes
[DEBUG] 2023-05-13 10:50:29.343 [main] PlatformDependent:185--Dio.netty.uninitializedArrayAllocationThreshold: -1
[DEBUG] 2023-05-13 10:50:29.344 [main] CleanerJava9:71-java.nio.ByteBuffer.cleaner(): available
[DEBUG] 2023-05-13 10:50:29.344 [main] PlatformDependent:205--Dio.netty.noPreferDirect: false
[DEBUG] 2023-05-13 10:50:29.378 [main] PlatformDependent:967-org.jctools-core.MpscChunkedArrayQueue: available
[DEBUG] 2023-05-13 10:50:29.437 [main] InternalThreadLocalMap:83--Dio.netty.threadLocalMap.stringBuilder.initialSize: 1024
[DEBUG] 2023-05-13 10:50:29.437 [main] InternalThreadLocalMap:86--Dio.netty.threadLocalMap.stringBuilder.maxSize: 4096
[DEBUG] 2023-05-13 10:50:29.493 [main] JdkSslContext:97-Default protocols (JDK): [TLSv1.3, TLSv1.2] 
[DEBUG] 2023-05-13 10:50:29.494 [main] JdkSslContext:98-Default cipher suites (JDK): [TLS_ECDHE_ECDSA_WITH_AES_256_GCM_SHA384, TLS_ECDHE_ECDSA_WITH_AES_128_GCM_SHA256, TLS_ECDHE_RSA_WITH_AES_128_GCM_SHA256, TLS_ECDHE_RSA_WITH_AES_256_GCM_SHA384, TLS_ECDHE_RSA_WITH_AES_128_CBC_SHA, TLS_ECDHE_RSA_WITH_AES_256_CBC_SHA, TLS_RSA_WITH_AES_128_GCM_SHA256, TLS_RSA_WITH_AES_128_CBC_SHA, TLS_RSA_WITH_AES_256_CBC_SHA, TLS_AES_128_GCM_SHA256, TLS_AES_256_GCM_SHA384]
[DEBUG] 2023-05-13 10:50:29.533 [main] MultithreadEventLoopGroup:44--Dio.netty.eventLoopThreads: 16
[DEBUG] 2023-05-13 10:50:29.547 [main] NioEventLoop:106--Dio.netty.noKeySetOptimization: false
[DEBUG] 2023-05-13 10:50:29.547 [main] NioEventLoop:107--Dio.netty.selectorAutoRebuildThreshold: 512
[DEBUG] 2023-05-13 10:50:29.593 [main] PooledByteBufAllocator:155--Dio.netty.allocator.numHeapArenas: 16
[DEBUG] 2023-05-13 10:50:29.595 [main] PooledByteBufAllocator:156--Dio.netty.allocator.numDirectArenas: 16
[DEBUG] 2023-05-13 10:50:29.595 [main] PooledByteBufAllocator:158--Dio.netty.allocator.pageSize: 8192
[DEBUG] 2023-05-13 10:50:29.595 [main] PooledByteBufAllocator:163--Dio.netty.allocator.maxOrder: 11
[DEBUG] 2023-05-13 10:50:29.595 [main] PooledByteBufAllocator:167--Dio.netty.allocator.chunkSize: 16777216
[DEBUG] 2023-05-13 10:50:29.596 [main] PooledByteBufAllocator:168--Dio.netty.allocator.smallCacheSize: 256
[DEBUG] 2023-05-13 10:50:29.596 [main] PooledByteBufAllocator:169--Dio.netty.allocator.normalCacheSize: 64
[DEBUG] 2023-05-13 10:50:29.596 [main] PooledByteBufAllocator:170--Dio.netty.allocator.maxCachedBufferCapacity: 32768
[DEBUG] 2023-05-13 10:50:29.596 [main] PooledByteBufAllocator:171--Dio.netty.allocator.cacheTrimInterval: 8192
[DEBUG] 2023-05-13 10:50:29.596 [main] PooledByteBufAllocator:172--Dio.netty.allocator.cacheTrimIntervalMillis: 0
[DEBUG] 2023-05-13 10:50:29.596 [main] PooledByteBufAllocator:173--Dio.netty.allocator.useCacheForAllThreads: true
[DEBUG] 2023-05-13 10:50:29.596 [main] PooledByteBufAllocator:174--Dio.netty.allocator.maxCachedByteBuffersPerChunk: 1023
[DEBUG] 2023-05-13 10:50:29.609 [main] ByteBufUtil:87--Dio.netty.allocator.type: pooled
[DEBUG] 2023-05-13 10:50:29.609 [main] ByteBufUtil:96--Dio.netty.threadLocalDirectBufferSize: 0
[DEBUG] 2023-05-13 10:50:29.609 [main] ByteBufUtil:99--Dio.netty.maxThreadLocalCharBufferSize: 16384
[DEBUG] 2023-05-13 10:50:31.512 [Forwarding newSession on session null to remote] DefaultChannelId:79--Dio.netty.processId: 32 (auto-detected)
[DEBUG] 2023-05-13 10:50:31.515 [Forwarding newSession on session null to remote] NetUtil:135--Djava.net.preferIPv4Stack: false
[DEBUG] 2023-05-13 10:50:31.515 [Forwarding newSession on session null to remote] NetUtil:136--Djava.net.preferIPv6Addresses: false
[DEBUG] 2023-05-13 10:50:31.732 [Forwarding newSession on session null to remote] NetUtilInitializations:129-Loopback interface: lo (Software Loopback Interface 1, 127.0.0.1)
[DEBUG] 2023-05-13 10:50:31.741 [Forwarding newSession on session null to remote] NetUtil:187-Failed to get SOMAXCONN from sysctl and file \proc\sys\net\core\somaxconn. Default: 200
[DEBUG] 2023-05-13 10:50:31.980 [Forwarding newSession on session null to remote] DefaultChannelId:101--Dio.netty.machineId: d0:c6:37:ff:fe:f7:a9:b8 (auto-detected)
[DEBUG] 2023-05-13 10:50:32.037 [AsyncHttpClient-1-2] AbstractByteBuf:63--Dio.netty.buffer.checkAccessible: true
[DEBUG] 2023-05-13 10:50:32.037 [AsyncHttpClient-1-2] AbstractByteBuf:64--Dio.netty.buffer.checkBounds: true
[DEBUG] 2023-05-13 10:50:32.037 [AsyncHttpClient-1-2] ResourceLeakDetectorFactory:196-Loaded default ResourceLeakDetector: io.netty.util.ResourceLeakDetector@391c4be0
[DEBUG] 2023-05-13 10:50:32.063 [AsyncHttpClient-1-2] Recycler:103--Dio.netty.recycler.maxCapacityPerThread: 4096
[DEBUG] 2023-05-13 10:50:32.063 [AsyncHttpClient-1-2] Recycler:104--Dio.netty.recycler.maxSharedCapacityFactor: 2
[DEBUG] 2023-05-13 10:50:32.063 [AsyncHttpClient-1-2] Recycler:105--Dio.netty.recycler.linkCapacity: 16
[DEBUG] 2023-05-13 10:50:32.063 [AsyncHttpClient-1-2] Recycler:106--Dio.netty.recycler.ratio: 8
[DEBUG] 2023-05-13 10:50:32.063 [AsyncHttpClient-1-2] Recycler:107--Dio.netty.recycler.delayedQueue.ratio: 8
[DEBUG] 2023-05-13 10:50:32.929 [AsyncHttpClient-1-2] Brotli:38-brotli4j not in the classpath; Brotli support will be unavailable.
[DEBUG] 2023-05-13 10:50:33.229 [main] ThreadLocalRandom:214--Dio.netty.initialSeedUniquifier: 0xf6cc7a332ab652fb
[INFO ] 2023-05-13 10:50:33.855 [main] BaseTest:26-Init page
[DEBUG] 2023-05-13 13:54:10.214 [main] InternalLoggerFactory:76-Using Log4J2 as the default logging framework
[DEBUG] 2023-05-13 13:54:10.250 [main] ResourceLeakDetector:129--Dio.netty.leakDetection.level: simple
[DEBUG] 2023-05-13 13:54:10.252 [main] ResourceLeakDetector:130--Dio.netty.leakDetection.targetRecords: 4
[DEBUG] 2023-05-13 13:54:10.271 [main] ResourceLeakDetectorFactory:196-Loaded default ResourceLeakDetector: io.netty.util.ResourceLeakDetector@6345e7b9
[DEBUG] 2023-05-13 13:54:10.351 [main] PlatformDependent0:460--Dio.netty.noUnsafe: false
[DEBUG] 2023-05-13 13:54:10.352 [main] PlatformDependent0:954-Java version: 11
[DEBUG] 2023-05-13 13:54:10.360 [main] PlatformDependent0:135-sun.misc.Unsafe.theUnsafe: available
[DEBUG] 2023-05-13 13:54:10.364 [main] PlatformDependent0:159-sun.misc.Unsafe.copyMemory: available
[DEBUG] 2023-05-13 13:54:10.366 [main] PlatformDependent0:202-java.nio.Buffer.address: available
[DEBUG] 2023-05-13 13:54:10.369 [main] PlatformDependent0:285-direct buffer constructor: unavailable: Reflective setAccessible(true) disabled
[DEBUG] 2023-05-13 13:54:10.373 [main] PlatformDependent0:350-java.nio.Bits.unaligned: available, true
[DEBUG] 2023-05-13 13:54:10.379 [main] PlatformDependent0:417-jdk.internal.misc.Unsafe.allocateUninitializedArray(int): unavailable: class io.netty.util.internal.PlatformDependent0$6 cannot access class jdk.internal.misc.Unsafe (in module java.base) because module java.base does not export jdk.internal.misc to unnamed module @4441d567
[DEBUG] 2023-05-13 13:54:10.383 [main] PlatformDependent0:446-java.nio.DirectByteBuffer.<init>(long, int): unavailable
[DEBUG] 2023-05-13 13:54:10.383 [main] PlatformDependent:1103-sun.misc.Unsafe: available
[DEBUG] 2023-05-13 13:54:10.386 [main] PlatformDependent:1205-maxDirectMemory: 2109734912 bytes (maybe)
[DEBUG] 2023-05-13 13:54:10.387 [main] PlatformDependent:1224--Dio.netty.tmpdir: C:\Users\YURAKO~1.000\AppData\Local\Temp (java.io.tmpdir)
[DEBUG] 2023-05-13 13:54:10.388 [main] PlatformDependent:1303--Dio.netty.bitMode: 64 (sun.arch.data.model)
[DEBUG] 2023-05-13 13:54:10.390 [main] PlatformDependent:1063-Platform: Windows
[DEBUG] 2023-05-13 13:54:10.395 [main] PlatformDependent:178--Dio.netty.maxDirectMemory: -1 bytes
[DEBUG] 2023-05-13 13:54:10.396 [main] PlatformDependent:185--Dio.netty.uninitializedArrayAllocationThreshold: -1
[DEBUG] 2023-05-13 13:54:10.400 [main] CleanerJava9:71-java.nio.ByteBuffer.cleaner(): available
[DEBUG] 2023-05-13 13:54:10.400 [main] PlatformDependent:205--Dio.netty.noPreferDirect: false
[DEBUG] 2023-05-13 13:54:10.432 [main] PlatformDependent:967-org.jctools-core.MpscChunkedArrayQueue: available
[DEBUG] 2023-05-13 13:54:10.522 [main] InternalThreadLocalMap:83--Dio.netty.threadLocalMap.stringBuilder.initialSize: 1024
[DEBUG] 2023-05-13 13:54:10.523 [main] InternalThreadLocalMap:86--Dio.netty.threadLocalMap.stringBuilder.maxSize: 4096
[DEBUG] 2023-05-13 13:54:10.607 [main] JdkSslContext:97-Default protocols (JDK): [TLSv1.3, TLSv1.2] 
[DEBUG] 2023-05-13 13:54:10.609 [main] JdkSslContext:98-Default cipher suites (JDK): [TLS_ECDHE_ECDSA_WITH_AES_256_GCM_SHA384, TLS_ECDHE_ECDSA_WITH_AES_128_GCM_SHA256, TLS_ECDHE_RSA_WITH_AES_128_GCM_SHA256, TLS_ECDHE_RSA_WITH_AES_256_GCM_SHA384, TLS_ECDHE_RSA_WITH_AES_128_CBC_SHA, TLS_ECDHE_RSA_WITH_AES_256_CBC_SHA, TLS_RSA_WITH_AES_128_GCM_SHA256, TLS_RSA_WITH_AES_128_CBC_SHA, TLS_RSA_WITH_AES_256_CBC_SHA, TLS_AES_128_GCM_SHA256, TLS_AES_256_GCM_SHA384]
[DEBUG] 2023-05-13 13:54:10.782 [main] MultithreadEventLoopGroup:44--Dio.netty.eventLoopThreads: 16
[DEBUG] 2023-05-13 13:54:10.821 [main] NioEventLoop:106--Dio.netty.noKeySetOptimization: false
[DEBUG] 2023-05-13 13:54:10.823 [main] NioEventLoop:107--Dio.netty.selectorAutoRebuildThreshold: 512
[DEBUG] 2023-05-13 13:54:11.004 [main] PooledByteBufAllocator:155--Dio.netty.allocator.numHeapArenas: 16
[DEBUG] 2023-05-13 13:54:11.005 [main] PooledByteBufAllocator:156--Dio.netty.allocator.numDirectArenas: 16
[DEBUG] 2023-05-13 13:54:11.005 [main] PooledByteBufAllocator:158--Dio.netty.allocator.pageSize: 8192
[DEBUG] 2023-05-13 13:54:11.006 [main] PooledByteBufAllocator:163--Dio.netty.allocator.maxOrder: 11
[DEBUG] 2023-05-13 13:54:11.007 [main] PooledByteBufAllocator:167--Dio.netty.allocator.chunkSize: 16777216
[DEBUG] 2023-05-13 13:54:11.008 [main] PooledByteBufAllocator:168--Dio.netty.allocator.smallCacheSize: 256
[DEBUG] 2023-05-13 13:54:11.008 [main] PooledByteBufAllocator:169--Dio.netty.allocator.normalCacheSize: 64
[DEBUG] 2023-05-13 13:54:11.009 [main] PooledByteBufAllocator:170--Dio.netty.allocator.maxCachedBufferCapacity: 32768
[DEBUG] 2023-05-13 13:54:11.010 [main] PooledByteBufAllocator:171--Dio.netty.allocator.cacheTrimInterval: 8192
[DEBUG] 2023-05-13 13:54:11.011 [main] PooledByteBufAllocator:172--Dio.netty.allocator.cacheTrimIntervalMillis: 0
[DEBUG] 2023-05-13 13:54:11.011 [main] PooledByteBufAllocator:173--Dio.netty.allocator.useCacheForAllThreads: true
[DEBUG] 2023-05-13 13:54:11.012 [main] PooledByteBufAllocator:174--Dio.netty.allocator.maxCachedByteBuffersPerChunk: 1023
[DEBUG] 2023-05-13 13:54:11.058 [main] ByteBufUtil:87--Dio.netty.allocator.type: pooled
[DEBUG] 2023-05-13 13:54:11.059 [main] ByteBufUtil:96--Dio.netty.threadLocalDirectBufferSize: 0
[DEBUG] 2023-05-13 13:54:11.061 [main] ByteBufUtil:99--Dio.netty.maxThreadLocalCharBufferSize: 16384
[DEBUG] 2023-05-13 13:54:13.685 [Forwarding newSession on session null to remote] DefaultChannelId:79--Dio.netty.processId: 12940 (auto-detected)
[DEBUG] 2023-05-13 13:54:13.690 [Forwarding newSession on session null to remote] NetUtil:135--Djava.net.preferIPv4Stack: false
[DEBUG] 2023-05-13 13:54:13.691 [Forwarding newSession on session null to remote] NetUtil:136--Djava.net.preferIPv6Addresses: false
[DEBUG] 2023-05-13 13:54:14.763 [Forwarding newSession on session null to remote] NetUtilInitializations:129-Loopback interface: lo (Software Loopback Interface 1, 127.0.0.1)
[DEBUG] 2023-05-13 13:54:14.776 [Forwarding newSession on session null to remote] NetUtil:187-Failed to get SOMAXCONN from sysctl and file \proc\sys\net\core\somaxconn. Default: 200
[DEBUG] 2023-05-13 13:54:15.748 [Forwarding newSession on session null to remote] DefaultChannelId:101--Dio.netty.machineId: d0:c6:37:ff:fe:f7:a9:b8 (auto-detected)
[DEBUG] 2023-05-13 13:54:15.903 [AsyncHttpClient-1-2] AbstractByteBuf:63--Dio.netty.buffer.checkAccessible: true
[DEBUG] 2023-05-13 13:54:15.905 [AsyncHttpClient-1-2] AbstractByteBuf:64--Dio.netty.buffer.checkBounds: true
[DEBUG] 2023-05-13 13:54:15.905 [AsyncHttpClient-1-2] ResourceLeakDetectorFactory:196-Loaded default ResourceLeakDetector: io.netty.util.ResourceLeakDetector@d3795e6
[DEBUG] 2023-05-13 13:54:16.019 [AsyncHttpClient-1-2] Recycler:103--Dio.netty.recycler.maxCapacityPerThread: 4096
[DEBUG] 2023-05-13 13:54:16.019 [AsyncHttpClient-1-2] Recycler:104--Dio.netty.recycler.maxSharedCapacityFactor: 2
[DEBUG] 2023-05-13 13:54:16.019 [AsyncHttpClient-1-2] Recycler:105--Dio.netty.recycler.linkCapacity: 16
[DEBUG] 2023-05-13 13:54:16.020 [AsyncHttpClient-1-2] Recycler:106--Dio.netty.recycler.ratio: 8
[DEBUG] 2023-05-13 13:54:16.020 [AsyncHttpClient-1-2] Recycler:107--Dio.netty.recycler.delayedQueue.ratio: 8
[DEBUG] 2023-05-13 13:54:17.435 [AsyncHttpClient-1-2] Brotli:38-brotli4j not in the classpath; Brotli support will be unavailable.
[DEBUG] 2023-05-13 13:54:17.918 [main] ThreadLocalRandom:214--Dio.netty.initialSeedUniquifier: 0x4459c51d77550717
[INFO ] 2023-05-13 13:54:24.685 [main] BaseTest:28-Init page
[DEBUG] 2023-05-13 13:58:02.942 [main] InternalLoggerFactory:76-Using Log4J2 as the default logging framework
[DEBUG] 2023-05-13 13:58:02.952 [main] ResourceLeakDetector:129--Dio.netty.leakDetection.level: simple
[DEBUG] 2023-05-13 13:58:02.952 [main] ResourceLeakDetector:130--Dio.netty.leakDetection.targetRecords: 4
[DEBUG] 2023-05-13 13:58:02.957 [main] ResourceLeakDetectorFactory:196-Loaded default ResourceLeakDetector: io.netty.util.ResourceLeakDetector@5bb8f9e2
[DEBUG] 2023-05-13 13:58:02.979 [main] PlatformDependent0:460--Dio.netty.noUnsafe: false
[DEBUG] 2023-05-13 13:58:02.980 [main] PlatformDependent0:954-Java version: 11
[DEBUG] 2023-05-13 13:58:02.982 [main] PlatformDependent0:135-sun.misc.Unsafe.theUnsafe: available
[DEBUG] 2023-05-13 13:58:02.983 [main] PlatformDependent0:159-sun.misc.Unsafe.copyMemory: available
[DEBUG] 2023-05-13 13:58:02.984 [main] PlatformDependent0:202-java.nio.Buffer.address: available
[DEBUG] 2023-05-13 13:58:02.986 [main] PlatformDependent0:285-direct buffer constructor: unavailable: Reflective setAccessible(true) disabled
[DEBUG] 2023-05-13 13:58:02.986 [main] PlatformDependent0:350-java.nio.Bits.unaligned: available, true
[DEBUG] 2023-05-13 13:58:02.989 [main] PlatformDependent0:417-jdk.internal.misc.Unsafe.allocateUninitializedArray(int): unavailable: class io.netty.util.internal.PlatformDependent0$6 cannot access class jdk.internal.misc.Unsafe (in module java.base) because module java.base does not export jdk.internal.misc to unnamed module @4525d1d3
[DEBUG] 2023-05-13 13:58:02.991 [main] PlatformDependent0:446-java.nio.DirectByteBuffer.<init>(long, int): unavailable
[DEBUG] 2023-05-13 13:58:02.991 [main] PlatformDependent:1103-sun.misc.Unsafe: available
[DEBUG] 2023-05-13 13:58:02.992 [main] PlatformDependent:1205-maxDirectMemory: 2109734912 bytes (maybe)
[DEBUG] 2023-05-13 13:58:02.993 [main] PlatformDependent:1224--Dio.netty.tmpdir: C:\Users\YURAKO~1.000\AppData\Local\Temp (java.io.tmpdir)
[DEBUG] 2023-05-13 13:58:02.993 [main] PlatformDependent:1303--Dio.netty.bitMode: 64 (sun.arch.data.model)
[DEBUG] 2023-05-13 13:58:02.993 [main] PlatformDependent:1063-Platform: Windows
[DEBUG] 2023-05-13 13:58:02.994 [main] PlatformDependent:178--Dio.netty.maxDirectMemory: -1 bytes
[DEBUG] 2023-05-13 13:58:02.995 [main] PlatformDependent:185--Dio.netty.uninitializedArrayAllocationThreshold: -1
[DEBUG] 2023-05-13 13:58:02.996 [main] CleanerJava9:71-java.nio.ByteBuffer.cleaner(): available
[DEBUG] 2023-05-13 13:58:02.996 [main] PlatformDependent:205--Dio.netty.noPreferDirect: false
[DEBUG] 2023-05-13 13:58:03.006 [main] PlatformDependent:967-org.jctools-core.MpscChunkedArrayQueue: available
[DEBUG] 2023-05-13 13:58:03.030 [main] InternalThreadLocalMap:83--Dio.netty.threadLocalMap.stringBuilder.initialSize: 1024
[DEBUG] 2023-05-13 13:58:03.030 [main] InternalThreadLocalMap:86--Dio.netty.threadLocalMap.stringBuilder.maxSize: 4096
[DEBUG] 2023-05-13 13:58:03.061 [main] JdkSslContext:97-Default protocols (JDK): [TLSv1.3, TLSv1.2] 
[DEBUG] 2023-05-13 13:58:03.062 [main] JdkSslContext:98-Default cipher suites (JDK): [TLS_ECDHE_ECDSA_WITH_AES_256_GCM_SHA384, TLS_ECDHE_ECDSA_WITH_AES_128_GCM_SHA256, TLS_ECDHE_RSA_WITH_AES_128_GCM_SHA256, TLS_ECDHE_RSA_WITH_AES_256_GCM_SHA384, TLS_ECDHE_RSA_WITH_AES_128_CBC_SHA, TLS_ECDHE_RSA_WITH_AES_256_CBC_SHA, TLS_RSA_WITH_AES_128_GCM_SHA256, TLS_RSA_WITH_AES_128_CBC_SHA, TLS_RSA_WITH_AES_256_CBC_SHA, TLS_AES_128_GCM_SHA256, TLS_AES_256_GCM_SHA384]
[DEBUG] 2023-05-13 13:58:03.144 [main] MultithreadEventLoopGroup:44--Dio.netty.eventLoopThreads: 16
[DEBUG] 2023-05-13 13:58:03.176 [main] NioEventLoop:106--Dio.netty.noKeySetOptimization: false
[DEBUG] 2023-05-13 13:58:03.178 [main] NioEventLoop:107--Dio.netty.selectorAutoRebuildThreshold: 512
[DEBUG] 2023-05-13 13:58:03.352 [main] PooledByteBufAllocator:155--Dio.netty.allocator.numHeapArenas: 16
[DEBUG] 2023-05-13 13:58:03.353 [main] PooledByteBufAllocator:156--Dio.netty.allocator.numDirectArenas: 16
[DEBUG] 2023-05-13 13:58:03.353 [main] PooledByteBufAllocator:158--Dio.netty.allocator.pageSize: 8192
[DEBUG] 2023-05-13 13:58:03.354 [main] PooledByteBufAllocator:163--Dio.netty.allocator.maxOrder: 11
[DEBUG] 2023-05-13 13:58:03.354 [main] PooledByteBufAllocator:167--Dio.netty.allocator.chunkSize: 16777216
[DEBUG] 2023-05-13 13:58:03.355 [main] PooledByteBufAllocator:168--Dio.netty.allocator.smallCacheSize: 256
[DEBUG] 2023-05-13 13:58:03.356 [main] PooledByteBufAllocator:169--Dio.netty.allocator.normalCacheSize: 64
[DEBUG] 2023-05-13 13:58:03.356 [main] PooledByteBufAllocator:170--Dio.netty.allocator.maxCachedBufferCapacity: 32768
[DEBUG] 2023-05-13 13:58:03.358 [main] PooledByteBufAllocator:171--Dio.netty.allocator.cacheTrimInterval: 8192
[DEBUG] 2023-05-13 13:58:03.358 [main] PooledByteBufAllocator:172--Dio.netty.allocator.cacheTrimIntervalMillis: 0
[DEBUG] 2023-05-13 13:58:03.359 [main] PooledByteBufAllocator:173--Dio.netty.allocator.useCacheForAllThreads: true
[DEBUG] 2023-05-13 13:58:03.359 [main] PooledByteBufAllocator:174--Dio.netty.allocator.maxCachedByteBuffersPerChunk: 1023
[DEBUG] 2023-05-13 13:58:03.401 [main] ByteBufUtil:87--Dio.netty.allocator.type: pooled
[DEBUG] 2023-05-13 13:58:03.402 [main] ByteBufUtil:96--Dio.netty.threadLocalDirectBufferSize: 0
[DEBUG] 2023-05-13 13:58:03.403 [main] ByteBufUtil:99--Dio.netty.maxThreadLocalCharBufferSize: 16384
[DEBUG] 2023-05-13 13:58:04.786 [Forwarding newSession on session null to remote] DefaultChannelId:79--Dio.netty.processId: 7724 (auto-detected)
[DEBUG] 2023-05-13 13:58:04.791 [Forwarding newSession on session null to remote] NetUtil:135--Djava.net.preferIPv4Stack: false
[DEBUG] 2023-05-13 13:58:04.791 [Forwarding newSession on session null to remote] NetUtil:136--Djava.net.preferIPv6Addresses: false
[DEBUG] 2023-05-13 13:58:05.663 [Forwarding newSession on session null to remote] NetUtilInitializations:129-Loopback interface: lo (Software Loopback Interface 1, 127.0.0.1)
[DEBUG] 2023-05-13 13:58:05.664 [Forwarding newSession on session null to remote] NetUtil:187-Failed to get SOMAXCONN from sysctl and file \proc\sys\net\core\somaxconn. Default: 200
[DEBUG] 2023-05-13 13:58:06.446 [Forwarding newSession on session null to remote] DefaultChannelId:101--Dio.netty.machineId: d0:c6:37:ff:fe:f7:a9:b8 (auto-detected)
[DEBUG] 2023-05-13 13:58:06.641 [AsyncHttpClient-1-2] AbstractByteBuf:63--Dio.netty.buffer.checkAccessible: true
[DEBUG] 2023-05-13 13:58:06.644 [AsyncHttpClient-1-2] AbstractByteBuf:64--Dio.netty.buffer.checkBounds: true
[DEBUG] 2023-05-13 13:58:06.645 [AsyncHttpClient-1-2] ResourceLeakDetectorFactory:196-Loaded default ResourceLeakDetector: io.netty.util.ResourceLeakDetector@81bdf43
[DEBUG] 2023-05-13 13:58:06.747 [AsyncHttpClient-1-2] Recycler:103--Dio.netty.recycler.maxCapacityPerThread: 4096
[DEBUG] 2023-05-13 13:58:06.749 [AsyncHttpClient-1-2] Recycler:104--Dio.netty.recycler.maxSharedCapacityFactor: 2
[DEBUG] 2023-05-13 13:58:06.749 [AsyncHttpClient-1-2] Recycler:105--Dio.netty.recycler.linkCapacity: 16
[DEBUG] 2023-05-13 13:58:06.750 [AsyncHttpClient-1-2] Recycler:106--Dio.netty.recycler.ratio: 8
[DEBUG] 2023-05-13 13:58:06.751 [AsyncHttpClient-1-2] Recycler:107--Dio.netty.recycler.delayedQueue.ratio: 8
[DEBUG] 2023-05-13 13:58:08.354 [AsyncHttpClient-1-2] Brotli:38-brotli4j not in the classpath; Brotli support will be unavailable.
[DEBUG] 2023-05-13 13:58:08.692 [main] ThreadLocalRandom:214--Dio.netty.initialSeedUniquifier: 0xbdd73e24c01e6545
[INFO ] 2023-05-13 13:58:14.755 [main] BaseTest:29-Init page
[DEBUG] 2023-05-13 14:42:34.793 [main] InternalLoggerFactory:76-Using Log4J2 as the default logging framework
[DEBUG] 2023-05-13 14:42:34.803 [main] ResourceLeakDetector:129--Dio.netty.leakDetection.level: simple
[DEBUG] 2023-05-13 14:42:34.804 [main] ResourceLeakDetector:130--Dio.netty.leakDetection.targetRecords: 4
[DEBUG] 2023-05-13 14:42:34.810 [main] ResourceLeakDetectorFactory:196-Loaded default ResourceLeakDetector: io.netty.util.ResourceLeakDetector@1869f114
[DEBUG] 2023-05-13 14:42:34.835 [main] PlatformDependent0:460--Dio.netty.noUnsafe: false
[DEBUG] 2023-05-13 14:42:34.835 [main] PlatformDependent0:954-Java version: 11
[DEBUG] 2023-05-13 14:42:34.838 [main] PlatformDependent0:135-sun.misc.Unsafe.theUnsafe: available
[DEBUG] 2023-05-13 14:42:34.839 [main] PlatformDependent0:159-sun.misc.Unsafe.copyMemory: available
[DEBUG] 2023-05-13 14:42:34.840 [main] PlatformDependent0:202-java.nio.Buffer.address: available
[DEBUG] 2023-05-13 14:42:34.841 [main] PlatformDependent0:285-direct buffer constructor: unavailable: Reflective setAccessible(true) disabled
[DEBUG] 2023-05-13 14:42:34.842 [main] PlatformDependent0:350-java.nio.Bits.unaligned: available, true
[DEBUG] 2023-05-13 14:42:34.845 [main] PlatformDependent0:417-jdk.internal.misc.Unsafe.allocateUninitializedArray(int): unavailable: class io.netty.util.internal.PlatformDependent0$6 cannot access class jdk.internal.misc.Unsafe (in module java.base) because module java.base does not export jdk.internal.misc to unnamed module @3c9bfddc
[DEBUG] 2023-05-13 14:42:34.846 [main] PlatformDependent0:446-java.nio.DirectByteBuffer.<init>(long, int): unavailable
[DEBUG] 2023-05-13 14:42:34.846 [main] PlatformDependent:1103-sun.misc.Unsafe: available
[DEBUG] 2023-05-13 14:42:34.848 [main] PlatformDependent:1205-maxDirectMemory: 2109734912 bytes (maybe)
[DEBUG] 2023-05-13 14:42:34.849 [main] PlatformDependent:1224--Dio.netty.tmpdir: C:\Users\YURAKO~1.000\AppData\Local\Temp (java.io.tmpdir)
[DEBUG] 2023-05-13 14:42:34.849 [main] PlatformDependent:1303--Dio.netty.bitMode: 64 (sun.arch.data.model)
[DEBUG] 2023-05-13 14:42:34.850 [main] PlatformDependent:1063-Platform: Windows
[DEBUG] 2023-05-13 14:42:34.851 [main] PlatformDependent:178--Dio.netty.maxDirectMemory: -1 bytes
[DEBUG] 2023-05-13 14:42:34.852 [main] PlatformDependent:185--Dio.netty.uninitializedArrayAllocationThreshold: -1
[DEBUG] 2023-05-13 14:42:34.854 [main] CleanerJava9:71-java.nio.ByteBuffer.cleaner(): available
[DEBUG] 2023-05-13 14:42:34.855 [main] PlatformDependent:205--Dio.netty.noPreferDirect: false
[DEBUG] 2023-05-13 14:42:34.870 [main] PlatformDependent:967-org.jctools-core.MpscChunkedArrayQueue: available
[DEBUG] 2023-05-13 14:42:34.909 [main] InternalThreadLocalMap:83--Dio.netty.threadLocalMap.stringBuilder.initialSize: 1024
[DEBUG] 2023-05-13 14:42:34.909 [main] InternalThreadLocalMap:86--Dio.netty.threadLocalMap.stringBuilder.maxSize: 4096
[DEBUG] 2023-05-13 14:42:35.034 [main] JdkSslContext:97-Default protocols (JDK): [TLSv1.3, TLSv1.2] 
[DEBUG] 2023-05-13 14:42:35.035 [main] JdkSslContext:98-Default cipher suites (JDK): [TLS_ECDHE_ECDSA_WITH_AES_256_GCM_SHA384, TLS_ECDHE_ECDSA_WITH_AES_128_GCM_SHA256, TLS_ECDHE_RSA_WITH_AES_128_GCM_SHA256, TLS_ECDHE_RSA_WITH_AES_256_GCM_SHA384, TLS_ECDHE_RSA_WITH_AES_128_CBC_SHA, TLS_ECDHE_RSA_WITH_AES_256_CBC_SHA, TLS_RSA_WITH_AES_128_GCM_SHA256, TLS_RSA_WITH_AES_128_CBC_SHA, TLS_RSA_WITH_AES_256_CBC_SHA, TLS_AES_128_GCM_SHA256, TLS_AES_256_GCM_SHA384]
[DEBUG] 2023-05-13 14:42:35.119 [main] MultithreadEventLoopGroup:44--Dio.netty.eventLoopThreads: 16
[DEBUG] 2023-05-13 14:42:35.149 [main] NioEventLoop:106--Dio.netty.noKeySetOptimization: false
[DEBUG] 2023-05-13 14:42:35.150 [main] NioEventLoop:107--Dio.netty.selectorAutoRebuildThreshold: 512
[DEBUG] 2023-05-13 14:42:35.272 [main] PooledByteBufAllocator:155--Dio.netty.allocator.numHeapArenas: 16
[DEBUG] 2023-05-13 14:42:35.273 [main] PooledByteBufAllocator:156--Dio.netty.allocator.numDirectArenas: 16
[DEBUG] 2023-05-13 14:42:35.273 [main] PooledByteBufAllocator:158--Dio.netty.allocator.pageSize: 8192
[DEBUG] 2023-05-13 14:42:35.274 [main] PooledByteBufAllocator:163--Dio.netty.allocator.maxOrder: 11
[DEBUG] 2023-05-13 14:42:35.274 [main] PooledByteBufAllocator:167--Dio.netty.allocator.chunkSize: 16777216
[DEBUG] 2023-05-13 14:42:35.275 [main] PooledByteBufAllocator:168--Dio.netty.allocator.smallCacheSize: 256
[DEBUG] 2023-05-13 14:42:35.275 [main] PooledByteBufAllocator:169--Dio.netty.allocator.normalCacheSize: 64
[DEBUG] 2023-05-13 14:42:35.276 [main] PooledByteBufAllocator:170--Dio.netty.allocator.maxCachedBufferCapacity: 32768
[DEBUG] 2023-05-13 14:42:35.276 [main] PooledByteBufAllocator:171--Dio.netty.allocator.cacheTrimInterval: 8192
[DEBUG] 2023-05-13 14:42:35.277 [main] PooledByteBufAllocator:172--Dio.netty.allocator.cacheTrimIntervalMillis: 0
[DEBUG] 2023-05-13 14:42:35.277 [main] PooledByteBufAllocator:173--Dio.netty.allocator.useCacheForAllThreads: true
[DEBUG] 2023-05-13 14:42:35.277 [main] PooledByteBufAllocator:174--Dio.netty.allocator.maxCachedByteBuffersPerChunk: 1023
[DEBUG] 2023-05-13 14:42:35.310 [main] ByteBufUtil:87--Dio.netty.allocator.type: pooled
[DEBUG] 2023-05-13 14:42:35.311 [main] ByteBufUtil:96--Dio.netty.threadLocalDirectBufferSize: 0
[DEBUG] 2023-05-13 14:42:35.311 [main] ByteBufUtil:99--Dio.netty.maxThreadLocalCharBufferSize: 16384
[DEBUG] 2023-05-13 14:42:36.667 [Forwarding newSession on session null to remote] DefaultChannelId:79--Dio.netty.processId: 11788 (auto-detected)
[DEBUG] 2023-05-13 14:42:36.672 [Forwarding newSession on session null to remote] NetUtil:135--Djava.net.preferIPv4Stack: false
[DEBUG] 2023-05-13 14:42:36.672 [Forwarding newSession on session null to remote] NetUtil:136--Djava.net.preferIPv6Addresses: false
[DEBUG] 2023-05-13 14:42:37.352 [Forwarding newSession on session null to remote] NetUtilInitializations:129-Loopback interface: lo (Software Loopback Interface 1, 127.0.0.1)
[DEBUG] 2023-05-13 14:42:37.355 [Forwarding newSession on session null to remote] NetUtil:187-Failed to get SOMAXCONN from sysctl and file \proc\sys\net\core\somaxconn. Default: 200
[DEBUG] 2023-05-13 14:42:37.802 [Forwarding newSession on session null to remote] DefaultChannelId:101--Dio.netty.machineId: d0:c6:37:ff:fe:f7:a9:b8 (auto-detected)
[DEBUG] 2023-05-13 14:42:37.942 [AsyncHttpClient-1-2] AbstractByteBuf:63--Dio.netty.buffer.checkAccessible: true
[DEBUG] 2023-05-13 14:42:37.943 [AsyncHttpClient-1-2] AbstractByteBuf:64--Dio.netty.buffer.checkBounds: true
[DEBUG] 2023-05-13 14:42:37.943 [AsyncHttpClient-1-2] ResourceLeakDetectorFactory:196-Loaded default ResourceLeakDetector: io.netty.util.ResourceLeakDetector@3ea3ea9d
[DEBUG] 2023-05-13 14:42:37.994 [AsyncHttpClient-1-2] Recycler:103--Dio.netty.recycler.maxCapacityPerThread: 4096
[DEBUG] 2023-05-13 14:42:37.995 [AsyncHttpClient-1-2] Recycler:104--Dio.netty.recycler.maxSharedCapacityFactor: 2
[DEBUG] 2023-05-13 14:42:37.995 [AsyncHttpClient-1-2] Recycler:105--Dio.netty.recycler.linkCapacity: 16
[DEBUG] 2023-05-13 14:42:37.995 [AsyncHttpClient-1-2] Recycler:106--Dio.netty.recycler.ratio: 8
[DEBUG] 2023-05-13 14:42:37.996 [AsyncHttpClient-1-2] Recycler:107--Dio.netty.recycler.delayedQueue.ratio: 8
[DEBUG] 2023-05-13 14:42:39.182 [AsyncHttpClient-1-2] Brotli:38-brotli4j not in the classpath; Brotli support will be unavailable.
[DEBUG] 2023-05-13 14:42:39.632 [main] ThreadLocalRandom:214--Dio.netty.initialSeedUniquifier: 0xf66db4f1d93b266d
[INFO ] 2023-05-13 14:42:47.930 [main] BaseTest:29-Init page
[DEBUG] 2023-05-13 15:08:41.521 [main] InternalLoggerFactory:76-Using Log4J2 as the default logging framework
[DEBUG] 2023-05-13 15:08:41.531 [main] ResourceLeakDetector:129--Dio.netty.leakDetection.level: simple
[DEBUG] 2023-05-13 15:08:41.531 [main] ResourceLeakDetector:130--Dio.netty.leakDetection.targetRecords: 4
[DEBUG] 2023-05-13 15:08:41.536 [main] ResourceLeakDetectorFactory:196-Loaded default ResourceLeakDetector: io.netty.util.ResourceLeakDetector@1237e0be
[DEBUG] 2023-05-13 15:08:41.563 [main] PlatformDependent0:460--Dio.netty.noUnsafe: false
[DEBUG] 2023-05-13 15:08:41.563 [main] PlatformDependent0:954-Java version: 11
[DEBUG] 2023-05-13 15:08:41.566 [main] PlatformDependent0:135-sun.misc.Unsafe.theUnsafe: available
[DEBUG] 2023-05-13 15:08:41.567 [main] PlatformDependent0:159-sun.misc.Unsafe.copyMemory: available
[DEBUG] 2023-05-13 15:08:41.568 [main] PlatformDependent0:202-java.nio.Buffer.address: available
[DEBUG] 2023-05-13 15:08:41.569 [main] PlatformDependent0:285-direct buffer constructor: unavailable: Reflective setAccessible(true) disabled
[DEBUG] 2023-05-13 15:08:41.570 [main] PlatformDependent0:350-java.nio.Bits.unaligned: available, true
[DEBUG] 2023-05-13 15:08:41.571 [main] PlatformDependent0:417-jdk.internal.misc.Unsafe.allocateUninitializedArray(int): unavailable: class io.netty.util.internal.PlatformDependent0$6 cannot access class jdk.internal.misc.Unsafe (in module java.base) because module java.base does not export jdk.internal.misc to unnamed module @14bf57b2
[DEBUG] 2023-05-13 15:08:41.573 [main] PlatformDependent0:446-java.nio.DirectByteBuffer.<init>(long, int): unavailable
[DEBUG] 2023-05-13 15:08:41.573 [main] PlatformDependent:1103-sun.misc.Unsafe: available
[DEBUG] 2023-05-13 15:08:41.574 [main] PlatformDependent:1205-maxDirectMemory: 2109734912 bytes (maybe)
[DEBUG] 2023-05-13 15:08:41.574 [main] PlatformDependent:1224--Dio.netty.tmpdir: C:\Users\YURAKO~1.000\AppData\Local\Temp (java.io.tmpdir)
[DEBUG] 2023-05-13 15:08:41.575 [main] PlatformDependent:1303--Dio.netty.bitMode: 64 (sun.arch.data.model)
[DEBUG] 2023-05-13 15:08:41.575 [main] PlatformDependent:1063-Platform: Windows
[DEBUG] 2023-05-13 15:08:41.576 [main] PlatformDependent:178--Dio.netty.maxDirectMemory: -1 bytes
[DEBUG] 2023-05-13 15:08:41.576 [main] PlatformDependent:185--Dio.netty.uninitializedArrayAllocationThreshold: -1
[DEBUG] 2023-05-13 15:08:41.577 [main] CleanerJava9:71-java.nio.ByteBuffer.cleaner(): available
[DEBUG] 2023-05-13 15:08:41.578 [main] PlatformDependent:205--Dio.netty.noPreferDirect: false
[DEBUG] 2023-05-13 15:08:41.586 [main] PlatformDependent:967-org.jctools-core.MpscChunkedArrayQueue: available
[DEBUG] 2023-05-13 15:08:41.608 [main] InternalThreadLocalMap:83--Dio.netty.threadLocalMap.stringBuilder.initialSize: 1024
[DEBUG] 2023-05-13 15:08:41.608 [main] InternalThreadLocalMap:86--Dio.netty.threadLocalMap.stringBuilder.maxSize: 4096
[DEBUG] 2023-05-13 15:08:41.623 [main] JdkSslContext:97-Default protocols (JDK): [TLSv1.3, TLSv1.2] 
[DEBUG] 2023-05-13 15:08:41.624 [main] JdkSslContext:98-Default cipher suites (JDK): [TLS_ECDHE_ECDSA_WITH_AES_256_GCM_SHA384, TLS_ECDHE_ECDSA_WITH_AES_128_GCM_SHA256, TLS_ECDHE_RSA_WITH_AES_128_GCM_SHA256, TLS_ECDHE_RSA_WITH_AES_256_GCM_SHA384, TLS_ECDHE_RSA_WITH_AES_128_CBC_SHA, TLS_ECDHE_RSA_WITH_AES_256_CBC_SHA, TLS_RSA_WITH_AES_128_GCM_SHA256, TLS_RSA_WITH_AES_128_CBC_SHA, TLS_RSA_WITH_AES_256_CBC_SHA, TLS_AES_128_GCM_SHA256, TLS_AES_256_GCM_SHA384]
[DEBUG] 2023-05-13 15:08:41.650 [main] MultithreadEventLoopGroup:44--Dio.netty.eventLoopThreads: 16
[DEBUG] 2023-05-13 15:08:41.659 [main] NioEventLoop:106--Dio.netty.noKeySetOptimization: false
[DEBUG] 2023-05-13 15:08:41.659 [main] NioEventLoop:107--Dio.netty.selectorAutoRebuildThreshold: 512
[DEBUG] 2023-05-13 15:08:41.702 [main] PooledByteBufAllocator:155--Dio.netty.allocator.numHeapArenas: 16
[DEBUG] 2023-05-13 15:08:41.703 [main] PooledByteBufAllocator:156--Dio.netty.allocator.numDirectArenas: 16
[DEBUG] 2023-05-13 15:08:41.703 [main] PooledByteBufAllocator:158--Dio.netty.allocator.pageSize: 8192
[DEBUG] 2023-05-13 15:08:41.703 [main] PooledByteBufAllocator:163--Dio.netty.allocator.maxOrder: 11
[DEBUG] 2023-05-13 15:08:41.703 [main] PooledByteBufAllocator:167--Dio.netty.allocator.chunkSize: 16777216
[DEBUG] 2023-05-13 15:08:41.703 [main] PooledByteBufAllocator:168--Dio.netty.allocator.smallCacheSize: 256
[DEBUG] 2023-05-13 15:08:41.703 [main] PooledByteBufAllocator:169--Dio.netty.allocator.normalCacheSize: 64
[DEBUG] 2023-05-13 15:08:41.704 [main] PooledByteBufAllocator:170--Dio.netty.allocator.maxCachedBufferCapacity: 32768
[DEBUG] 2023-05-13 15:08:41.704 [main] PooledByteBufAllocator:171--Dio.netty.allocator.cacheTrimInterval: 8192
[DEBUG] 2023-05-13 15:08:41.704 [main] PooledByteBufAllocator:172--Dio.netty.allocator.cacheTrimIntervalMillis: 0
[DEBUG] 2023-05-13 15:08:41.704 [main] PooledByteBufAllocator:173--Dio.netty.allocator.useCacheForAllThreads: true
[DEBUG] 2023-05-13 15:08:41.704 [main] PooledByteBufAllocator:174--Dio.netty.allocator.maxCachedByteBuffersPerChunk: 1023
[DEBUG] 2023-05-13 15:08:41.717 [main] ByteBufUtil:87--Dio.netty.allocator.type: pooled
[DEBUG] 2023-05-13 15:08:41.717 [main] ByteBufUtil:96--Dio.netty.threadLocalDirectBufferSize: 0
[DEBUG] 2023-05-13 15:08:41.717 [main] ByteBufUtil:99--Dio.netty.maxThreadLocalCharBufferSize: 16384
[DEBUG] 2023-05-13 15:08:42.562 [Forwarding newSession on session null to remote] DefaultChannelId:79--Dio.netty.processId: 10500 (auto-detected)
[DEBUG] 2023-05-13 15:08:42.564 [Forwarding newSession on session null to remote] NetUtil:135--Djava.net.preferIPv4Stack: false
[DEBUG] 2023-05-13 15:08:42.565 [Forwarding newSession on session null to remote] NetUtil:136--Djava.net.preferIPv6Addresses: false
[DEBUG] 2023-05-13 15:08:42.892 [Forwarding newSession on session null to remote] NetUtilInitializations:129-Loopback interface: lo (Software Loopback Interface 1, 127.0.0.1)
[DEBUG] 2023-05-13 15:08:42.901 [Forwarding newSession on session null to remote] NetUtil:187-Failed to get SOMAXCONN from sysctl and file \proc\sys\net\core\somaxconn. Default: 200
[DEBUG] 2023-05-13 15:08:43.230 [Forwarding newSession on session null to remote] DefaultChannelId:101--Dio.netty.machineId: d0:c6:37:ff:fe:f7:a9:b8 (auto-detected)
[DEBUG] 2023-05-13 15:08:43.293 [AsyncHttpClient-1-2] AbstractByteBuf:63--Dio.netty.buffer.checkAccessible: true
[DEBUG] 2023-05-13 15:08:43.294 [AsyncHttpClient-1-2] AbstractByteBuf:64--Dio.netty.buffer.checkBounds: true
[DEBUG] 2023-05-13 15:08:43.294 [AsyncHttpClient-1-2] ResourceLeakDetectorFactory:196-Loaded default ResourceLeakDetector: io.netty.util.ResourceLeakDetector@46f17dd3
[DEBUG] 2023-05-13 15:08:43.360 [AsyncHttpClient-1-2] Recycler:103--Dio.netty.recycler.maxCapacityPerThread: 4096
[DEBUG] 2023-05-13 15:08:43.360 [AsyncHttpClient-1-2] Recycler:104--Dio.netty.recycler.maxSharedCapacityFactor: 2
[DEBUG] 2023-05-13 15:08:43.361 [AsyncHttpClient-1-2] Recycler:105--Dio.netty.recycler.linkCapacity: 16
[DEBUG] 2023-05-13 15:08:43.361 [AsyncHttpClient-1-2] Recycler:106--Dio.netty.recycler.ratio: 8
[DEBUG] 2023-05-13 15:08:43.361 [AsyncHttpClient-1-2] Recycler:107--Dio.netty.recycler.delayedQueue.ratio: 8
[DEBUG] 2023-05-13 15:08:44.575 [AsyncHttpClient-1-2] Brotli:38-brotli4j not in the classpath; Brotli support will be unavailable.
[DEBUG] 2023-05-13 15:08:44.860 [main] ThreadLocalRandom:214--Dio.netty.initialSeedUniquifier: 0x83b109f0caa92c0e
[INFO ] 2023-05-13 15:08:48.739 [main] BaseTest:28-Init page
[DEBUG] 2023-05-13 15:12:22.150 [main] InternalLoggerFactory:76-Using Log4J2 as the default logging framework
[DEBUG] 2023-05-13 15:12:22.158 [main] ResourceLeakDetector:129--Dio.netty.leakDetection.level: simple
[DEBUG] 2023-05-13 15:12:22.158 [main] ResourceLeakDetector:130--Dio.netty.leakDetection.targetRecords: 4
[DEBUG] 2023-05-13 15:12:22.161 [main] ResourceLeakDetectorFactory:196-Loaded default ResourceLeakDetector: io.netty.util.ResourceLeakDetector@29a23c3d
[DEBUG] 2023-05-13 15:12:22.181 [main] PlatformDependent0:460--Dio.netty.noUnsafe: false
[DEBUG] 2023-05-13 15:12:22.182 [main] PlatformDependent0:954-Java version: 11
[DEBUG] 2023-05-13 15:12:22.184 [main] PlatformDependent0:135-sun.misc.Unsafe.theUnsafe: available
[DEBUG] 2023-05-13 15:12:22.185 [main] PlatformDependent0:159-sun.misc.Unsafe.copyMemory: available
[DEBUG] 2023-05-13 15:12:22.186 [main] PlatformDependent0:202-java.nio.Buffer.address: available
[DEBUG] 2023-05-13 15:12:22.187 [main] PlatformDependent0:285-direct buffer constructor: unavailable: Reflective setAccessible(true) disabled
[DEBUG] 2023-05-13 15:12:22.188 [main] PlatformDependent0:350-java.nio.Bits.unaligned: available, true
[DEBUG] 2023-05-13 15:12:22.189 [main] PlatformDependent0:417-jdk.internal.misc.Unsafe.allocateUninitializedArray(int): unavailable: class io.netty.util.internal.PlatformDependent0$6 cannot access class jdk.internal.misc.Unsafe (in module java.base) because module java.base does not export jdk.internal.misc to unnamed module @6d467c87
[DEBUG] 2023-05-13 15:12:22.190 [main] PlatformDependent0:446-java.nio.DirectByteBuffer.<init>(long, int): unavailable
[DEBUG] 2023-05-13 15:12:22.191 [main] PlatformDependent:1103-sun.misc.Unsafe: available
[DEBUG] 2023-05-13 15:12:22.192 [main] PlatformDependent:1205-maxDirectMemory: 2109734912 bytes (maybe)
[DEBUG] 2023-05-13 15:12:22.192 [main] PlatformDependent:1224--Dio.netty.tmpdir: C:\Users\YURAKO~1.000\AppData\Local\Temp (java.io.tmpdir)
[DEBUG] 2023-05-13 15:12:22.192 [main] PlatformDependent:1303--Dio.netty.bitMode: 64 (sun.arch.data.model)
[DEBUG] 2023-05-13 15:12:22.193 [main] PlatformDependent:1063-Platform: Windows
[DEBUG] 2023-05-13 15:12:22.194 [main] PlatformDependent:178--Dio.netty.maxDirectMemory: -1 bytes
[DEBUG] 2023-05-13 15:12:22.194 [main] PlatformDependent:185--Dio.netty.uninitializedArrayAllocationThreshold: -1
[DEBUG] 2023-05-13 15:12:22.195 [main] CleanerJava9:71-java.nio.ByteBuffer.cleaner(): available
[DEBUG] 2023-05-13 15:12:22.195 [main] PlatformDependent:205--Dio.netty.noPreferDirect: false
[DEBUG] 2023-05-13 15:12:22.202 [main] PlatformDependent:967-org.jctools-core.MpscChunkedArrayQueue: available
[DEBUG] 2023-05-13 15:12:22.219 [main] InternalThreadLocalMap:83--Dio.netty.threadLocalMap.stringBuilder.initialSize: 1024
[DEBUG] 2023-05-13 15:12:22.219 [main] InternalThreadLocalMap:86--Dio.netty.threadLocalMap.stringBuilder.maxSize: 4096
[DEBUG] 2023-05-13 15:12:22.301 [main] JdkSslContext:97-Default protocols (JDK): [TLSv1.3, TLSv1.2] 
[DEBUG] 2023-05-13 15:12:22.301 [main] JdkSslContext:98-Default cipher suites (JDK): [TLS_ECDHE_ECDSA_WITH_AES_256_GCM_SHA384, TLS_ECDHE_ECDSA_WITH_AES_128_GCM_SHA256, TLS_ECDHE_RSA_WITH_AES_128_GCM_SHA256, TLS_ECDHE_RSA_WITH_AES_256_GCM_SHA384, TLS_ECDHE_RSA_WITH_AES_128_CBC_SHA, TLS_ECDHE_RSA_WITH_AES_256_CBC_SHA, TLS_RSA_WITH_AES_128_GCM_SHA256, TLS_RSA_WITH_AES_128_CBC_SHA, TLS_RSA_WITH_AES_256_CBC_SHA, TLS_AES_128_GCM_SHA256, TLS_AES_256_GCM_SHA384]
[DEBUG] 2023-05-13 15:12:22.326 [main] MultithreadEventLoopGroup:44--Dio.netty.eventLoopThreads: 16
[DEBUG] 2023-05-13 15:12:22.332 [main] NioEventLoop:106--Dio.netty.noKeySetOptimization: false
[DEBUG] 2023-05-13 15:12:22.332 [main] NioEventLoop:107--Dio.netty.selectorAutoRebuildThreshold: 512
[DEBUG] 2023-05-13 15:12:22.370 [main] PooledByteBufAllocator:155--Dio.netty.allocator.numHeapArenas: 16
[DEBUG] 2023-05-13 15:12:22.370 [main] PooledByteBufAllocator:156--Dio.netty.allocator.numDirectArenas: 16
[DEBUG] 2023-05-13 15:12:22.371 [main] PooledByteBufAllocator:158--Dio.netty.allocator.pageSize: 8192
[DEBUG] 2023-05-13 15:12:22.371 [main] PooledByteBufAllocator:163--Dio.netty.allocator.maxOrder: 11
[DEBUG] 2023-05-13 15:12:22.371 [main] PooledByteBufAllocator:167--Dio.netty.allocator.chunkSize: 16777216
[DEBUG] 2023-05-13 15:12:22.371 [main] PooledByteBufAllocator:168--Dio.netty.allocator.smallCacheSize: 256
[DEBUG] 2023-05-13 15:12:22.371 [main] PooledByteBufAllocator:169--Dio.netty.allocator.normalCacheSize: 64
[DEBUG] 2023-05-13 15:12:22.371 [main] PooledByteBufAllocator:170--Dio.netty.allocator.maxCachedBufferCapacity: 32768
[DEBUG] 2023-05-13 15:12:22.371 [main] PooledByteBufAllocator:171--Dio.netty.allocator.cacheTrimInterval: 8192
[DEBUG] 2023-05-13 15:12:22.371 [main] PooledByteBufAllocator:172--Dio.netty.allocator.cacheTrimIntervalMillis: 0
[DEBUG] 2023-05-13 15:12:22.371 [main] PooledByteBufAllocator:173--Dio.netty.allocator.useCacheForAllThreads: true
[DEBUG] 2023-05-13 15:12:22.371 [main] PooledByteBufAllocator:174--Dio.netty.allocator.maxCachedByteBuffersPerChunk: 1023
[DEBUG] 2023-05-13 15:12:22.381 [main] ByteBufUtil:87--Dio.netty.allocator.type: pooled
[DEBUG] 2023-05-13 15:12:22.381 [main] ByteBufUtil:96--Dio.netty.threadLocalDirectBufferSize: 0
[DEBUG] 2023-05-13 15:12:22.381 [main] ByteBufUtil:99--Dio.netty.maxThreadLocalCharBufferSize: 16384
[DEBUG] 2023-05-13 15:12:23.265 [Forwarding newSession on session null to remote] DefaultChannelId:79--Dio.netty.processId: 12904 (auto-detected)
[DEBUG] 2023-05-13 15:12:23.268 [Forwarding newSession on session null to remote] NetUtil:135--Djava.net.preferIPv4Stack: false
[DEBUG] 2023-05-13 15:12:23.268 [Forwarding newSession on session null to remote] NetUtil:136--Djava.net.preferIPv6Addresses: false
[DEBUG] 2023-05-13 15:12:23.550 [Forwarding newSession on session null to remote] NetUtilInitializations:129-Loopback interface: lo (Software Loopback Interface 1, 127.0.0.1)
[DEBUG] 2023-05-13 15:12:23.552 [Forwarding newSession on session null to remote] NetUtil:187-Failed to get SOMAXCONN from sysctl and file \proc\sys\net\core\somaxconn. Default: 200
[DEBUG] 2023-05-13 15:12:23.844 [Forwarding newSession on session null to remote] DefaultChannelId:101--Dio.netty.machineId: d0:c6:37:ff:fe:f7:a9:b8 (auto-detected)
[DEBUG] 2023-05-13 15:12:23.897 [AsyncHttpClient-1-2] AbstractByteBuf:63--Dio.netty.buffer.checkAccessible: true
[DEBUG] 2023-05-13 15:12:23.898 [AsyncHttpClient-1-2] AbstractByteBuf:64--Dio.netty.buffer.checkBounds: true
[DEBUG] 2023-05-13 15:12:23.898 [AsyncHttpClient-1-2] ResourceLeakDetectorFactory:196-Loaded default ResourceLeakDetector: io.netty.util.ResourceLeakDetector@51540650
[DEBUG] 2023-05-13 15:12:23.937 [AsyncHttpClient-1-2] Recycler:103--Dio.netty.recycler.maxCapacityPerThread: 4096
[DEBUG] 2023-05-13 15:12:23.937 [AsyncHttpClient-1-2] Recycler:104--Dio.netty.recycler.maxSharedCapacityFactor: 2
[DEBUG] 2023-05-13 15:12:23.937 [AsyncHttpClient-1-2] Recycler:105--Dio.netty.recycler.linkCapacity: 16
[DEBUG] 2023-05-13 15:12:23.937 [AsyncHttpClient-1-2] Recycler:106--Dio.netty.recycler.ratio: 8
[DEBUG] 2023-05-13 15:12:23.937 [AsyncHttpClient-1-2] Recycler:107--Dio.netty.recycler.delayedQueue.ratio: 8
[DEBUG] 2023-05-13 15:12:24.781 [AsyncHttpClient-1-2] Brotli:38-brotli4j not in the classpath; Brotli support will be unavailable.
[DEBUG] 2023-05-13 15:12:24.975 [main] ThreadLocalRandom:214--Dio.netty.initialSeedUniquifier: 0x396fb266bb7706f9
[INFO ] 2023-05-13 15:12:29.107 [main] BaseTest:28-Init page
[DEBUG] 2023-05-13 15:17:35.485 [main] InternalLoggerFactory:76-Using Log4J2 as the default logging framework
[DEBUG] 2023-05-13 15:17:35.495 [main] ResourceLeakDetector:129--Dio.netty.leakDetection.level: simple
[DEBUG] 2023-05-13 15:17:35.496 [main] ResourceLeakDetector:130--Dio.netty.leakDetection.targetRecords: 4
[DEBUG] 2023-05-13 15:17:35.501 [main] ResourceLeakDetectorFactory:196-Loaded default ResourceLeakDetector: io.netty.util.ResourceLeakDetector@247667dd
[DEBUG] 2023-05-13 15:17:35.524 [main] PlatformDependent0:460--Dio.netty.noUnsafe: false
[DEBUG] 2023-05-13 15:17:35.524 [main] PlatformDependent0:954-Java version: 11
[DEBUG] 2023-05-13 15:17:35.527 [main] PlatformDependent0:135-sun.misc.Unsafe.theUnsafe: available
[DEBUG] 2023-05-13 15:17:35.529 [main] PlatformDependent0:159-sun.misc.Unsafe.copyMemory: available
[DEBUG] 2023-05-13 15:17:35.530 [main] PlatformDependent0:202-java.nio.Buffer.address: available
[DEBUG] 2023-05-13 15:17:35.531 [main] PlatformDependent0:285-direct buffer constructor: unavailable: Reflective setAccessible(true) disabled
[DEBUG] 2023-05-13 15:17:35.532 [main] PlatformDependent0:350-java.nio.Bits.unaligned: available, true
[DEBUG] 2023-05-13 15:17:35.534 [main] PlatformDependent0:417-jdk.internal.misc.Unsafe.allocateUninitializedArray(int): unavailable: class io.netty.util.internal.PlatformDependent0$6 cannot access class jdk.internal.misc.Unsafe (in module java.base) because module java.base does not export jdk.internal.misc to unnamed module @6bb2d00b
[DEBUG] 2023-05-13 15:17:35.536 [main] PlatformDependent0:446-java.nio.DirectByteBuffer.<init>(long, int): unavailable
[DEBUG] 2023-05-13 15:17:35.536 [main] PlatformDependent:1103-sun.misc.Unsafe: available
[DEBUG] 2023-05-13 15:17:35.538 [main] PlatformDependent:1205-maxDirectMemory: 2109734912 bytes (maybe)
[DEBUG] 2023-05-13 15:17:35.539 [main] PlatformDependent:1224--Dio.netty.tmpdir: C:\Users\YURAKO~1.000\AppData\Local\Temp (java.io.tmpdir)
[DEBUG] 2023-05-13 15:17:35.539 [main] PlatformDependent:1303--Dio.netty.bitMode: 64 (sun.arch.data.model)
[DEBUG] 2023-05-13 15:17:35.540 [main] PlatformDependent:1063-Platform: Windows
[DEBUG] 2023-05-13 15:17:35.541 [main] PlatformDependent:178--Dio.netty.maxDirectMemory: -1 bytes
[DEBUG] 2023-05-13 15:17:35.542 [main] PlatformDependent:185--Dio.netty.uninitializedArrayAllocationThreshold: -1
[DEBUG] 2023-05-13 15:17:35.544 [main] CleanerJava9:71-java.nio.ByteBuffer.cleaner(): available
[DEBUG] 2023-05-13 15:17:35.544 [main] PlatformDependent:205--Dio.netty.noPreferDirect: false
[DEBUG] 2023-05-13 15:17:35.556 [main] PlatformDependent:967-org.jctools-core.MpscChunkedArrayQueue: available
[DEBUG] 2023-05-13 15:17:35.582 [main] InternalThreadLocalMap:83--Dio.netty.threadLocalMap.stringBuilder.initialSize: 1024
[DEBUG] 2023-05-13 15:17:35.582 [main] InternalThreadLocalMap:86--Dio.netty.threadLocalMap.stringBuilder.maxSize: 4096
[DEBUG] 2023-05-13 15:17:35.626 [main] JdkSslContext:97-Default protocols (JDK): [TLSv1.3, TLSv1.2] 
[DEBUG] 2023-05-13 15:17:35.627 [main] JdkSslContext:98-Default cipher suites (JDK): [TLS_ECDHE_ECDSA_WITH_AES_256_GCM_SHA384, TLS_ECDHE_ECDSA_WITH_AES_128_GCM_SHA256, TLS_ECDHE_RSA_WITH_AES_128_GCM_SHA256, TLS_ECDHE_RSA_WITH_AES_256_GCM_SHA384, TLS_ECDHE_RSA_WITH_AES_128_CBC_SHA, TLS_ECDHE_RSA_WITH_AES_256_CBC_SHA, TLS_RSA_WITH_AES_128_GCM_SHA256, TLS_RSA_WITH_AES_128_CBC_SHA, TLS_RSA_WITH_AES_256_CBC_SHA, TLS_AES_128_GCM_SHA256, TLS_AES_256_GCM_SHA384]
[DEBUG] 2023-05-13 15:17:35.657 [main] MultithreadEventLoopGroup:44--Dio.netty.eventLoopThreads: 16
[DEBUG] 2023-05-13 15:17:35.669 [main] NioEventLoop:106--Dio.netty.noKeySetOptimization: false
[DEBUG] 2023-05-13 15:17:35.669 [main] NioEventLoop:107--Dio.netty.selectorAutoRebuildThreshold: 512
[DEBUG] 2023-05-13 15:17:35.719 [main] PooledByteBufAllocator:155--Dio.netty.allocator.numHeapArenas: 16
[DEBUG] 2023-05-13 15:17:35.719 [main] PooledByteBufAllocator:156--Dio.netty.allocator.numDirectArenas: 16
[DEBUG] 2023-05-13 15:17:35.719 [main] PooledByteBufAllocator:158--Dio.netty.allocator.pageSize: 8192
[DEBUG] 2023-05-13 15:17:35.719 [main] PooledByteBufAllocator:163--Dio.netty.allocator.maxOrder: 11
[DEBUG] 2023-05-13 15:17:35.720 [main] PooledByteBufAllocator:167--Dio.netty.allocator.chunkSize: 16777216
[DEBUG] 2023-05-13 15:17:35.720 [main] PooledByteBufAllocator:168--Dio.netty.allocator.smallCacheSize: 256
[DEBUG] 2023-05-13 15:17:35.720 [main] PooledByteBufAllocator:169--Dio.netty.allocator.normalCacheSize: 64
[DEBUG] 2023-05-13 15:17:35.720 [main] PooledByteBufAllocator:170--Dio.netty.allocator.maxCachedBufferCapacity: 32768
[DEBUG] 2023-05-13 15:17:35.720 [main] PooledByteBufAllocator:171--Dio.netty.allocator.cacheTrimInterval: 8192
[DEBUG] 2023-05-13 15:17:35.720 [main] PooledByteBufAllocator:172--Dio.netty.allocator.cacheTrimIntervalMillis: 0
[DEBUG] 2023-05-13 15:17:35.721 [main] PooledByteBufAllocator:173--Dio.netty.allocator.useCacheForAllThreads: true
[DEBUG] 2023-05-13 15:17:35.721 [main] PooledByteBufAllocator:174--Dio.netty.allocator.maxCachedByteBuffersPerChunk: 1023
[DEBUG] 2023-05-13 15:17:35.732 [main] ByteBufUtil:87--Dio.netty.allocator.type: pooled
[DEBUG] 2023-05-13 15:17:35.733 [main] ByteBufUtil:96--Dio.netty.threadLocalDirectBufferSize: 0
[DEBUG] 2023-05-13 15:17:35.733 [main] ByteBufUtil:99--Dio.netty.maxThreadLocalCharBufferSize: 16384
[DEBUG] 2023-05-13 15:17:36.688 [Forwarding newSession on session null to remote] DefaultChannelId:79--Dio.netty.processId: 12024 (auto-detected)
[DEBUG] 2023-05-13 15:17:36.690 [Forwarding newSession on session null to remote] NetUtil:135--Djava.net.preferIPv4Stack: false
[DEBUG] 2023-05-13 15:17:36.691 [Forwarding newSession on session null to remote] NetUtil:136--Djava.net.preferIPv6Addresses: false
[DEBUG] 2023-05-13 15:17:36.944 [Forwarding newSession on session null to remote] NetUtilInitializations:129-Loopback interface: lo (Software Loopback Interface 1, 127.0.0.1)
[DEBUG] 2023-05-13 15:17:36.946 [Forwarding newSession on session null to remote] NetUtil:187-Failed to get SOMAXCONN from sysctl and file \proc\sys\net\core\somaxconn. Default: 200
[DEBUG] 2023-05-13 15:17:37.219 [Forwarding newSession on session null to remote] DefaultChannelId:101--Dio.netty.machineId: d0:c6:37:ff:fe:f7:a9:b8 (auto-detected)
[DEBUG] 2023-05-13 15:17:37.280 [AsyncHttpClient-1-2] AbstractByteBuf:63--Dio.netty.buffer.checkAccessible: true
[DEBUG] 2023-05-13 15:17:37.281 [AsyncHttpClient-1-2] AbstractByteBuf:64--Dio.netty.buffer.checkBounds: true
[DEBUG] 2023-05-13 15:17:37.281 [AsyncHttpClient-1-2] ResourceLeakDetectorFactory:196-Loaded default ResourceLeakDetector: io.netty.util.ResourceLeakDetector@5c5be94c
[DEBUG] 2023-05-13 15:17:37.326 [AsyncHttpClient-1-2] Recycler:103--Dio.netty.recycler.maxCapacityPerThread: 4096
[DEBUG] 2023-05-13 15:17:37.326 [AsyncHttpClient-1-2] Recycler:104--Dio.netty.recycler.maxSharedCapacityFactor: 2
[DEBUG] 2023-05-13 15:17:37.326 [AsyncHttpClient-1-2] Recycler:105--Dio.netty.recycler.linkCapacity: 16
[DEBUG] 2023-05-13 15:17:37.326 [AsyncHttpClient-1-2] Recycler:106--Dio.netty.recycler.ratio: 8
[DEBUG] 2023-05-13 15:17:37.326 [AsyncHttpClient-1-2] Recycler:107--Dio.netty.recycler.delayedQueue.ratio: 8
[DEBUG] 2023-05-13 15:17:38.102 [AsyncHttpClient-1-2] Brotli:38-brotli4j not in the classpath; Brotli support will be unavailable.
[DEBUG] 2023-05-13 15:17:38.515 [main] ThreadLocalRandom:214--Dio.netty.initialSeedUniquifier: 0x5a0d1a73ccd24eff
[INFO ] 2023-05-13 15:17:43.071 [main] BaseTest:28-Init page
[DEBUG] 2023-05-13 15:27:22.007 [main] InternalLoggerFactory:76-Using Log4J2 as the default logging framework
[DEBUG] 2023-05-13 15:27:22.013 [main] ResourceLeakDetector:129--Dio.netty.leakDetection.level: simple
[DEBUG] 2023-05-13 15:27:22.014 [main] ResourceLeakDetector:130--Dio.netty.leakDetection.targetRecords: 4
[DEBUG] 2023-05-13 15:27:22.017 [main] ResourceLeakDetectorFactory:196-Loaded default ResourceLeakDetector: io.netty.util.ResourceLeakDetector@7c2a69b4
[DEBUG] 2023-05-13 15:27:22.033 [main] PlatformDependent0:460--Dio.netty.noUnsafe: false
[DEBUG] 2023-05-13 15:27:22.033 [main] PlatformDependent0:954-Java version: 11
[DEBUG] 2023-05-13 15:27:22.035 [main] PlatformDependent0:135-sun.misc.Unsafe.theUnsafe: available
[DEBUG] 2023-05-13 15:27:22.036 [main] PlatformDependent0:159-sun.misc.Unsafe.copyMemory: available
[DEBUG] 2023-05-13 15:27:22.037 [main] PlatformDependent0:202-java.nio.Buffer.address: available
[DEBUG] 2023-05-13 15:27:22.038 [main] PlatformDependent0:285-direct buffer constructor: unavailable: Reflective setAccessible(true) disabled
[DEBUG] 2023-05-13 15:27:22.039 [main] PlatformDependent0:350-java.nio.Bits.unaligned: available, true
[DEBUG] 2023-05-13 15:27:22.040 [main] PlatformDependent0:417-jdk.internal.misc.Unsafe.allocateUninitializedArray(int): unavailable: class io.netty.util.internal.PlatformDependent0$6 cannot access class jdk.internal.misc.Unsafe (in module java.base) because module java.base does not export jdk.internal.misc to unnamed module @6e6fce47
[DEBUG] 2023-05-13 15:27:22.041 [main] PlatformDependent0:446-java.nio.DirectByteBuffer.<init>(long, int): unavailable
[DEBUG] 2023-05-13 15:27:22.041 [main] PlatformDependent:1103-sun.misc.Unsafe: available
[DEBUG] 2023-05-13 15:27:22.042 [main] PlatformDependent:1205-maxDirectMemory: 2109734912 bytes (maybe)
[DEBUG] 2023-05-13 15:27:22.042 [main] PlatformDependent:1224--Dio.netty.tmpdir: C:\Users\YURAKO~1.000\AppData\Local\Temp (java.io.tmpdir)
[DEBUG] 2023-05-13 15:27:22.043 [main] PlatformDependent:1303--Dio.netty.bitMode: 64 (sun.arch.data.model)
[DEBUG] 2023-05-13 15:27:22.043 [main] PlatformDependent:1063-Platform: Windows
[DEBUG] 2023-05-13 15:27:22.044 [main] PlatformDependent:178--Dio.netty.maxDirectMemory: -1 bytes
[DEBUG] 2023-05-13 15:27:22.044 [main] PlatformDependent:185--Dio.netty.uninitializedArrayAllocationThreshold: -1
[DEBUG] 2023-05-13 15:27:22.045 [main] CleanerJava9:71-java.nio.ByteBuffer.cleaner(): available
[DEBUG] 2023-05-13 15:27:22.045 [main] PlatformDependent:205--Dio.netty.noPreferDirect: false
[DEBUG] 2023-05-13 15:27:22.051 [main] PlatformDependent:967-org.jctools-core.MpscChunkedArrayQueue: available
[DEBUG] 2023-05-13 15:27:22.066 [main] InternalThreadLocalMap:83--Dio.netty.threadLocalMap.stringBuilder.initialSize: 1024
[DEBUG] 2023-05-13 15:27:22.066 [main] InternalThreadLocalMap:86--Dio.netty.threadLocalMap.stringBuilder.maxSize: 4096
[DEBUG] 2023-05-13 15:27:22.122 [main] JdkSslContext:97-Default protocols (JDK): [TLSv1.3, TLSv1.2] 
[DEBUG] 2023-05-13 15:27:22.123 [main] JdkSslContext:98-Default cipher suites (JDK): [TLS_ECDHE_ECDSA_WITH_AES_256_GCM_SHA384, TLS_ECDHE_ECDSA_WITH_AES_128_GCM_SHA256, TLS_ECDHE_RSA_WITH_AES_128_GCM_SHA256, TLS_ECDHE_RSA_WITH_AES_256_GCM_SHA384, TLS_ECDHE_RSA_WITH_AES_128_CBC_SHA, TLS_ECDHE_RSA_WITH_AES_256_CBC_SHA, TLS_RSA_WITH_AES_128_GCM_SHA256, TLS_RSA_WITH_AES_128_CBC_SHA, TLS_RSA_WITH_AES_256_CBC_SHA, TLS_AES_128_GCM_SHA256, TLS_AES_256_GCM_SHA384]
[DEBUG] 2023-05-13 15:27:22.143 [main] MultithreadEventLoopGroup:44--Dio.netty.eventLoopThreads: 16
[DEBUG] 2023-05-13 15:27:22.149 [main] NioEventLoop:106--Dio.netty.noKeySetOptimization: false
[DEBUG] 2023-05-13 15:27:22.150 [main] NioEventLoop:107--Dio.netty.selectorAutoRebuildThreshold: 512
[DEBUG] 2023-05-13 15:27:22.181 [main] PooledByteBufAllocator:155--Dio.netty.allocator.numHeapArenas: 16
[DEBUG] 2023-05-13 15:27:22.181 [main] PooledByteBufAllocator:156--Dio.netty.allocator.numDirectArenas: 16
[DEBUG] 2023-05-13 15:27:22.181 [main] PooledByteBufAllocator:158--Dio.netty.allocator.pageSize: 8192
[DEBUG] 2023-05-13 15:27:22.182 [main] PooledByteBufAllocator:163--Dio.netty.allocator.maxOrder: 11
[DEBUG] 2023-05-13 15:27:22.182 [main] PooledByteBufAllocator:167--Dio.netty.allocator.chunkSize: 16777216
[DEBUG] 2023-05-13 15:27:22.182 [main] PooledByteBufAllocator:168--Dio.netty.allocator.smallCacheSize: 256
[DEBUG] 2023-05-13 15:27:22.182 [main] PooledByteBufAllocator:169--Dio.netty.allocator.normalCacheSize: 64
[DEBUG] 2023-05-13 15:27:22.182 [main] PooledByteBufAllocator:170--Dio.netty.allocator.maxCachedBufferCapacity: 32768
[DEBUG] 2023-05-13 15:27:22.182 [main] PooledByteBufAllocator:171--Dio.netty.allocator.cacheTrimInterval: 8192
[DEBUG] 2023-05-13 15:27:22.182 [main] PooledByteBufAllocator:172--Dio.netty.allocator.cacheTrimIntervalMillis: 0
[DEBUG] 2023-05-13 15:27:22.183 [main] PooledByteBufAllocator:173--Dio.netty.allocator.useCacheForAllThreads: true
[DEBUG] 2023-05-13 15:27:22.183 [main] PooledByteBufAllocator:174--Dio.netty.allocator.maxCachedByteBuffersPerChunk: 1023
[DEBUG] 2023-05-13 15:27:22.191 [main] ByteBufUtil:87--Dio.netty.allocator.type: pooled
[DEBUG] 2023-05-13 15:27:22.192 [main] ByteBufUtil:96--Dio.netty.threadLocalDirectBufferSize: 0
[DEBUG] 2023-05-13 15:27:22.192 [main] ByteBufUtil:99--Dio.netty.maxThreadLocalCharBufferSize: 16384
[DEBUG] 2023-05-13 15:27:23.031 [Forwarding newSession on session null to remote] DefaultChannelId:79--Dio.netty.processId: 240 (auto-detected)
[DEBUG] 2023-05-13 15:27:23.033 [Forwarding newSession on session null to remote] NetUtil:135--Djava.net.preferIPv4Stack: false
[DEBUG] 2023-05-13 15:27:23.033 [Forwarding newSession on session null to remote] NetUtil:136--Djava.net.preferIPv6Addresses: false
[DEBUG] 2023-05-13 15:27:23.249 [Forwarding newSession on session null to remote] NetUtilInitializations:129-Loopback interface: lo (Software Loopback Interface 1, 127.0.0.1)
[DEBUG] 2023-05-13 15:27:23.250 [Forwarding newSession on session null to remote] NetUtil:187-Failed to get SOMAXCONN from sysctl and file \proc\sys\net\core\somaxconn. Default: 200
[DEBUG] 2023-05-13 15:27:23.478 [Forwarding newSession on session null to remote] DefaultChannelId:101--Dio.netty.machineId: d0:c6:37:ff:fe:f7:a9:b8 (auto-detected)
[DEBUG] 2023-05-13 15:27:23.521 [AsyncHttpClient-1-2] AbstractByteBuf:63--Dio.netty.buffer.checkAccessible: true
[DEBUG] 2023-05-13 15:27:23.522 [AsyncHttpClient-1-2] AbstractByteBuf:64--Dio.netty.buffer.checkBounds: true
[DEBUG] 2023-05-13 15:27:23.522 [AsyncHttpClient-1-2] ResourceLeakDetectorFactory:196-Loaded default ResourceLeakDetector: io.netty.util.ResourceLeakDetector@81bdf43
[DEBUG] 2023-05-13 15:27:23.553 [AsyncHttpClient-1-2] Recycler:103--Dio.netty.recycler.maxCapacityPerThread: 4096
[DEBUG] 2023-05-13 15:27:23.553 [AsyncHttpClient-1-2] Recycler:104--Dio.netty.recycler.maxSharedCapacityFactor: 2
[DEBUG] 2023-05-13 15:27:23.553 [AsyncHttpClient-1-2] Recycler:105--Dio.netty.recycler.linkCapacity: 16
[DEBUG] 2023-05-13 15:27:23.554 [AsyncHttpClient-1-2] Recycler:106--Dio.netty.recycler.ratio: 8
[DEBUG] 2023-05-13 15:27:23.554 [AsyncHttpClient-1-2] Recycler:107--Dio.netty.recycler.delayedQueue.ratio: 8
[DEBUG] 2023-05-13 15:27:24.232 [AsyncHttpClient-1-2] Brotli:38-brotli4j not in the classpath; Brotli support will be unavailable.
[DEBUG] 2023-05-13 15:27:24.430 [main] ThreadLocalRandom:214--Dio.netty.initialSeedUniquifier: 0x3a09e329044ed495
[INFO ] 2023-05-13 15:27:27.676 [main] BaseTest:28-Init page
[DEBUG] 2023-05-13 15:27:52.481 [main] InternalLoggerFactory:76-Using Log4J2 as the default logging framework
[DEBUG] 2023-05-13 15:27:52.487 [main] ResourceLeakDetector:129--Dio.netty.leakDetection.level: simple
[DEBUG] 2023-05-13 15:27:52.488 [main] ResourceLeakDetector:130--Dio.netty.leakDetection.targetRecords: 4
[DEBUG] 2023-05-13 15:27:52.491 [main] ResourceLeakDetectorFactory:196-Loaded default ResourceLeakDetector: io.netty.util.ResourceLeakDetector@375b5b7f
[DEBUG] 2023-05-13 15:27:52.509 [main] PlatformDependent0:460--Dio.netty.noUnsafe: false
[DEBUG] 2023-05-13 15:27:52.510 [main] PlatformDependent0:954-Java version: 11
[DEBUG] 2023-05-13 15:27:52.512 [main] PlatformDependent0:135-sun.misc.Unsafe.theUnsafe: available
[DEBUG] 2023-05-13 15:27:52.513 [main] PlatformDependent0:159-sun.misc.Unsafe.copyMemory: available
[DEBUG] 2023-05-13 15:27:52.514 [main] PlatformDependent0:202-java.nio.Buffer.address: available
[DEBUG] 2023-05-13 15:27:52.515 [main] PlatformDependent0:285-direct buffer constructor: unavailable: Reflective setAccessible(true) disabled
[DEBUG] 2023-05-13 15:27:52.516 [main] PlatformDependent0:350-java.nio.Bits.unaligned: available, true
[DEBUG] 2023-05-13 15:27:52.518 [main] PlatformDependent0:417-jdk.internal.misc.Unsafe.allocateUninitializedArray(int): unavailable: class io.netty.util.internal.PlatformDependent0$6 cannot access class jdk.internal.misc.Unsafe (in module java.base) because module java.base does not export jdk.internal.misc to unnamed module @a567e72
[DEBUG] 2023-05-13 15:27:52.519 [main] PlatformDependent0:446-java.nio.DirectByteBuffer.<init>(long, int): unavailable
[DEBUG] 2023-05-13 15:27:52.519 [main] PlatformDependent:1103-sun.misc.Unsafe: available
[DEBUG] 2023-05-13 15:27:52.521 [main] PlatformDependent:1205-maxDirectMemory: 2109734912 bytes (maybe)
[DEBUG] 2023-05-13 15:27:52.521 [main] PlatformDependent:1224--Dio.netty.tmpdir: C:\Users\YURAKO~1.000\AppData\Local\Temp (java.io.tmpdir)
[DEBUG] 2023-05-13 15:27:52.522 [main] PlatformDependent:1303--Dio.netty.bitMode: 64 (sun.arch.data.model)
[DEBUG] 2023-05-13 15:27:52.522 [main] PlatformDependent:1063-Platform: Windows
[DEBUG] 2023-05-13 15:27:52.523 [main] PlatformDependent:178--Dio.netty.maxDirectMemory: -1 bytes
[DEBUG] 2023-05-13 15:27:52.524 [main] PlatformDependent:185--Dio.netty.uninitializedArrayAllocationThreshold: -1
[DEBUG] 2023-05-13 15:27:52.525 [main] CleanerJava9:71-java.nio.ByteBuffer.cleaner(): available
[DEBUG] 2023-05-13 15:27:52.525 [main] PlatformDependent:205--Dio.netty.noPreferDirect: false
[DEBUG] 2023-05-13 15:27:52.530 [main] PlatformDependent:967-org.jctools-core.MpscChunkedArrayQueue: available
[DEBUG] 2023-05-13 15:27:52.545 [main] InternalThreadLocalMap:83--Dio.netty.threadLocalMap.stringBuilder.initialSize: 1024
[DEBUG] 2023-05-13 15:27:52.545 [main] InternalThreadLocalMap:86--Dio.netty.threadLocalMap.stringBuilder.maxSize: 4096
[DEBUG] 2023-05-13 15:27:52.603 [main] JdkSslContext:97-Default protocols (JDK): [TLSv1.3, TLSv1.2] 
[DEBUG] 2023-05-13 15:27:52.603 [main] JdkSslContext:98-Default cipher suites (JDK): [TLS_ECDHE_ECDSA_WITH_AES_256_GCM_SHA384, TLS_ECDHE_ECDSA_WITH_AES_128_GCM_SHA256, TLS_ECDHE_RSA_WITH_AES_128_GCM_SHA256, TLS_ECDHE_RSA_WITH_AES_256_GCM_SHA384, TLS_ECDHE_RSA_WITH_AES_128_CBC_SHA, TLS_ECDHE_RSA_WITH_AES_256_CBC_SHA, TLS_RSA_WITH_AES_128_GCM_SHA256, TLS_RSA_WITH_AES_128_CBC_SHA, TLS_RSA_WITH_AES_256_CBC_SHA, TLS_AES_128_GCM_SHA256, TLS_AES_256_GCM_SHA384]
[DEBUG] 2023-05-13 15:27:52.623 [main] MultithreadEventLoopGroup:44--Dio.netty.eventLoopThreads: 16
[DEBUG] 2023-05-13 15:27:52.629 [main] NioEventLoop:106--Dio.netty.noKeySetOptimization: false
[DEBUG] 2023-05-13 15:27:52.629 [main] NioEventLoop:107--Dio.netty.selectorAutoRebuildThreshold: 512
[DEBUG] 2023-05-13 15:27:52.665 [main] PooledByteBufAllocator:155--Dio.netty.allocator.numHeapArenas: 16
[DEBUG] 2023-05-13 15:27:52.665 [main] PooledByteBufAllocator:156--Dio.netty.allocator.numDirectArenas: 16
[DEBUG] 2023-05-13 15:27:52.665 [main] PooledByteBufAllocator:158--Dio.netty.allocator.pageSize: 8192
[DEBUG] 2023-05-13 15:27:52.665 [main] PooledByteBufAllocator:163--Dio.netty.allocator.maxOrder: 11
[DEBUG] 2023-05-13 15:27:52.666 [main] PooledByteBufAllocator:167--Dio.netty.allocator.chunkSize: 16777216
[DEBUG] 2023-05-13 15:27:52.666 [main] PooledByteBufAllocator:168--Dio.netty.allocator.smallCacheSize: 256
[DEBUG] 2023-05-13 15:27:52.666 [main] PooledByteBufAllocator:169--Dio.netty.allocator.normalCacheSize: 64
[DEBUG] 2023-05-13 15:27:52.666 [main] PooledByteBufAllocator:170--Dio.netty.allocator.maxCachedBufferCapacity: 32768
[DEBUG] 2023-05-13 15:27:52.666 [main] PooledByteBufAllocator:171--Dio.netty.allocator.cacheTrimInterval: 8192
[DEBUG] 2023-05-13 15:27:52.666 [main] PooledByteBufAllocator:172--Dio.netty.allocator.cacheTrimIntervalMillis: 0
[DEBUG] 2023-05-13 15:27:52.666 [main] PooledByteBufAllocator:173--Dio.netty.allocator.useCacheForAllThreads: true
[DEBUG] 2023-05-13 15:27:52.667 [main] PooledByteBufAllocator:174--Dio.netty.allocator.maxCachedByteBuffersPerChunk: 1023
[DEBUG] 2023-05-13 15:27:52.675 [main] ByteBufUtil:87--Dio.netty.allocator.type: pooled
[DEBUG] 2023-05-13 15:27:52.675 [main] ByteBufUtil:96--Dio.netty.threadLocalDirectBufferSize: 0
[DEBUG] 2023-05-13 15:27:52.675 [main] ByteBufUtil:99--Dio.netty.maxThreadLocalCharBufferSize: 16384
[DEBUG] 2023-05-13 15:27:53.500 [Forwarding newSession on session null to remote] DefaultChannelId:79--Dio.netty.processId: 3576 (auto-detected)
[DEBUG] 2023-05-13 15:27:53.503 [Forwarding newSession on session null to remote] NetUtil:135--Djava.net.preferIPv4Stack: false
[DEBUG] 2023-05-13 15:27:53.503 [Forwarding newSession on session null to remote] NetUtil:136--Djava.net.preferIPv6Addresses: false
[DEBUG] 2023-05-13 15:27:53.725 [Forwarding newSession on session null to remote] NetUtilInitializations:129-Loopback interface: lo (Software Loopback Interface 1, 127.0.0.1)
[DEBUG] 2023-05-13 15:27:53.726 [Forwarding newSession on session null to remote] NetUtil:187-Failed to get SOMAXCONN from sysctl and file \proc\sys\net\core\somaxconn. Default: 200
[DEBUG] 2023-05-13 15:27:53.967 [Forwarding newSession on session null to remote] DefaultChannelId:101--Dio.netty.machineId: d0:c6:37:ff:fe:f7:a9:b8 (auto-detected)
[DEBUG] 2023-05-13 15:27:54.011 [AsyncHttpClient-1-2] AbstractByteBuf:63--Dio.netty.buffer.checkAccessible: true
[DEBUG] 2023-05-13 15:27:54.012 [AsyncHttpClient-1-2] AbstractByteBuf:64--Dio.netty.buffer.checkBounds: true
[DEBUG] 2023-05-13 15:27:54.012 [AsyncHttpClient-1-2] ResourceLeakDetectorFactory:196-Loaded default ResourceLeakDetector: io.netty.util.ResourceLeakDetector@d3c277f
[DEBUG] 2023-05-13 15:27:54.044 [AsyncHttpClient-1-2] Recycler:103--Dio.netty.recycler.maxCapacityPerThread: 4096
[DEBUG] 2023-05-13 15:27:54.044 [AsyncHttpClient-1-2] Recycler:104--Dio.netty.recycler.maxSharedCapacityFactor: 2
[DEBUG] 2023-05-13 15:27:54.044 [AsyncHttpClient-1-2] Recycler:105--Dio.netty.recycler.linkCapacity: 16
[DEBUG] 2023-05-13 15:27:54.044 [AsyncHttpClient-1-2] Recycler:106--Dio.netty.recycler.ratio: 8
[DEBUG] 2023-05-13 15:27:54.044 [AsyncHttpClient-1-2] Recycler:107--Dio.netty.recycler.delayedQueue.ratio: 8
[DEBUG] 2023-05-13 15:27:54.704 [AsyncHttpClient-1-2] Brotli:38-brotli4j not in the classpath; Brotli support will be unavailable.
[DEBUG] 2023-05-13 15:27:54.835 [main] ThreadLocalRandom:214--Dio.netty.initialSeedUniquifier: 0xa44daef157296595
[INFO ] 2023-05-13 15:27:58.332 [main] BaseTest:28-Init page
[DEBUG] 2023-05-13 15:28:41.802 [main] InternalLoggerFactory:76-Using Log4J2 as the default logging framework
[DEBUG] 2023-05-13 15:28:41.808 [main] ResourceLeakDetector:129--Dio.netty.leakDetection.level: simple
[DEBUG] 2023-05-13 15:28:41.809 [main] ResourceLeakDetector:130--Dio.netty.leakDetection.targetRecords: 4
[DEBUG] 2023-05-13 15:28:41.812 [main] ResourceLeakDetectorFactory:196-Loaded default ResourceLeakDetector: io.netty.util.ResourceLeakDetector@5f78de22
[DEBUG] 2023-05-13 15:28:41.825 [main] PlatformDependent0:460--Dio.netty.noUnsafe: false
[DEBUG] 2023-05-13 15:28:41.826 [main] PlatformDependent0:954-Java version: 11
[DEBUG] 2023-05-13 15:28:41.827 [main] PlatformDependent0:135-sun.misc.Unsafe.theUnsafe: available
[DEBUG] 2023-05-13 15:28:41.828 [main] PlatformDependent0:159-sun.misc.Unsafe.copyMemory: available
[DEBUG] 2023-05-13 15:28:41.829 [main] PlatformDependent0:202-java.nio.Buffer.address: available
[DEBUG] 2023-05-13 15:28:41.830 [main] PlatformDependent0:285-direct buffer constructor: unavailable: Reflective setAccessible(true) disabled
[DEBUG] 2023-05-13 15:28:41.830 [main] PlatformDependent0:350-java.nio.Bits.unaligned: available, true
[DEBUG] 2023-05-13 15:28:41.832 [main] PlatformDependent0:417-jdk.internal.misc.Unsafe.allocateUninitializedArray(int): unavailable: class io.netty.util.internal.PlatformDependent0$6 cannot access class jdk.internal.misc.Unsafe (in module java.base) because module java.base does not export jdk.internal.misc to unnamed module @1eea9d2d
[DEBUG] 2023-05-13 15:28:41.833 [main] PlatformDependent0:446-java.nio.DirectByteBuffer.<init>(long, int): unavailable
[DEBUG] 2023-05-13 15:28:41.833 [main] PlatformDependent:1103-sun.misc.Unsafe: available
[DEBUG] 2023-05-13 15:28:41.833 [main] PlatformDependent:1205-maxDirectMemory: 2109734912 bytes (maybe)
[DEBUG] 2023-05-13 15:28:41.834 [main] PlatformDependent:1224--Dio.netty.tmpdir: C:\Users\YURAKO~1.000\AppData\Local\Temp (java.io.tmpdir)
[DEBUG] 2023-05-13 15:28:41.834 [main] PlatformDependent:1303--Dio.netty.bitMode: 64 (sun.arch.data.model)
[DEBUG] 2023-05-13 15:28:41.834 [main] PlatformDependent:1063-Platform: Windows
[DEBUG] 2023-05-13 15:28:41.835 [main] PlatformDependent:178--Dio.netty.maxDirectMemory: -1 bytes
[DEBUG] 2023-05-13 15:28:41.835 [main] PlatformDependent:185--Dio.netty.uninitializedArrayAllocationThreshold: -1
[DEBUG] 2023-05-13 15:28:41.836 [main] CleanerJava9:71-java.nio.ByteBuffer.cleaner(): available
[DEBUG] 2023-05-13 15:28:41.836 [main] PlatformDependent:205--Dio.netty.noPreferDirect: false
[DEBUG] 2023-05-13 15:28:41.841 [main] PlatformDependent:967-org.jctools-core.MpscChunkedArrayQueue: available
[DEBUG] 2023-05-13 15:28:41.854 [main] InternalThreadLocalMap:83--Dio.netty.threadLocalMap.stringBuilder.initialSize: 1024
[DEBUG] 2023-05-13 15:28:41.855 [main] InternalThreadLocalMap:86--Dio.netty.threadLocalMap.stringBuilder.maxSize: 4096
[DEBUG] 2023-05-13 15:28:41.872 [main] JdkSslContext:97-Default protocols (JDK): [TLSv1.3, TLSv1.2] 
[DEBUG] 2023-05-13 15:28:41.872 [main] JdkSslContext:98-Default cipher suites (JDK): [TLS_ECDHE_ECDSA_WITH_AES_256_GCM_SHA384, TLS_ECDHE_ECDSA_WITH_AES_128_GCM_SHA256, TLS_ECDHE_RSA_WITH_AES_128_GCM_SHA256, TLS_ECDHE_RSA_WITH_AES_256_GCM_SHA384, TLS_ECDHE_RSA_WITH_AES_128_CBC_SHA, TLS_ECDHE_RSA_WITH_AES_256_CBC_SHA, TLS_RSA_WITH_AES_128_GCM_SHA256, TLS_RSA_WITH_AES_128_CBC_SHA, TLS_RSA_WITH_AES_256_CBC_SHA, TLS_AES_128_GCM_SHA256, TLS_AES_256_GCM_SHA384]
[DEBUG] 2023-05-13 15:28:41.891 [main] MultithreadEventLoopGroup:44--Dio.netty.eventLoopThreads: 16
[DEBUG] 2023-05-13 15:28:41.898 [main] NioEventLoop:106--Dio.netty.noKeySetOptimization: false
[DEBUG] 2023-05-13 15:28:41.898 [main] NioEventLoop:107--Dio.netty.selectorAutoRebuildThreshold: 512
[DEBUG] 2023-05-13 15:28:41.932 [main] PooledByteBufAllocator:155--Dio.netty.allocator.numHeapArenas: 16
[DEBUG] 2023-05-13 15:28:41.932 [main] PooledByteBufAllocator:156--Dio.netty.allocator.numDirectArenas: 16
[DEBUG] 2023-05-13 15:28:41.932 [main] PooledByteBufAllocator:158--Dio.netty.allocator.pageSize: 8192
[DEBUG] 2023-05-13 15:28:41.932 [main] PooledByteBufAllocator:163--Dio.netty.allocator.maxOrder: 11
[DEBUG] 2023-05-13 15:28:41.933 [main] PooledByteBufAllocator:167--Dio.netty.allocator.chunkSize: 16777216
[DEBUG] 2023-05-13 15:28:41.933 [main] PooledByteBufAllocator:168--Dio.netty.allocator.smallCacheSize: 256
[DEBUG] 2023-05-13 15:28:41.933 [main] PooledByteBufAllocator:169--Dio.netty.allocator.normalCacheSize: 64
[DEBUG] 2023-05-13 15:28:41.933 [main] PooledByteBufAllocator:170--Dio.netty.allocator.maxCachedBufferCapacity: 32768
[DEBUG] 2023-05-13 15:28:41.933 [main] PooledByteBufAllocator:171--Dio.netty.allocator.cacheTrimInterval: 8192
[DEBUG] 2023-05-13 15:28:41.933 [main] PooledByteBufAllocator:172--Dio.netty.allocator.cacheTrimIntervalMillis: 0
[DEBUG] 2023-05-13 15:28:41.933 [main] PooledByteBufAllocator:173--Dio.netty.allocator.useCacheForAllThreads: true
[DEBUG] 2023-05-13 15:28:41.934 [main] PooledByteBufAllocator:174--Dio.netty.allocator.maxCachedByteBuffersPerChunk: 1023
[DEBUG] 2023-05-13 15:28:41.941 [main] ByteBufUtil:87--Dio.netty.allocator.type: pooled
[DEBUG] 2023-05-13 15:28:41.942 [main] ByteBufUtil:96--Dio.netty.threadLocalDirectBufferSize: 0
[DEBUG] 2023-05-13 15:28:41.942 [main] ByteBufUtil:99--Dio.netty.maxThreadLocalCharBufferSize: 16384
[DEBUG] 2023-05-13 15:28:42.698 [Forwarding newSession on session null to remote] DefaultChannelId:79--Dio.netty.processId: 6288 (auto-detected)
[DEBUG] 2023-05-13 15:28:42.700 [Forwarding newSession on session null to remote] NetUtil:135--Djava.net.preferIPv4Stack: false
[DEBUG] 2023-05-13 15:28:42.701 [Forwarding newSession on session null to remote] NetUtil:136--Djava.net.preferIPv6Addresses: false
[DEBUG] 2023-05-13 15:28:42.917 [Forwarding newSession on session null to remote] NetUtilInitializations:129-Loopback interface: lo (Software Loopback Interface 1, 127.0.0.1)
[DEBUG] 2023-05-13 15:28:42.917 [Forwarding newSession on session null to remote] NetUtil:187-Failed to get SOMAXCONN from sysctl and file \proc\sys\net\core\somaxconn. Default: 200
[DEBUG] 2023-05-13 15:28:43.148 [Forwarding newSession on session null to remote] DefaultChannelId:101--Dio.netty.machineId: d0:c6:37:ff:fe:f7:a9:b8 (auto-detected)
[DEBUG] 2023-05-13 15:28:43.187 [AsyncHttpClient-1-2] AbstractByteBuf:63--Dio.netty.buffer.checkAccessible: true
[DEBUG] 2023-05-13 15:28:43.188 [AsyncHttpClient-1-2] AbstractByteBuf:64--Dio.netty.buffer.checkBounds: true
[DEBUG] 2023-05-13 15:28:43.188 [AsyncHttpClient-1-2] ResourceLeakDetectorFactory:196-Loaded default ResourceLeakDetector: io.netty.util.ResourceLeakDetector@6b5c74c6
[DEBUG] 2023-05-13 15:28:43.211 [AsyncHttpClient-1-2] Recycler:103--Dio.netty.recycler.maxCapacityPerThread: 4096
[DEBUG] 2023-05-13 15:28:43.211 [AsyncHttpClient-1-2] Recycler:104--Dio.netty.recycler.maxSharedCapacityFactor: 2
[DEBUG] 2023-05-13 15:28:43.211 [AsyncHttpClient-1-2] Recycler:105--Dio.netty.recycler.linkCapacity: 16
[DEBUG] 2023-05-13 15:28:43.211 [AsyncHttpClient-1-2] Recycler:106--Dio.netty.recycler.ratio: 8
[DEBUG] 2023-05-13 15:28:43.211 [AsyncHttpClient-1-2] Recycler:107--Dio.netty.recycler.delayedQueue.ratio: 8
[DEBUG] 2023-05-13 15:28:43.949 [AsyncHttpClient-1-2] Brotli:38-brotli4j not in the classpath; Brotli support will be unavailable.
[DEBUG] 2023-05-13 15:28:44.076 [main] ThreadLocalRandom:214--Dio.netty.initialSeedUniquifier: 0x3b566b4f92417f00
[INFO ] 2023-05-13 15:28:48.081 [main] BaseTest:28-Init page
[DEBUG] 2023-05-13 15:32:51.438 [main] InternalLoggerFactory:76-Using Log4J2 as the default logging framework
[DEBUG] 2023-05-13 15:32:51.447 [main] ResourceLeakDetector:129--Dio.netty.leakDetection.level: simple
[DEBUG] 2023-05-13 15:32:51.447 [main] ResourceLeakDetector:130--Dio.netty.leakDetection.targetRecords: 4
[DEBUG] 2023-05-13 15:32:51.451 [main] ResourceLeakDetectorFactory:196-Loaded default ResourceLeakDetector: io.netty.util.ResourceLeakDetector@585ac855
[DEBUG] 2023-05-13 15:32:51.468 [main] PlatformDependent0:460--Dio.netty.noUnsafe: false
[DEBUG] 2023-05-13 15:32:51.469 [main] PlatformDependent0:954-Java version: 11
[DEBUG] 2023-05-13 15:32:51.471 [main] PlatformDependent0:135-sun.misc.Unsafe.theUnsafe: available
[DEBUG] 2023-05-13 15:32:51.472 [main] PlatformDependent0:159-sun.misc.Unsafe.copyMemory: available
[DEBUG] 2023-05-13 15:32:51.473 [main] PlatformDependent0:202-java.nio.Buffer.address: available
[DEBUG] 2023-05-13 15:32:51.474 [main] PlatformDependent0:285-direct buffer constructor: unavailable: Reflective setAccessible(true) disabled
[DEBUG] 2023-05-13 15:32:51.475 [main] PlatformDependent0:350-java.nio.Bits.unaligned: available, true
[DEBUG] 2023-05-13 15:32:51.477 [main] PlatformDependent0:417-jdk.internal.misc.Unsafe.allocateUninitializedArray(int): unavailable: class io.netty.util.internal.PlatformDependent0$6 cannot access class jdk.internal.misc.Unsafe (in module java.base) because module java.base does not export jdk.internal.misc to unnamed module @3e9803c2
[DEBUG] 2023-05-13 15:32:51.479 [main] PlatformDependent0:446-java.nio.DirectByteBuffer.<init>(long, int): unavailable
[DEBUG] 2023-05-13 15:32:51.480 [main] PlatformDependent:1103-sun.misc.Unsafe: available
[DEBUG] 2023-05-13 15:32:51.481 [main] PlatformDependent:1205-maxDirectMemory: 2109734912 bytes (maybe)
[DEBUG] 2023-05-13 15:32:51.481 [main] PlatformDependent:1224--Dio.netty.tmpdir: C:\Users\YURAKO~1.000\AppData\Local\Temp (java.io.tmpdir)
[DEBUG] 2023-05-13 15:32:51.481 [main] PlatformDependent:1303--Dio.netty.bitMode: 64 (sun.arch.data.model)
[DEBUG] 2023-05-13 15:32:51.482 [main] PlatformDependent:1063-Platform: Windows
[DEBUG] 2023-05-13 15:32:51.483 [main] PlatformDependent:178--Dio.netty.maxDirectMemory: -1 bytes
[DEBUG] 2023-05-13 15:32:51.483 [main] PlatformDependent:185--Dio.netty.uninitializedArrayAllocationThreshold: -1
[DEBUG] 2023-05-13 15:32:51.484 [main] CleanerJava9:71-java.nio.ByteBuffer.cleaner(): available
[DEBUG] 2023-05-13 15:32:51.484 [main] PlatformDependent:205--Dio.netty.noPreferDirect: false
[DEBUG] 2023-05-13 15:32:51.492 [main] PlatformDependent:967-org.jctools-core.MpscChunkedArrayQueue: available
[DEBUG] 2023-05-13 15:32:51.514 [main] InternalThreadLocalMap:83--Dio.netty.threadLocalMap.stringBuilder.initialSize: 1024
[DEBUG] 2023-05-13 15:32:51.514 [main] InternalThreadLocalMap:86--Dio.netty.threadLocalMap.stringBuilder.maxSize: 4096
[DEBUG] 2023-05-13 15:32:51.542 [main] JdkSslContext:97-Default protocols (JDK): [TLSv1.3, TLSv1.2] 
[DEBUG] 2023-05-13 15:32:51.542 [main] JdkSslContext:98-Default cipher suites (JDK): [TLS_ECDHE_ECDSA_WITH_AES_256_GCM_SHA384, TLS_ECDHE_ECDSA_WITH_AES_128_GCM_SHA256, TLS_ECDHE_RSA_WITH_AES_128_GCM_SHA256, TLS_ECDHE_RSA_WITH_AES_256_GCM_SHA384, TLS_ECDHE_RSA_WITH_AES_128_CBC_SHA, TLS_ECDHE_RSA_WITH_AES_256_CBC_SHA, TLS_RSA_WITH_AES_128_GCM_SHA256, TLS_RSA_WITH_AES_128_CBC_SHA, TLS_RSA_WITH_AES_256_CBC_SHA, TLS_AES_128_GCM_SHA256, TLS_AES_256_GCM_SHA384]
[DEBUG] 2023-05-13 15:32:51.566 [main] MultithreadEventLoopGroup:44--Dio.netty.eventLoopThreads: 16
[DEBUG] 2023-05-13 15:32:51.572 [main] NioEventLoop:106--Dio.netty.noKeySetOptimization: false
[DEBUG] 2023-05-13 15:32:51.573 [main] NioEventLoop:107--Dio.netty.selectorAutoRebuildThreshold: 512
[DEBUG] 2023-05-13 15:32:51.614 [main] PooledByteBufAllocator:155--Dio.netty.allocator.numHeapArenas: 16
[DEBUG] 2023-05-13 15:32:51.614 [main] PooledByteBufAllocator:156--Dio.netty.allocator.numDirectArenas: 16
[DEBUG] 2023-05-13 15:32:51.614 [main] PooledByteBufAllocator:158--Dio.netty.allocator.pageSize: 8192
[DEBUG] 2023-05-13 15:32:51.614 [main] PooledByteBufAllocator:163--Dio.netty.allocator.maxOrder: 11
[DEBUG] 2023-05-13 15:32:51.614 [main] PooledByteBufAllocator:167--Dio.netty.allocator.chunkSize: 16777216
[DEBUG] 2023-05-13 15:32:51.614 [main] PooledByteBufAllocator:168--Dio.netty.allocator.smallCacheSize: 256
[DEBUG] 2023-05-13 15:32:51.614 [main] PooledByteBufAllocator:169--Dio.netty.allocator.normalCacheSize: 64
[DEBUG] 2023-05-13 15:32:51.614 [main] PooledByteBufAllocator:170--Dio.netty.allocator.maxCachedBufferCapacity: 32768
[DEBUG] 2023-05-13 15:32:51.615 [main] PooledByteBufAllocator:171--Dio.netty.allocator.cacheTrimInterval: 8192
[DEBUG] 2023-05-13 15:32:51.615 [main] PooledByteBufAllocator:172--Dio.netty.allocator.cacheTrimIntervalMillis: 0
[DEBUG] 2023-05-13 15:32:51.615 [main] PooledByteBufAllocator:173--Dio.netty.allocator.useCacheForAllThreads: true
[DEBUG] 2023-05-13 15:32:51.615 [main] PooledByteBufAllocator:174--Dio.netty.allocator.maxCachedByteBuffersPerChunk: 1023
[DEBUG] 2023-05-13 15:32:51.623 [main] ByteBufUtil:87--Dio.netty.allocator.type: pooled
[DEBUG] 2023-05-13 15:32:51.623 [main] ByteBufUtil:96--Dio.netty.threadLocalDirectBufferSize: 0
[DEBUG] 2023-05-13 15:32:51.623 [main] ByteBufUtil:99--Dio.netty.maxThreadLocalCharBufferSize: 16384
[DEBUG] 2023-05-13 15:32:52.417 [Forwarding newSession on session null to remote] DefaultChannelId:79--Dio.netty.processId: 15688 (auto-detected)
[DEBUG] 2023-05-13 15:32:52.420 [Forwarding newSession on session null to remote] NetUtil:135--Djava.net.preferIPv4Stack: false
[DEBUG] 2023-05-13 15:32:52.420 [Forwarding newSession on session null to remote] NetUtil:136--Djava.net.preferIPv6Addresses: false
[DEBUG] 2023-05-13 15:32:52.641 [Forwarding newSession on session null to remote] NetUtilInitializations:129-Loopback interface: lo (Software Loopback Interface 1, 127.0.0.1)
[DEBUG] 2023-05-13 15:32:52.642 [Forwarding newSession on session null to remote] NetUtil:187-Failed to get SOMAXCONN from sysctl and file \proc\sys\net\core\somaxconn. Default: 200
[DEBUG] 2023-05-13 15:32:52.884 [Forwarding newSession on session null to remote] DefaultChannelId:101--Dio.netty.machineId: d0:c6:37:ff:fe:f7:a9:b8 (auto-detected)
[DEBUG] 2023-05-13 15:32:52.929 [AsyncHttpClient-1-2] AbstractByteBuf:63--Dio.netty.buffer.checkAccessible: true
[DEBUG] 2023-05-13 15:32:52.930 [AsyncHttpClient-1-2] AbstractByteBuf:64--Dio.netty.buffer.checkBounds: true
[DEBUG] 2023-05-13 15:32:52.930 [AsyncHttpClient-1-2] ResourceLeakDetectorFactory:196-Loaded default ResourceLeakDetector: io.netty.util.ResourceLeakDetector@1013294c
[DEBUG] 2023-05-13 15:32:52.953 [AsyncHttpClient-1-2] Recycler:103--Dio.netty.recycler.maxCapacityPerThread: 4096
[DEBUG] 2023-05-13 15:32:52.953 [AsyncHttpClient-1-2] Recycler:104--Dio.netty.recycler.maxSharedCapacityFactor: 2
[DEBUG] 2023-05-13 15:32:52.953 [AsyncHttpClient-1-2] Recycler:105--Dio.netty.recycler.linkCapacity: 16
[DEBUG] 2023-05-13 15:32:52.953 [AsyncHttpClient-1-2] Recycler:106--Dio.netty.recycler.ratio: 8
[DEBUG] 2023-05-13 15:32:52.953 [AsyncHttpClient-1-2] Recycler:107--Dio.netty.recycler.delayedQueue.ratio: 8
[DEBUG] 2023-05-13 15:32:53.681 [AsyncHttpClient-1-2] Brotli:38-brotli4j not in the classpath; Brotli support will be unavailable.
[DEBUG] 2023-05-13 15:32:53.870 [main] ThreadLocalRandom:214--Dio.netty.initialSeedUniquifier: 0x89f1120859700e81
[INFO ] 2023-05-13 15:32:57.554 [main] BaseTest:28-Init page
[DEBUG] 2023-05-13 15:34:37.935 [main] InternalLoggerFactory:76-Using Log4J2 as the default logging framework
[DEBUG] 2023-05-13 15:34:37.941 [main] ResourceLeakDetector:129--Dio.netty.leakDetection.level: simple
[DEBUG] 2023-05-13 15:34:37.941 [main] ResourceLeakDetector:130--Dio.netty.leakDetection.targetRecords: 4
[DEBUG] 2023-05-13 15:34:37.945 [main] ResourceLeakDetectorFactory:196-Loaded default ResourceLeakDetector: io.netty.util.ResourceLeakDetector@56781d96
[DEBUG] 2023-05-13 15:34:37.962 [main] PlatformDependent0:460--Dio.netty.noUnsafe: false
[DEBUG] 2023-05-13 15:34:37.963 [main] PlatformDependent0:954-Java version: 11
[DEBUG] 2023-05-13 15:34:37.967 [main] PlatformDependent0:135-sun.misc.Unsafe.theUnsafe: available
[DEBUG] 2023-05-13 15:34:37.967 [main] PlatformDependent0:159-sun.misc.Unsafe.copyMemory: available
[DEBUG] 2023-05-13 15:34:37.968 [main] PlatformDependent0:202-java.nio.Buffer.address: available
[DEBUG] 2023-05-13 15:34:37.969 [main] PlatformDependent0:285-direct buffer constructor: unavailable: Reflective setAccessible(true) disabled
[DEBUG] 2023-05-13 15:34:37.970 [main] PlatformDependent0:350-java.nio.Bits.unaligned: available, true
[DEBUG] 2023-05-13 15:34:37.971 [main] PlatformDependent0:417-jdk.internal.misc.Unsafe.allocateUninitializedArray(int): unavailable: class io.netty.util.internal.PlatformDependent0$6 cannot access class jdk.internal.misc.Unsafe (in module java.base) because module java.base does not export jdk.internal.misc to unnamed module @72805168
[DEBUG] 2023-05-13 15:34:37.973 [main] PlatformDependent0:446-java.nio.DirectByteBuffer.<init>(long, int): unavailable
[DEBUG] 2023-05-13 15:34:37.973 [main] PlatformDependent:1103-sun.misc.Unsafe: available
[DEBUG] 2023-05-13 15:34:37.974 [main] PlatformDependent:1205-maxDirectMemory: 2109734912 bytes (maybe)
[DEBUG] 2023-05-13 15:34:37.974 [main] PlatformDependent:1224--Dio.netty.tmpdir: C:\Users\YURAKO~1.000\AppData\Local\Temp (java.io.tmpdir)
[DEBUG] 2023-05-13 15:34:37.974 [main] PlatformDependent:1303--Dio.netty.bitMode: 64 (sun.arch.data.model)
[DEBUG] 2023-05-13 15:34:37.975 [main] PlatformDependent:1063-Platform: Windows
[DEBUG] 2023-05-13 15:34:37.975 [main] PlatformDependent:178--Dio.netty.maxDirectMemory: -1 bytes
[DEBUG] 2023-05-13 15:34:37.976 [main] PlatformDependent:185--Dio.netty.uninitializedArrayAllocationThreshold: -1
[DEBUG] 2023-05-13 15:34:37.977 [main] CleanerJava9:71-java.nio.ByteBuffer.cleaner(): available
[DEBUG] 2023-05-13 15:34:37.977 [main] PlatformDependent:205--Dio.netty.noPreferDirect: false
[DEBUG] 2023-05-13 15:34:37.985 [main] PlatformDependent:967-org.jctools-core.MpscChunkedArrayQueue: available
[DEBUG] 2023-05-13 15:34:38.002 [main] InternalThreadLocalMap:83--Dio.netty.threadLocalMap.stringBuilder.initialSize: 1024
[DEBUG] 2023-05-13 15:34:38.002 [main] InternalThreadLocalMap:86--Dio.netty.threadLocalMap.stringBuilder.maxSize: 4096
[DEBUG] 2023-05-13 15:34:38.020 [main] JdkSslContext:97-Default protocols (JDK): [TLSv1.3, TLSv1.2] 
[DEBUG] 2023-05-13 15:34:38.020 [main] JdkSslContext:98-Default cipher suites (JDK): [TLS_ECDHE_ECDSA_WITH_AES_256_GCM_SHA384, TLS_ECDHE_ECDSA_WITH_AES_128_GCM_SHA256, TLS_ECDHE_RSA_WITH_AES_128_GCM_SHA256, TLS_ECDHE_RSA_WITH_AES_256_GCM_SHA384, TLS_ECDHE_RSA_WITH_AES_128_CBC_SHA, TLS_ECDHE_RSA_WITH_AES_256_CBC_SHA, TLS_RSA_WITH_AES_128_GCM_SHA256, TLS_RSA_WITH_AES_128_CBC_SHA, TLS_RSA_WITH_AES_256_CBC_SHA, TLS_AES_128_GCM_SHA256, TLS_AES_256_GCM_SHA384]
[DEBUG] 2023-05-13 15:34:38.041 [main] MultithreadEventLoopGroup:44--Dio.netty.eventLoopThreads: 16
[DEBUG] 2023-05-13 15:34:38.049 [main] NioEventLoop:106--Dio.netty.noKeySetOptimization: false
[DEBUG] 2023-05-13 15:34:38.049 [main] NioEventLoop:107--Dio.netty.selectorAutoRebuildThreshold: 512
[DEBUG] 2023-05-13 15:34:38.083 [main] PooledByteBufAllocator:155--Dio.netty.allocator.numHeapArenas: 16
[DEBUG] 2023-05-13 15:34:38.083 [main] PooledByteBufAllocator:156--Dio.netty.allocator.numDirectArenas: 16
[DEBUG] 2023-05-13 15:34:38.084 [main] PooledByteBufAllocator:158--Dio.netty.allocator.pageSize: 8192
[DEBUG] 2023-05-13 15:34:38.084 [main] PooledByteBufAllocator:163--Dio.netty.allocator.maxOrder: 11
[DEBUG] 2023-05-13 15:34:38.084 [main] PooledByteBufAllocator:167--Dio.netty.allocator.chunkSize: 16777216
[DEBUG] 2023-05-13 15:34:38.084 [main] PooledByteBufAllocator:168--Dio.netty.allocator.smallCacheSize: 256
[DEBUG] 2023-05-13 15:34:38.084 [main] PooledByteBufAllocator:169--Dio.netty.allocator.normalCacheSize: 64
[DEBUG] 2023-05-13 15:34:38.084 [main] PooledByteBufAllocator:170--Dio.netty.allocator.maxCachedBufferCapacity: 32768
[DEBUG] 2023-05-13 15:34:38.084 [main] PooledByteBufAllocator:171--Dio.netty.allocator.cacheTrimInterval: 8192
[DEBUG] 2023-05-13 15:34:38.085 [main] PooledByteBufAllocator:172--Dio.netty.allocator.cacheTrimIntervalMillis: 0
[DEBUG] 2023-05-13 15:34:38.085 [main] PooledByteBufAllocator:173--Dio.netty.allocator.useCacheForAllThreads: true
[DEBUG] 2023-05-13 15:34:38.085 [main] PooledByteBufAllocator:174--Dio.netty.allocator.maxCachedByteBuffersPerChunk: 1023
[DEBUG] 2023-05-13 15:34:38.092 [main] ByteBufUtil:87--Dio.netty.allocator.type: pooled
[DEBUG] 2023-05-13 15:34:38.093 [main] ByteBufUtil:96--Dio.netty.threadLocalDirectBufferSize: 0
[DEBUG] 2023-05-13 15:34:38.093 [main] ByteBufUtil:99--Dio.netty.maxThreadLocalCharBufferSize: 16384
[DEBUG] 2023-05-13 15:34:38.890 [Forwarding newSession on session null to remote] DefaultChannelId:79--Dio.netty.processId: 15464 (auto-detected)
[DEBUG] 2023-05-13 15:34:38.892 [Forwarding newSession on session null to remote] NetUtil:135--Djava.net.preferIPv4Stack: false
[DEBUG] 2023-05-13 15:34:38.892 [Forwarding newSession on session null to remote] NetUtil:136--Djava.net.preferIPv6Addresses: false
[DEBUG] 2023-05-13 15:34:39.116 [Forwarding newSession on session null to remote] NetUtilInitializations:129-Loopback interface: lo (Software Loopback Interface 1, 127.0.0.1)
[DEBUG] 2023-05-13 15:34:39.117 [Forwarding newSession on session null to remote] NetUtil:187-Failed to get SOMAXCONN from sysctl and file \proc\sys\net\core\somaxconn. Default: 200
[DEBUG] 2023-05-13 15:34:39.359 [Forwarding newSession on session null to remote] DefaultChannelId:101--Dio.netty.machineId: d0:c6:37:ff:fe:f7:a9:b8 (auto-detected)
[DEBUG] 2023-05-13 15:34:39.405 [AsyncHttpClient-1-2] AbstractByteBuf:63--Dio.netty.buffer.checkAccessible: true
[DEBUG] 2023-05-13 15:34:39.405 [AsyncHttpClient-1-2] AbstractByteBuf:64--Dio.netty.buffer.checkBounds: true
[DEBUG] 2023-05-13 15:34:39.405 [AsyncHttpClient-1-2] ResourceLeakDetectorFactory:196-Loaded default ResourceLeakDetector: io.netty.util.ResourceLeakDetector@207f2e57
[DEBUG] 2023-05-13 15:34:39.437 [AsyncHttpClient-1-2] Recycler:103--Dio.netty.recycler.maxCapacityPerThread: 4096
[DEBUG] 2023-05-13 15:34:39.437 [AsyncHttpClient-1-2] Recycler:104--Dio.netty.recycler.maxSharedCapacityFactor: 2
[DEBUG] 2023-05-13 15:34:39.437 [AsyncHttpClient-1-2] Recycler:105--Dio.netty.recycler.linkCapacity: 16
[DEBUG] 2023-05-13 15:34:39.437 [AsyncHttpClient-1-2] Recycler:106--Dio.netty.recycler.ratio: 8
[DEBUG] 2023-05-13 15:34:39.437 [AsyncHttpClient-1-2] Recycler:107--Dio.netty.recycler.delayedQueue.ratio: 8
[DEBUG] 2023-05-13 15:34:40.110 [AsyncHttpClient-1-2] Brotli:38-brotli4j not in the classpath; Brotli support will be unavailable.
[DEBUG] 2023-05-13 15:34:40.298 [main] ThreadLocalRandom:214--Dio.netty.initialSeedUniquifier: 0x37db180ef2e70495
[INFO ] 2023-05-13 15:34:43.391 [main] BaseTest:28-Init page
[DEBUG] 2023-05-13 15:37:04.980 [main] InternalLoggerFactory:76-Using Log4J2 as the default logging framework
[DEBUG] 2023-05-13 15:37:04.985 [main] ResourceLeakDetector:129--Dio.netty.leakDetection.level: simple
[DEBUG] 2023-05-13 15:37:04.986 [main] ResourceLeakDetector:130--Dio.netty.leakDetection.targetRecords: 4
[DEBUG] 2023-05-13 15:37:04.989 [main] ResourceLeakDetectorFactory:196-Loaded default ResourceLeakDetector: io.netty.util.ResourceLeakDetector@56781d96
[DEBUG] 2023-05-13 15:37:05.005 [main] PlatformDependent0:460--Dio.netty.noUnsafe: false
[DEBUG] 2023-05-13 15:37:05.005 [main] PlatformDependent0:954-Java version: 11
[DEBUG] 2023-05-13 15:37:05.008 [main] PlatformDependent0:135-sun.misc.Unsafe.theUnsafe: available
[DEBUG] 2023-05-13 15:37:05.008 [main] PlatformDependent0:159-sun.misc.Unsafe.copyMemory: available
[DEBUG] 2023-05-13 15:37:05.009 [main] PlatformDependent0:202-java.nio.Buffer.address: available
[DEBUG] 2023-05-13 15:37:05.010 [main] PlatformDependent0:285-direct buffer constructor: unavailable: Reflective setAccessible(true) disabled
[DEBUG] 2023-05-13 15:37:05.011 [main] PlatformDependent0:350-java.nio.Bits.unaligned: available, true
[DEBUG] 2023-05-13 15:37:05.013 [main] PlatformDependent0:417-jdk.internal.misc.Unsafe.allocateUninitializedArray(int): unavailable: class io.netty.util.internal.PlatformDependent0$6 cannot access class jdk.internal.misc.Unsafe (in module java.base) because module java.base does not export jdk.internal.misc to unnamed module @72805168
[DEBUG] 2023-05-13 15:37:05.014 [main] PlatformDependent0:446-java.nio.DirectByteBuffer.<init>(long, int): unavailable
[DEBUG] 2023-05-13 15:37:05.014 [main] PlatformDependent:1103-sun.misc.Unsafe: available
[DEBUG] 2023-05-13 15:37:05.015 [main] PlatformDependent:1205-maxDirectMemory: 2109734912 bytes (maybe)
[DEBUG] 2023-05-13 15:37:05.015 [main] PlatformDependent:1224--Dio.netty.tmpdir: C:\Users\YURAKO~1.000\AppData\Local\Temp (java.io.tmpdir)
[DEBUG] 2023-05-13 15:37:05.015 [main] PlatformDependent:1303--Dio.netty.bitMode: 64 (sun.arch.data.model)
[DEBUG] 2023-05-13 15:37:05.016 [main] PlatformDependent:1063-Platform: Windows
[DEBUG] 2023-05-13 15:37:05.016 [main] PlatformDependent:178--Dio.netty.maxDirectMemory: -1 bytes
[DEBUG] 2023-05-13 15:37:05.017 [main] PlatformDependent:185--Dio.netty.uninitializedArrayAllocationThreshold: -1
[DEBUG] 2023-05-13 15:37:05.018 [main] CleanerJava9:71-java.nio.ByteBuffer.cleaner(): available
[DEBUG] 2023-05-13 15:37:05.018 [main] PlatformDependent:205--Dio.netty.noPreferDirect: false
[DEBUG] 2023-05-13 15:37:05.024 [main] PlatformDependent:967-org.jctools-core.MpscChunkedArrayQueue: available
[DEBUG] 2023-05-13 15:37:05.040 [main] InternalThreadLocalMap:83--Dio.netty.threadLocalMap.stringBuilder.initialSize: 1024
[DEBUG] 2023-05-13 15:37:05.040 [main] InternalThreadLocalMap:86--Dio.netty.threadLocalMap.stringBuilder.maxSize: 4096
[DEBUG] 2023-05-13 15:37:05.059 [main] JdkSslContext:97-Default protocols (JDK): [TLSv1.3, TLSv1.2] 
[DEBUG] 2023-05-13 15:37:05.059 [main] JdkSslContext:98-Default cipher suites (JDK): [TLS_ECDHE_ECDSA_WITH_AES_256_GCM_SHA384, TLS_ECDHE_ECDSA_WITH_AES_128_GCM_SHA256, TLS_ECDHE_RSA_WITH_AES_128_GCM_SHA256, TLS_ECDHE_RSA_WITH_AES_256_GCM_SHA384, TLS_ECDHE_RSA_WITH_AES_128_CBC_SHA, TLS_ECDHE_RSA_WITH_AES_256_CBC_SHA, TLS_RSA_WITH_AES_128_GCM_SHA256, TLS_RSA_WITH_AES_128_CBC_SHA, TLS_RSA_WITH_AES_256_CBC_SHA, TLS_AES_128_GCM_SHA256, TLS_AES_256_GCM_SHA384]
[DEBUG] 2023-05-13 15:37:05.080 [main] MultithreadEventLoopGroup:44--Dio.netty.eventLoopThreads: 16
[DEBUG] 2023-05-13 15:37:05.087 [main] NioEventLoop:106--Dio.netty.noKeySetOptimization: false
[DEBUG] 2023-05-13 15:37:05.087 [main] NioEventLoop:107--Dio.netty.selectorAutoRebuildThreshold: 512
[DEBUG] 2023-05-13 15:37:05.121 [main] PooledByteBufAllocator:155--Dio.netty.allocator.numHeapArenas: 16
[DEBUG] 2023-05-13 15:37:05.121 [main] PooledByteBufAllocator:156--Dio.netty.allocator.numDirectArenas: 16
[DEBUG] 2023-05-13 15:37:05.121 [main] PooledByteBufAllocator:158--Dio.netty.allocator.pageSize: 8192
[DEBUG] 2023-05-13 15:37:05.121 [main] PooledByteBufAllocator:163--Dio.netty.allocator.maxOrder: 11
[DEBUG] 2023-05-13 15:37:05.122 [main] PooledByteBufAllocator:167--Dio.netty.allocator.chunkSize: 16777216
[DEBUG] 2023-05-13 15:37:05.122 [main] PooledByteBufAllocator:168--Dio.netty.allocator.smallCacheSize: 256
[DEBUG] 2023-05-13 15:37:05.122 [main] PooledByteBufAllocator:169--Dio.netty.allocator.normalCacheSize: 64
[DEBUG] 2023-05-13 15:37:05.122 [main] PooledByteBufAllocator:170--Dio.netty.allocator.maxCachedBufferCapacity: 32768
[DEBUG] 2023-05-13 15:37:05.122 [main] PooledByteBufAllocator:171--Dio.netty.allocator.cacheTrimInterval: 8192
[DEBUG] 2023-05-13 15:37:05.122 [main] PooledByteBufAllocator:172--Dio.netty.allocator.cacheTrimIntervalMillis: 0
[DEBUG] 2023-05-13 15:37:05.123 [main] PooledByteBufAllocator:173--Dio.netty.allocator.useCacheForAllThreads: true
[DEBUG] 2023-05-13 15:37:05.123 [main] PooledByteBufAllocator:174--Dio.netty.allocator.maxCachedByteBuffersPerChunk: 1023
[DEBUG] 2023-05-13 15:37:05.131 [main] ByteBufUtil:87--Dio.netty.allocator.type: pooled
[DEBUG] 2023-05-13 15:37:05.131 [main] ByteBufUtil:96--Dio.netty.threadLocalDirectBufferSize: 0
[DEBUG] 2023-05-13 15:37:05.131 [main] ByteBufUtil:99--Dio.netty.maxThreadLocalCharBufferSize: 16384
[DEBUG] 2023-05-13 15:37:05.933 [Forwarding newSession on session null to remote] DefaultChannelId:79--Dio.netty.processId: 1552 (auto-detected)
[DEBUG] 2023-05-13 15:37:05.935 [Forwarding newSession on session null to remote] NetUtil:135--Djava.net.preferIPv4Stack: false
[DEBUG] 2023-05-13 15:37:05.935 [Forwarding newSession on session null to remote] NetUtil:136--Djava.net.preferIPv6Addresses: false
[DEBUG] 2023-05-13 15:37:06.158 [Forwarding newSession on session null to remote] NetUtilInitializations:129-Loopback interface: lo (Software Loopback Interface 1, 127.0.0.1)
[DEBUG] 2023-05-13 15:37:06.159 [Forwarding newSession on session null to remote] NetUtil:187-Failed to get SOMAXCONN from sysctl and file \proc\sys\net\core\somaxconn. Default: 200
[DEBUG] 2023-05-13 15:37:06.398 [Forwarding newSession on session null to remote] DefaultChannelId:101--Dio.netty.machineId: d0:c6:37:ff:fe:f7:a9:b8 (auto-detected)
[DEBUG] 2023-05-13 15:37:06.442 [AsyncHttpClient-1-2] AbstractByteBuf:63--Dio.netty.buffer.checkAccessible: true
[DEBUG] 2023-05-13 15:37:06.443 [AsyncHttpClient-1-2] AbstractByteBuf:64--Dio.netty.buffer.checkBounds: true
[DEBUG] 2023-05-13 15:37:06.444 [AsyncHttpClient-1-2] ResourceLeakDetectorFactory:196-Loaded default ResourceLeakDetector: io.netty.util.ResourceLeakDetector@71762473
[DEBUG] 2023-05-13 15:37:06.469 [AsyncHttpClient-1-2] Recycler:103--Dio.netty.recycler.maxCapacityPerThread: 4096
[DEBUG] 2023-05-13 15:37:06.469 [AsyncHttpClient-1-2] Recycler:104--Dio.netty.recycler.maxSharedCapacityFactor: 2
[DEBUG] 2023-05-13 15:37:06.469 [AsyncHttpClient-1-2] Recycler:105--Dio.netty.recycler.linkCapacity: 16
[DEBUG] 2023-05-13 15:37:06.469 [AsyncHttpClient-1-2] Recycler:106--Dio.netty.recycler.ratio: 8
[DEBUG] 2023-05-13 15:37:06.469 [AsyncHttpClient-1-2] Recycler:107--Dio.netty.recycler.delayedQueue.ratio: 8
[DEBUG] 2023-05-13 15:37:07.257 [AsyncHttpClient-1-2] Brotli:38-brotli4j not in the classpath; Brotli support will be unavailable.
[DEBUG] 2023-05-13 15:37:07.457 [main] ThreadLocalRandom:214--Dio.netty.initialSeedUniquifier: 0xdd4bc91e2d49b2de
[INFO ] 2023-05-13 15:37:10.492 [main] BaseTest:28-Init page
[DEBUG] 2023-05-13 15:46:08.394 [main] InternalLoggerFactory:76-Using Log4J2 as the default logging framework
[DEBUG] 2023-05-13 15:46:08.424 [main] ResourceLeakDetector:129--Dio.netty.leakDetection.level: simple
[DEBUG] 2023-05-13 15:46:08.426 [main] ResourceLeakDetector:130--Dio.netty.leakDetection.targetRecords: 4
[DEBUG] 2023-05-13 15:46:08.442 [main] ResourceLeakDetectorFactory:196-Loaded default ResourceLeakDetector: io.netty.util.ResourceLeakDetector@2bc12da
[DEBUG] 2023-05-13 15:46:08.520 [main] PlatformDependent0:460--Dio.netty.noUnsafe: false
[DEBUG] 2023-05-13 15:46:08.521 [main] PlatformDependent0:954-Java version: 11
[DEBUG] 2023-05-13 15:46:08.531 [main] PlatformDependent0:135-sun.misc.Unsafe.theUnsafe: available
[DEBUG] 2023-05-13 15:46:08.535 [main] PlatformDependent0:159-sun.misc.Unsafe.copyMemory: available
[DEBUG] 2023-05-13 15:46:08.538 [main] PlatformDependent0:202-java.nio.Buffer.address: available
[DEBUG] 2023-05-13 15:46:08.541 [main] PlatformDependent0:285-direct buffer constructor: unavailable: Reflective setAccessible(true) disabled
[DEBUG] 2023-05-13 15:46:08.547 [main] PlatformDependent0:350-java.nio.Bits.unaligned: available, true
[DEBUG] 2023-05-13 15:46:08.553 [main] PlatformDependent0:417-jdk.internal.misc.Unsafe.allocateUninitializedArray(int): unavailable: class io.netty.util.internal.PlatformDependent0$6 cannot access class jdk.internal.misc.Unsafe (in module java.base) because module java.base does not export jdk.internal.misc to unnamed module @5432050b
[DEBUG] 2023-05-13 15:46:08.559 [main] PlatformDependent0:446-java.nio.DirectByteBuffer.<init>(long, int): unavailable
[DEBUG] 2023-05-13 15:46:08.561 [main] PlatformDependent:1103-sun.misc.Unsafe: available
[DEBUG] 2023-05-13 15:46:08.565 [main] PlatformDependent:1205-maxDirectMemory: 2109734912 bytes (maybe)
[DEBUG] 2023-05-13 15:46:08.567 [main] PlatformDependent:1224--Dio.netty.tmpdir: C:\Users\YURAKO~1.000\AppData\Local\Temp (java.io.tmpdir)
[DEBUG] 2023-05-13 15:46:08.568 [main] PlatformDependent:1303--Dio.netty.bitMode: 64 (sun.arch.data.model)
[DEBUG] 2023-05-13 15:46:08.569 [main] PlatformDependent:1063-Platform: Windows
[DEBUG] 2023-05-13 15:46:08.572 [main] PlatformDependent:178--Dio.netty.maxDirectMemory: -1 bytes
[DEBUG] 2023-05-13 15:46:08.572 [main] PlatformDependent:185--Dio.netty.uninitializedArrayAllocationThreshold: -1
[DEBUG] 2023-05-13 15:46:08.579 [main] CleanerJava9:71-java.nio.ByteBuffer.cleaner(): available
[DEBUG] 2023-05-13 15:46:08.582 [main] PlatformDependent:205--Dio.netty.noPreferDirect: false
[DEBUG] 2023-05-13 15:46:08.621 [main] PlatformDependent:967-org.jctools-core.MpscChunkedArrayQueue: available
[DEBUG] 2023-05-13 15:46:08.652 [main] InternalThreadLocalMap:83--Dio.netty.threadLocalMap.stringBuilder.initialSize: 1024
[DEBUG] 2023-05-13 15:46:08.652 [main] InternalThreadLocalMap:86--Dio.netty.threadLocalMap.stringBuilder.maxSize: 4096
[DEBUG] 2023-05-13 15:46:08.750 [main] JdkSslContext:97-Default protocols (JDK): [TLSv1.3, TLSv1.2] 
[DEBUG] 2023-05-13 15:46:08.750 [main] JdkSslContext:98-Default cipher suites (JDK): [TLS_ECDHE_ECDSA_WITH_AES_256_GCM_SHA384, TLS_ECDHE_ECDSA_WITH_AES_128_GCM_SHA256, TLS_ECDHE_RSA_WITH_AES_128_GCM_SHA256, TLS_ECDHE_RSA_WITH_AES_256_GCM_SHA384, TLS_ECDHE_RSA_WITH_AES_128_CBC_SHA, TLS_ECDHE_RSA_WITH_AES_256_CBC_SHA, TLS_RSA_WITH_AES_128_GCM_SHA256, TLS_RSA_WITH_AES_128_CBC_SHA, TLS_RSA_WITH_AES_256_CBC_SHA, TLS_AES_128_GCM_SHA256, TLS_AES_256_GCM_SHA384]
[DEBUG] 2023-05-13 15:46:08.786 [main] MultithreadEventLoopGroup:44--Dio.netty.eventLoopThreads: 16
[DEBUG] 2023-05-13 15:46:08.798 [main] NioEventLoop:106--Dio.netty.noKeySetOptimization: false
[DEBUG] 2023-05-13 15:46:08.799 [main] NioEventLoop:107--Dio.netty.selectorAutoRebuildThreshold: 512
[DEBUG] 2023-05-13 15:46:08.860 [main] PooledByteBufAllocator:155--Dio.netty.allocator.numHeapArenas: 16
[DEBUG] 2023-05-13 15:46:08.860 [main] PooledByteBufAllocator:156--Dio.netty.allocator.numDirectArenas: 16
[DEBUG] 2023-05-13 15:46:08.860 [main] PooledByteBufAllocator:158--Dio.netty.allocator.pageSize: 8192
[DEBUG] 2023-05-13 15:46:08.861 [main] PooledByteBufAllocator:163--Dio.netty.allocator.maxOrder: 11
[DEBUG] 2023-05-13 15:46:08.861 [main] PooledByteBufAllocator:167--Dio.netty.allocator.chunkSize: 16777216
[DEBUG] 2023-05-13 15:46:08.861 [main] PooledByteBufAllocator:168--Dio.netty.allocator.smallCacheSize: 256
[DEBUG] 2023-05-13 15:46:08.861 [main] PooledByteBufAllocator:169--Dio.netty.allocator.normalCacheSize: 64
[DEBUG] 2023-05-13 15:46:08.862 [main] PooledByteBufAllocator:170--Dio.netty.allocator.maxCachedBufferCapacity: 32768
[DEBUG] 2023-05-13 15:46:08.862 [main] PooledByteBufAllocator:171--Dio.netty.allocator.cacheTrimInterval: 8192
[DEBUG] 2023-05-13 15:46:08.862 [main] PooledByteBufAllocator:172--Dio.netty.allocator.cacheTrimIntervalMillis: 0
[DEBUG] 2023-05-13 15:46:08.862 [main] PooledByteBufAllocator:173--Dio.netty.allocator.useCacheForAllThreads: true
[DEBUG] 2023-05-13 15:46:08.862 [main] PooledByteBufAllocator:174--Dio.netty.allocator.maxCachedByteBuffersPerChunk: 1023
[DEBUG] 2023-05-13 15:46:08.877 [main] ByteBufUtil:87--Dio.netty.allocator.type: pooled
[DEBUG] 2023-05-13 15:46:08.878 [main] ByteBufUtil:96--Dio.netty.threadLocalDirectBufferSize: 0
[DEBUG] 2023-05-13 15:46:08.878 [main] ByteBufUtil:99--Dio.netty.maxThreadLocalCharBufferSize: 16384
[DEBUG] 2023-05-13 15:46:10.064 [Forwarding newSession on session null to remote] DefaultChannelId:79--Dio.netty.processId: 16024 (auto-detected)
[DEBUG] 2023-05-13 15:46:10.066 [Forwarding newSession on session null to remote] NetUtil:135--Djava.net.preferIPv4Stack: false
[DEBUG] 2023-05-13 15:46:10.066 [Forwarding newSession on session null to remote] NetUtil:136--Djava.net.preferIPv6Addresses: false
[DEBUG] 2023-05-13 15:46:10.734 [Forwarding newSession on session null to remote] NetUtilInitializations:129-Loopback interface: lo (Software Loopback Interface 1, 127.0.0.1)
[DEBUG] 2023-05-13 15:46:10.736 [Forwarding newSession on session null to remote] NetUtil:187-Failed to get SOMAXCONN from sysctl and file \proc\sys\net\core\somaxconn. Default: 200
[DEBUG] 2023-05-13 15:46:11.480 [Forwarding newSession on session null to remote] DefaultChannelId:101--Dio.netty.machineId: d0:c6:37:ff:fe:f7:a9:b8 (auto-detected)
[DEBUG] 2023-05-13 15:46:11.614 [AsyncHttpClient-1-2] AbstractByteBuf:63--Dio.netty.buffer.checkAccessible: true
[DEBUG] 2023-05-13 15:46:11.615 [AsyncHttpClient-1-2] AbstractByteBuf:64--Dio.netty.buffer.checkBounds: true
[DEBUG] 2023-05-13 15:46:11.616 [AsyncHttpClient-1-2] ResourceLeakDetectorFactory:196-Loaded default ResourceLeakDetector: io.netty.util.ResourceLeakDetector@51d46070
[DEBUG] 2023-05-13 15:46:11.725 [AsyncHttpClient-1-2] Recycler:103--Dio.netty.recycler.maxCapacityPerThread: 4096
[DEBUG] 2023-05-13 15:46:11.726 [AsyncHttpClient-1-2] Recycler:104--Dio.netty.recycler.maxSharedCapacityFactor: 2
[DEBUG] 2023-05-13 15:46:11.727 [AsyncHttpClient-1-2] Recycler:105--Dio.netty.recycler.linkCapacity: 16
[DEBUG] 2023-05-13 15:46:11.727 [AsyncHttpClient-1-2] Recycler:106--Dio.netty.recycler.ratio: 8
[DEBUG] 2023-05-13 15:46:11.727 [AsyncHttpClient-1-2] Recycler:107--Dio.netty.recycler.delayedQueue.ratio: 8
[DEBUG] 2023-05-13 15:46:13.223 [AsyncHttpClient-1-2] Brotli:38-brotli4j not in the classpath; Brotli support will be unavailable.
[DEBUG] 2023-05-13 15:46:13.655 [main] ThreadLocalRandom:214--Dio.netty.initialSeedUniquifier: 0x4a8a8ed05e1979bf
[INFO ] 2023-05-13 15:46:19.897 [main] BaseTest:28-Init page
[DEBUG] 2023-05-13 15:47:21.448 [main] InternalLoggerFactory:76-Using Log4J2 as the default logging framework
[DEBUG] 2023-05-13 15:47:21.478 [main] ResourceLeakDetector:129--Dio.netty.leakDetection.level: simple
[DEBUG] 2023-05-13 15:47:21.479 [main] ResourceLeakDetector:130--Dio.netty.leakDetection.targetRecords: 4
[DEBUG] 2023-05-13 15:47:21.495 [main] ResourceLeakDetectorFactory:196-Loaded default ResourceLeakDetector: io.netty.util.ResourceLeakDetector@5491f68b
[DEBUG] 2023-05-13 15:47:21.567 [main] PlatformDependent0:460--Dio.netty.noUnsafe: false
[DEBUG] 2023-05-13 15:47:21.569 [main] PlatformDependent0:954-Java version: 11
[DEBUG] 2023-05-13 15:47:21.576 [main] PlatformDependent0:135-sun.misc.Unsafe.theUnsafe: available
[DEBUG] 2023-05-13 15:47:21.580 [main] PlatformDependent0:159-sun.misc.Unsafe.copyMemory: available
[DEBUG] 2023-05-13 15:47:21.584 [main] PlatformDependent0:202-java.nio.Buffer.address: available
[DEBUG] 2023-05-13 15:47:21.587 [main] PlatformDependent0:285-direct buffer constructor: unavailable: Reflective setAccessible(true) disabled
[DEBUG] 2023-05-13 15:47:21.591 [main] PlatformDependent0:350-java.nio.Bits.unaligned: available, true
[DEBUG] 2023-05-13 15:47:21.598 [main] PlatformDependent0:417-jdk.internal.misc.Unsafe.allocateUninitializedArray(int): unavailable: class io.netty.util.internal.PlatformDependent0$6 cannot access class jdk.internal.misc.Unsafe (in module java.base) because module java.base does not export jdk.internal.misc to unnamed module @682c1e93
[DEBUG] 2023-05-13 15:47:21.603 [main] PlatformDependent0:446-java.nio.DirectByteBuffer.<init>(long, int): unavailable
[DEBUG] 2023-05-13 15:47:21.604 [main] PlatformDependent:1103-sun.misc.Unsafe: available
[DEBUG] 2023-05-13 15:47:21.606 [main] PlatformDependent:1205-maxDirectMemory: 2109734912 bytes (maybe)
[DEBUG] 2023-05-13 15:47:21.608 [main] PlatformDependent:1224--Dio.netty.tmpdir: C:\Users\YURAKO~1.000\AppData\Local\Temp (java.io.tmpdir)
[DEBUG] 2023-05-13 15:47:21.608 [main] PlatformDependent:1303--Dio.netty.bitMode: 64 (sun.arch.data.model)
[DEBUG] 2023-05-13 15:47:21.609 [main] PlatformDependent:1063-Platform: Windows
[DEBUG] 2023-05-13 15:47:21.613 [main] PlatformDependent:178--Dio.netty.maxDirectMemory: -1 bytes
[DEBUG] 2023-05-13 15:47:21.613 [main] PlatformDependent:185--Dio.netty.uninitializedArrayAllocationThreshold: -1
[DEBUG] 2023-05-13 15:47:21.620 [main] CleanerJava9:71-java.nio.ByteBuffer.cleaner(): available
[DEBUG] 2023-05-13 15:47:21.620 [main] PlatformDependent:205--Dio.netty.noPreferDirect: false
[DEBUG] 2023-05-13 15:47:21.650 [main] PlatformDependent:967-org.jctools-core.MpscChunkedArrayQueue: available
[DEBUG] 2023-05-13 15:47:21.721 [main] InternalThreadLocalMap:83--Dio.netty.threadLocalMap.stringBuilder.initialSize: 1024
[DEBUG] 2023-05-13 15:47:21.721 [main] InternalThreadLocalMap:86--Dio.netty.threadLocalMap.stringBuilder.maxSize: 4096
[DEBUG] 2023-05-13 15:47:21.865 [main] JdkSslContext:97-Default protocols (JDK): [TLSv1.3, TLSv1.2] 
[DEBUG] 2023-05-13 15:47:21.866 [main] JdkSslContext:98-Default cipher suites (JDK): [TLS_ECDHE_ECDSA_WITH_AES_256_GCM_SHA384, TLS_ECDHE_ECDSA_WITH_AES_128_GCM_SHA256, TLS_ECDHE_RSA_WITH_AES_128_GCM_SHA256, TLS_ECDHE_RSA_WITH_AES_256_GCM_SHA384, TLS_ECDHE_RSA_WITH_AES_128_CBC_SHA, TLS_ECDHE_RSA_WITH_AES_256_CBC_SHA, TLS_RSA_WITH_AES_128_GCM_SHA256, TLS_RSA_WITH_AES_128_CBC_SHA, TLS_RSA_WITH_AES_256_CBC_SHA, TLS_AES_128_GCM_SHA256, TLS_AES_256_GCM_SHA384]
[DEBUG] 2023-05-13 15:47:21.966 [main] MultithreadEventLoopGroup:44--Dio.netty.eventLoopThreads: 16
[DEBUG] 2023-05-13 15:47:22.001 [main] NioEventLoop:106--Dio.netty.noKeySetOptimization: false
[DEBUG] 2023-05-13 15:47:22.002 [main] NioEventLoop:107--Dio.netty.selectorAutoRebuildThreshold: 512
[DEBUG] 2023-05-13 15:47:22.179 [main] PooledByteBufAllocator:155--Dio.netty.allocator.numHeapArenas: 16
[DEBUG] 2023-05-13 15:47:22.181 [main] PooledByteBufAllocator:156--Dio.netty.allocator.numDirectArenas: 16
[DEBUG] 2023-05-13 15:47:22.181 [main] PooledByteBufAllocator:158--Dio.netty.allocator.pageSize: 8192
[DEBUG] 2023-05-13 15:47:22.184 [main] PooledByteBufAllocator:163--Dio.netty.allocator.maxOrder: 11
[DEBUG] 2023-05-13 15:47:22.184 [main] PooledByteBufAllocator:167--Dio.netty.allocator.chunkSize: 16777216
[DEBUG] 2023-05-13 15:47:22.185 [main] PooledByteBufAllocator:168--Dio.netty.allocator.smallCacheSize: 256
[DEBUG] 2023-05-13 15:47:22.186 [main] PooledByteBufAllocator:169--Dio.netty.allocator.normalCacheSize: 64
[DEBUG] 2023-05-13 15:47:22.186 [main] PooledByteBufAllocator:170--Dio.netty.allocator.maxCachedBufferCapacity: 32768
[DEBUG] 2023-05-13 15:47:22.187 [main] PooledByteBufAllocator:171--Dio.netty.allocator.cacheTrimInterval: 8192
[DEBUG] 2023-05-13 15:47:22.188 [main] PooledByteBufAllocator:172--Dio.netty.allocator.cacheTrimIntervalMillis: 0
[DEBUG] 2023-05-13 15:47:22.188 [main] PooledByteBufAllocator:173--Dio.netty.allocator.useCacheForAllThreads: true
[DEBUG] 2023-05-13 15:47:22.189 [main] PooledByteBufAllocator:174--Dio.netty.allocator.maxCachedByteBuffersPerChunk: 1023
[DEBUG] 2023-05-13 15:47:22.229 [main] ByteBufUtil:87--Dio.netty.allocator.type: pooled
[DEBUG] 2023-05-13 15:47:22.230 [main] ByteBufUtil:96--Dio.netty.threadLocalDirectBufferSize: 0
[DEBUG] 2023-05-13 15:47:22.230 [main] ByteBufUtil:99--Dio.netty.maxThreadLocalCharBufferSize: 16384
[DEBUG] 2023-05-13 15:47:23.512 [Forwarding newSession on session null to remote] DefaultChannelId:79--Dio.netty.processId: 18428 (auto-detected)
[DEBUG] 2023-05-13 15:47:23.517 [Forwarding newSession on session null to remote] NetUtil:135--Djava.net.preferIPv4Stack: false
[DEBUG] 2023-05-13 15:47:23.517 [Forwarding newSession on session null to remote] NetUtil:136--Djava.net.preferIPv6Addresses: false
[DEBUG] 2023-05-13 15:47:24.471 [Forwarding newSession on session null to remote] NetUtilInitializations:129-Loopback interface: lo (Software Loopback Interface 1, 127.0.0.1)
[DEBUG] 2023-05-13 15:47:24.473 [Forwarding newSession on session null to remote] NetUtil:187-Failed to get SOMAXCONN from sysctl and file \proc\sys\net\core\somaxconn. Default: 200
[DEBUG] 2023-05-13 15:47:25.167 [Forwarding newSession on session null to remote] DefaultChannelId:101--Dio.netty.machineId: d0:c6:37:ff:fe:f7:a9:b8 (auto-detected)
[DEBUG] 2023-05-13 15:47:25.252 [AsyncHttpClient-1-2] AbstractByteBuf:63--Dio.netty.buffer.checkAccessible: true
[DEBUG] 2023-05-13 15:47:25.253 [AsyncHttpClient-1-2] AbstractByteBuf:64--Dio.netty.buffer.checkBounds: true
[DEBUG] 2023-05-13 15:47:25.253 [AsyncHttpClient-1-2] ResourceLeakDetectorFactory:196-Loaded default ResourceLeakDetector: io.netty.util.ResourceLeakDetector@2775a7c1
[DEBUG] 2023-05-13 15:47:25.298 [AsyncHttpClient-1-2] Recycler:103--Dio.netty.recycler.maxCapacityPerThread: 4096
[DEBUG] 2023-05-13 15:47:25.299 [AsyncHttpClient-1-2] Recycler:104--Dio.netty.recycler.maxSharedCapacityFactor: 2
[DEBUG] 2023-05-13 15:47:25.299 [AsyncHttpClient-1-2] Recycler:105--Dio.netty.recycler.linkCapacity: 16
[DEBUG] 2023-05-13 15:47:25.299 [AsyncHttpClient-1-2] Recycler:106--Dio.netty.recycler.ratio: 8
[DEBUG] 2023-05-13 15:47:25.300 [AsyncHttpClient-1-2] Recycler:107--Dio.netty.recycler.delayedQueue.ratio: 8
[DEBUG] 2023-05-13 15:47:26.543 [AsyncHttpClient-1-2] Brotli:38-brotli4j not in the classpath; Brotli support will be unavailable.
[DEBUG] 2023-05-13 15:47:26.836 [main] ThreadLocalRandom:214--Dio.netty.initialSeedUniquifier: 0x1e62610618b65be2
[INFO ] 2023-05-13 15:47:32.823 [main] BaseTest:28-Init page
[DEBUG] 2023-05-13 15:51:05.031 [main] InternalLoggerFactory:76-Using Log4J2 as the default logging framework
[DEBUG] 2023-05-13 15:51:05.044 [main] ResourceLeakDetector:129--Dio.netty.leakDetection.level: simple
[DEBUG] 2023-05-13 15:51:05.045 [main] ResourceLeakDetector:130--Dio.netty.leakDetection.targetRecords: 4
[DEBUG] 2023-05-13 15:51:05.055 [main] ResourceLeakDetectorFactory:196-Loaded default ResourceLeakDetector: io.netty.util.ResourceLeakDetector@5bb8f9e2
[DEBUG] 2023-05-13 15:51:05.094 [main] PlatformDependent0:460--Dio.netty.noUnsafe: false
[DEBUG] 2023-05-13 15:51:05.095 [main] PlatformDependent0:954-Java version: 11
[DEBUG] 2023-05-13 15:51:05.098 [main] PlatformDependent0:135-sun.misc.Unsafe.theUnsafe: available
[DEBUG] 2023-05-13 15:51:05.100 [main] PlatformDependent0:159-sun.misc.Unsafe.copyMemory: available
[DEBUG] 2023-05-13 15:51:05.102 [main] PlatformDependent0:202-java.nio.Buffer.address: available
[DEBUG] 2023-05-13 15:51:05.104 [main] PlatformDependent0:285-direct buffer constructor: unavailable: Reflective setAccessible(true) disabled
[DEBUG] 2023-05-13 15:51:05.107 [main] PlatformDependent0:350-java.nio.Bits.unaligned: available, true
[DEBUG] 2023-05-13 15:51:05.110 [main] PlatformDependent0:417-jdk.internal.misc.Unsafe.allocateUninitializedArray(int): unavailable: class io.netty.util.internal.PlatformDependent0$6 cannot access class jdk.internal.misc.Unsafe (in module java.base) because module java.base does not export jdk.internal.misc to unnamed module @4525d1d3
[DEBUG] 2023-05-13 15:51:05.113 [main] PlatformDependent0:446-java.nio.DirectByteBuffer.<init>(long, int): unavailable
[DEBUG] 2023-05-13 15:51:05.114 [main] PlatformDependent:1103-sun.misc.Unsafe: available
[DEBUG] 2023-05-13 15:51:05.116 [main] PlatformDependent:1205-maxDirectMemory: 2109734912 bytes (maybe)
[DEBUG] 2023-05-13 15:51:05.117 [main] PlatformDependent:1224--Dio.netty.tmpdir: C:\Users\YURAKO~1.000\AppData\Local\Temp (java.io.tmpdir)
[DEBUG] 2023-05-13 15:51:05.118 [main] PlatformDependent:1303--Dio.netty.bitMode: 64 (sun.arch.data.model)
[DEBUG] 2023-05-13 15:51:05.118 [main] PlatformDependent:1063-Platform: Windows
[DEBUG] 2023-05-13 15:51:05.121 [main] PlatformDependent:178--Dio.netty.maxDirectMemory: -1 bytes
[DEBUG] 2023-05-13 15:51:05.122 [main] PlatformDependent:185--Dio.netty.uninitializedArrayAllocationThreshold: -1
[DEBUG] 2023-05-13 15:51:05.125 [main] CleanerJava9:71-java.nio.ByteBuffer.cleaner(): available
[DEBUG] 2023-05-13 15:51:05.125 [main] PlatformDependent:205--Dio.netty.noPreferDirect: false
[DEBUG] 2023-05-13 15:51:05.143 [main] PlatformDependent:967-org.jctools-core.MpscChunkedArrayQueue: available
[DEBUG] 2023-05-13 15:51:05.181 [main] InternalThreadLocalMap:83--Dio.netty.threadLocalMap.stringBuilder.initialSize: 1024
[DEBUG] 2023-05-13 15:51:05.182 [main] InternalThreadLocalMap:86--Dio.netty.threadLocalMap.stringBuilder.maxSize: 4096
[DEBUG] 2023-05-13 15:51:05.228 [main] JdkSslContext:97-Default protocols (JDK): [TLSv1.3, TLSv1.2] 
[DEBUG] 2023-05-13 15:51:05.228 [main] JdkSslContext:98-Default cipher suites (JDK): [TLS_ECDHE_ECDSA_WITH_AES_256_GCM_SHA384, TLS_ECDHE_ECDSA_WITH_AES_128_GCM_SHA256, TLS_ECDHE_RSA_WITH_AES_128_GCM_SHA256, TLS_ECDHE_RSA_WITH_AES_256_GCM_SHA384, TLS_ECDHE_RSA_WITH_AES_128_CBC_SHA, TLS_ECDHE_RSA_WITH_AES_256_CBC_SHA, TLS_RSA_WITH_AES_128_GCM_SHA256, TLS_RSA_WITH_AES_128_CBC_SHA, TLS_RSA_WITH_AES_256_CBC_SHA, TLS_AES_128_GCM_SHA256, TLS_AES_256_GCM_SHA384]
[DEBUG] 2023-05-13 15:51:05.273 [main] MultithreadEventLoopGroup:44--Dio.netty.eventLoopThreads: 16
[DEBUG] 2023-05-13 15:51:05.287 [main] NioEventLoop:106--Dio.netty.noKeySetOptimization: false
[DEBUG] 2023-05-13 15:51:05.288 [main] NioEventLoop:107--Dio.netty.selectorAutoRebuildThreshold: 512
[DEBUG] 2023-05-13 15:51:05.358 [main] PooledByteBufAllocator:155--Dio.netty.allocator.numHeapArenas: 16
[DEBUG] 2023-05-13 15:51:05.359 [main] PooledByteBufAllocator:156--Dio.netty.allocator.numDirectArenas: 16
[DEBUG] 2023-05-13 15:51:05.359 [main] PooledByteBufAllocator:158--Dio.netty.allocator.pageSize: 8192
[DEBUG] 2023-05-13 15:51:05.359 [main] PooledByteBufAllocator:163--Dio.netty.allocator.maxOrder: 11
[DEBUG] 2023-05-13 15:51:05.359 [main] PooledByteBufAllocator:167--Dio.netty.allocator.chunkSize: 16777216
[DEBUG] 2023-05-13 15:51:05.359 [main] PooledByteBufAllocator:168--Dio.netty.allocator.smallCacheSize: 256
[DEBUG] 2023-05-13 15:51:05.360 [main] PooledByteBufAllocator:169--Dio.netty.allocator.normalCacheSize: 64
[DEBUG] 2023-05-13 15:51:05.360 [main] PooledByteBufAllocator:170--Dio.netty.allocator.maxCachedBufferCapacity: 32768
[DEBUG] 2023-05-13 15:51:05.361 [main] PooledByteBufAllocator:171--Dio.netty.allocator.cacheTrimInterval: 8192
[DEBUG] 2023-05-13 15:51:05.361 [main] PooledByteBufAllocator:172--Dio.netty.allocator.cacheTrimIntervalMillis: 0
[DEBUG] 2023-05-13 15:51:05.361 [main] PooledByteBufAllocator:173--Dio.netty.allocator.useCacheForAllThreads: true
[DEBUG] 2023-05-13 15:51:05.361 [main] PooledByteBufAllocator:174--Dio.netty.allocator.maxCachedByteBuffersPerChunk: 1023
[DEBUG] 2023-05-13 15:51:05.407 [main] ByteBufUtil:87--Dio.netty.allocator.type: pooled
[DEBUG] 2023-05-13 15:51:05.408 [main] ByteBufUtil:96--Dio.netty.threadLocalDirectBufferSize: 0
[DEBUG] 2023-05-13 15:51:05.408 [main] ByteBufUtil:99--Dio.netty.maxThreadLocalCharBufferSize: 16384
[DEBUG] 2023-05-13 15:51:06.642 [Forwarding newSession on session null to remote] DefaultChannelId:79--Dio.netty.processId: 12912 (auto-detected)
[DEBUG] 2023-05-13 15:51:06.650 [Forwarding newSession on session null to remote] NetUtil:135--Djava.net.preferIPv4Stack: false
[DEBUG] 2023-05-13 15:51:06.650 [Forwarding newSession on session null to remote] NetUtil:136--Djava.net.preferIPv6Addresses: false
[DEBUG] 2023-05-13 15:51:07.649 [Forwarding newSession on session null to remote] NetUtilInitializations:129-Loopback interface: lo (Software Loopback Interface 1, 127.0.0.1)
[DEBUG] 2023-05-13 15:51:07.650 [Forwarding newSession on session null to remote] NetUtil:187-Failed to get SOMAXCONN from sysctl and file \proc\sys\net\core\somaxconn. Default: 200
[DEBUG] 2023-05-13 15:51:08.276 [Forwarding newSession on session null to remote] DefaultChannelId:101--Dio.netty.machineId: d0:c6:37:ff:fe:f7:a9:b8 (auto-detected)
[DEBUG] 2023-05-13 15:51:08.473 [AsyncHttpClient-1-2] AbstractByteBuf:63--Dio.netty.buffer.checkAccessible: true
[DEBUG] 2023-05-13 15:51:08.475 [AsyncHttpClient-1-2] AbstractByteBuf:64--Dio.netty.buffer.checkBounds: true
[DEBUG] 2023-05-13 15:51:08.475 [AsyncHttpClient-1-2] ResourceLeakDetectorFactory:196-Loaded default ResourceLeakDetector: io.netty.util.ResourceLeakDetector@15710e4c
[DEBUG] 2023-05-13 15:51:08.572 [AsyncHttpClient-1-2] Recycler:103--Dio.netty.recycler.maxCapacityPerThread: 4096
[DEBUG] 2023-05-13 15:51:08.573 [AsyncHttpClient-1-2] Recycler:104--Dio.netty.recycler.maxSharedCapacityFactor: 2
[DEBUG] 2023-05-13 15:51:08.573 [AsyncHttpClient-1-2] Recycler:105--Dio.netty.recycler.linkCapacity: 16
[DEBUG] 2023-05-13 15:51:08.574 [AsyncHttpClient-1-2] Recycler:106--Dio.netty.recycler.ratio: 8
[DEBUG] 2023-05-13 15:51:08.574 [AsyncHttpClient-1-2] Recycler:107--Dio.netty.recycler.delayedQueue.ratio: 8
[DEBUG] 2023-05-13 15:51:10.085 [AsyncHttpClient-1-2] Brotli:38-brotli4j not in the classpath; Brotli support will be unavailable.
[DEBUG] 2023-05-13 15:51:10.464 [main] ThreadLocalRandom:214--Dio.netty.initialSeedUniquifier: 0x7f488410c50256ae
[INFO ] 2023-05-13 15:51:17.425 [main] BaseTest:28-Init page
[DEBUG] 2023-05-13 16:04:13.012 [main] InternalLoggerFactory:76-Using Log4J2 as the default logging framework
[DEBUG] 2023-05-13 16:04:13.041 [main] ResourceLeakDetector:129--Dio.netty.leakDetection.level: simple
[DEBUG] 2023-05-13 16:04:13.043 [main] ResourceLeakDetector:130--Dio.netty.leakDetection.targetRecords: 4
[DEBUG] 2023-05-13 16:04:13.060 [main] ResourceLeakDetectorFactory:196-Loaded default ResourceLeakDetector: io.netty.util.ResourceLeakDetector@5491f68b
[DEBUG] 2023-05-13 16:04:13.133 [main] PlatformDependent0:460--Dio.netty.noUnsafe: false
[DEBUG] 2023-05-13 16:04:13.136 [main] PlatformDependent0:954-Java version: 11
[DEBUG] 2023-05-13 16:04:13.145 [main] PlatformDependent0:135-sun.misc.Unsafe.theUnsafe: available
[DEBUG] 2023-05-13 16:04:13.148 [main] PlatformDependent0:159-sun.misc.Unsafe.copyMemory: available
[DEBUG] 2023-05-13 16:04:13.150 [main] PlatformDependent0:202-java.nio.Buffer.address: available
[DEBUG] 2023-05-13 16:04:13.156 [main] PlatformDependent0:285-direct buffer constructor: unavailable: Reflective setAccessible(true) disabled
[DEBUG] 2023-05-13 16:04:13.159 [main] PlatformDependent0:350-java.nio.Bits.unaligned: available, true
[DEBUG] 2023-05-13 16:04:13.163 [main] PlatformDependent0:417-jdk.internal.misc.Unsafe.allocateUninitializedArray(int): unavailable: class io.netty.util.internal.PlatformDependent0$6 cannot access class jdk.internal.misc.Unsafe (in module java.base) because module java.base does not export jdk.internal.misc to unnamed module @682c1e93
[DEBUG] 2023-05-13 16:04:13.169 [main] PlatformDependent0:446-java.nio.DirectByteBuffer.<init>(long, int): unavailable
[DEBUG] 2023-05-13 16:04:13.171 [main] PlatformDependent:1103-sun.misc.Unsafe: available
[DEBUG] 2023-05-13 16:04:13.174 [main] PlatformDependent:1205-maxDirectMemory: 2109734912 bytes (maybe)
[DEBUG] 2023-05-13 16:04:13.176 [main] PlatformDependent:1224--Dio.netty.tmpdir: C:\Users\YURAKO~1.000\AppData\Local\Temp (java.io.tmpdir)
[DEBUG] 2023-05-13 16:04:13.176 [main] PlatformDependent:1303--Dio.netty.bitMode: 64 (sun.arch.data.model)
[DEBUG] 2023-05-13 16:04:13.177 [main] PlatformDependent:1063-Platform: Windows
[DEBUG] 2023-05-13 16:04:13.180 [main] PlatformDependent:178--Dio.netty.maxDirectMemory: -1 bytes
[DEBUG] 2023-05-13 16:04:13.180 [main] PlatformDependent:185--Dio.netty.uninitializedArrayAllocationThreshold: -1
[DEBUG] 2023-05-13 16:04:13.186 [main] CleanerJava9:71-java.nio.ByteBuffer.cleaner(): available
[DEBUG] 2023-05-13 16:04:13.187 [main] PlatformDependent:205--Dio.netty.noPreferDirect: false
[DEBUG] 2023-05-13 16:04:13.220 [main] PlatformDependent:967-org.jctools-core.MpscChunkedArrayQueue: available
[DEBUG] 2023-05-13 16:04:13.292 [main] InternalThreadLocalMap:83--Dio.netty.threadLocalMap.stringBuilder.initialSize: 1024
[DEBUG] 2023-05-13 16:04:13.293 [main] InternalThreadLocalMap:86--Dio.netty.threadLocalMap.stringBuilder.maxSize: 4096
[DEBUG] 2023-05-13 16:04:13.447 [main] JdkSslContext:97-Default protocols (JDK): [TLSv1.3, TLSv1.2] 
[DEBUG] 2023-05-13 16:04:13.448 [main] JdkSslContext:98-Default cipher suites (JDK): [TLS_ECDHE_ECDSA_WITH_AES_256_GCM_SHA384, TLS_ECDHE_ECDSA_WITH_AES_128_GCM_SHA256, TLS_ECDHE_RSA_WITH_AES_128_GCM_SHA256, TLS_ECDHE_RSA_WITH_AES_256_GCM_SHA384, TLS_ECDHE_RSA_WITH_AES_128_CBC_SHA, TLS_ECDHE_RSA_WITH_AES_256_CBC_SHA, TLS_RSA_WITH_AES_128_GCM_SHA256, TLS_RSA_WITH_AES_128_CBC_SHA, TLS_RSA_WITH_AES_256_CBC_SHA, TLS_AES_128_GCM_SHA256, TLS_AES_256_GCM_SHA384]
[DEBUG] 2023-05-13 16:04:13.531 [main] MultithreadEventLoopGroup:44--Dio.netty.eventLoopThreads: 16
[DEBUG] 2023-05-13 16:04:13.554 [main] NioEventLoop:106--Dio.netty.noKeySetOptimization: false
[DEBUG] 2023-05-13 16:04:13.554 [main] NioEventLoop:107--Dio.netty.selectorAutoRebuildThreshold: 512
[DEBUG] 2023-05-13 16:04:13.654 [main] PooledByteBufAllocator:155--Dio.netty.allocator.numHeapArenas: 16
[DEBUG] 2023-05-13 16:04:13.654 [main] PooledByteBufAllocator:156--Dio.netty.allocator.numDirectArenas: 16
[DEBUG] 2023-05-13 16:04:13.655 [main] PooledByteBufAllocator:158--Dio.netty.allocator.pageSize: 8192
[DEBUG] 2023-05-13 16:04:13.655 [main] PooledByteBufAllocator:163--Dio.netty.allocator.maxOrder: 11
[DEBUG] 2023-05-13 16:04:13.656 [main] PooledByteBufAllocator:167--Dio.netty.allocator.chunkSize: 16777216
[DEBUG] 2023-05-13 16:04:13.656 [main] PooledByteBufAllocator:168--Dio.netty.allocator.smallCacheSize: 256
[DEBUG] 2023-05-13 16:04:13.657 [main] PooledByteBufAllocator:169--Dio.netty.allocator.normalCacheSize: 64
[DEBUG] 2023-05-13 16:04:13.657 [main] PooledByteBufAllocator:170--Dio.netty.allocator.maxCachedBufferCapacity: 32768
[DEBUG] 2023-05-13 16:04:13.657 [main] PooledByteBufAllocator:171--Dio.netty.allocator.cacheTrimInterval: 8192
[DEBUG] 2023-05-13 16:04:13.658 [main] PooledByteBufAllocator:172--Dio.netty.allocator.cacheTrimIntervalMillis: 0
[DEBUG] 2023-05-13 16:04:13.658 [main] PooledByteBufAllocator:173--Dio.netty.allocator.useCacheForAllThreads: true
[DEBUG] 2023-05-13 16:04:13.658 [main] PooledByteBufAllocator:174--Dio.netty.allocator.maxCachedByteBuffersPerChunk: 1023
[DEBUG] 2023-05-13 16:04:13.683 [main] ByteBufUtil:87--Dio.netty.allocator.type: pooled
[DEBUG] 2023-05-13 16:04:13.683 [main] ByteBufUtil:96--Dio.netty.threadLocalDirectBufferSize: 0
[DEBUG] 2023-05-13 16:04:13.684 [main] ByteBufUtil:99--Dio.netty.maxThreadLocalCharBufferSize: 16384
[DEBUG] 2023-05-13 16:04:15.049 [Forwarding newSession on session null to remote] DefaultChannelId:79--Dio.netty.processId: 14516 (auto-detected)
[DEBUG] 2023-05-13 16:04:15.059 [Forwarding newSession on session null to remote] NetUtil:135--Djava.net.preferIPv4Stack: false
[DEBUG] 2023-05-13 16:04:15.068 [Forwarding newSession on session null to remote] NetUtil:136--Djava.net.preferIPv6Addresses: false
[DEBUG] 2023-05-13 16:04:16.136 [Forwarding newSession on session null to remote] NetUtilInitializations:129-Loopback interface: lo (Software Loopback Interface 1, 127.0.0.1)
[DEBUG] 2023-05-13 16:04:16.139 [Forwarding newSession on session null to remote] NetUtil:187-Failed to get SOMAXCONN from sysctl and file \proc\sys\net\core\somaxconn. Default: 200
[DEBUG] 2023-05-13 16:04:16.763 [Forwarding newSession on session null to remote] DefaultChannelId:101--Dio.netty.machineId: d0:c6:37:ff:fe:f7:a9:b8 (auto-detected)
[DEBUG] 2023-05-13 16:04:16.895 [AsyncHttpClient-1-2] AbstractByteBuf:63--Dio.netty.buffer.checkAccessible: true
[DEBUG] 2023-05-13 16:04:16.896 [AsyncHttpClient-1-2] AbstractByteBuf:64--Dio.netty.buffer.checkBounds: true
[DEBUG] 2023-05-13 16:04:16.897 [AsyncHttpClient-1-2] ResourceLeakDetectorFactory:196-Loaded default ResourceLeakDetector: io.netty.util.ResourceLeakDetector@1416cd08
[DEBUG] 2023-05-13 16:04:16.974 [AsyncHttpClient-1-2] Recycler:103--Dio.netty.recycler.maxCapacityPerThread: 4096
[DEBUG] 2023-05-13 16:04:16.974 [AsyncHttpClient-1-2] Recycler:104--Dio.netty.recycler.maxSharedCapacityFactor: 2
[DEBUG] 2023-05-13 16:04:16.975 [AsyncHttpClient-1-2] Recycler:105--Dio.netty.recycler.linkCapacity: 16
[DEBUG] 2023-05-13 16:04:16.975 [AsyncHttpClient-1-2] Recycler:106--Dio.netty.recycler.ratio: 8
[DEBUG] 2023-05-13 16:04:16.976 [AsyncHttpClient-1-2] Recycler:107--Dio.netty.recycler.delayedQueue.ratio: 8
[DEBUG] 2023-05-13 16:04:18.322 [AsyncHttpClient-1-2] Brotli:38-brotli4j not in the classpath; Brotli support will be unavailable.
[DEBUG] 2023-05-13 16:04:18.877 [main] ThreadLocalRandom:214--Dio.netty.initialSeedUniquifier: 0xe0d28ceec869c719
[INFO ] 2023-05-13 16:04:24.378 [main] BaseTest:28-Init page
[DEBUG] 2023-05-13 16:06:05.199 [main] InternalLoggerFactory:76-Using Log4J2 as the default logging framework
[DEBUG] 2023-05-13 16:06:05.216 [main] ResourceLeakDetector:129--Dio.netty.leakDetection.level: simple
[DEBUG] 2023-05-13 16:06:05.217 [main] ResourceLeakDetector:130--Dio.netty.leakDetection.targetRecords: 4
[DEBUG] 2023-05-13 16:06:05.226 [main] ResourceLeakDetectorFactory:196-Loaded default ResourceLeakDetector: io.netty.util.ResourceLeakDetector@2a037324
[DEBUG] 2023-05-13 16:06:05.281 [main] PlatformDependent0:460--Dio.netty.noUnsafe: false
[DEBUG] 2023-05-13 16:06:05.282 [main] PlatformDependent0:954-Java version: 11
[DEBUG] 2023-05-13 16:06:05.291 [main] PlatformDependent0:135-sun.misc.Unsafe.theUnsafe: available
[DEBUG] 2023-05-13 16:06:05.295 [main] PlatformDependent0:159-sun.misc.Unsafe.copyMemory: available
[DEBUG] 2023-05-13 16:06:05.298 [main] PlatformDependent0:202-java.nio.Buffer.address: available
[DEBUG] 2023-05-13 16:06:05.302 [main] PlatformDependent0:285-direct buffer constructor: unavailable: Reflective setAccessible(true) disabled
[DEBUG] 2023-05-13 16:06:05.307 [main] PlatformDependent0:350-java.nio.Bits.unaligned: available, true
[DEBUG] 2023-05-13 16:06:05.311 [main] PlatformDependent0:417-jdk.internal.misc.Unsafe.allocateUninitializedArray(int): unavailable: class io.netty.util.internal.PlatformDependent0$6 cannot access class jdk.internal.misc.Unsafe (in module java.base) because module java.base does not export jdk.internal.misc to unnamed module @2e52fb3e
[DEBUG] 2023-05-13 16:06:05.315 [main] PlatformDependent0:446-java.nio.DirectByteBuffer.<init>(long, int): unavailable
[DEBUG] 2023-05-13 16:06:05.317 [main] PlatformDependent:1103-sun.misc.Unsafe: available
[DEBUG] 2023-05-13 16:06:05.320 [main] PlatformDependent:1205-maxDirectMemory: 2109734912 bytes (maybe)
[DEBUG] 2023-05-13 16:06:05.323 [main] PlatformDependent:1224--Dio.netty.tmpdir: C:\Users\YURAKO~1.000\AppData\Local\Temp (java.io.tmpdir)
[DEBUG] 2023-05-13 16:06:05.323 [main] PlatformDependent:1303--Dio.netty.bitMode: 64 (sun.arch.data.model)
[DEBUG] 2023-05-13 16:06:05.325 [main] PlatformDependent:1063-Platform: Windows
[DEBUG] 2023-05-13 16:06:05.328 [main] PlatformDependent:178--Dio.netty.maxDirectMemory: -1 bytes
[DEBUG] 2023-05-13 16:06:05.330 [main] PlatformDependent:185--Dio.netty.uninitializedArrayAllocationThreshold: -1
[DEBUG] 2023-05-13 16:06:05.334 [main] CleanerJava9:71-java.nio.ByteBuffer.cleaner(): available
[DEBUG] 2023-05-13 16:06:05.335 [main] PlatformDependent:205--Dio.netty.noPreferDirect: false
[DEBUG] 2023-05-13 16:06:05.374 [main] PlatformDependent:967-org.jctools-core.MpscChunkedArrayQueue: available
[DEBUG] 2023-05-13 16:06:05.449 [main] InternalThreadLocalMap:83--Dio.netty.threadLocalMap.stringBuilder.initialSize: 1024
[DEBUG] 2023-05-13 16:06:05.449 [main] InternalThreadLocalMap:86--Dio.netty.threadLocalMap.stringBuilder.maxSize: 4096
[DEBUG] 2023-05-13 16:06:05.596 [main] JdkSslContext:97-Default protocols (JDK): [TLSv1.3, TLSv1.2] 
[DEBUG] 2023-05-13 16:06:05.597 [main] JdkSslContext:98-Default cipher suites (JDK): [TLS_ECDHE_ECDSA_WITH_AES_256_GCM_SHA384, TLS_ECDHE_ECDSA_WITH_AES_128_GCM_SHA256, TLS_ECDHE_RSA_WITH_AES_128_GCM_SHA256, TLS_ECDHE_RSA_WITH_AES_256_GCM_SHA384, TLS_ECDHE_RSA_WITH_AES_128_CBC_SHA, TLS_ECDHE_RSA_WITH_AES_256_CBC_SHA, TLS_RSA_WITH_AES_128_GCM_SHA256, TLS_RSA_WITH_AES_128_CBC_SHA, TLS_RSA_WITH_AES_256_CBC_SHA, TLS_AES_128_GCM_SHA256, TLS_AES_256_GCM_SHA384]
[DEBUG] 2023-05-13 16:06:05.701 [main] MultithreadEventLoopGroup:44--Dio.netty.eventLoopThreads: 16
[DEBUG] 2023-05-13 16:06:05.736 [main] NioEventLoop:106--Dio.netty.noKeySetOptimization: false
[DEBUG] 2023-05-13 16:06:05.737 [main] NioEventLoop:107--Dio.netty.selectorAutoRebuildThreshold: 512
[DEBUG] 2023-05-13 16:06:05.904 [main] PooledByteBufAllocator:155--Dio.netty.allocator.numHeapArenas: 16
[DEBUG] 2023-05-13 16:06:05.905 [main] PooledByteBufAllocator:156--Dio.netty.allocator.numDirectArenas: 16
[DEBUG] 2023-05-13 16:06:05.906 [main] PooledByteBufAllocator:158--Dio.netty.allocator.pageSize: 8192
[DEBUG] 2023-05-13 16:06:05.908 [main] PooledByteBufAllocator:163--Dio.netty.allocator.maxOrder: 11
[DEBUG] 2023-05-13 16:06:05.908 [main] PooledByteBufAllocator:167--Dio.netty.allocator.chunkSize: 16777216
[DEBUG] 2023-05-13 16:06:05.909 [main] PooledByteBufAllocator:168--Dio.netty.allocator.smallCacheSize: 256
[DEBUG] 2023-05-13 16:06:05.909 [main] PooledByteBufAllocator:169--Dio.netty.allocator.normalCacheSize: 64
[DEBUG] 2023-05-13 16:06:05.910 [main] PooledByteBufAllocator:170--Dio.netty.allocator.maxCachedBufferCapacity: 32768
[DEBUG] 2023-05-13 16:06:05.910 [main] PooledByteBufAllocator:171--Dio.netty.allocator.cacheTrimInterval: 8192
[DEBUG] 2023-05-13 16:06:05.911 [main] PooledByteBufAllocator:172--Dio.netty.allocator.cacheTrimIntervalMillis: 0
[DEBUG] 2023-05-13 16:06:05.912 [main] PooledByteBufAllocator:173--Dio.netty.allocator.useCacheForAllThreads: true
[DEBUG] 2023-05-13 16:06:05.913 [main] PooledByteBufAllocator:174--Dio.netty.allocator.maxCachedByteBuffersPerChunk: 1023
[DEBUG] 2023-05-13 16:06:05.992 [main] ByteBufUtil:87--Dio.netty.allocator.type: pooled
[DEBUG] 2023-05-13 16:06:05.999 [main] ByteBufUtil:96--Dio.netty.threadLocalDirectBufferSize: 0
[DEBUG] 2023-05-13 16:06:06.000 [main] ByteBufUtil:99--Dio.netty.maxThreadLocalCharBufferSize: 16384
[DEBUG] 2023-05-13 16:06:07.377 [Forwarding newSession on session null to remote] DefaultChannelId:79--Dio.netty.processId: 11548 (auto-detected)
[DEBUG] 2023-05-13 16:06:07.382 [Forwarding newSession on session null to remote] NetUtil:135--Djava.net.preferIPv4Stack: false
[DEBUG] 2023-05-13 16:06:07.382 [Forwarding newSession on session null to remote] NetUtil:136--Djava.net.preferIPv6Addresses: false
[DEBUG] 2023-05-13 16:06:07.965 [Forwarding newSession on session null to remote] NetUtilInitializations:129-Loopback interface: lo (Software Loopback Interface 1, 127.0.0.1)
[DEBUG] 2023-05-13 16:06:07.967 [Forwarding newSession on session null to remote] NetUtil:187-Failed to get SOMAXCONN from sysctl and file \proc\sys\net\core\somaxconn. Default: 200
[DEBUG] 2023-05-13 16:06:08.775 [Forwarding newSession on session null to remote] DefaultChannelId:101--Dio.netty.machineId: d0:c6:37:ff:fe:f7:a9:b8 (auto-detected)
[DEBUG] 2023-05-13 16:06:08.879 [AsyncHttpClient-1-2] AbstractByteBuf:63--Dio.netty.buffer.checkAccessible: true
[DEBUG] 2023-05-13 16:06:08.880 [AsyncHttpClient-1-2] AbstractByteBuf:64--Dio.netty.buffer.checkBounds: true
[DEBUG] 2023-05-13 16:06:08.880 [AsyncHttpClient-1-2] ResourceLeakDetectorFactory:196-Loaded default ResourceLeakDetector: io.netty.util.ResourceLeakDetector@4d1d4e99
[DEBUG] 2023-05-13 16:06:08.941 [AsyncHttpClient-1-2] Recycler:103--Dio.netty.recycler.maxCapacityPerThread: 4096
[DEBUG] 2023-05-13 16:06:08.942 [AsyncHttpClient-1-2] Recycler:104--Dio.netty.recycler.maxSharedCapacityFactor: 2
[DEBUG] 2023-05-13 16:06:08.942 [AsyncHttpClient-1-2] Recycler:105--Dio.netty.recycler.linkCapacity: 16
[DEBUG] 2023-05-13 16:06:08.942 [AsyncHttpClient-1-2] Recycler:106--Dio.netty.recycler.ratio: 8
[DEBUG] 2023-05-13 16:06:08.943 [AsyncHttpClient-1-2] Recycler:107--Dio.netty.recycler.delayedQueue.ratio: 8
[DEBUG] 2023-05-13 16:06:10.088 [AsyncHttpClient-1-2] Brotli:38-brotli4j not in the classpath; Brotli support will be unavailable.
[DEBUG] 2023-05-13 16:06:10.531 [main] ThreadLocalRandom:214--Dio.netty.initialSeedUniquifier: 0x3bb83d5748ac264d
[INFO ] 2023-05-13 16:06:16.183 [main] BaseTest:28-Init page
[DEBUG] 2023-05-13 16:11:59.126 [main] InternalLoggerFactory:76-Using Log4J2 as the default logging framework
[DEBUG] 2023-05-13 16:11:59.138 [main] ResourceLeakDetector:129--Dio.netty.leakDetection.level: simple
[DEBUG] 2023-05-13 16:11:59.139 [main] ResourceLeakDetector:130--Dio.netty.leakDetection.targetRecords: 4
[DEBUG] 2023-05-13 16:11:59.145 [main] ResourceLeakDetectorFactory:196-Loaded default ResourceLeakDetector: io.netty.util.ResourceLeakDetector@4f63e3c7
[DEBUG] 2023-05-13 16:11:59.178 [main] PlatformDependent0:460--Dio.netty.noUnsafe: false
[DEBUG] 2023-05-13 16:11:59.179 [main] PlatformDependent0:954-Java version: 11
[DEBUG] 2023-05-13 16:11:59.183 [main] PlatformDependent0:135-sun.misc.Unsafe.theUnsafe: available
[DEBUG] 2023-05-13 16:11:59.184 [main] PlatformDependent0:159-sun.misc.Unsafe.copyMemory: available
[DEBUG] 2023-05-13 16:11:59.185 [main] PlatformDependent0:202-java.nio.Buffer.address: available
[DEBUG] 2023-05-13 16:11:59.186 [main] PlatformDependent0:285-direct buffer constructor: unavailable: Reflective setAccessible(true) disabled
[DEBUG] 2023-05-13 16:11:59.188 [main] PlatformDependent0:350-java.nio.Bits.unaligned: available, true
[DEBUG] 2023-05-13 16:11:59.191 [main] PlatformDependent0:417-jdk.internal.misc.Unsafe.allocateUninitializedArray(int): unavailable: class io.netty.util.internal.PlatformDependent0$6 cannot access class jdk.internal.misc.Unsafe (in module java.base) because module java.base does not export jdk.internal.misc to unnamed module @16073fa8
[DEBUG] 2023-05-13 16:11:59.194 [main] PlatformDependent0:446-java.nio.DirectByteBuffer.<init>(long, int): unavailable
[DEBUG] 2023-05-13 16:11:59.194 [main] PlatformDependent:1103-sun.misc.Unsafe: available
[DEBUG] 2023-05-13 16:11:59.196 [main] PlatformDependent:1205-maxDirectMemory: 2109734912 bytes (maybe)
[DEBUG] 2023-05-13 16:11:59.197 [main] PlatformDependent:1224--Dio.netty.tmpdir: C:\Users\YURAKO~1.000\AppData\Local\Temp (java.io.tmpdir)
[DEBUG] 2023-05-13 16:11:59.198 [main] PlatformDependent:1303--Dio.netty.bitMode: 64 (sun.arch.data.model)
[DEBUG] 2023-05-13 16:11:59.198 [main] PlatformDependent:1063-Platform: Windows
[DEBUG] 2023-05-13 16:11:59.199 [main] PlatformDependent:178--Dio.netty.maxDirectMemory: -1 bytes
[DEBUG] 2023-05-13 16:11:59.200 [main] PlatformDependent:185--Dio.netty.uninitializedArrayAllocationThreshold: -1
[DEBUG] 2023-05-13 16:11:59.202 [main] CleanerJava9:71-java.nio.ByteBuffer.cleaner(): available
[DEBUG] 2023-05-13 16:11:59.202 [main] PlatformDependent:205--Dio.netty.noPreferDirect: false
[DEBUG] 2023-05-13 16:11:59.218 [main] PlatformDependent:967-org.jctools-core.MpscChunkedArrayQueue: available
[DEBUG] 2023-05-13 16:11:59.255 [main] InternalThreadLocalMap:83--Dio.netty.threadLocalMap.stringBuilder.initialSize: 1024
[DEBUG] 2023-05-13 16:11:59.256 [main] InternalThreadLocalMap:86--Dio.netty.threadLocalMap.stringBuilder.maxSize: 4096
[DEBUG] 2023-05-13 16:11:59.297 [main] JdkSslContext:97-Default protocols (JDK): [TLSv1.3, TLSv1.2] 
[DEBUG] 2023-05-13 16:11:59.298 [main] JdkSslContext:98-Default cipher suites (JDK): [TLS_ECDHE_ECDSA_WITH_AES_256_GCM_SHA384, TLS_ECDHE_ECDSA_WITH_AES_128_GCM_SHA256, TLS_ECDHE_RSA_WITH_AES_128_GCM_SHA256, TLS_ECDHE_RSA_WITH_AES_256_GCM_SHA384, TLS_ECDHE_RSA_WITH_AES_128_CBC_SHA, TLS_ECDHE_RSA_WITH_AES_256_CBC_SHA, TLS_RSA_WITH_AES_128_GCM_SHA256, TLS_RSA_WITH_AES_128_CBC_SHA, TLS_RSA_WITH_AES_256_CBC_SHA, TLS_AES_128_GCM_SHA256, TLS_AES_256_GCM_SHA384]
[DEBUG] 2023-05-13 16:11:59.399 [main] MultithreadEventLoopGroup:44--Dio.netty.eventLoopThreads: 16
[DEBUG] 2023-05-13 16:11:59.430 [main] NioEventLoop:106--Dio.netty.noKeySetOptimization: false
[DEBUG] 2023-05-13 16:11:59.431 [main] NioEventLoop:107--Dio.netty.selectorAutoRebuildThreshold: 512
[DEBUG] 2023-05-13 16:11:59.554 [main] PooledByteBufAllocator:155--Dio.netty.allocator.numHeapArenas: 16
[DEBUG] 2023-05-13 16:11:59.554 [main] PooledByteBufAllocator:156--Dio.netty.allocator.numDirectArenas: 16
[DEBUG] 2023-05-13 16:11:59.554 [main] PooledByteBufAllocator:158--Dio.netty.allocator.pageSize: 8192
[DEBUG] 2023-05-13 16:11:59.555 [main] PooledByteBufAllocator:163--Dio.netty.allocator.maxOrder: 11
[DEBUG] 2023-05-13 16:11:59.556 [main] PooledByteBufAllocator:167--Dio.netty.allocator.chunkSize: 16777216
[DEBUG] 2023-05-13 16:11:59.556 [main] PooledByteBufAllocator:168--Dio.netty.allocator.smallCacheSize: 256
[DEBUG] 2023-05-13 16:11:59.556 [main] PooledByteBufAllocator:169--Dio.netty.allocator.normalCacheSize: 64
[DEBUG] 2023-05-13 16:11:59.556 [main] PooledByteBufAllocator:170--Dio.netty.allocator.maxCachedBufferCapacity: 32768
[DEBUG] 2023-05-13 16:11:59.557 [main] PooledByteBufAllocator:171--Dio.netty.allocator.cacheTrimInterval: 8192
[DEBUG] 2023-05-13 16:11:59.558 [main] PooledByteBufAllocator:172--Dio.netty.allocator.cacheTrimIntervalMillis: 0
[DEBUG] 2023-05-13 16:11:59.559 [main] PooledByteBufAllocator:173--Dio.netty.allocator.useCacheForAllThreads: true
[DEBUG] 2023-05-13 16:11:59.559 [main] PooledByteBufAllocator:174--Dio.netty.allocator.maxCachedByteBuffersPerChunk: 1023
[DEBUG] 2023-05-13 16:11:59.584 [main] ByteBufUtil:87--Dio.netty.allocator.type: pooled
[DEBUG] 2023-05-13 16:11:59.585 [main] ByteBufUtil:96--Dio.netty.threadLocalDirectBufferSize: 0
[DEBUG] 2023-05-13 16:11:59.585 [main] ByteBufUtil:99--Dio.netty.maxThreadLocalCharBufferSize: 16384
[DEBUG] 2023-05-13 16:12:00.905 [Forwarding newSession on session null to remote] DefaultChannelId:79--Dio.netty.processId: 13720 (auto-detected)
[DEBUG] 2023-05-13 16:12:00.909 [Forwarding newSession on session null to remote] NetUtil:135--Djava.net.preferIPv4Stack: false
[DEBUG] 2023-05-13 16:12:00.909 [Forwarding newSession on session null to remote] NetUtil:136--Djava.net.preferIPv6Addresses: false
[DEBUG] 2023-05-13 16:12:01.663 [Forwarding newSession on session null to remote] NetUtilInitializations:129-Loopback interface: lo (Software Loopback Interface 1, 127.0.0.1)
[DEBUG] 2023-05-13 16:12:01.665 [Forwarding newSession on session null to remote] NetUtil:187-Failed to get SOMAXCONN from sysctl and file \proc\sys\net\core\somaxconn. Default: 200
[DEBUG] 2023-05-13 16:12:02.548 [Forwarding newSession on session null to remote] DefaultChannelId:101--Dio.netty.machineId: d0:c6:37:ff:fe:f7:a9:b8 (auto-detected)
[DEBUG] 2023-05-13 16:12:02.659 [AsyncHttpClient-1-2] AbstractByteBuf:63--Dio.netty.buffer.checkAccessible: true
[DEBUG] 2023-05-13 16:12:02.660 [AsyncHttpClient-1-2] AbstractByteBuf:64--Dio.netty.buffer.checkBounds: true
[DEBUG] 2023-05-13 16:12:02.660 [AsyncHttpClient-1-2] ResourceLeakDetectorFactory:196-Loaded default ResourceLeakDetector: io.netty.util.ResourceLeakDetector@60186193
[DEBUG] 2023-05-13 16:12:02.730 [AsyncHttpClient-1-2] Recycler:103--Dio.netty.recycler.maxCapacityPerThread: 4096
[DEBUG] 2023-05-13 16:12:02.730 [AsyncHttpClient-1-2] Recycler:104--Dio.netty.recycler.maxSharedCapacityFactor: 2
[DEBUG] 2023-05-13 16:12:02.731 [AsyncHttpClient-1-2] Recycler:105--Dio.netty.recycler.linkCapacity: 16
[DEBUG] 2023-05-13 16:12:02.731 [AsyncHttpClient-1-2] Recycler:106--Dio.netty.recycler.ratio: 8
[DEBUG] 2023-05-13 16:12:02.731 [AsyncHttpClient-1-2] Recycler:107--Dio.netty.recycler.delayedQueue.ratio: 8
[DEBUG] 2023-05-13 16:12:04.223 [AsyncHttpClient-1-2] Brotli:38-brotli4j not in the classpath; Brotli support will be unavailable.
[DEBUG] 2023-05-13 16:12:04.649 [main] ThreadLocalRandom:214--Dio.netty.initialSeedUniquifier: 0x42d75d15076a89b9
[INFO ] 2023-05-13 16:12:10.887 [main] BaseTest:28-Init page
[DEBUG] 2023-05-13 16:13:41.015 [main] InternalLoggerFactory:76-Using Log4J2 as the default logging framework
[DEBUG] 2023-05-13 16:13:41.032 [main] ResourceLeakDetector:129--Dio.netty.leakDetection.level: simple
[DEBUG] 2023-05-13 16:13:41.034 [main] ResourceLeakDetector:130--Dio.netty.leakDetection.targetRecords: 4
[DEBUG] 2023-05-13 16:13:41.042 [main] ResourceLeakDetectorFactory:196-Loaded default ResourceLeakDetector: io.netty.util.ResourceLeakDetector@69eb86b4
[DEBUG] 2023-05-13 16:13:41.082 [main] PlatformDependent0:460--Dio.netty.noUnsafe: false
[DEBUG] 2023-05-13 16:13:41.082 [main] PlatformDependent0:954-Java version: 11
[DEBUG] 2023-05-13 16:13:41.086 [main] PlatformDependent0:135-sun.misc.Unsafe.theUnsafe: available
[DEBUG] 2023-05-13 16:13:41.087 [main] PlatformDependent0:159-sun.misc.Unsafe.copyMemory: available
[DEBUG] 2023-05-13 16:13:41.088 [main] PlatformDependent0:202-java.nio.Buffer.address: available
[DEBUG] 2023-05-13 16:13:41.090 [main] PlatformDependent0:285-direct buffer constructor: unavailable: Reflective setAccessible(true) disabled
[DEBUG] 2023-05-13 16:13:41.092 [main] PlatformDependent0:350-java.nio.Bits.unaligned: available, true
[DEBUG] 2023-05-13 16:13:41.095 [main] PlatformDependent0:417-jdk.internal.misc.Unsafe.allocateUninitializedArray(int): unavailable: class io.netty.util.internal.PlatformDependent0$6 cannot access class jdk.internal.misc.Unsafe (in module java.base) because module java.base does not export jdk.internal.misc to unnamed module @16fe9c29
[DEBUG] 2023-05-13 16:13:41.098 [main] PlatformDependent0:446-java.nio.DirectByteBuffer.<init>(long, int): unavailable
[DEBUG] 2023-05-13 16:13:41.099 [main] PlatformDependent:1103-sun.misc.Unsafe: available
[DEBUG] 2023-05-13 16:13:41.101 [main] PlatformDependent:1205-maxDirectMemory: 2109734912 bytes (maybe)
[DEBUG] 2023-05-13 16:13:41.101 [main] PlatformDependent:1224--Dio.netty.tmpdir: C:\Users\YURAKO~1.000\AppData\Local\Temp (java.io.tmpdir)
[DEBUG] 2023-05-13 16:13:41.102 [main] PlatformDependent:1303--Dio.netty.bitMode: 64 (sun.arch.data.model)
[DEBUG] 2023-05-13 16:13:41.102 [main] PlatformDependent:1063-Platform: Windows
[DEBUG] 2023-05-13 16:13:41.104 [main] PlatformDependent:178--Dio.netty.maxDirectMemory: -1 bytes
[DEBUG] 2023-05-13 16:13:41.105 [main] PlatformDependent:185--Dio.netty.uninitializedArrayAllocationThreshold: -1
[DEBUG] 2023-05-13 16:13:41.107 [main] CleanerJava9:71-java.nio.ByteBuffer.cleaner(): available
[DEBUG] 2023-05-13 16:13:41.107 [main] PlatformDependent:205--Dio.netty.noPreferDirect: false
[DEBUG] 2023-05-13 16:13:41.124 [main] PlatformDependent:967-org.jctools-core.MpscChunkedArrayQueue: available
[DEBUG] 2023-05-13 16:13:41.166 [main] InternalThreadLocalMap:83--Dio.netty.threadLocalMap.stringBuilder.initialSize: 1024
[DEBUG] 2023-05-13 16:13:41.167 [main] InternalThreadLocalMap:86--Dio.netty.threadLocalMap.stringBuilder.maxSize: 4096
[DEBUG] 2023-05-13 16:13:41.282 [main] JdkSslContext:97-Default protocols (JDK): [TLSv1.3, TLSv1.2] 
[DEBUG] 2023-05-13 16:13:41.283 [main] JdkSslContext:98-Default cipher suites (JDK): [TLS_ECDHE_ECDSA_WITH_AES_256_GCM_SHA384, TLS_ECDHE_ECDSA_WITH_AES_128_GCM_SHA256, TLS_ECDHE_RSA_WITH_AES_128_GCM_SHA256, TLS_ECDHE_RSA_WITH_AES_256_GCM_SHA384, TLS_ECDHE_RSA_WITH_AES_128_CBC_SHA, TLS_ECDHE_RSA_WITH_AES_256_CBC_SHA, TLS_RSA_WITH_AES_128_GCM_SHA256, TLS_RSA_WITH_AES_128_CBC_SHA, TLS_RSA_WITH_AES_256_CBC_SHA, TLS_AES_128_GCM_SHA256, TLS_AES_256_GCM_SHA384]
[DEBUG] 2023-05-13 16:13:41.384 [main] MultithreadEventLoopGroup:44--Dio.netty.eventLoopThreads: 16
[DEBUG] 2023-05-13 16:13:41.417 [main] NioEventLoop:106--Dio.netty.noKeySetOptimization: false
[DEBUG] 2023-05-13 16:13:41.418 [main] NioEventLoop:107--Dio.netty.selectorAutoRebuildThreshold: 512
[DEBUG] 2023-05-13 16:13:41.578 [main] PooledByteBufAllocator:155--Dio.netty.allocator.numHeapArenas: 16
[DEBUG] 2023-05-13 16:13:41.579 [main] PooledByteBufAllocator:156--Dio.netty.allocator.numDirectArenas: 16
[DEBUG] 2023-05-13 16:13:41.580 [main] PooledByteBufAllocator:158--Dio.netty.allocator.pageSize: 8192
[DEBUG] 2023-05-13 16:13:41.581 [main] PooledByteBufAllocator:163--Dio.netty.allocator.maxOrder: 11
[DEBUG] 2023-05-13 16:13:41.582 [main] PooledByteBufAllocator:167--Dio.netty.allocator.chunkSize: 16777216
[DEBUG] 2023-05-13 16:13:41.583 [main] PooledByteBufAllocator:168--Dio.netty.allocator.smallCacheSize: 256
[DEBUG] 2023-05-13 16:13:41.584 [main] PooledByteBufAllocator:169--Dio.netty.allocator.normalCacheSize: 64
[DEBUG] 2023-05-13 16:13:41.585 [main] PooledByteBufAllocator:170--Dio.netty.allocator.maxCachedBufferCapacity: 32768
[DEBUG] 2023-05-13 16:13:41.586 [main] PooledByteBufAllocator:171--Dio.netty.allocator.cacheTrimInterval: 8192
[DEBUG] 2023-05-13 16:13:41.586 [main] PooledByteBufAllocator:172--Dio.netty.allocator.cacheTrimIntervalMillis: 0
[DEBUG] 2023-05-13 16:13:41.587 [main] PooledByteBufAllocator:173--Dio.netty.allocator.useCacheForAllThreads: true
[DEBUG] 2023-05-13 16:13:41.588 [main] PooledByteBufAllocator:174--Dio.netty.allocator.maxCachedByteBuffersPerChunk: 1023
[DEBUG] 2023-05-13 16:13:41.625 [main] ByteBufUtil:87--Dio.netty.allocator.type: pooled
[DEBUG] 2023-05-13 16:13:41.626 [main] ByteBufUtil:96--Dio.netty.threadLocalDirectBufferSize: 0
[DEBUG] 2023-05-13 16:13:41.628 [main] ByteBufUtil:99--Dio.netty.maxThreadLocalCharBufferSize: 16384
[DEBUG] 2023-05-13 16:13:42.903 [Forwarding newSession on session null to remote] DefaultChannelId:79--Dio.netty.processId: 2596 (auto-detected)
[DEBUG] 2023-05-13 16:13:42.907 [Forwarding newSession on session null to remote] NetUtil:135--Djava.net.preferIPv4Stack: false
[DEBUG] 2023-05-13 16:13:42.907 [Forwarding newSession on session null to remote] NetUtil:136--Djava.net.preferIPv6Addresses: false
[DEBUG] 2023-05-13 16:13:43.571 [Forwarding newSession on session null to remote] NetUtilInitializations:129-Loopback interface: lo (Software Loopback Interface 1, 127.0.0.1)
[DEBUG] 2023-05-13 16:13:43.573 [Forwarding newSession on session null to remote] NetUtil:187-Failed to get SOMAXCONN from sysctl and file \proc\sys\net\core\somaxconn. Default: 200
[DEBUG] 2023-05-13 16:13:44.364 [Forwarding newSession on session null to remote] DefaultChannelId:101--Dio.netty.machineId: d0:c6:37:ff:fe:f7:a9:b8 (auto-detected)
[DEBUG] 2023-05-13 16:13:44.423 [AsyncHttpClient-1-2] AbstractByteBuf:63--Dio.netty.buffer.checkAccessible: true
[DEBUG] 2023-05-13 16:13:44.424 [AsyncHttpClient-1-2] AbstractByteBuf:64--Dio.netty.buffer.checkBounds: true
[DEBUG] 2023-05-13 16:13:44.424 [AsyncHttpClient-1-2] ResourceLeakDetectorFactory:196-Loaded default ResourceLeakDetector: io.netty.util.ResourceLeakDetector@3a53efc6
[DEBUG] 2023-05-13 16:13:44.468 [AsyncHttpClient-1-2] Recycler:103--Dio.netty.recycler.maxCapacityPerThread: 4096
[DEBUG] 2023-05-13 16:13:44.468 [AsyncHttpClient-1-2] Recycler:104--Dio.netty.recycler.maxSharedCapacityFactor: 2
[DEBUG] 2023-05-13 16:13:44.469 [AsyncHttpClient-1-2] Recycler:105--Dio.netty.recycler.linkCapacity: 16
[DEBUG] 2023-05-13 16:13:44.469 [AsyncHttpClient-1-2] Recycler:106--Dio.netty.recycler.ratio: 8
[DEBUG] 2023-05-13 16:13:44.469 [AsyncHttpClient-1-2] Recycler:107--Dio.netty.recycler.delayedQueue.ratio: 8
[DEBUG] 2023-05-13 16:13:45.615 [AsyncHttpClient-1-2] Brotli:38-brotli4j not in the classpath; Brotli support will be unavailable.
[DEBUG] 2023-05-13 16:13:45.966 [main] ThreadLocalRandom:214--Dio.netty.initialSeedUniquifier: 0x0103ee4fc1bcf60b
[INFO ] 2023-05-13 16:13:52.471 [main] BaseTest:28-Init page
[DEBUG] 2023-05-13 16:16:06.596 [main] InternalLoggerFactory:76-Using Log4J2 as the default logging framework
[DEBUG] 2023-05-13 16:16:06.613 [main] ResourceLeakDetector:129--Dio.netty.leakDetection.level: simple
[DEBUG] 2023-05-13 16:16:06.614 [main] ResourceLeakDetector:130--Dio.netty.leakDetection.targetRecords: 4
[DEBUG] 2023-05-13 16:16:06.622 [main] ResourceLeakDetectorFactory:196-Loaded default ResourceLeakDetector: io.netty.util.ResourceLeakDetector@17ca8b92
[DEBUG] 2023-05-13 16:16:06.668 [main] PlatformDependent0:460--Dio.netty.noUnsafe: false
[DEBUG] 2023-05-13 16:16:06.668 [main] PlatformDependent0:954-Java version: 11
[DEBUG] 2023-05-13 16:16:06.672 [main] PlatformDependent0:135-sun.misc.Unsafe.theUnsafe: available
[DEBUG] 2023-05-13 16:16:06.674 [main] PlatformDependent0:159-sun.misc.Unsafe.copyMemory: available
[DEBUG] 2023-05-13 16:16:06.677 [main] PlatformDependent0:202-java.nio.Buffer.address: available
[DEBUG] 2023-05-13 16:16:06.678 [main] PlatformDependent0:285-direct buffer constructor: unavailable: Reflective setAccessible(true) disabled
[DEBUG] 2023-05-13 16:16:06.680 [main] PlatformDependent0:350-java.nio.Bits.unaligned: available, true
[DEBUG] 2023-05-13 16:16:06.683 [main] PlatformDependent0:417-jdk.internal.misc.Unsafe.allocateUninitializedArray(int): unavailable: class io.netty.util.internal.PlatformDependent0$6 cannot access class jdk.internal.misc.Unsafe (in module java.base) because module java.base does not export jdk.internal.misc to unnamed module @511d5d04
[DEBUG] 2023-05-13 16:16:06.685 [main] PlatformDependent0:446-java.nio.DirectByteBuffer.<init>(long, int): unavailable
[DEBUG] 2023-05-13 16:16:06.685 [main] PlatformDependent:1103-sun.misc.Unsafe: available
[DEBUG] 2023-05-13 16:16:06.687 [main] PlatformDependent:1205-maxDirectMemory: 2109734912 bytes (maybe)
[DEBUG] 2023-05-13 16:16:06.687 [main] PlatformDependent:1224--Dio.netty.tmpdir: C:\Users\YURAKO~1.000\AppData\Local\Temp (java.io.tmpdir)
[DEBUG] 2023-05-13 16:16:06.688 [main] PlatformDependent:1303--Dio.netty.bitMode: 64 (sun.arch.data.model)
[DEBUG] 2023-05-13 16:16:06.688 [main] PlatformDependent:1063-Platform: Windows
[DEBUG] 2023-05-13 16:16:06.690 [main] PlatformDependent:178--Dio.netty.maxDirectMemory: -1 bytes
[DEBUG] 2023-05-13 16:16:06.691 [main] PlatformDependent:185--Dio.netty.uninitializedArrayAllocationThreshold: -1
[DEBUG] 2023-05-13 16:16:06.695 [main] CleanerJava9:71-java.nio.ByteBuffer.cleaner(): available
[DEBUG] 2023-05-13 16:16:06.695 [main] PlatformDependent:205--Dio.netty.noPreferDirect: false
[DEBUG] 2023-05-13 16:16:06.713 [main] PlatformDependent:967-org.jctools-core.MpscChunkedArrayQueue: available
[DEBUG] 2023-05-13 16:16:06.754 [main] InternalThreadLocalMap:83--Dio.netty.threadLocalMap.stringBuilder.initialSize: 1024
[DEBUG] 2023-05-13 16:16:06.754 [main] InternalThreadLocalMap:86--Dio.netty.threadLocalMap.stringBuilder.maxSize: 4096
[DEBUG] 2023-05-13 16:16:06.844 [main] JdkSslContext:97-Default protocols (JDK): [TLSv1.3, TLSv1.2] 
[DEBUG] 2023-05-13 16:16:06.844 [main] JdkSslContext:98-Default cipher suites (JDK): [TLS_ECDHE_ECDSA_WITH_AES_256_GCM_SHA384, TLS_ECDHE_ECDSA_WITH_AES_128_GCM_SHA256, TLS_ECDHE_RSA_WITH_AES_128_GCM_SHA256, TLS_ECDHE_RSA_WITH_AES_256_GCM_SHA384, TLS_ECDHE_RSA_WITH_AES_128_CBC_SHA, TLS_ECDHE_RSA_WITH_AES_256_CBC_SHA, TLS_RSA_WITH_AES_128_GCM_SHA256, TLS_RSA_WITH_AES_128_CBC_SHA, TLS_RSA_WITH_AES_256_CBC_SHA, TLS_AES_128_GCM_SHA256, TLS_AES_256_GCM_SHA384]
[DEBUG] 2023-05-13 16:16:06.901 [main] MultithreadEventLoopGroup:44--Dio.netty.eventLoopThreads: 16
[DEBUG] 2023-05-13 16:16:06.918 [main] NioEventLoop:106--Dio.netty.noKeySetOptimization: false
[DEBUG] 2023-05-13 16:16:06.918 [main] NioEventLoop:107--Dio.netty.selectorAutoRebuildThreshold: 512
[DEBUG] 2023-05-13 16:16:07.041 [main] PooledByteBufAllocator:155--Dio.netty.allocator.numHeapArenas: 16
[DEBUG] 2023-05-13 16:16:07.042 [main] PooledByteBufAllocator:156--Dio.netty.allocator.numDirectArenas: 16
[DEBUG] 2023-05-13 16:16:07.043 [main] PooledByteBufAllocator:158--Dio.netty.allocator.pageSize: 8192
[DEBUG] 2023-05-13 16:16:07.044 [main] PooledByteBufAllocator:163--Dio.netty.allocator.maxOrder: 11
[DEBUG] 2023-05-13 16:16:07.045 [main] PooledByteBufAllocator:167--Dio.netty.allocator.chunkSize: 16777216
[DEBUG] 2023-05-13 16:16:07.045 [main] PooledByteBufAllocator:168--Dio.netty.allocator.smallCacheSize: 256
[DEBUG] 2023-05-13 16:16:07.047 [main] PooledByteBufAllocator:169--Dio.netty.allocator.normalCacheSize: 64
[DEBUG] 2023-05-13 16:16:07.047 [main] PooledByteBufAllocator:170--Dio.netty.allocator.maxCachedBufferCapacity: 32768
[DEBUG] 2023-05-13 16:16:07.047 [main] PooledByteBufAllocator:171--Dio.netty.allocator.cacheTrimInterval: 8192
[DEBUG] 2023-05-13 16:16:07.048 [main] PooledByteBufAllocator:172--Dio.netty.allocator.cacheTrimIntervalMillis: 0
[DEBUG] 2023-05-13 16:16:07.048 [main] PooledByteBufAllocator:173--Dio.netty.allocator.useCacheForAllThreads: true
[DEBUG] 2023-05-13 16:16:07.049 [main] PooledByteBufAllocator:174--Dio.netty.allocator.maxCachedByteBuffersPerChunk: 1023
[DEBUG] 2023-05-13 16:16:07.087 [main] ByteBufUtil:87--Dio.netty.allocator.type: pooled
[DEBUG] 2023-05-13 16:16:07.088 [main] ByteBufUtil:96--Dio.netty.threadLocalDirectBufferSize: 0
[DEBUG] 2023-05-13 16:16:07.089 [main] ByteBufUtil:99--Dio.netty.maxThreadLocalCharBufferSize: 16384
[DEBUG] 2023-05-13 16:16:08.305 [Forwarding newSession on session null to remote] DefaultChannelId:79--Dio.netty.processId: 2464 (auto-detected)
[DEBUG] 2023-05-13 16:16:08.311 [Forwarding newSession on session null to remote] NetUtil:135--Djava.net.preferIPv4Stack: false
[DEBUG] 2023-05-13 16:16:08.312 [Forwarding newSession on session null to remote] NetUtil:136--Djava.net.preferIPv6Addresses: false
[DEBUG] 2023-05-13 16:16:09.099 [Forwarding newSession on session null to remote] NetUtilInitializations:129-Loopback interface: lo (Software Loopback Interface 1, 127.0.0.1)
[DEBUG] 2023-05-13 16:16:09.102 [Forwarding newSession on session null to remote] NetUtil:187-Failed to get SOMAXCONN from sysctl and file \proc\sys\net\core\somaxconn. Default: 200
[DEBUG] 2023-05-13 16:16:09.777 [Forwarding newSession on session null to remote] DefaultChannelId:101--Dio.netty.machineId: d0:c6:37:ff:fe:f7:a9:b8 (auto-detected)
[DEBUG] 2023-05-13 16:16:09.906 [AsyncHttpClient-1-2] AbstractByteBuf:63--Dio.netty.buffer.checkAccessible: true
[DEBUG] 2023-05-13 16:16:09.908 [AsyncHttpClient-1-2] AbstractByteBuf:64--Dio.netty.buffer.checkBounds: true
[DEBUG] 2023-05-13 16:16:09.909 [AsyncHttpClient-1-2] ResourceLeakDetectorFactory:196-Loaded default ResourceLeakDetector: io.netty.util.ResourceLeakDetector@38334d41
[DEBUG] 2023-05-13 16:16:09.987 [AsyncHttpClient-1-2] Recycler:103--Dio.netty.recycler.maxCapacityPerThread: 4096
[DEBUG] 2023-05-13 16:16:09.988 [AsyncHttpClient-1-2] Recycler:104--Dio.netty.recycler.maxSharedCapacityFactor: 2
[DEBUG] 2023-05-13 16:16:09.989 [AsyncHttpClient-1-2] Recycler:105--Dio.netty.recycler.linkCapacity: 16
[DEBUG] 2023-05-13 16:16:09.989 [AsyncHttpClient-1-2] Recycler:106--Dio.netty.recycler.ratio: 8
[DEBUG] 2023-05-13 16:16:09.990 [AsyncHttpClient-1-2] Recycler:107--Dio.netty.recycler.delayedQueue.ratio: 8
[DEBUG] 2023-05-13 16:16:11.063 [AsyncHttpClient-1-2] Brotli:38-brotli4j not in the classpath; Brotli support will be unavailable.
[DEBUG] 2023-05-13 16:16:11.497 [main] ThreadLocalRandom:214--Dio.netty.initialSeedUniquifier: 0x3de980730336e50e
[INFO ] 2023-05-13 16:16:18.088 [main] BaseTest:28-Init page
[DEBUG] 2023-05-13 16:17:55.268 [main] InternalLoggerFactory:76-Using Log4J2 as the default logging framework
[DEBUG] 2023-05-13 16:17:55.281 [main] ResourceLeakDetector:129--Dio.netty.leakDetection.level: simple
[DEBUG] 2023-05-13 16:17:55.281 [main] ResourceLeakDetector:130--Dio.netty.leakDetection.targetRecords: 4
[DEBUG] 2023-05-13 16:17:55.288 [main] ResourceLeakDetectorFactory:196-Loaded default ResourceLeakDetector: io.netty.util.ResourceLeakDetector@69eb86b4
[DEBUG] 2023-05-13 16:17:55.328 [main] PlatformDependent0:460--Dio.netty.noUnsafe: false
[DEBUG] 2023-05-13 16:17:55.329 [main] PlatformDependent0:954-Java version: 11
[DEBUG] 2023-05-13 16:17:55.333 [main] PlatformDependent0:135-sun.misc.Unsafe.theUnsafe: available
[DEBUG] 2023-05-13 16:17:55.335 [main] PlatformDependent0:159-sun.misc.Unsafe.copyMemory: available
[DEBUG] 2023-05-13 16:17:55.336 [main] PlatformDependent0:202-java.nio.Buffer.address: available
[DEBUG] 2023-05-13 16:17:55.337 [main] PlatformDependent0:285-direct buffer constructor: unavailable: Reflective setAccessible(true) disabled
[DEBUG] 2023-05-13 16:17:55.339 [main] PlatformDependent0:350-java.nio.Bits.unaligned: available, true
[DEBUG] 2023-05-13 16:17:55.342 [main] PlatformDependent0:417-jdk.internal.misc.Unsafe.allocateUninitializedArray(int): unavailable: class io.netty.util.internal.PlatformDependent0$6 cannot access class jdk.internal.misc.Unsafe (in module java.base) because module java.base does not export jdk.internal.misc to unnamed module @16fe9c29
[DEBUG] 2023-05-13 16:17:55.344 [main] PlatformDependent0:446-java.nio.DirectByteBuffer.<init>(long, int): unavailable
[DEBUG] 2023-05-13 16:17:55.345 [main] PlatformDependent:1103-sun.misc.Unsafe: available
[DEBUG] 2023-05-13 16:17:55.347 [main] PlatformDependent:1205-maxDirectMemory: 2109734912 bytes (maybe)
[DEBUG] 2023-05-13 16:17:55.348 [main] PlatformDependent:1224--Dio.netty.tmpdir: C:\Users\YURAKO~1.000\AppData\Local\Temp (java.io.tmpdir)
[DEBUG] 2023-05-13 16:17:55.349 [main] PlatformDependent:1303--Dio.netty.bitMode: 64 (sun.arch.data.model)
[DEBUG] 2023-05-13 16:17:55.350 [main] PlatformDependent:1063-Platform: Windows
[DEBUG] 2023-05-13 16:17:55.352 [main] PlatformDependent:178--Dio.netty.maxDirectMemory: -1 bytes
[DEBUG] 2023-05-13 16:17:55.353 [main] PlatformDependent:185--Dio.netty.uninitializedArrayAllocationThreshold: -1
[DEBUG] 2023-05-13 16:17:55.355 [main] CleanerJava9:71-java.nio.ByteBuffer.cleaner(): available
[DEBUG] 2023-05-13 16:17:55.356 [main] PlatformDependent:205--Dio.netty.noPreferDirect: false
[DEBUG] 2023-05-13 16:17:55.372 [main] PlatformDependent:967-org.jctools-core.MpscChunkedArrayQueue: available
[DEBUG] 2023-05-13 16:17:55.410 [main] InternalThreadLocalMap:83--Dio.netty.threadLocalMap.stringBuilder.initialSize: 1024
[DEBUG] 2023-05-13 16:17:55.410 [main] InternalThreadLocalMap:86--Dio.netty.threadLocalMap.stringBuilder.maxSize: 4096
[DEBUG] 2023-05-13 16:17:55.535 [main] JdkSslContext:97-Default protocols (JDK): [TLSv1.3, TLSv1.2] 
[DEBUG] 2023-05-13 16:17:55.536 [main] JdkSslContext:98-Default cipher suites (JDK): [TLS_ECDHE_ECDSA_WITH_AES_256_GCM_SHA384, TLS_ECDHE_ECDSA_WITH_AES_128_GCM_SHA256, TLS_ECDHE_RSA_WITH_AES_128_GCM_SHA256, TLS_ECDHE_RSA_WITH_AES_256_GCM_SHA384, TLS_ECDHE_RSA_WITH_AES_128_CBC_SHA, TLS_ECDHE_RSA_WITH_AES_256_CBC_SHA, TLS_RSA_WITH_AES_128_GCM_SHA256, TLS_RSA_WITH_AES_128_CBC_SHA, TLS_RSA_WITH_AES_256_CBC_SHA, TLS_AES_128_GCM_SHA256, TLS_AES_256_GCM_SHA384]
[DEBUG] 2023-05-13 16:17:55.686 [main] MultithreadEventLoopGroup:44--Dio.netty.eventLoopThreads: 16
[DEBUG] 2023-05-13 16:17:55.721 [main] NioEventLoop:106--Dio.netty.noKeySetOptimization: false
[DEBUG] 2023-05-13 16:17:55.722 [main] NioEventLoop:107--Dio.netty.selectorAutoRebuildThreshold: 512
[DEBUG] 2023-05-13 16:17:55.881 [main] PooledByteBufAllocator:155--Dio.netty.allocator.numHeapArenas: 16
[DEBUG] 2023-05-13 16:17:55.882 [main] PooledByteBufAllocator:156--Dio.netty.allocator.numDirectArenas: 16
[DEBUG] 2023-05-13 16:17:55.883 [main] PooledByteBufAllocator:158--Dio.netty.allocator.pageSize: 8192
[DEBUG] 2023-05-13 16:17:55.883 [main] PooledByteBufAllocator:163--Dio.netty.allocator.maxOrder: 11
[DEBUG] 2023-05-13 16:17:55.884 [main] PooledByteBufAllocator:167--Dio.netty.allocator.chunkSize: 16777216
[DEBUG] 2023-05-13 16:17:55.885 [main] PooledByteBufAllocator:168--Dio.netty.allocator.smallCacheSize: 256
[DEBUG] 2023-05-13 16:17:55.885 [main] PooledByteBufAllocator:169--Dio.netty.allocator.normalCacheSize: 64
[DEBUG] 2023-05-13 16:17:55.886 [main] PooledByteBufAllocator:170--Dio.netty.allocator.maxCachedBufferCapacity: 32768
[DEBUG] 2023-05-13 16:17:55.887 [main] PooledByteBufAllocator:171--Dio.netty.allocator.cacheTrimInterval: 8192
[DEBUG] 2023-05-13 16:17:55.888 [main] PooledByteBufAllocator:172--Dio.netty.allocator.cacheTrimIntervalMillis: 0
[DEBUG] 2023-05-13 16:17:55.888 [main] PooledByteBufAllocator:173--Dio.netty.allocator.useCacheForAllThreads: true
[DEBUG] 2023-05-13 16:17:55.889 [main] PooledByteBufAllocator:174--Dio.netty.allocator.maxCachedByteBuffersPerChunk: 1023
[DEBUG] 2023-05-13 16:17:55.927 [main] ByteBufUtil:87--Dio.netty.allocator.type: pooled
[DEBUG] 2023-05-13 16:17:55.928 [main] ByteBufUtil:96--Dio.netty.threadLocalDirectBufferSize: 0
[DEBUG] 2023-05-13 16:17:55.930 [main] ByteBufUtil:99--Dio.netty.maxThreadLocalCharBufferSize: 16384
[DEBUG] 2023-05-13 16:17:57.434 [Forwarding newSession on session null to remote] DefaultChannelId:79--Dio.netty.processId: 17684 (auto-detected)
[DEBUG] 2023-05-13 16:17:57.441 [Forwarding newSession on session null to remote] NetUtil:135--Djava.net.preferIPv4Stack: false
[DEBUG] 2023-05-13 16:17:57.443 [Forwarding newSession on session null to remote] NetUtil:136--Djava.net.preferIPv6Addresses: false
[DEBUG] 2023-05-13 16:17:58.515 [Forwarding newSession on session null to remote] NetUtilInitializations:129-Loopback interface: lo (Software Loopback Interface 1, 127.0.0.1)
[DEBUG] 2023-05-13 16:17:58.519 [Forwarding newSession on session null to remote] NetUtil:187-Failed to get SOMAXCONN from sysctl and file \proc\sys\net\core\somaxconn. Default: 200
[DEBUG] 2023-05-13 16:17:59.266 [Forwarding newSession on session null to remote] DefaultChannelId:101--Dio.netty.machineId: d0:c6:37:ff:fe:f7:a9:b8 (auto-detected)
[DEBUG] 2023-05-13 16:17:59.336 [AsyncHttpClient-1-2] AbstractByteBuf:63--Dio.netty.buffer.checkAccessible: true
[DEBUG] 2023-05-13 16:17:59.337 [AsyncHttpClient-1-2] AbstractByteBuf:64--Dio.netty.buffer.checkBounds: true
[DEBUG] 2023-05-13 16:17:59.337 [AsyncHttpClient-1-2] ResourceLeakDetectorFactory:196-Loaded default ResourceLeakDetector: io.netty.util.ResourceLeakDetector@1b8193d
[DEBUG] 2023-05-13 16:17:59.376 [AsyncHttpClient-1-2] Recycler:103--Dio.netty.recycler.maxCapacityPerThread: 4096
[DEBUG] 2023-05-13 16:17:59.377 [AsyncHttpClient-1-2] Recycler:104--Dio.netty.recycler.maxSharedCapacityFactor: 2
[DEBUG] 2023-05-13 16:17:59.377 [AsyncHttpClient-1-2] Recycler:105--Dio.netty.recycler.linkCapacity: 16
[DEBUG] 2023-05-13 16:17:59.378 [AsyncHttpClient-1-2] Recycler:106--Dio.netty.recycler.ratio: 8
[DEBUG] 2023-05-13 16:17:59.378 [AsyncHttpClient-1-2] Recycler:107--Dio.netty.recycler.delayedQueue.ratio: 8
[DEBUG] 2023-05-13 16:18:00.435 [AsyncHttpClient-1-2] Brotli:38-brotli4j not in the classpath; Brotli support will be unavailable.
[DEBUG] 2023-05-13 16:18:00.816 [main] ThreadLocalRandom:214--Dio.netty.initialSeedUniquifier: 0x5bcabfa6e95e5541
[INFO ] 2023-05-13 16:18:07.092 [main] BaseTest:28-Init page
[DEBUG] 2023-05-13 16:56:31.671 [main] InternalLoggerFactory:76-Using Log4J2 as the default logging framework
[DEBUG] 2023-05-13 16:56:31.686 [main] ResourceLeakDetector:129--Dio.netty.leakDetection.level: simple
[DEBUG] 2023-05-13 16:56:31.686 [main] ResourceLeakDetector:130--Dio.netty.leakDetection.targetRecords: 4
[DEBUG] 2023-05-13 16:56:31.686 [main] ResourceLeakDetectorFactory:196-Loaded default ResourceLeakDetector: io.netty.util.ResourceLeakDetector@375b5b7f
[DEBUG] 2023-05-13 16:56:31.718 [main] PlatformDependent0:460--Dio.netty.noUnsafe: false
[DEBUG] 2023-05-13 16:56:31.718 [main] PlatformDependent0:954-Java version: 11
[DEBUG] 2023-05-13 16:56:31.718 [main] PlatformDependent0:135-sun.misc.Unsafe.theUnsafe: available
[DEBUG] 2023-05-13 16:56:31.718 [main] PlatformDependent0:159-sun.misc.Unsafe.copyMemory: available
[DEBUG] 2023-05-13 16:56:31.733 [main] PlatformDependent0:202-java.nio.Buffer.address: available
[DEBUG] 2023-05-13 16:56:31.733 [main] PlatformDependent0:285-direct buffer constructor: unavailable: Reflective setAccessible(true) disabled
[DEBUG] 2023-05-13 16:56:31.733 [main] PlatformDependent0:350-java.nio.Bits.unaligned: available, true
[DEBUG] 2023-05-13 16:56:31.733 [main] PlatformDependent0:417-jdk.internal.misc.Unsafe.allocateUninitializedArray(int): unavailable: class io.netty.util.internal.PlatformDependent0$6 cannot access class jdk.internal.misc.Unsafe (in module java.base) because module java.base does not export jdk.internal.misc to unnamed module @a567e72
[DEBUG] 2023-05-13 16:56:31.733 [main] PlatformDependent0:446-java.nio.DirectByteBuffer.<init>(long, int): unavailable
[DEBUG] 2023-05-13 16:56:31.733 [main] PlatformDependent:1103-sun.misc.Unsafe: available
[DEBUG] 2023-05-13 16:56:31.733 [main] PlatformDependent:1205-maxDirectMemory: 2109734912 bytes (maybe)
[DEBUG] 2023-05-13 16:56:31.733 [main] PlatformDependent:1224--Dio.netty.tmpdir: C:\Users\YURAKO~1.000\AppData\Local\Temp (java.io.tmpdir)
[DEBUG] 2023-05-13 16:56:31.733 [main] PlatformDependent:1303--Dio.netty.bitMode: 64 (sun.arch.data.model)
[DEBUG] 2023-05-13 16:56:31.733 [main] PlatformDependent:1063-Platform: Windows
[DEBUG] 2023-05-13 16:56:31.733 [main] PlatformDependent:178--Dio.netty.maxDirectMemory: -1 bytes
[DEBUG] 2023-05-13 16:56:31.749 [main] PlatformDependent:185--Dio.netty.uninitializedArrayAllocationThreshold: -1
[DEBUG] 2023-05-13 16:56:31.749 [main] CleanerJava9:71-java.nio.ByteBuffer.cleaner(): available
[DEBUG] 2023-05-13 16:56:31.749 [main] PlatformDependent:205--Dio.netty.noPreferDirect: false
[DEBUG] 2023-05-13 16:56:31.749 [main] PlatformDependent:967-org.jctools-core.MpscChunkedArrayQueue: available
[DEBUG] 2023-05-13 16:56:31.780 [main] InternalThreadLocalMap:83--Dio.netty.threadLocalMap.stringBuilder.initialSize: 1024
[DEBUG] 2023-05-13 16:56:31.780 [main] InternalThreadLocalMap:86--Dio.netty.threadLocalMap.stringBuilder.maxSize: 4096
[DEBUG] 2023-05-13 16:56:31.833 [main] JdkSslContext:97-Default protocols (JDK): [TLSv1.3, TLSv1.2] 
[DEBUG] 2023-05-13 16:56:31.833 [main] JdkSslContext:98-Default cipher suites (JDK): [TLS_ECDHE_ECDSA_WITH_AES_256_GCM_SHA384, TLS_ECDHE_ECDSA_WITH_AES_128_GCM_SHA256, TLS_ECDHE_RSA_WITH_AES_128_GCM_SHA256, TLS_ECDHE_RSA_WITH_AES_256_GCM_SHA384, TLS_ECDHE_RSA_WITH_AES_128_CBC_SHA, TLS_ECDHE_RSA_WITH_AES_256_CBC_SHA, TLS_RSA_WITH_AES_128_GCM_SHA256, TLS_RSA_WITH_AES_128_CBC_SHA, TLS_RSA_WITH_AES_256_CBC_SHA, TLS_AES_128_GCM_SHA256, TLS_AES_256_GCM_SHA384]
[DEBUG] 2023-05-13 16:56:31.879 [main] MultithreadEventLoopGroup:44--Dio.netty.eventLoopThreads: 16
[DEBUG] 2023-05-13 16:56:31.879 [main] NioEventLoop:106--Dio.netty.noKeySetOptimization: false
[DEBUG] 2023-05-13 16:56:31.879 [main] NioEventLoop:107--Dio.netty.selectorAutoRebuildThreshold: 512
[DEBUG] 2023-05-13 16:56:31.942 [main] PooledByteBufAllocator:155--Dio.netty.allocator.numHeapArenas: 16
[DEBUG] 2023-05-13 16:56:31.942 [main] PooledByteBufAllocator:156--Dio.netty.allocator.numDirectArenas: 16
[DEBUG] 2023-05-13 16:56:31.942 [main] PooledByteBufAllocator:158--Dio.netty.allocator.pageSize: 8192
[DEBUG] 2023-05-13 16:56:31.942 [main] PooledByteBufAllocator:163--Dio.netty.allocator.maxOrder: 11
[DEBUG] 2023-05-13 16:56:31.942 [main] PooledByteBufAllocator:167--Dio.netty.allocator.chunkSize: 16777216
[DEBUG] 2023-05-13 16:56:31.942 [main] PooledByteBufAllocator:168--Dio.netty.allocator.smallCacheSize: 256
[DEBUG] 2023-05-13 16:56:31.942 [main] PooledByteBufAllocator:169--Dio.netty.allocator.normalCacheSize: 64
[DEBUG] 2023-05-13 16:56:31.942 [main] PooledByteBufAllocator:170--Dio.netty.allocator.maxCachedBufferCapacity: 32768
[DEBUG] 2023-05-13 16:56:31.942 [main] PooledByteBufAllocator:171--Dio.netty.allocator.cacheTrimInterval: 8192
[DEBUG] 2023-05-13 16:56:31.942 [main] PooledByteBufAllocator:172--Dio.netty.allocator.cacheTrimIntervalMillis: 0
[DEBUG] 2023-05-13 16:56:31.942 [main] PooledByteBufAllocator:173--Dio.netty.allocator.useCacheForAllThreads: true
[DEBUG] 2023-05-13 16:56:31.942 [main] PooledByteBufAllocator:174--Dio.netty.allocator.maxCachedByteBuffersPerChunk: 1023
[DEBUG] 2023-05-13 16:56:31.958 [main] ByteBufUtil:87--Dio.netty.allocator.type: pooled
[DEBUG] 2023-05-13 16:56:31.958 [main] ByteBufUtil:96--Dio.netty.threadLocalDirectBufferSize: 0
[DEBUG] 2023-05-13 16:56:31.958 [main] ByteBufUtil:99--Dio.netty.maxThreadLocalCharBufferSize: 16384
[DEBUG] 2023-05-13 16:56:32.879 [Forwarding newSession on session null to remote] DefaultChannelId:79--Dio.netty.processId: 17572 (auto-detected)
[DEBUG] 2023-05-13 16:56:32.879 [Forwarding newSession on session null to remote] NetUtil:135--Djava.net.preferIPv4Stack: false
[DEBUG] 2023-05-13 16:56:32.879 [Forwarding newSession on session null to remote] NetUtil:136--Djava.net.preferIPv6Addresses: false
[DEBUG] 2023-05-13 16:56:33.133 [Forwarding newSession on session null to remote] NetUtilInitializations:129-Loopback interface: lo (Software Loopback Interface 1, 127.0.0.1)
[DEBUG] 2023-05-13 16:56:33.148 [Forwarding newSession on session null to remote] NetUtil:187-Failed to get SOMAXCONN from sysctl and file \proc\sys\net\core\somaxconn. Default: 200
[DEBUG] 2023-05-13 16:56:33.435 [Forwarding newSession on session null to remote] DefaultChannelId:101--Dio.netty.machineId: d0:c6:37:ff:fe:f7:a9:b8 (auto-detected)
[DEBUG] 2023-05-13 16:56:33.485 [AsyncHttpClient-1-2] AbstractByteBuf:63--Dio.netty.buffer.checkAccessible: true
[DEBUG] 2023-05-13 16:56:33.485 [AsyncHttpClient-1-2] AbstractByteBuf:64--Dio.netty.buffer.checkBounds: true
[DEBUG] 2023-05-13 16:56:33.485 [AsyncHttpClient-1-2] ResourceLeakDetectorFactory:196-Loaded default ResourceLeakDetector: io.netty.util.ResourceLeakDetector@fd6d9a9
[DEBUG] 2023-05-13 16:56:33.532 [AsyncHttpClient-1-2] Recycler:103--Dio.netty.recycler.maxCapacityPerThread: 4096
[DEBUG] 2023-05-13 16:56:33.532 [AsyncHttpClient-1-2] Recycler:104--Dio.netty.recycler.maxSharedCapacityFactor: 2
[DEBUG] 2023-05-13 16:56:33.532 [AsyncHttpClient-1-2] Recycler:105--Dio.netty.recycler.linkCapacity: 16
[DEBUG] 2023-05-13 16:56:33.532 [AsyncHttpClient-1-2] Recycler:106--Dio.netty.recycler.ratio: 8
[DEBUG] 2023-05-13 16:56:33.532 [AsyncHttpClient-1-2] Recycler:107--Dio.netty.recycler.delayedQueue.ratio: 8
[DEBUG] 2023-05-13 16:56:34.416 [AsyncHttpClient-1-2] Brotli:38-brotli4j not in the classpath; Brotli support will be unavailable.
[DEBUG] 2023-05-13 16:56:34.689 [main] ThreadLocalRandom:214--Dio.netty.initialSeedUniquifier: 0xcbda3d622bc1d05b
[INFO ] 2023-05-13 16:56:39.301 [main] BaseTest:28-Init page
[DEBUG] 2023-05-13 16:59:18.863 [main] InternalLoggerFactory:76-Using Log4J2 as the default logging framework
[DEBUG] 2023-05-13 16:59:18.878 [main] ResourceLeakDetector:129--Dio.netty.leakDetection.level: simple
[DEBUG] 2023-05-13 16:59:18.878 [main] ResourceLeakDetector:130--Dio.netty.leakDetection.targetRecords: 4
[DEBUG] 2023-05-13 16:59:18.878 [main] ResourceLeakDetectorFactory:196-Loaded default ResourceLeakDetector: io.netty.util.ResourceLeakDetector@5491f68b
[DEBUG] 2023-05-13 16:59:18.894 [main] PlatformDependent0:460--Dio.netty.noUnsafe: false
[DEBUG] 2023-05-13 16:59:18.894 [main] PlatformDependent0:954-Java version: 11
[DEBUG] 2023-05-13 16:59:18.894 [main] PlatformDependent0:135-sun.misc.Unsafe.theUnsafe: available
[DEBUG] 2023-05-13 16:59:18.894 [main] PlatformDependent0:159-sun.misc.Unsafe.copyMemory: available
[DEBUG] 2023-05-13 16:59:18.894 [main] PlatformDependent0:202-java.nio.Buffer.address: available
[DEBUG] 2023-05-13 16:59:18.894 [main] PlatformDependent0:285-direct buffer constructor: unavailable: Reflective setAccessible(true) disabled
[DEBUG] 2023-05-13 16:59:18.894 [main] PlatformDependent0:350-java.nio.Bits.unaligned: available, true
[DEBUG] 2023-05-13 16:59:18.910 [main] PlatformDependent0:417-jdk.internal.misc.Unsafe.allocateUninitializedArray(int): unavailable: class io.netty.util.internal.PlatformDependent0$6 cannot access class jdk.internal.misc.Unsafe (in module java.base) because module java.base does not export jdk.internal.misc to unnamed module @682c1e93
[DEBUG] 2023-05-13 16:59:18.910 [main] PlatformDependent0:446-java.nio.DirectByteBuffer.<init>(long, int): unavailable
[DEBUG] 2023-05-13 16:59:18.910 [main] PlatformDependent:1103-sun.misc.Unsafe: available
[DEBUG] 2023-05-13 16:59:18.910 [main] PlatformDependent:1205-maxDirectMemory: 2109734912 bytes (maybe)
[DEBUG] 2023-05-13 16:59:18.910 [main] PlatformDependent:1224--Dio.netty.tmpdir: C:\Users\YURAKO~1.000\AppData\Local\Temp (java.io.tmpdir)
[DEBUG] 2023-05-13 16:59:18.910 [main] PlatformDependent:1303--Dio.netty.bitMode: 64 (sun.arch.data.model)
[DEBUG] 2023-05-13 16:59:18.910 [main] PlatformDependent:1063-Platform: Windows
[DEBUG] 2023-05-13 16:59:18.910 [main] PlatformDependent:178--Dio.netty.maxDirectMemory: -1 bytes
[DEBUG] 2023-05-13 16:59:18.910 [main] PlatformDependent:185--Dio.netty.uninitializedArrayAllocationThreshold: -1
[DEBUG] 2023-05-13 16:59:18.910 [main] CleanerJava9:71-java.nio.ByteBuffer.cleaner(): available
[DEBUG] 2023-05-13 16:59:18.910 [main] PlatformDependent:205--Dio.netty.noPreferDirect: false
[DEBUG] 2023-05-13 16:59:18.910 [main] PlatformDependent:967-org.jctools-core.MpscChunkedArrayQueue: available
[DEBUG] 2023-05-13 16:59:18.941 [main] InternalThreadLocalMap:83--Dio.netty.threadLocalMap.stringBuilder.initialSize: 1024
[DEBUG] 2023-05-13 16:59:18.941 [main] InternalThreadLocalMap:86--Dio.netty.threadLocalMap.stringBuilder.maxSize: 4096
[DEBUG] 2023-05-13 16:59:18.988 [main] JdkSslContext:97-Default protocols (JDK): [TLSv1.3, TLSv1.2] 
[DEBUG] 2023-05-13 16:59:18.988 [main] JdkSslContext:98-Default cipher suites (JDK): [TLS_ECDHE_ECDSA_WITH_AES_256_GCM_SHA384, TLS_ECDHE_ECDSA_WITH_AES_128_GCM_SHA256, TLS_ECDHE_RSA_WITH_AES_128_GCM_SHA256, TLS_ECDHE_RSA_WITH_AES_256_GCM_SHA384, TLS_ECDHE_RSA_WITH_AES_128_CBC_SHA, TLS_ECDHE_RSA_WITH_AES_256_CBC_SHA, TLS_RSA_WITH_AES_128_GCM_SHA256, TLS_RSA_WITH_AES_128_CBC_SHA, TLS_RSA_WITH_AES_256_CBC_SHA, TLS_AES_128_GCM_SHA256, TLS_AES_256_GCM_SHA384]
[DEBUG] 2023-05-13 16:59:19.003 [main] MultithreadEventLoopGroup:44--Dio.netty.eventLoopThreads: 16
[DEBUG] 2023-05-13 16:59:19.035 [main] NioEventLoop:106--Dio.netty.noKeySetOptimization: false
[DEBUG] 2023-05-13 16:59:19.035 [main] NioEventLoop:107--Dio.netty.selectorAutoRebuildThreshold: 512
[DEBUG] 2023-05-13 16:59:19.066 [main] PooledByteBufAllocator:155--Dio.netty.allocator.numHeapArenas: 16
[DEBUG] 2023-05-13 16:59:19.066 [main] PooledByteBufAllocator:156--Dio.netty.allocator.numDirectArenas: 16
[DEBUG] 2023-05-13 16:59:19.066 [main] PooledByteBufAllocator:158--Dio.netty.allocator.pageSize: 8192
[DEBUG] 2023-05-13 16:59:19.066 [main] PooledByteBufAllocator:163--Dio.netty.allocator.maxOrder: 11
[DEBUG] 2023-05-13 16:59:19.066 [main] PooledByteBufAllocator:167--Dio.netty.allocator.chunkSize: 16777216
[DEBUG] 2023-05-13 16:59:19.066 [main] PooledByteBufAllocator:168--Dio.netty.allocator.smallCacheSize: 256
[DEBUG] 2023-05-13 16:59:19.066 [main] PooledByteBufAllocator:169--Dio.netty.allocator.normalCacheSize: 64
[DEBUG] 2023-05-13 16:59:19.081 [main] PooledByteBufAllocator:170--Dio.netty.allocator.maxCachedBufferCapacity: 32768
[DEBUG] 2023-05-13 16:59:19.081 [main] PooledByteBufAllocator:171--Dio.netty.allocator.cacheTrimInterval: 8192
[DEBUG] 2023-05-13 16:59:19.081 [main] PooledByteBufAllocator:172--Dio.netty.allocator.cacheTrimIntervalMillis: 0
[DEBUG] 2023-05-13 16:59:19.081 [main] PooledByteBufAllocator:173--Dio.netty.allocator.useCacheForAllThreads: true
[DEBUG] 2023-05-13 16:59:19.081 [main] PooledByteBufAllocator:174--Dio.netty.allocator.maxCachedByteBuffersPerChunk: 1023
[DEBUG] 2023-05-13 16:59:19.081 [main] ByteBufUtil:87--Dio.netty.allocator.type: pooled
[DEBUG] 2023-05-13 16:59:19.081 [main] ByteBufUtil:96--Dio.netty.threadLocalDirectBufferSize: 0
[DEBUG] 2023-05-13 16:59:19.081 [main] ByteBufUtil:99--Dio.netty.maxThreadLocalCharBufferSize: 16384
[DEBUG] 2023-05-13 16:59:19.907 [Forwarding newSession on session null to remote] DefaultChannelId:79--Dio.netty.processId: 17752 (auto-detected)
[DEBUG] 2023-05-13 16:59:19.907 [Forwarding newSession on session null to remote] NetUtil:135--Djava.net.preferIPv4Stack: false
[DEBUG] 2023-05-13 16:59:19.907 [Forwarding newSession on session null to remote] NetUtil:136--Djava.net.preferIPv6Addresses: false
[DEBUG] 2023-05-13 16:59:20.161 [Forwarding newSession on session null to remote] NetUtilInitializations:129-Loopback interface: lo (Software Loopback Interface 1, 127.0.0.1)
[DEBUG] 2023-05-13 16:59:20.161 [Forwarding newSession on session null to remote] NetUtil:187-Failed to get SOMAXCONN from sysctl and file \proc\sys\net\core\somaxconn. Default: 200
[DEBUG] 2023-05-13 16:59:20.445 [Forwarding newSession on session null to remote] DefaultChannelId:101--Dio.netty.machineId: d0:c6:37:ff:fe:f7:a9:b8 (auto-detected)
[DEBUG] 2023-05-13 16:59:20.508 [AsyncHttpClient-1-2] AbstractByteBuf:63--Dio.netty.buffer.checkAccessible: true
[DEBUG] 2023-05-13 16:59:20.508 [AsyncHttpClient-1-2] AbstractByteBuf:64--Dio.netty.buffer.checkBounds: true
[DEBUG] 2023-05-13 16:59:20.508 [AsyncHttpClient-1-2] ResourceLeakDetectorFactory:196-Loaded default ResourceLeakDetector: io.netty.util.ResourceLeakDetector@313993c2
[DEBUG] 2023-05-13 16:59:20.539 [AsyncHttpClient-1-2] Recycler:103--Dio.netty.recycler.maxCapacityPerThread: 4096
[DEBUG] 2023-05-13 16:59:20.539 [AsyncHttpClient-1-2] Recycler:104--Dio.netty.recycler.maxSharedCapacityFactor: 2
[DEBUG] 2023-05-13 16:59:20.539 [AsyncHttpClient-1-2] Recycler:105--Dio.netty.recycler.linkCapacity: 16
[DEBUG] 2023-05-13 16:59:20.539 [AsyncHttpClient-1-2] Recycler:106--Dio.netty.recycler.ratio: 8
[DEBUG] 2023-05-13 16:59:20.539 [AsyncHttpClient-1-2] Recycler:107--Dio.netty.recycler.delayedQueue.ratio: 8
[DEBUG] 2023-05-13 16:59:21.396 [AsyncHttpClient-1-2] Brotli:38-brotli4j not in the classpath; Brotli support will be unavailable.
[DEBUG] 2023-05-13 16:59:21.671 [main] ThreadLocalRandom:214--Dio.netty.initialSeedUniquifier: 0xf762fb967b9c8adf
[INFO ] 2023-05-13 16:59:25.696 [main] BaseTest:28-Init page
[DEBUG] 2023-05-13 17:04:13.192 [main] InternalLoggerFactory:76-Using Log4J2 as the default logging framework
[DEBUG] 2023-05-13 17:04:13.192 [main] ResourceLeakDetector:129--Dio.netty.leakDetection.level: simple
[DEBUG] 2023-05-13 17:04:13.192 [main] ResourceLeakDetector:130--Dio.netty.leakDetection.targetRecords: 4
[DEBUG] 2023-05-13 17:04:13.192 [main] ResourceLeakDetectorFactory:196-Loaded default ResourceLeakDetector: io.netty.util.ResourceLeakDetector@41477a6d
[DEBUG] 2023-05-13 17:04:13.223 [main] PlatformDependent0:460--Dio.netty.noUnsafe: false
[DEBUG] 2023-05-13 17:04:13.223 [main] PlatformDependent0:954-Java version: 11
[DEBUG] 2023-05-13 17:04:13.223 [main] PlatformDependent0:135-sun.misc.Unsafe.theUnsafe: available
[DEBUG] 2023-05-13 17:04:13.223 [main] PlatformDependent0:159-sun.misc.Unsafe.copyMemory: available
[DEBUG] 2023-05-13 17:04:13.223 [main] PlatformDependent0:202-java.nio.Buffer.address: available
[DEBUG] 2023-05-13 17:04:13.223 [main] PlatformDependent0:285-direct buffer constructor: unavailable: Reflective setAccessible(true) disabled
[DEBUG] 2023-05-13 17:04:13.223 [main] PlatformDependent0:350-java.nio.Bits.unaligned: available, true
[DEBUG] 2023-05-13 17:04:13.223 [main] PlatformDependent0:417-jdk.internal.misc.Unsafe.allocateUninitializedArray(int): unavailable: class io.netty.util.internal.PlatformDependent0$6 cannot access class jdk.internal.misc.Unsafe (in module java.base) because module java.base does not export jdk.internal.misc to unnamed module @286b39c2
[DEBUG] 2023-05-13 17:04:13.223 [main] PlatformDependent0:446-java.nio.DirectByteBuffer.<init>(long, int): unavailable
[DEBUG] 2023-05-13 17:04:13.223 [main] PlatformDependent:1103-sun.misc.Unsafe: available
[DEBUG] 2023-05-13 17:04:13.239 [main] PlatformDependent:1205-maxDirectMemory: 2109734912 bytes (maybe)
[DEBUG] 2023-05-13 17:04:13.239 [main] PlatformDependent:1224--Dio.netty.tmpdir: C:\Users\YURAKO~1.000\AppData\Local\Temp (java.io.tmpdir)
[DEBUG] 2023-05-13 17:04:13.239 [main] PlatformDependent:1303--Dio.netty.bitMode: 64 (sun.arch.data.model)
[DEBUG] 2023-05-13 17:04:13.239 [main] PlatformDependent:1063-Platform: Windows
[DEBUG] 2023-05-13 17:04:13.239 [main] PlatformDependent:178--Dio.netty.maxDirectMemory: -1 bytes
[DEBUG] 2023-05-13 17:04:13.239 [main] PlatformDependent:185--Dio.netty.uninitializedArrayAllocationThreshold: -1
[DEBUG] 2023-05-13 17:04:13.239 [main] CleanerJava9:71-java.nio.ByteBuffer.cleaner(): available
[DEBUG] 2023-05-13 17:04:13.239 [main] PlatformDependent:205--Dio.netty.noPreferDirect: false
[DEBUG] 2023-05-13 17:04:13.239 [main] PlatformDependent:967-org.jctools-core.MpscChunkedArrayQueue: available
[DEBUG] 2023-05-13 17:04:13.254 [main] InternalThreadLocalMap:83--Dio.netty.threadLocalMap.stringBuilder.initialSize: 1024
[DEBUG] 2023-05-13 17:04:13.254 [main] InternalThreadLocalMap:86--Dio.netty.threadLocalMap.stringBuilder.maxSize: 4096
[DEBUG] 2023-05-13 17:04:13.301 [main] JdkSslContext:97-Default protocols (JDK): [TLSv1.3, TLSv1.2] 
[DEBUG] 2023-05-13 17:04:13.301 [main] JdkSslContext:98-Default cipher suites (JDK): [TLS_ECDHE_ECDSA_WITH_AES_256_GCM_SHA384, TLS_ECDHE_ECDSA_WITH_AES_128_GCM_SHA256, TLS_ECDHE_RSA_WITH_AES_128_GCM_SHA256, TLS_ECDHE_RSA_WITH_AES_256_GCM_SHA384, TLS_ECDHE_RSA_WITH_AES_128_CBC_SHA, TLS_ECDHE_RSA_WITH_AES_256_CBC_SHA, TLS_RSA_WITH_AES_128_GCM_SHA256, TLS_RSA_WITH_AES_128_CBC_SHA, TLS_RSA_WITH_AES_256_CBC_SHA, TLS_AES_128_GCM_SHA256, TLS_AES_256_GCM_SHA384]
[DEBUG] 2023-05-13 17:04:13.333 [main] MultithreadEventLoopGroup:44--Dio.netty.eventLoopThreads: 16
[DEBUG] 2023-05-13 17:04:13.348 [main] NioEventLoop:106--Dio.netty.noKeySetOptimization: false
[DEBUG] 2023-05-13 17:04:13.348 [main] NioEventLoop:107--Dio.netty.selectorAutoRebuildThreshold: 512
[DEBUG] 2023-05-13 17:04:13.379 [main] PooledByteBufAllocator:155--Dio.netty.allocator.numHeapArenas: 16
[DEBUG] 2023-05-13 17:04:13.379 [main] PooledByteBufAllocator:156--Dio.netty.allocator.numDirectArenas: 16
[DEBUG] 2023-05-13 17:04:13.379 [main] PooledByteBufAllocator:158--Dio.netty.allocator.pageSize: 8192
[DEBUG] 2023-05-13 17:04:13.379 [main] PooledByteBufAllocator:163--Dio.netty.allocator.maxOrder: 11
[DEBUG] 2023-05-13 17:04:13.395 [main] PooledByteBufAllocator:167--Dio.netty.allocator.chunkSize: 16777216
[DEBUG] 2023-05-13 17:04:13.395 [main] PooledByteBufAllocator:168--Dio.netty.allocator.smallCacheSize: 256
[DEBUG] 2023-05-13 17:04:13.395 [main] PooledByteBufAllocator:169--Dio.netty.allocator.normalCacheSize: 64
[DEBUG] 2023-05-13 17:04:13.395 [main] PooledByteBufAllocator:170--Dio.netty.allocator.maxCachedBufferCapacity: 32768
[DEBUG] 2023-05-13 17:04:13.395 [main] PooledByteBufAllocator:171--Dio.netty.allocator.cacheTrimInterval: 8192
[DEBUG] 2023-05-13 17:04:13.395 [main] PooledByteBufAllocator:172--Dio.netty.allocator.cacheTrimIntervalMillis: 0
[DEBUG] 2023-05-13 17:04:13.395 [main] PooledByteBufAllocator:173--Dio.netty.allocator.useCacheForAllThreads: true
[DEBUG] 2023-05-13 17:04:13.395 [main] PooledByteBufAllocator:174--Dio.netty.allocator.maxCachedByteBuffersPerChunk: 1023
[DEBUG] 2023-05-13 17:04:13.395 [main] ByteBufUtil:87--Dio.netty.allocator.type: pooled
[DEBUG] 2023-05-13 17:04:13.395 [main] ByteBufUtil:96--Dio.netty.threadLocalDirectBufferSize: 0
[DEBUG] 2023-05-13 17:04:13.395 [main] ByteBufUtil:99--Dio.netty.maxThreadLocalCharBufferSize: 16384
[DEBUG] 2023-05-13 17:04:14.236 [Forwarding newSession on session null to remote] DefaultChannelId:79--Dio.netty.processId: 10732 (auto-detected)
[DEBUG] 2023-05-13 17:04:14.236 [Forwarding newSession on session null to remote] NetUtil:135--Djava.net.preferIPv4Stack: false
[DEBUG] 2023-05-13 17:04:14.236 [Forwarding newSession on session null to remote] NetUtil:136--Djava.net.preferIPv6Addresses: false
[DEBUG] 2023-05-13 17:04:14.488 [Forwarding newSession on session null to remote] NetUtilInitializations:129-Loopback interface: lo (Software Loopback Interface 1, 127.0.0.1)
[DEBUG] 2023-05-13 17:04:14.488 [Forwarding newSession on session null to remote] NetUtil:187-Failed to get SOMAXCONN from sysctl and file \proc\sys\net\core\somaxconn. Default: 200
[DEBUG] 2023-05-13 17:04:14.764 [Forwarding newSession on session null to remote] DefaultChannelId:101--Dio.netty.machineId: d0:c6:37:ff:fe:f7:a9:b8 (auto-detected)
[DEBUG] 2023-05-13 17:04:14.811 [AsyncHttpClient-1-2] AbstractByteBuf:63--Dio.netty.buffer.checkAccessible: true
[DEBUG] 2023-05-13 17:04:14.827 [AsyncHttpClient-1-2] AbstractByteBuf:64--Dio.netty.buffer.checkBounds: true
[DEBUG] 2023-05-13 17:04:14.827 [AsyncHttpClient-1-2] ResourceLeakDetectorFactory:196-Loaded default ResourceLeakDetector: io.netty.util.ResourceLeakDetector@336d4bc6
[DEBUG] 2023-05-13 17:04:14.858 [AsyncHttpClient-1-2] Recycler:103--Dio.netty.recycler.maxCapacityPerThread: 4096
[DEBUG] 2023-05-13 17:04:14.858 [AsyncHttpClient-1-2] Recycler:104--Dio.netty.recycler.maxSharedCapacityFactor: 2
[DEBUG] 2023-05-13 17:04:14.858 [AsyncHttpClient-1-2] Recycler:105--Dio.netty.recycler.linkCapacity: 16
[DEBUG] 2023-05-13 17:04:14.858 [AsyncHttpClient-1-2] Recycler:106--Dio.netty.recycler.ratio: 8
[DEBUG] 2023-05-13 17:04:14.858 [AsyncHttpClient-1-2] Recycler:107--Dio.netty.recycler.delayedQueue.ratio: 8
[DEBUG] 2023-05-13 17:04:15.648 [AsyncHttpClient-1-2] Brotli:38-brotli4j not in the classpath; Brotli support will be unavailable.
[DEBUG] 2023-05-13 17:04:15.849 [main] ThreadLocalRandom:214--Dio.netty.initialSeedUniquifier: 0xf27e0685a6d1df54
[INFO ] 2023-05-13 17:04:20.454 [main] BaseTest:28-Init page
[DEBUG] 2023-05-13 17:25:29.188 [main] InternalLoggerFactory:76-Using Log4J2 as the default logging framework
[DEBUG] 2023-05-13 17:25:29.188 [main] ResourceLeakDetector:129--Dio.netty.leakDetection.level: simple
[DEBUG] 2023-05-13 17:25:29.188 [main] ResourceLeakDetector:130--Dio.netty.leakDetection.targetRecords: 4
[DEBUG] 2023-05-13 17:25:29.204 [main] ResourceLeakDetectorFactory:196-Loaded default ResourceLeakDetector: io.netty.util.ResourceLeakDetector@5b4d25e7
[DEBUG] 2023-05-13 17:25:29.235 [main] PlatformDependent0:460--Dio.netty.noUnsafe: false
[DEBUG] 2023-05-13 17:25:29.235 [main] PlatformDependent0:954-Java version: 11
[DEBUG] 2023-05-13 17:25:29.235 [main] PlatformDependent0:135-sun.misc.Unsafe.theUnsafe: available
[DEBUG] 2023-05-13 17:25:29.235 [main] PlatformDependent0:159-sun.misc.Unsafe.copyMemory: available
[DEBUG] 2023-05-13 17:25:29.235 [main] PlatformDependent0:202-java.nio.Buffer.address: available
[DEBUG] 2023-05-13 17:25:29.235 [main] PlatformDependent0:285-direct buffer constructor: unavailable: Reflective setAccessible(true) disabled
[DEBUG] 2023-05-13 17:25:29.235 [main] PlatformDependent0:350-java.nio.Bits.unaligned: available, true
[DEBUG] 2023-05-13 17:25:29.235 [main] PlatformDependent0:417-jdk.internal.misc.Unsafe.allocateUninitializedArray(int): unavailable: class io.netty.util.internal.PlatformDependent0$6 cannot access class jdk.internal.misc.Unsafe (in module java.base) because module java.base does not export jdk.internal.misc to unnamed module @7144655b
[DEBUG] 2023-05-13 17:25:29.235 [main] PlatformDependent0:446-java.nio.DirectByteBuffer.<init>(long, int): unavailable
[DEBUG] 2023-05-13 17:25:29.235 [main] PlatformDependent:1103-sun.misc.Unsafe: available
[DEBUG] 2023-05-13 17:25:29.235 [main] PlatformDependent:1205-maxDirectMemory: 2109734912 bytes (maybe)
[DEBUG] 2023-05-13 17:25:29.235 [main] PlatformDependent:1224--Dio.netty.tmpdir: C:\Users\YURAKO~1.000\AppData\Local\Temp (java.io.tmpdir)
[DEBUG] 2023-05-13 17:25:29.235 [main] PlatformDependent:1303--Dio.netty.bitMode: 64 (sun.arch.data.model)
[DEBUG] 2023-05-13 17:25:29.235 [main] PlatformDependent:1063-Platform: Windows
[DEBUG] 2023-05-13 17:25:29.251 [main] PlatformDependent:178--Dio.netty.maxDirectMemory: -1 bytes
[DEBUG] 2023-05-13 17:25:29.251 [main] PlatformDependent:185--Dio.netty.uninitializedArrayAllocationThreshold: -1
[DEBUG] 2023-05-13 17:25:29.251 [main] CleanerJava9:71-java.nio.ByteBuffer.cleaner(): available
[DEBUG] 2023-05-13 17:25:29.251 [main] PlatformDependent:205--Dio.netty.noPreferDirect: false
[DEBUG] 2023-05-13 17:25:29.251 [main] PlatformDependent:967-org.jctools-core.MpscChunkedArrayQueue: available
[DEBUG] 2023-05-13 17:25:29.282 [main] InternalThreadLocalMap:83--Dio.netty.threadLocalMap.stringBuilder.initialSize: 1024
[DEBUG] 2023-05-13 17:25:29.282 [main] InternalThreadLocalMap:86--Dio.netty.threadLocalMap.stringBuilder.maxSize: 4096
[DEBUG] 2023-05-13 17:25:29.298 [main] JdkSslContext:97-Default protocols (JDK): [TLSv1.3, TLSv1.2] 
[DEBUG] 2023-05-13 17:25:29.298 [main] JdkSslContext:98-Default cipher suites (JDK): [TLS_ECDHE_ECDSA_WITH_AES_256_GCM_SHA384, TLS_ECDHE_ECDSA_WITH_AES_128_GCM_SHA256, TLS_ECDHE_RSA_WITH_AES_128_GCM_SHA256, TLS_ECDHE_RSA_WITH_AES_256_GCM_SHA384, TLS_ECDHE_RSA_WITH_AES_128_CBC_SHA, TLS_ECDHE_RSA_WITH_AES_256_CBC_SHA, TLS_RSA_WITH_AES_128_GCM_SHA256, TLS_RSA_WITH_AES_128_CBC_SHA, TLS_RSA_WITH_AES_256_CBC_SHA, TLS_AES_128_GCM_SHA256, TLS_AES_256_GCM_SHA384]
[DEBUG] 2023-05-13 17:25:29.338 [main] MultithreadEventLoopGroup:44--Dio.netty.eventLoopThreads: 16
[DEBUG] 2023-05-13 17:25:29.338 [main] NioEventLoop:106--Dio.netty.noKeySetOptimization: false
[DEBUG] 2023-05-13 17:25:29.338 [main] NioEventLoop:107--Dio.netty.selectorAutoRebuildThreshold: 512
[DEBUG] 2023-05-13 17:25:29.385 [main] PooledByteBufAllocator:155--Dio.netty.allocator.numHeapArenas: 16
[DEBUG] 2023-05-13 17:25:29.385 [main] PooledByteBufAllocator:156--Dio.netty.allocator.numDirectArenas: 16
[DEBUG] 2023-05-13 17:25:29.385 [main] PooledByteBufAllocator:158--Dio.netty.allocator.pageSize: 8192
[DEBUG] 2023-05-13 17:25:29.385 [main] PooledByteBufAllocator:163--Dio.netty.allocator.maxOrder: 11
[DEBUG] 2023-05-13 17:25:29.385 [main] PooledByteBufAllocator:167--Dio.netty.allocator.chunkSize: 16777216
[DEBUG] 2023-05-13 17:25:29.385 [main] PooledByteBufAllocator:168--Dio.netty.allocator.smallCacheSize: 256
[DEBUG] 2023-05-13 17:25:29.385 [main] PooledByteBufAllocator:169--Dio.netty.allocator.normalCacheSize: 64
[DEBUG] 2023-05-13 17:25:29.385 [main] PooledByteBufAllocator:170--Dio.netty.allocator.maxCachedBufferCapacity: 32768
[DEBUG] 2023-05-13 17:25:29.385 [main] PooledByteBufAllocator:171--Dio.netty.allocator.cacheTrimInterval: 8192
[DEBUG] 2023-05-13 17:25:29.385 [main] PooledByteBufAllocator:172--Dio.netty.allocator.cacheTrimIntervalMillis: 0
[DEBUG] 2023-05-13 17:25:29.385 [main] PooledByteBufAllocator:173--Dio.netty.allocator.useCacheForAllThreads: true
[DEBUG] 2023-05-13 17:25:29.385 [main] PooledByteBufAllocator:174--Dio.netty.allocator.maxCachedByteBuffersPerChunk: 1023
[DEBUG] 2023-05-13 17:25:29.401 [main] ByteBufUtil:87--Dio.netty.allocator.type: pooled
[DEBUG] 2023-05-13 17:25:29.401 [main] ByteBufUtil:96--Dio.netty.threadLocalDirectBufferSize: 0
[DEBUG] 2023-05-13 17:25:29.401 [main] ByteBufUtil:99--Dio.netty.maxThreadLocalCharBufferSize: 16384
[DEBUG] 2023-05-13 17:25:30.771 [Forwarding newSession on session null to remote] DefaultChannelId:79--Dio.netty.processId: 16324 (auto-detected)
[DEBUG] 2023-05-13 17:25:30.771 [Forwarding newSession on session null to remote] NetUtil:135--Djava.net.preferIPv4Stack: false
[DEBUG] 2023-05-13 17:25:30.771 [Forwarding newSession on session null to remote] NetUtil:136--Djava.net.preferIPv6Addresses: false
[DEBUG] 2023-05-13 17:25:31.007 [Forwarding newSession on session null to remote] NetUtilInitializations:129-Loopback interface: lo (Software Loopback Interface 1, 127.0.0.1)
[DEBUG] 2023-05-13 17:25:31.015 [Forwarding newSession on session null to remote] NetUtil:187-Failed to get SOMAXCONN from sysctl and file \proc\sys\net\core\somaxconn. Default: 200
[DEBUG] 2023-05-13 17:25:31.247 [Forwarding newSession on session null to remote] DefaultChannelId:101--Dio.netty.machineId: d0:c6:37:ff:fe:f7:a9:b8 (auto-detected)
[DEBUG] 2023-05-13 17:25:31.317 [AsyncHttpClient-1-2] AbstractByteBuf:63--Dio.netty.buffer.checkAccessible: true
[DEBUG] 2023-05-13 17:25:31.318 [AsyncHttpClient-1-2] AbstractByteBuf:64--Dio.netty.buffer.checkBounds: true
[DEBUG] 2023-05-13 17:25:31.318 [AsyncHttpClient-1-2] ResourceLeakDetectorFactory:196-Loaded default ResourceLeakDetector: io.netty.util.ResourceLeakDetector@c421520
[DEBUG] 2023-05-13 17:25:31.365 [AsyncHttpClient-1-2] Recycler:103--Dio.netty.recycler.maxCapacityPerThread: 4096
[DEBUG] 2023-05-13 17:25:31.365 [AsyncHttpClient-1-2] Recycler:104--Dio.netty.recycler.maxSharedCapacityFactor: 2
[DEBUG] 2023-05-13 17:25:31.365 [AsyncHttpClient-1-2] Recycler:105--Dio.netty.recycler.linkCapacity: 16
[DEBUG] 2023-05-13 17:25:31.365 [AsyncHttpClient-1-2] Recycler:106--Dio.netty.recycler.ratio: 8
[DEBUG] 2023-05-13 17:25:31.365 [AsyncHttpClient-1-2] Recycler:107--Dio.netty.recycler.delayedQueue.ratio: 8
[DEBUG] 2023-05-13 17:25:32.299 [AsyncHttpClient-1-2] Brotli:38-brotli4j not in the classpath; Brotli support will be unavailable.
[DEBUG] 2023-05-13 17:25:32.462 [main] ThreadLocalRandom:214--Dio.netty.initialSeedUniquifier: 0xb13897a94465cbfb
[INFO ] 2023-05-13 17:25:36.262 [main] BaseTest:28-Init page
[DEBUG] 2023-05-13 17:33:18.636 [main] InternalLoggerFactory:76-Using Log4J2 as the default logging framework
[DEBUG] 2023-05-13 17:33:18.636 [main] ResourceLeakDetector:129--Dio.netty.leakDetection.level: simple
[DEBUG] 2023-05-13 17:33:18.636 [main] ResourceLeakDetector:130--Dio.netty.leakDetection.targetRecords: 4
[DEBUG] 2023-05-13 17:33:18.636 [main] ResourceLeakDetectorFactory:196-Loaded default ResourceLeakDetector: io.netty.util.ResourceLeakDetector@5bb8f9e2
[DEBUG] 2023-05-13 17:33:18.652 [main] PlatformDependent0:460--Dio.netty.noUnsafe: false
[DEBUG] 2023-05-13 17:33:18.652 [main] PlatformDependent0:954-Java version: 11
[DEBUG] 2023-05-13 17:33:18.652 [main] PlatformDependent0:135-sun.misc.Unsafe.theUnsafe: available
[DEBUG] 2023-05-13 17:33:18.668 [main] PlatformDependent0:159-sun.misc.Unsafe.copyMemory: available
[DEBUG] 2023-05-13 17:33:18.668 [main] PlatformDependent0:202-java.nio.Buffer.address: available
[DEBUG] 2023-05-13 17:33:18.668 [main] PlatformDependent0:285-direct buffer constructor: unavailable: Reflective setAccessible(true) disabled
[DEBUG] 2023-05-13 17:33:18.668 [main] PlatformDependent0:350-java.nio.Bits.unaligned: available, true
[DEBUG] 2023-05-13 17:33:18.668 [main] PlatformDependent0:417-jdk.internal.misc.Unsafe.allocateUninitializedArray(int): unavailable: class io.netty.util.internal.PlatformDependent0$6 cannot access class jdk.internal.misc.Unsafe (in module java.base) because module java.base does not export jdk.internal.misc to unnamed module @4525d1d3
[DEBUG] 2023-05-13 17:33:18.668 [main] PlatformDependent0:446-java.nio.DirectByteBuffer.<init>(long, int): unavailable
[DEBUG] 2023-05-13 17:33:18.668 [main] PlatformDependent:1103-sun.misc.Unsafe: available
[DEBUG] 2023-05-13 17:33:18.668 [main] PlatformDependent:1205-maxDirectMemory: 2109734912 bytes (maybe)
[DEBUG] 2023-05-13 17:33:18.668 [main] PlatformDependent:1224--Dio.netty.tmpdir: C:\Users\YURAKO~1.000\AppData\Local\Temp (java.io.tmpdir)
[DEBUG] 2023-05-13 17:33:18.668 [main] PlatformDependent:1303--Dio.netty.bitMode: 64 (sun.arch.data.model)
[DEBUG] 2023-05-13 17:33:18.668 [main] PlatformDependent:1063-Platform: Windows
[DEBUG] 2023-05-13 17:33:18.668 [main] PlatformDependent:178--Dio.netty.maxDirectMemory: -1 bytes
[DEBUG] 2023-05-13 17:33:18.668 [main] PlatformDependent:185--Dio.netty.uninitializedArrayAllocationThreshold: -1
[DEBUG] 2023-05-13 17:33:18.668 [main] CleanerJava9:71-java.nio.ByteBuffer.cleaner(): available
[DEBUG] 2023-05-13 17:33:18.668 [main] PlatformDependent:205--Dio.netty.noPreferDirect: false
[DEBUG] 2023-05-13 17:33:18.668 [main] PlatformDependent:967-org.jctools-core.MpscChunkedArrayQueue: available
[DEBUG] 2023-05-13 17:33:18.683 [main] InternalThreadLocalMap:83--Dio.netty.threadLocalMap.stringBuilder.initialSize: 1024
[DEBUG] 2023-05-13 17:33:18.683 [main] InternalThreadLocalMap:86--Dio.netty.threadLocalMap.stringBuilder.maxSize: 4096
[DEBUG] 2023-05-13 17:33:18.761 [main] JdkSslContext:97-Default protocols (JDK): [TLSv1.3, TLSv1.2] 
[DEBUG] 2023-05-13 17:33:18.761 [main] JdkSslContext:98-Default cipher suites (JDK): [TLS_ECDHE_ECDSA_WITH_AES_256_GCM_SHA384, TLS_ECDHE_ECDSA_WITH_AES_128_GCM_SHA256, TLS_ECDHE_RSA_WITH_AES_128_GCM_SHA256, TLS_ECDHE_RSA_WITH_AES_256_GCM_SHA384, TLS_ECDHE_RSA_WITH_AES_128_CBC_SHA, TLS_ECDHE_RSA_WITH_AES_256_CBC_SHA, TLS_RSA_WITH_AES_128_GCM_SHA256, TLS_RSA_WITH_AES_128_CBC_SHA, TLS_RSA_WITH_AES_256_CBC_SHA, TLS_AES_128_GCM_SHA256, TLS_AES_256_GCM_SHA384]
[DEBUG] 2023-05-13 17:33:18.793 [main] MultithreadEventLoopGroup:44--Dio.netty.eventLoopThreads: 16
[DEBUG] 2023-05-13 17:33:18.793 [main] NioEventLoop:106--Dio.netty.noKeySetOptimization: false
[DEBUG] 2023-05-13 17:33:18.793 [main] NioEventLoop:107--Dio.netty.selectorAutoRebuildThreshold: 512
[DEBUG] 2023-05-13 17:33:18.824 [main] PooledByteBufAllocator:155--Dio.netty.allocator.numHeapArenas: 16
[DEBUG] 2023-05-13 17:33:18.824 [main] PooledByteBufAllocator:156--Dio.netty.allocator.numDirectArenas: 16
[DEBUG] 2023-05-13 17:33:18.824 [main] PooledByteBufAllocator:158--Dio.netty.allocator.pageSize: 8192
[DEBUG] 2023-05-13 17:33:18.824 [main] PooledByteBufAllocator:163--Dio.netty.allocator.maxOrder: 11
[DEBUG] 2023-05-13 17:33:18.824 [main] PooledByteBufAllocator:167--Dio.netty.allocator.chunkSize: 16777216
[DEBUG] 2023-05-13 17:33:18.824 [main] PooledByteBufAllocator:168--Dio.netty.allocator.smallCacheSize: 256
[DEBUG] 2023-05-13 17:33:18.824 [main] PooledByteBufAllocator:169--Dio.netty.allocator.normalCacheSize: 64
[DEBUG] 2023-05-13 17:33:18.824 [main] PooledByteBufAllocator:170--Dio.netty.allocator.maxCachedBufferCapacity: 32768
[DEBUG] 2023-05-13 17:33:18.824 [main] PooledByteBufAllocator:171--Dio.netty.allocator.cacheTrimInterval: 8192
[DEBUG] 2023-05-13 17:33:18.824 [main] PooledByteBufAllocator:172--Dio.netty.allocator.cacheTrimIntervalMillis: 0
[DEBUG] 2023-05-13 17:33:18.824 [main] PooledByteBufAllocator:173--Dio.netty.allocator.useCacheForAllThreads: true
[DEBUG] 2023-05-13 17:33:18.824 [main] PooledByteBufAllocator:174--Dio.netty.allocator.maxCachedByteBuffersPerChunk: 1023
[DEBUG] 2023-05-13 17:33:18.839 [main] ByteBufUtil:87--Dio.netty.allocator.type: pooled
[DEBUG] 2023-05-13 17:33:18.839 [main] ByteBufUtil:96--Dio.netty.threadLocalDirectBufferSize: 0
[DEBUG] 2023-05-13 17:33:18.839 [main] ByteBufUtil:99--Dio.netty.maxThreadLocalCharBufferSize: 16384
[DEBUG] 2023-05-13 17:33:19.653 [Forwarding newSession on session null to remote] DefaultChannelId:79--Dio.netty.processId: 17492 (auto-detected)
[DEBUG] 2023-05-13 17:33:19.669 [Forwarding newSession on session null to remote] NetUtil:135--Djava.net.preferIPv4Stack: false
[DEBUG] 2023-05-13 17:33:19.669 [Forwarding newSession on session null to remote] NetUtil:136--Djava.net.preferIPv6Addresses: false
[DEBUG] 2023-05-13 17:33:19.875 [Forwarding newSession on session null to remote] NetUtilInitializations:129-Loopback interface: lo (Software Loopback Interface 1, 127.0.0.1)
[DEBUG] 2023-05-13 17:33:19.875 [Forwarding newSession on session null to remote] NetUtil:187-Failed to get SOMAXCONN from sysctl and file \proc\sys\net\core\somaxconn. Default: 200
[DEBUG] 2023-05-13 17:33:20.196 [Forwarding newSession on session null to remote] DefaultChannelId:101--Dio.netty.machineId: d0:c6:37:ff:fe:f7:a9:b8 (auto-detected)
[DEBUG] 2023-05-13 17:33:20.243 [AsyncHttpClient-1-2] AbstractByteBuf:63--Dio.netty.buffer.checkAccessible: true
[DEBUG] 2023-05-13 17:33:20.243 [AsyncHttpClient-1-2] AbstractByteBuf:64--Dio.netty.buffer.checkBounds: true
[DEBUG] 2023-05-13 17:33:20.243 [AsyncHttpClient-1-2] ResourceLeakDetectorFactory:196-Loaded default ResourceLeakDetector: io.netty.util.ResourceLeakDetector@3b0007aa
[DEBUG] 2023-05-13 17:33:20.274 [AsyncHttpClient-1-2] Recycler:103--Dio.netty.recycler.maxCapacityPerThread: 4096
[DEBUG] 2023-05-13 17:33:20.274 [AsyncHttpClient-1-2] Recycler:104--Dio.netty.recycler.maxSharedCapacityFactor: 2
[DEBUG] 2023-05-13 17:33:20.274 [AsyncHttpClient-1-2] Recycler:105--Dio.netty.recycler.linkCapacity: 16
[DEBUG] 2023-05-13 17:33:20.274 [AsyncHttpClient-1-2] Recycler:106--Dio.netty.recycler.ratio: 8
[DEBUG] 2023-05-13 17:33:20.274 [AsyncHttpClient-1-2] Recycler:107--Dio.netty.recycler.delayedQueue.ratio: 8
[DEBUG] 2023-05-13 17:33:21.058 [AsyncHttpClient-1-2] Brotli:38-brotli4j not in the classpath; Brotli support will be unavailable.
[DEBUG] 2023-05-13 17:33:21.357 [main] ThreadLocalRandom:214--Dio.netty.initialSeedUniquifier: 0x10fa3dc051ff6e04
[INFO ] 2023-05-13 17:33:24.514 [main] BaseTest:28-Init page
[DEBUG] 2023-05-13 17:50:34.412 [main] InternalLoggerFactory:76-Using Log4J2 as the default logging framework
[DEBUG] 2023-05-13 17:50:34.429 [main] ResourceLeakDetector:129--Dio.netty.leakDetection.level: simple
[DEBUG] 2023-05-13 17:50:34.431 [main] ResourceLeakDetector:130--Dio.netty.leakDetection.targetRecords: 4
[DEBUG] 2023-05-13 17:50:34.438 [main] ResourceLeakDetectorFactory:196-Loaded default ResourceLeakDetector: io.netty.util.ResourceLeakDetector@2a037324
[DEBUG] 2023-05-13 17:50:34.462 [main] PlatformDependent0:460--Dio.netty.noUnsafe: false
[DEBUG] 2023-05-13 17:50:34.462 [main] PlatformDependent0:954-Java version: 11
[DEBUG] 2023-05-13 17:50:34.479 [main] PlatformDependent0:135-sun.misc.Unsafe.theUnsafe: available
[DEBUG] 2023-05-13 17:50:34.482 [main] PlatformDependent0:159-sun.misc.Unsafe.copyMemory: available
[DEBUG] 2023-05-13 17:50:34.482 [main] PlatformDependent0:202-java.nio.Buffer.address: available
[DEBUG] 2023-05-13 17:50:34.482 [main] PlatformDependent0:285-direct buffer constructor: unavailable: Reflective setAccessible(true) disabled
[DEBUG] 2023-05-13 17:50:34.482 [main] PlatformDependent0:350-java.nio.Bits.unaligned: available, true
[DEBUG] 2023-05-13 17:50:34.487 [main] PlatformDependent0:417-jdk.internal.misc.Unsafe.allocateUninitializedArray(int): unavailable: class io.netty.util.internal.PlatformDependent0$6 cannot access class jdk.internal.misc.Unsafe (in module java.base) because module java.base does not export jdk.internal.misc to unnamed module @2e52fb3e
[DEBUG] 2023-05-13 17:50:34.487 [main] PlatformDependent0:446-java.nio.DirectByteBuffer.<init>(long, int): unavailable
[DEBUG] 2023-05-13 17:50:34.487 [main] PlatformDependent:1103-sun.misc.Unsafe: available
[DEBUG] 2023-05-13 17:50:34.492 [main] PlatformDependent:1205-maxDirectMemory: 2109734912 bytes (maybe)
[DEBUG] 2023-05-13 17:50:34.493 [main] PlatformDependent:1224--Dio.netty.tmpdir: C:\Users\YURAKO~1.000\AppData\Local\Temp (java.io.tmpdir)
[DEBUG] 2023-05-13 17:50:34.493 [main] PlatformDependent:1303--Dio.netty.bitMode: 64 (sun.arch.data.model)
[DEBUG] 2023-05-13 17:50:34.493 [main] PlatformDependent:1063-Platform: Windows
[DEBUG] 2023-05-13 17:50:34.493 [main] PlatformDependent:178--Dio.netty.maxDirectMemory: -1 bytes
[DEBUG] 2023-05-13 17:50:34.493 [main] PlatformDependent:185--Dio.netty.uninitializedArrayAllocationThreshold: -1
[DEBUG] 2023-05-13 17:50:34.493 [main] CleanerJava9:71-java.nio.ByteBuffer.cleaner(): available
[DEBUG] 2023-05-13 17:50:34.493 [main] PlatformDependent:205--Dio.netty.noPreferDirect: false
[DEBUG] 2023-05-13 17:50:34.511 [main] PlatformDependent:967-org.jctools-core.MpscChunkedArrayQueue: available
[DEBUG] 2023-05-13 17:50:34.567 [main] InternalThreadLocalMap:83--Dio.netty.threadLocalMap.stringBuilder.initialSize: 1024
[DEBUG] 2023-05-13 17:50:34.567 [main] InternalThreadLocalMap:86--Dio.netty.threadLocalMap.stringBuilder.maxSize: 4096
[DEBUG] 2023-05-13 17:50:34.655 [main] JdkSslContext:97-Default protocols (JDK): [TLSv1.3, TLSv1.2] 
[DEBUG] 2023-05-13 17:50:34.655 [main] JdkSslContext:98-Default cipher suites (JDK): [TLS_ECDHE_ECDSA_WITH_AES_256_GCM_SHA384, TLS_ECDHE_ECDSA_WITH_AES_128_GCM_SHA256, TLS_ECDHE_RSA_WITH_AES_128_GCM_SHA256, TLS_ECDHE_RSA_WITH_AES_256_GCM_SHA384, TLS_ECDHE_RSA_WITH_AES_128_CBC_SHA, TLS_ECDHE_RSA_WITH_AES_256_CBC_SHA, TLS_RSA_WITH_AES_128_GCM_SHA256, TLS_RSA_WITH_AES_128_CBC_SHA, TLS_RSA_WITH_AES_256_CBC_SHA, TLS_AES_128_GCM_SHA256, TLS_AES_256_GCM_SHA384]
[DEBUG] 2023-05-13 17:50:34.710 [main] MultithreadEventLoopGroup:44--Dio.netty.eventLoopThreads: 16
[DEBUG] 2023-05-13 17:50:34.727 [main] NioEventLoop:106--Dio.netty.noKeySetOptimization: false
[DEBUG] 2023-05-13 17:50:34.728 [main] NioEventLoop:107--Dio.netty.selectorAutoRebuildThreshold: 512
[DEBUG] 2023-05-13 17:50:34.821 [main] PooledByteBufAllocator:155--Dio.netty.allocator.numHeapArenas: 16
[DEBUG] 2023-05-13 17:50:34.821 [main] PooledByteBufAllocator:156--Dio.netty.allocator.numDirectArenas: 16
[DEBUG] 2023-05-13 17:50:34.822 [main] PooledByteBufAllocator:158--Dio.netty.allocator.pageSize: 8192
[DEBUG] 2023-05-13 17:50:34.822 [main] PooledByteBufAllocator:163--Dio.netty.allocator.maxOrder: 11
[DEBUG] 2023-05-13 17:50:34.823 [main] PooledByteBufAllocator:167--Dio.netty.allocator.chunkSize: 16777216
[DEBUG] 2023-05-13 17:50:34.823 [main] PooledByteBufAllocator:168--Dio.netty.allocator.smallCacheSize: 256
[DEBUG] 2023-05-13 17:50:34.824 [main] PooledByteBufAllocator:169--Dio.netty.allocator.normalCacheSize: 64
[DEBUG] 2023-05-13 17:50:34.824 [main] PooledByteBufAllocator:170--Dio.netty.allocator.maxCachedBufferCapacity: 32768
[DEBUG] 2023-05-13 17:50:34.824 [main] PooledByteBufAllocator:171--Dio.netty.allocator.cacheTrimInterval: 8192
[DEBUG] 2023-05-13 17:50:34.825 [main] PooledByteBufAllocator:172--Dio.netty.allocator.cacheTrimIntervalMillis: 0
[DEBUG] 2023-05-13 17:50:34.825 [main] PooledByteBufAllocator:173--Dio.netty.allocator.useCacheForAllThreads: true
[DEBUG] 2023-05-13 17:50:34.825 [main] PooledByteBufAllocator:174--Dio.netty.allocator.maxCachedByteBuffersPerChunk: 1023
[DEBUG] 2023-05-13 17:50:34.845 [main] ByteBufUtil:87--Dio.netty.allocator.type: pooled
[DEBUG] 2023-05-13 17:50:34.847 [main] ByteBufUtil:96--Dio.netty.threadLocalDirectBufferSize: 0
[DEBUG] 2023-05-13 17:50:34.847 [main] ByteBufUtil:99--Dio.netty.maxThreadLocalCharBufferSize: 16384
[DEBUG] 2023-05-13 17:50:35.943 [Forwarding newSession on session null to remote] DefaultChannelId:79--Dio.netty.processId: 9312 (auto-detected)
[DEBUG] 2023-05-13 17:50:35.943 [Forwarding newSession on session null to remote] NetUtil:135--Djava.net.preferIPv4Stack: false
[DEBUG] 2023-05-13 17:50:35.949 [Forwarding newSession on session null to remote] NetUtil:136--Djava.net.preferIPv6Addresses: false
[DEBUG] 2023-05-13 17:50:36.406 [Forwarding newSession on session null to remote] NetUtilInitializations:129-Loopback interface: lo (Software Loopback Interface 1, 127.0.0.1)
[DEBUG] 2023-05-13 17:50:36.406 [Forwarding newSession on session null to remote] NetUtil:187-Failed to get SOMAXCONN from sysctl and file \proc\sys\net\core\somaxconn. Default: 200
[DEBUG] 2023-05-13 17:50:36.991 [Forwarding newSession on session null to remote] DefaultChannelId:101--Dio.netty.machineId: d0:c6:37:ff:fe:f7:a9:b8 (auto-detected)
[DEBUG] 2023-05-13 17:50:37.051 [AsyncHttpClient-1-2] AbstractByteBuf:63--Dio.netty.buffer.checkAccessible: true
[DEBUG] 2023-05-13 17:50:37.065 [AsyncHttpClient-1-2] AbstractByteBuf:64--Dio.netty.buffer.checkBounds: true
[DEBUG] 2023-05-13 17:50:37.065 [AsyncHttpClient-1-2] ResourceLeakDetectorFactory:196-Loaded default ResourceLeakDetector: io.netty.util.ResourceLeakDetector@6d251a97
[DEBUG] 2023-05-13 17:50:37.118 [AsyncHttpClient-1-2] Recycler:103--Dio.netty.recycler.maxCapacityPerThread: 4096
[DEBUG] 2023-05-13 17:50:37.118 [AsyncHttpClient-1-2] Recycler:104--Dio.netty.recycler.maxSharedCapacityFactor: 2
[DEBUG] 2023-05-13 17:50:37.119 [AsyncHttpClient-1-2] Recycler:105--Dio.netty.recycler.linkCapacity: 16
[DEBUG] 2023-05-13 17:50:37.119 [AsyncHttpClient-1-2] Recycler:106--Dio.netty.recycler.ratio: 8
[DEBUG] 2023-05-13 17:50:37.119 [AsyncHttpClient-1-2] Recycler:107--Dio.netty.recycler.delayedQueue.ratio: 8
[DEBUG] 2023-05-13 17:50:38.322 [AsyncHttpClient-1-2] Brotli:38-brotli4j not in the classpath; Brotli support will be unavailable.
[DEBUG] 2023-05-13 17:50:38.726 [main] ThreadLocalRandom:214--Dio.netty.initialSeedUniquifier: 0x60f8f0d6883ac90e
[INFO ] 2023-05-13 17:50:45.687 [main] BaseTest:28-Init page
[DEBUG] 2023-05-13 17:51:51.466 [main] InternalLoggerFactory:76-Using Log4J2 as the default logging framework
[DEBUG] 2023-05-13 17:51:51.488 [main] ResourceLeakDetector:129--Dio.netty.leakDetection.level: simple
[DEBUG] 2023-05-13 17:51:51.489 [main] ResourceLeakDetector:130--Dio.netty.leakDetection.targetRecords: 4
[DEBUG] 2023-05-13 17:51:51.498 [main] ResourceLeakDetectorFactory:196-Loaded default ResourceLeakDetector: io.netty.util.ResourceLeakDetector@5491f68b
[DEBUG] 2023-05-13 17:51:51.543 [main] PlatformDependent0:460--Dio.netty.noUnsafe: false
[DEBUG] 2023-05-13 17:51:51.543 [main] PlatformDependent0:954-Java version: 11
[DEBUG] 2023-05-13 17:51:51.552 [main] PlatformDependent0:135-sun.misc.Unsafe.theUnsafe: available
[DEBUG] 2023-05-13 17:51:51.555 [main] PlatformDependent0:159-sun.misc.Unsafe.copyMemory: available
[DEBUG] 2023-05-13 17:51:51.558 [main] PlatformDependent0:202-java.nio.Buffer.address: available
[DEBUG] 2023-05-13 17:51:51.561 [main] PlatformDependent0:285-direct buffer constructor: unavailable: Reflective setAccessible(true) disabled
[DEBUG] 2023-05-13 17:51:51.563 [main] PlatformDependent0:350-java.nio.Bits.unaligned: available, true
[DEBUG] 2023-05-13 17:51:51.568 [main] PlatformDependent0:417-jdk.internal.misc.Unsafe.allocateUninitializedArray(int): unavailable: class io.netty.util.internal.PlatformDependent0$6 cannot access class jdk.internal.misc.Unsafe (in module java.base) because module java.base does not export jdk.internal.misc to unnamed module @682c1e93
[DEBUG] 2023-05-13 17:51:51.569 [main] PlatformDependent0:446-java.nio.DirectByteBuffer.<init>(long, int): unavailable
[DEBUG] 2023-05-13 17:51:51.569 [main] PlatformDependent:1103-sun.misc.Unsafe: available
[DEBUG] 2023-05-13 17:51:51.575 [main] PlatformDependent:1205-maxDirectMemory: 2109734912 bytes (maybe)
[DEBUG] 2023-05-13 17:51:51.575 [main] PlatformDependent:1224--Dio.netty.tmpdir: C:\Users\YURAKO~1.000\AppData\Local\Temp (java.io.tmpdir)
[DEBUG] 2023-05-13 17:51:51.575 [main] PlatformDependent:1303--Dio.netty.bitMode: 64 (sun.arch.data.model)
[DEBUG] 2023-05-13 17:51:51.580 [main] PlatformDependent:1063-Platform: Windows
[DEBUG] 2023-05-13 17:51:51.583 [main] PlatformDependent:178--Dio.netty.maxDirectMemory: -1 bytes
[DEBUG] 2023-05-13 17:51:51.583 [main] PlatformDependent:185--Dio.netty.uninitializedArrayAllocationThreshold: -1
[DEBUG] 2023-05-13 17:51:51.585 [main] CleanerJava9:71-java.nio.ByteBuffer.cleaner(): available
[DEBUG] 2023-05-13 17:51:51.585 [main] PlatformDependent:205--Dio.netty.noPreferDirect: false
[DEBUG] 2023-05-13 17:51:51.607 [main] PlatformDependent:967-org.jctools-core.MpscChunkedArrayQueue: available
[DEBUG] 2023-05-13 17:51:51.651 [main] InternalThreadLocalMap:83--Dio.netty.threadLocalMap.stringBuilder.initialSize: 1024
[DEBUG] 2023-05-13 17:51:51.652 [main] InternalThreadLocalMap:86--Dio.netty.threadLocalMap.stringBuilder.maxSize: 4096
[DEBUG] 2023-05-13 17:51:51.749 [main] JdkSslContext:97-Default protocols (JDK): [TLSv1.3, TLSv1.2] 
[DEBUG] 2023-05-13 17:51:51.750 [main] JdkSslContext:98-Default cipher suites (JDK): [TLS_ECDHE_ECDSA_WITH_AES_256_GCM_SHA384, TLS_ECDHE_ECDSA_WITH_AES_128_GCM_SHA256, TLS_ECDHE_RSA_WITH_AES_128_GCM_SHA256, TLS_ECDHE_RSA_WITH_AES_256_GCM_SHA384, TLS_ECDHE_RSA_WITH_AES_128_CBC_SHA, TLS_ECDHE_RSA_WITH_AES_256_CBC_SHA, TLS_RSA_WITH_AES_128_GCM_SHA256, TLS_RSA_WITH_AES_128_CBC_SHA, TLS_RSA_WITH_AES_256_CBC_SHA, TLS_AES_128_GCM_SHA256, TLS_AES_256_GCM_SHA384]
[DEBUG] 2023-05-13 17:51:51.865 [main] MultithreadEventLoopGroup:44--Dio.netty.eventLoopThreads: 16
[DEBUG] 2023-05-13 17:51:51.899 [main] NioEventLoop:106--Dio.netty.noKeySetOptimization: false
[DEBUG] 2023-05-13 17:51:51.899 [main] NioEventLoop:107--Dio.netty.selectorAutoRebuildThreshold: 512
[DEBUG] 2023-05-13 17:51:52.058 [main] PooledByteBufAllocator:155--Dio.netty.allocator.numHeapArenas: 16
[DEBUG] 2023-05-13 17:51:52.058 [main] PooledByteBufAllocator:156--Dio.netty.allocator.numDirectArenas: 16
[DEBUG] 2023-05-13 17:51:52.063 [main] PooledByteBufAllocator:158--Dio.netty.allocator.pageSize: 8192
[DEBUG] 2023-05-13 17:51:52.064 [main] PooledByteBufAllocator:163--Dio.netty.allocator.maxOrder: 11
[DEBUG] 2023-05-13 17:51:52.064 [main] PooledByteBufAllocator:167--Dio.netty.allocator.chunkSize: 16777216
[DEBUG] 2023-05-13 17:51:52.065 [main] PooledByteBufAllocator:168--Dio.netty.allocator.smallCacheSize: 256
[DEBUG] 2023-05-13 17:51:52.065 [main] PooledByteBufAllocator:169--Dio.netty.allocator.normalCacheSize: 64
[DEBUG] 2023-05-13 17:51:52.066 [main] PooledByteBufAllocator:170--Dio.netty.allocator.maxCachedBufferCapacity: 32768
[DEBUG] 2023-05-13 17:51:52.066 [main] PooledByteBufAllocator:171--Dio.netty.allocator.cacheTrimInterval: 8192
[DEBUG] 2023-05-13 17:51:52.067 [main] PooledByteBufAllocator:172--Dio.netty.allocator.cacheTrimIntervalMillis: 0
[DEBUG] 2023-05-13 17:51:52.068 [main] PooledByteBufAllocator:173--Dio.netty.allocator.useCacheForAllThreads: true
[DEBUG] 2023-05-13 17:51:52.068 [main] PooledByteBufAllocator:174--Dio.netty.allocator.maxCachedByteBuffersPerChunk: 1023
[DEBUG] 2023-05-13 17:51:52.098 [main] ByteBufUtil:87--Dio.netty.allocator.type: pooled
[DEBUG] 2023-05-13 17:51:52.098 [main] ByteBufUtil:96--Dio.netty.threadLocalDirectBufferSize: 0
[DEBUG] 2023-05-13 17:51:52.099 [main] ByteBufUtil:99--Dio.netty.maxThreadLocalCharBufferSize: 16384
[DEBUG] 2023-05-13 17:51:53.273 [Forwarding newSession on session null to remote] DefaultChannelId:79--Dio.netty.processId: 2064 (auto-detected)
[DEBUG] 2023-05-13 17:51:53.277 [Forwarding newSession on session null to remote] NetUtil:135--Djava.net.preferIPv4Stack: false
[DEBUG] 2023-05-13 17:51:53.277 [Forwarding newSession on session null to remote] NetUtil:136--Djava.net.preferIPv6Addresses: false
[DEBUG] 2023-05-13 17:51:53.757 [Forwarding newSession on session null to remote] NetUtilInitializations:129-Loopback interface: lo (Software Loopback Interface 1, 127.0.0.1)
[DEBUG] 2023-05-13 17:51:53.757 [Forwarding newSession on session null to remote] NetUtil:187-Failed to get SOMAXCONN from sysctl and file \proc\sys\net\core\somaxconn. Default: 200
[DEBUG] 2023-05-13 17:51:54.438 [Forwarding newSession on session null to remote] DefaultChannelId:101--Dio.netty.machineId: d0:c6:37:ff:fe:f7:a9:b8 (auto-detected)
[DEBUG] 2023-05-13 17:51:54.520 [AsyncHttpClient-1-2] AbstractByteBuf:63--Dio.netty.buffer.checkAccessible: true
[DEBUG] 2023-05-13 17:51:54.528 [AsyncHttpClient-1-2] AbstractByteBuf:64--Dio.netty.buffer.checkBounds: true
[DEBUG] 2023-05-13 17:51:54.528 [AsyncHttpClient-1-2] ResourceLeakDetectorFactory:196-Loaded default ResourceLeakDetector: io.netty.util.ResourceLeakDetector@52419a67
[DEBUG] 2023-05-13 17:51:54.578 [AsyncHttpClient-1-2] Recycler:103--Dio.netty.recycler.maxCapacityPerThread: 4096
[DEBUG] 2023-05-13 17:51:54.579 [AsyncHttpClient-1-2] Recycler:104--Dio.netty.recycler.maxSharedCapacityFactor: 2
[DEBUG] 2023-05-13 17:51:54.579 [AsyncHttpClient-1-2] Recycler:105--Dio.netty.recycler.linkCapacity: 16
[DEBUG] 2023-05-13 17:51:54.579 [AsyncHttpClient-1-2] Recycler:106--Dio.netty.recycler.ratio: 8
[DEBUG] 2023-05-13 17:51:54.580 [AsyncHttpClient-1-2] Recycler:107--Dio.netty.recycler.delayedQueue.ratio: 8
[DEBUG] 2023-05-13 17:51:55.722 [AsyncHttpClient-1-2] Brotli:38-brotli4j not in the classpath; Brotli support will be unavailable.
[DEBUG] 2023-05-13 17:51:56.121 [main] ThreadLocalRandom:214--Dio.netty.initialSeedUniquifier: 0x4aec1ae2868c5de0
[INFO ] 2023-05-13 17:52:02.155 [main] BaseTest:28-Init page
[DEBUG] 2023-05-13 18:39:47.523 [main] InternalLoggerFactory:76-Using Log4J2 as the default logging framework
[DEBUG] 2023-05-13 18:39:47.523 [main] ResourceLeakDetector:129--Dio.netty.leakDetection.level: simple
[DEBUG] 2023-05-13 18:39:47.523 [main] ResourceLeakDetector:130--Dio.netty.leakDetection.targetRecords: 4
[DEBUG] 2023-05-13 18:39:47.523 [main] ResourceLeakDetectorFactory:196-Loaded default ResourceLeakDetector: io.netty.util.ResourceLeakDetector@58d63b16
[DEBUG] 2023-05-13 18:39:47.554 [main] PlatformDependent0:460--Dio.netty.noUnsafe: false
[DEBUG] 2023-05-13 18:39:47.554 [main] PlatformDependent0:954-Java version: 11
[DEBUG] 2023-05-13 18:39:47.554 [main] PlatformDependent0:135-sun.misc.Unsafe.theUnsafe: available
[DEBUG] 2023-05-13 18:39:47.554 [main] PlatformDependent0:159-sun.misc.Unsafe.copyMemory: available
[DEBUG] 2023-05-13 18:39:47.554 [main] PlatformDependent0:202-java.nio.Buffer.address: available
[DEBUG] 2023-05-13 18:39:47.554 [main] PlatformDependent0:285-direct buffer constructor: unavailable: Reflective setAccessible(true) disabled
[DEBUG] 2023-05-13 18:39:47.554 [main] PlatformDependent0:350-java.nio.Bits.unaligned: available, true
[DEBUG] 2023-05-13 18:39:47.554 [main] PlatformDependent0:417-jdk.internal.misc.Unsafe.allocateUninitializedArray(int): unavailable: class io.netty.util.internal.PlatformDependent0$6 cannot access class jdk.internal.misc.Unsafe (in module java.base) because module java.base does not export jdk.internal.misc to unnamed module @7a231dfd
[DEBUG] 2023-05-13 18:39:47.554 [main] PlatformDependent0:446-java.nio.DirectByteBuffer.<init>(long, int): unavailable
[DEBUG] 2023-05-13 18:39:47.554 [main] PlatformDependent:1103-sun.misc.Unsafe: available
[DEBUG] 2023-05-13 18:39:47.554 [main] PlatformDependent:1205-maxDirectMemory: 2109734912 bytes (maybe)
[DEBUG] 2023-05-13 18:39:47.554 [main] PlatformDependent:1224--Dio.netty.tmpdir: C:\Users\YURAKO~1.000\AppData\Local\Temp (java.io.tmpdir)
[DEBUG] 2023-05-13 18:39:47.554 [main] PlatformDependent:1303--Dio.netty.bitMode: 64 (sun.arch.data.model)
[DEBUG] 2023-05-13 18:39:47.554 [main] PlatformDependent:1063-Platform: Windows
[DEBUG] 2023-05-13 18:39:47.554 [main] PlatformDependent:178--Dio.netty.maxDirectMemory: -1 bytes
[DEBUG] 2023-05-13 18:39:47.554 [main] PlatformDependent:185--Dio.netty.uninitializedArrayAllocationThreshold: -1
[DEBUG] 2023-05-13 18:39:47.554 [main] CleanerJava9:71-java.nio.ByteBuffer.cleaner(): available
[DEBUG] 2023-05-13 18:39:47.554 [main] PlatformDependent:205--Dio.netty.noPreferDirect: false
[DEBUG] 2023-05-13 18:39:47.570 [main] PlatformDependent:967-org.jctools-core.MpscChunkedArrayQueue: available
[DEBUG] 2023-05-13 18:39:47.585 [main] InternalThreadLocalMap:83--Dio.netty.threadLocalMap.stringBuilder.initialSize: 1024
[DEBUG] 2023-05-13 18:39:47.585 [main] InternalThreadLocalMap:86--Dio.netty.threadLocalMap.stringBuilder.maxSize: 4096
[DEBUG] 2023-05-13 18:39:47.601 [main] JdkSslContext:97-Default protocols (JDK): [TLSv1.3, TLSv1.2] 
[DEBUG] 2023-05-13 18:39:47.601 [main] JdkSslContext:98-Default cipher suites (JDK): [TLS_ECDHE_ECDSA_WITH_AES_256_GCM_SHA384, TLS_ECDHE_ECDSA_WITH_AES_128_GCM_SHA256, TLS_ECDHE_RSA_WITH_AES_128_GCM_SHA256, TLS_ECDHE_RSA_WITH_AES_256_GCM_SHA384, TLS_ECDHE_RSA_WITH_AES_128_CBC_SHA, TLS_ECDHE_RSA_WITH_AES_256_CBC_SHA, TLS_RSA_WITH_AES_128_GCM_SHA256, TLS_RSA_WITH_AES_128_CBC_SHA, TLS_RSA_WITH_AES_256_CBC_SHA, TLS_AES_128_GCM_SHA256, TLS_AES_256_GCM_SHA384]
[DEBUG] 2023-05-13 18:39:47.617 [main] MultithreadEventLoopGroup:44--Dio.netty.eventLoopThreads: 16
[DEBUG] 2023-05-13 18:39:47.632 [main] NioEventLoop:106--Dio.netty.noKeySetOptimization: false
[DEBUG] 2023-05-13 18:39:47.632 [main] NioEventLoop:107--Dio.netty.selectorAutoRebuildThreshold: 512
[DEBUG] 2023-05-13 18:39:47.679 [main] PooledByteBufAllocator:155--Dio.netty.allocator.numHeapArenas: 16
[DEBUG] 2023-05-13 18:39:47.679 [main] PooledByteBufAllocator:156--Dio.netty.allocator.numDirectArenas: 16
[DEBUG] 2023-05-13 18:39:47.679 [main] PooledByteBufAllocator:158--Dio.netty.allocator.pageSize: 8192
[DEBUG] 2023-05-13 18:39:47.679 [main] PooledByteBufAllocator:163--Dio.netty.allocator.maxOrder: 11
[DEBUG] 2023-05-13 18:39:47.679 [main] PooledByteBufAllocator:167--Dio.netty.allocator.chunkSize: 16777216
[DEBUG] 2023-05-13 18:39:47.679 [main] PooledByteBufAllocator:168--Dio.netty.allocator.smallCacheSize: 256
[DEBUG] 2023-05-13 18:39:47.679 [main] PooledByteBufAllocator:169--Dio.netty.allocator.normalCacheSize: 64
[DEBUG] 2023-05-13 18:39:47.679 [main] PooledByteBufAllocator:170--Dio.netty.allocator.maxCachedBufferCapacity: 32768
[DEBUG] 2023-05-13 18:39:47.679 [main] PooledByteBufAllocator:171--Dio.netty.allocator.cacheTrimInterval: 8192
[DEBUG] 2023-05-13 18:39:47.679 [main] PooledByteBufAllocator:172--Dio.netty.allocator.cacheTrimIntervalMillis: 0
[DEBUG] 2023-05-13 18:39:47.679 [main] PooledByteBufAllocator:173--Dio.netty.allocator.useCacheForAllThreads: true
[DEBUG] 2023-05-13 18:39:47.679 [main] PooledByteBufAllocator:174--Dio.netty.allocator.maxCachedByteBuffersPerChunk: 1023
[DEBUG] 2023-05-13 18:39:47.695 [main] ByteBufUtil:87--Dio.netty.allocator.type: pooled
[DEBUG] 2023-05-13 18:39:47.695 [main] ByteBufUtil:96--Dio.netty.threadLocalDirectBufferSize: 0
[DEBUG] 2023-05-13 18:39:47.695 [main] ByteBufUtil:99--Dio.netty.maxThreadLocalCharBufferSize: 16384
[DEBUG] 2023-05-13 18:39:48.479 [Forwarding newSession on session null to remote] DefaultChannelId:79--Dio.netty.processId: 13472 (auto-detected)
[DEBUG] 2023-05-13 18:39:48.479 [Forwarding newSession on session null to remote] NetUtil:135--Djava.net.preferIPv4Stack: false
[DEBUG] 2023-05-13 18:39:48.479 [Forwarding newSession on session null to remote] NetUtil:136--Djava.net.preferIPv6Addresses: false
[DEBUG] 2023-05-13 18:39:48.691 [Forwarding newSession on session null to remote] NetUtilInitializations:129-Loopback interface: lo (Software Loopback Interface 1, 127.0.0.1)
[DEBUG] 2023-05-13 18:39:48.707 [Forwarding newSession on session null to remote] NetUtil:187-Failed to get SOMAXCONN from sysctl and file \proc\sys\net\core\somaxconn. Default: 200
[DEBUG] 2023-05-13 18:39:48.941 [Forwarding newSession on session null to remote] DefaultChannelId:101--Dio.netty.machineId: d0:c6:37:ff:fe:f7:a9:b8 (auto-detected)
[DEBUG] 2023-05-13 18:39:48.992 [AsyncHttpClient-1-2] AbstractByteBuf:63--Dio.netty.buffer.checkAccessible: true
[DEBUG] 2023-05-13 18:39:48.992 [AsyncHttpClient-1-2] AbstractByteBuf:64--Dio.netty.buffer.checkBounds: true
[DEBUG] 2023-05-13 18:39:48.992 [AsyncHttpClient-1-2] ResourceLeakDetectorFactory:196-Loaded default ResourceLeakDetector: io.netty.util.ResourceLeakDetector@6756e447
[DEBUG] 2023-05-13 18:39:49.038 [AsyncHttpClient-1-2] Recycler:103--Dio.netty.recycler.maxCapacityPerThread: 4096
[DEBUG] 2023-05-13 18:39:49.038 [AsyncHttpClient-1-2] Recycler:104--Dio.netty.recycler.maxSharedCapacityFactor: 2
[DEBUG] 2023-05-13 18:39:49.038 [AsyncHttpClient-1-2] Recycler:105--Dio.netty.recycler.linkCapacity: 16
[DEBUG] 2023-05-13 18:39:49.038 [AsyncHttpClient-1-2] Recycler:106--Dio.netty.recycler.ratio: 8
[DEBUG] 2023-05-13 18:39:49.038 [AsyncHttpClient-1-2] Recycler:107--Dio.netty.recycler.delayedQueue.ratio: 8
[DEBUG] 2023-05-13 18:39:49.872 [AsyncHttpClient-1-2] Brotli:38-brotli4j not in the classpath; Brotli support will be unavailable.
[DEBUG] 2023-05-13 18:39:50.033 [main] ThreadLocalRandom:214--Dio.netty.initialSeedUniquifier: 0x17120707855347be
[INFO ] 2023-05-13 18:39:53.388 [main] BaseTest:28-Init page
[DEBUG] 2023-05-13 18:41:15.420 [AsyncHttpClient-1-3] PoolThreadCache:224-Freed 2 thread-local buffer(s) from thread: AsyncHttpClient-1-3
[DEBUG] 2023-05-13 18:51:35.874 [main] InternalLoggerFactory:76-Using Log4J2 as the default logging framework
[DEBUG] 2023-05-13 18:51:35.889 [main] ResourceLeakDetector:129--Dio.netty.leakDetection.level: simple
[DEBUG] 2023-05-13 18:51:35.889 [main] ResourceLeakDetector:130--Dio.netty.leakDetection.targetRecords: 4
[DEBUG] 2023-05-13 18:51:35.889 [main] ResourceLeakDetectorFactory:196-Loaded default ResourceLeakDetector: io.netty.util.ResourceLeakDetector@1d4664d7
[DEBUG] 2023-05-13 18:51:35.905 [main] PlatformDependent0:460--Dio.netty.noUnsafe: false
[DEBUG] 2023-05-13 18:51:35.905 [main] PlatformDependent0:954-Java version: 11
[DEBUG] 2023-05-13 18:51:35.905 [main] PlatformDependent0:135-sun.misc.Unsafe.theUnsafe: available
[DEBUG] 2023-05-13 18:51:35.905 [main] PlatformDependent0:159-sun.misc.Unsafe.copyMemory: available
[DEBUG] 2023-05-13 18:51:35.905 [main] PlatformDependent0:202-java.nio.Buffer.address: available
[DEBUG] 2023-05-13 18:51:35.905 [main] PlatformDependent0:285-direct buffer constructor: unavailable: Reflective setAccessible(true) disabled
[DEBUG] 2023-05-13 18:51:35.905 [main] PlatformDependent0:350-java.nio.Bits.unaligned: available, true
[DEBUG] 2023-05-13 18:51:35.905 [main] PlatformDependent0:417-jdk.internal.misc.Unsafe.allocateUninitializedArray(int): unavailable: class io.netty.util.internal.PlatformDependent0$6 cannot access class jdk.internal.misc.Unsafe (in module java.base) because module java.base does not export jdk.internal.misc to unnamed module @3569fc08
[DEBUG] 2023-05-13 18:51:35.921 [main] PlatformDependent0:446-java.nio.DirectByteBuffer.<init>(long, int): unavailable
[DEBUG] 2023-05-13 18:51:35.921 [main] PlatformDependent:1103-sun.misc.Unsafe: available
[DEBUG] 2023-05-13 18:51:35.921 [main] PlatformDependent:1205-maxDirectMemory: 2109734912 bytes (maybe)
[DEBUG] 2023-05-13 18:51:35.921 [main] PlatformDependent:1224--Dio.netty.tmpdir: C:\Users\YURAKO~1.000\AppData\Local\Temp (java.io.tmpdir)
[DEBUG] 2023-05-13 18:51:35.921 [main] PlatformDependent:1303--Dio.netty.bitMode: 64 (sun.arch.data.model)
[DEBUG] 2023-05-13 18:51:35.921 [main] PlatformDependent:1063-Platform: Windows
[DEBUG] 2023-05-13 18:51:35.921 [main] PlatformDependent:178--Dio.netty.maxDirectMemory: -1 bytes
[DEBUG] 2023-05-13 18:51:35.921 [main] PlatformDependent:185--Dio.netty.uninitializedArrayAllocationThreshold: -1
[DEBUG] 2023-05-13 18:51:35.921 [main] CleanerJava9:71-java.nio.ByteBuffer.cleaner(): available
[DEBUG] 2023-05-13 18:51:35.921 [main] PlatformDependent:205--Dio.netty.noPreferDirect: false
[DEBUG] 2023-05-13 18:51:35.921 [main] PlatformDependent:967-org.jctools-core.MpscChunkedArrayQueue: available
[DEBUG] 2023-05-13 18:51:35.936 [main] InternalThreadLocalMap:83--Dio.netty.threadLocalMap.stringBuilder.initialSize: 1024
[DEBUG] 2023-05-13 18:51:35.936 [main] InternalThreadLocalMap:86--Dio.netty.threadLocalMap.stringBuilder.maxSize: 4096
[DEBUG] 2023-05-13 18:51:35.983 [main] JdkSslContext:97-Default protocols (JDK): [TLSv1.3, TLSv1.2] 
[DEBUG] 2023-05-13 18:51:35.983 [main] JdkSslContext:98-Default cipher suites (JDK): [TLS_ECDHE_ECDSA_WITH_AES_256_GCM_SHA384, TLS_ECDHE_ECDSA_WITH_AES_128_GCM_SHA256, TLS_ECDHE_RSA_WITH_AES_128_GCM_SHA256, TLS_ECDHE_RSA_WITH_AES_256_GCM_SHA384, TLS_ECDHE_RSA_WITH_AES_128_CBC_SHA, TLS_ECDHE_RSA_WITH_AES_256_CBC_SHA, TLS_RSA_WITH_AES_128_GCM_SHA256, TLS_RSA_WITH_AES_128_CBC_SHA, TLS_RSA_WITH_AES_256_CBC_SHA, TLS_AES_128_GCM_SHA256, TLS_AES_256_GCM_SHA384]
[DEBUG] 2023-05-13 18:51:36.014 [main] MultithreadEventLoopGroup:44--Dio.netty.eventLoopThreads: 16
[DEBUG] 2023-05-13 18:51:36.014 [main] NioEventLoop:106--Dio.netty.noKeySetOptimization: false
[DEBUG] 2023-05-13 18:51:36.014 [main] NioEventLoop:107--Dio.netty.selectorAutoRebuildThreshold: 512
[DEBUG] 2023-05-13 18:51:36.068 [main] PooledByteBufAllocator:155--Dio.netty.allocator.numHeapArenas: 16
[DEBUG] 2023-05-13 18:51:36.068 [main] PooledByteBufAllocator:156--Dio.netty.allocator.numDirectArenas: 16
[DEBUG] 2023-05-13 18:51:36.068 [main] PooledByteBufAllocator:158--Dio.netty.allocator.pageSize: 8192
[DEBUG] 2023-05-13 18:51:36.068 [main] PooledByteBufAllocator:163--Dio.netty.allocator.maxOrder: 11
[DEBUG] 2023-05-13 18:51:36.068 [main] PooledByteBufAllocator:167--Dio.netty.allocator.chunkSize: 16777216
[DEBUG] 2023-05-13 18:51:36.068 [main] PooledByteBufAllocator:168--Dio.netty.allocator.smallCacheSize: 256
[DEBUG] 2023-05-13 18:51:36.068 [main] PooledByteBufAllocator:169--Dio.netty.allocator.normalCacheSize: 64
[DEBUG] 2023-05-13 18:51:36.068 [main] PooledByteBufAllocator:170--Dio.netty.allocator.maxCachedBufferCapacity: 32768
[DEBUG] 2023-05-13 18:51:36.068 [main] PooledByteBufAllocator:171--Dio.netty.allocator.cacheTrimInterval: 8192
[DEBUG] 2023-05-13 18:51:36.068 [main] PooledByteBufAllocator:172--Dio.netty.allocator.cacheTrimIntervalMillis: 0
[DEBUG] 2023-05-13 18:51:36.068 [main] PooledByteBufAllocator:173--Dio.netty.allocator.useCacheForAllThreads: true
[DEBUG] 2023-05-13 18:51:36.068 [main] PooledByteBufAllocator:174--Dio.netty.allocator.maxCachedByteBuffersPerChunk: 1023
[DEBUG] 2023-05-13 18:51:36.068 [main] ByteBufUtil:87--Dio.netty.allocator.type: pooled
[DEBUG] 2023-05-13 18:51:36.068 [main] ByteBufUtil:96--Dio.netty.threadLocalDirectBufferSize: 0
[DEBUG] 2023-05-13 18:51:36.068 [main] ByteBufUtil:99--Dio.netty.maxThreadLocalCharBufferSize: 16384
[DEBUG] 2023-05-13 18:51:36.898 [Forwarding newSession on session null to remote] DefaultChannelId:79--Dio.netty.processId: 6492 (auto-detected)
[DEBUG] 2023-05-13 18:51:36.898 [Forwarding newSession on session null to remote] NetUtil:135--Djava.net.preferIPv4Stack: false
[DEBUG] 2023-05-13 18:51:36.898 [Forwarding newSession on session null to remote] NetUtil:136--Djava.net.preferIPv6Addresses: false
[DEBUG] 2023-05-13 18:51:37.117 [Forwarding newSession on session null to remote] NetUtilInitializations:129-Loopback interface: lo (Software Loopback Interface 1, 127.0.0.1)
[DEBUG] 2023-05-13 18:51:37.117 [Forwarding newSession on session null to remote] NetUtil:187-Failed to get SOMAXCONN from sysctl and file \proc\sys\net\core\somaxconn. Default: 200
[DEBUG] 2023-05-13 18:51:37.355 [Forwarding newSession on session null to remote] DefaultChannelId:101--Dio.netty.machineId: d0:c6:37:ff:fe:f7:a9:b8 (auto-detected)
[DEBUG] 2023-05-13 18:51:37.417 [AsyncHttpClient-1-2] AbstractByteBuf:63--Dio.netty.buffer.checkAccessible: true
[DEBUG] 2023-05-13 18:51:37.417 [AsyncHttpClient-1-2] AbstractByteBuf:64--Dio.netty.buffer.checkBounds: true
[DEBUG] 2023-05-13 18:51:37.417 [AsyncHttpClient-1-2] ResourceLeakDetectorFactory:196-Loaded default ResourceLeakDetector: io.netty.util.ResourceLeakDetector@4b12a090
[DEBUG] 2023-05-13 18:51:37.452 [AsyncHttpClient-1-2] Recycler:103--Dio.netty.recycler.maxCapacityPerThread: 4096
[DEBUG] 2023-05-13 18:51:37.452 [AsyncHttpClient-1-2] Recycler:104--Dio.netty.recycler.maxSharedCapacityFactor: 2
[DEBUG] 2023-05-13 18:51:37.452 [AsyncHttpClient-1-2] Recycler:105--Dio.netty.recycler.linkCapacity: 16
[DEBUG] 2023-05-13 18:51:37.452 [AsyncHttpClient-1-2] Recycler:106--Dio.netty.recycler.ratio: 8
[DEBUG] 2023-05-13 18:51:37.452 [AsyncHttpClient-1-2] Recycler:107--Dio.netty.recycler.delayedQueue.ratio: 8
[DEBUG] 2023-05-13 18:51:38.233 [AsyncHttpClient-1-2] Brotli:38-brotli4j not in the classpath; Brotli support will be unavailable.
[DEBUG] 2023-05-13 18:51:38.517 [main] ThreadLocalRandom:214--Dio.netty.initialSeedUniquifier: 0x763daada5961b38f
[INFO ] 2023-05-13 18:51:42.158 [main] BaseTest:28-Init page
[DEBUG] 2023-05-13 18:52:58.569 [main] InternalLoggerFactory:76-Using Log4J2 as the default logging framework
[DEBUG] 2023-05-13 18:52:58.585 [main] ResourceLeakDetector:129--Dio.netty.leakDetection.level: simple
[DEBUG] 2023-05-13 18:52:58.585 [main] ResourceLeakDetector:130--Dio.netty.leakDetection.targetRecords: 4
[DEBUG] 2023-05-13 18:52:58.585 [main] ResourceLeakDetectorFactory:196-Loaded default ResourceLeakDetector: io.netty.util.ResourceLeakDetector@2d66530f
[DEBUG] 2023-05-13 18:52:58.600 [main] PlatformDependent0:460--Dio.netty.noUnsafe: false
[DEBUG] 2023-05-13 18:52:58.600 [main] PlatformDependent0:954-Java version: 11
[DEBUG] 2023-05-13 18:52:58.600 [main] PlatformDependent0:135-sun.misc.Unsafe.theUnsafe: available
[DEBUG] 2023-05-13 18:52:58.600 [main] PlatformDependent0:159-sun.misc.Unsafe.copyMemory: available
[DEBUG] 2023-05-13 18:52:58.600 [main] PlatformDependent0:202-java.nio.Buffer.address: available
[DEBUG] 2023-05-13 18:52:58.600 [main] PlatformDependent0:285-direct buffer constructor: unavailable: Reflective setAccessible(true) disabled
[DEBUG] 2023-05-13 18:52:58.600 [main] PlatformDependent0:350-java.nio.Bits.unaligned: available, true
[DEBUG] 2023-05-13 18:52:58.600 [main] PlatformDependent0:417-jdk.internal.misc.Unsafe.allocateUninitializedArray(int): unavailable: class io.netty.util.internal.PlatformDependent0$6 cannot access class jdk.internal.misc.Unsafe (in module java.base) because module java.base does not export jdk.internal.misc to unnamed module @3569fc08
[DEBUG] 2023-05-13 18:52:58.600 [main] PlatformDependent0:446-java.nio.DirectByteBuffer.<init>(long, int): unavailable
[DEBUG] 2023-05-13 18:52:58.600 [main] PlatformDependent:1103-sun.misc.Unsafe: available
[DEBUG] 2023-05-13 18:52:58.600 [main] PlatformDependent:1205-maxDirectMemory: 2109734912 bytes (maybe)
[DEBUG] 2023-05-13 18:52:58.600 [main] PlatformDependent:1224--Dio.netty.tmpdir: C:\Users\YURAKO~1.000\AppData\Local\Temp (java.io.tmpdir)
[DEBUG] 2023-05-13 18:52:58.600 [main] PlatformDependent:1303--Dio.netty.bitMode: 64 (sun.arch.data.model)
[DEBUG] 2023-05-13 18:52:58.600 [main] PlatformDependent:1063-Platform: Windows
[DEBUG] 2023-05-13 18:52:58.600 [main] PlatformDependent:178--Dio.netty.maxDirectMemory: -1 bytes
[DEBUG] 2023-05-13 18:52:58.600 [main] PlatformDependent:185--Dio.netty.uninitializedArrayAllocationThreshold: -1
[DEBUG] 2023-05-13 18:52:58.616 [main] CleanerJava9:71-java.nio.ByteBuffer.cleaner(): available
[DEBUG] 2023-05-13 18:52:58.616 [main] PlatformDependent:205--Dio.netty.noPreferDirect: false
[DEBUG] 2023-05-13 18:52:58.616 [main] PlatformDependent:967-org.jctools-core.MpscChunkedArrayQueue: available
[DEBUG] 2023-05-13 18:52:58.631 [main] InternalThreadLocalMap:83--Dio.netty.threadLocalMap.stringBuilder.initialSize: 1024
[DEBUG] 2023-05-13 18:52:58.631 [main] InternalThreadLocalMap:86--Dio.netty.threadLocalMap.stringBuilder.maxSize: 4096
[DEBUG] 2023-05-13 18:52:58.678 [main] JdkSslContext:97-Default protocols (JDK): [TLSv1.3, TLSv1.2] 
[DEBUG] 2023-05-13 18:52:58.678 [main] JdkSslContext:98-Default cipher suites (JDK): [TLS_ECDHE_ECDSA_WITH_AES_256_GCM_SHA384, TLS_ECDHE_ECDSA_WITH_AES_128_GCM_SHA256, TLS_ECDHE_RSA_WITH_AES_128_GCM_SHA256, TLS_ECDHE_RSA_WITH_AES_256_GCM_SHA384, TLS_ECDHE_RSA_WITH_AES_128_CBC_SHA, TLS_ECDHE_RSA_WITH_AES_256_CBC_SHA, TLS_RSA_WITH_AES_128_GCM_SHA256, TLS_RSA_WITH_AES_128_CBC_SHA, TLS_RSA_WITH_AES_256_CBC_SHA, TLS_AES_128_GCM_SHA256, TLS_AES_256_GCM_SHA384]
[DEBUG] 2023-05-13 18:52:58.694 [main] MultithreadEventLoopGroup:44--Dio.netty.eventLoopThreads: 16
[DEBUG] 2023-05-13 18:52:58.710 [main] NioEventLoop:106--Dio.netty.noKeySetOptimization: false
[DEBUG] 2023-05-13 18:52:58.710 [main] NioEventLoop:107--Dio.netty.selectorAutoRebuildThreshold: 512
[DEBUG] 2023-05-13 18:52:58.743 [main] PooledByteBufAllocator:155--Dio.netty.allocator.numHeapArenas: 16
[DEBUG] 2023-05-13 18:52:58.743 [main] PooledByteBufAllocator:156--Dio.netty.allocator.numDirectArenas: 16
[DEBUG] 2023-05-13 18:52:58.743 [main] PooledByteBufAllocator:158--Dio.netty.allocator.pageSize: 8192
[DEBUG] 2023-05-13 18:52:58.743 [main] PooledByteBufAllocator:163--Dio.netty.allocator.maxOrder: 11
[DEBUG] 2023-05-13 18:52:58.743 [main] PooledByteBufAllocator:167--Dio.netty.allocator.chunkSize: 16777216
[DEBUG] 2023-05-13 18:52:58.743 [main] PooledByteBufAllocator:168--Dio.netty.allocator.smallCacheSize: 256
[DEBUG] 2023-05-13 18:52:58.743 [main] PooledByteBufAllocator:169--Dio.netty.allocator.normalCacheSize: 64
[DEBUG] 2023-05-13 18:52:58.743 [main] PooledByteBufAllocator:170--Dio.netty.allocator.maxCachedBufferCapacity: 32768
[DEBUG] 2023-05-13 18:52:58.743 [main] PooledByteBufAllocator:171--Dio.netty.allocator.cacheTrimInterval: 8192
[DEBUG] 2023-05-13 18:52:58.743 [main] PooledByteBufAllocator:172--Dio.netty.allocator.cacheTrimIntervalMillis: 0
[DEBUG] 2023-05-13 18:52:58.743 [main] PooledByteBufAllocator:173--Dio.netty.allocator.useCacheForAllThreads: true
[DEBUG] 2023-05-13 18:52:58.743 [main] PooledByteBufAllocator:174--Dio.netty.allocator.maxCachedByteBuffersPerChunk: 1023
[DEBUG] 2023-05-13 18:52:58.743 [main] ByteBufUtil:87--Dio.netty.allocator.type: pooled
[DEBUG] 2023-05-13 18:52:58.743 [main] ByteBufUtil:96--Dio.netty.threadLocalDirectBufferSize: 0
[DEBUG] 2023-05-13 18:52:58.743 [main] ByteBufUtil:99--Dio.netty.maxThreadLocalCharBufferSize: 16384
[DEBUG] 2023-05-13 18:52:59.545 [Forwarding newSession on session null to remote] DefaultChannelId:79--Dio.netty.processId: 1908 (auto-detected)
[DEBUG] 2023-05-13 18:52:59.545 [Forwarding newSession on session null to remote] NetUtil:135--Djava.net.preferIPv4Stack: false
[DEBUG] 2023-05-13 18:52:59.545 [Forwarding newSession on session null to remote] NetUtil:136--Djava.net.preferIPv6Addresses: false
[DEBUG] 2023-05-13 18:52:59.758 [Forwarding newSession on session null to remote] NetUtilInitializations:129-Loopback interface: lo (Software Loopback Interface 1, 127.0.0.1)
[DEBUG] 2023-05-13 18:52:59.758 [Forwarding newSession on session null to remote] NetUtil:187-Failed to get SOMAXCONN from sysctl and file \proc\sys\net\core\somaxconn. Default: 200
[DEBUG] 2023-05-13 18:52:59.982 [Forwarding newSession on session null to remote] DefaultChannelId:101--Dio.netty.machineId: d0:c6:37:ff:fe:f7:a9:b8 (auto-detected)
[DEBUG] 2023-05-13 18:53:00.029 [AsyncHttpClient-1-2] AbstractByteBuf:63--Dio.netty.buffer.checkAccessible: true
[DEBUG] 2023-05-13 18:53:00.029 [AsyncHttpClient-1-2] AbstractByteBuf:64--Dio.netty.buffer.checkBounds: true
[DEBUG] 2023-05-13 18:53:00.029 [AsyncHttpClient-1-2] ResourceLeakDetectorFactory:196-Loaded default ResourceLeakDetector: io.netty.util.ResourceLeakDetector@55b1b411
[DEBUG] 2023-05-13 18:53:00.044 [AsyncHttpClient-1-2] Recycler:103--Dio.netty.recycler.maxCapacityPerThread: 4096
[DEBUG] 2023-05-13 18:53:00.044 [AsyncHttpClient-1-2] Recycler:104--Dio.netty.recycler.maxSharedCapacityFactor: 2
[DEBUG] 2023-05-13 18:53:00.044 [AsyncHttpClient-1-2] Recycler:105--Dio.netty.recycler.linkCapacity: 16
[DEBUG] 2023-05-13 18:53:00.044 [AsyncHttpClient-1-2] Recycler:106--Dio.netty.recycler.ratio: 8
[DEBUG] 2023-05-13 18:53:00.060 [AsyncHttpClient-1-2] Recycler:107--Dio.netty.recycler.delayedQueue.ratio: 8
[DEBUG] 2023-05-13 18:53:00.704 [AsyncHttpClient-1-2] Brotli:38-brotli4j not in the classpath; Brotli support will be unavailable.
[DEBUG] 2023-05-13 18:53:00.933 [main] ThreadLocalRandom:214--Dio.netty.initialSeedUniquifier: 0xd5d24f69b42abd03
[INFO ] 2023-05-13 18:53:03.872 [main] BaseTest:28-Init page
[DEBUG] 2023-05-13 18:54:12.785 [main] InternalLoggerFactory:76-Using Log4J2 as the default logging framework
[DEBUG] 2023-05-13 18:54:12.785 [main] ResourceLeakDetector:129--Dio.netty.leakDetection.level: simple
[DEBUG] 2023-05-13 18:54:12.785 [main] ResourceLeakDetector:130--Dio.netty.leakDetection.targetRecords: 4
[DEBUG] 2023-05-13 18:54:12.801 [main] ResourceLeakDetectorFactory:196-Loaded default ResourceLeakDetector: io.netty.util.ResourceLeakDetector@3b0ca5e1
[DEBUG] 2023-05-13 18:54:12.817 [main] PlatformDependent0:460--Dio.netty.noUnsafe: false
[DEBUG] 2023-05-13 18:54:12.817 [main] PlatformDependent0:954-Java version: 11
[DEBUG] 2023-05-13 18:54:12.832 [main] PlatformDependent0:135-sun.misc.Unsafe.theUnsafe: available
[DEBUG] 2023-05-13 18:54:12.832 [main] PlatformDependent0:159-sun.misc.Unsafe.copyMemory: available
[DEBUG] 2023-05-13 18:54:12.832 [main] PlatformDependent0:202-java.nio.Buffer.address: available
[DEBUG] 2023-05-13 18:54:12.832 [main] PlatformDependent0:285-direct buffer constructor: unavailable: Reflective setAccessible(true) disabled
[DEBUG] 2023-05-13 18:54:12.832 [main] PlatformDependent0:350-java.nio.Bits.unaligned: available, true
[DEBUG] 2023-05-13 18:54:12.832 [main] PlatformDependent0:417-jdk.internal.misc.Unsafe.allocateUninitializedArray(int): unavailable: class io.netty.util.internal.PlatformDependent0$6 cannot access class jdk.internal.misc.Unsafe (in module java.base) because module java.base does not export jdk.internal.misc to unnamed module @48bfb884
[DEBUG] 2023-05-13 18:54:12.832 [main] PlatformDependent0:446-java.nio.DirectByteBuffer.<init>(long, int): unavailable
[DEBUG] 2023-05-13 18:54:12.832 [main] PlatformDependent:1103-sun.misc.Unsafe: available
[DEBUG] 2023-05-13 18:54:12.848 [main] PlatformDependent:1205-maxDirectMemory: 2109734912 bytes (maybe)
[DEBUG] 2023-05-13 18:54:12.848 [main] PlatformDependent:1224--Dio.netty.tmpdir: C:\Users\YURAKO~1.000\AppData\Local\Temp (java.io.tmpdir)
[DEBUG] 2023-05-13 18:54:12.848 [main] PlatformDependent:1303--Dio.netty.bitMode: 64 (sun.arch.data.model)
[DEBUG] 2023-05-13 18:54:12.848 [main] PlatformDependent:1063-Platform: Windows
[DEBUG] 2023-05-13 18:54:12.848 [main] PlatformDependent:178--Dio.netty.maxDirectMemory: -1 bytes
[DEBUG] 2023-05-13 18:54:12.848 [main] PlatformDependent:185--Dio.netty.uninitializedArrayAllocationThreshold: -1
[DEBUG] 2023-05-13 18:54:12.848 [main] CleanerJava9:71-java.nio.ByteBuffer.cleaner(): available
[DEBUG] 2023-05-13 18:54:12.848 [main] PlatformDependent:205--Dio.netty.noPreferDirect: false
[DEBUG] 2023-05-13 18:54:12.864 [main] PlatformDependent:967-org.jctools-core.MpscChunkedArrayQueue: available
[DEBUG] 2023-05-13 18:54:12.895 [main] InternalThreadLocalMap:83--Dio.netty.threadLocalMap.stringBuilder.initialSize: 1024
[DEBUG] 2023-05-13 18:54:12.895 [main] InternalThreadLocalMap:86--Dio.netty.threadLocalMap.stringBuilder.maxSize: 4096
[DEBUG] 2023-05-13 18:54:12.957 [main] JdkSslContext:97-Default protocols (JDK): [TLSv1.3, TLSv1.2] 
[DEBUG] 2023-05-13 18:54:12.957 [main] JdkSslContext:98-Default cipher suites (JDK): [TLS_ECDHE_ECDSA_WITH_AES_256_GCM_SHA384, TLS_ECDHE_ECDSA_WITH_AES_128_GCM_SHA256, TLS_ECDHE_RSA_WITH_AES_128_GCM_SHA256, TLS_ECDHE_RSA_WITH_AES_256_GCM_SHA384, TLS_ECDHE_RSA_WITH_AES_128_CBC_SHA, TLS_ECDHE_RSA_WITH_AES_256_CBC_SHA, TLS_RSA_WITH_AES_128_GCM_SHA256, TLS_RSA_WITH_AES_128_CBC_SHA, TLS_RSA_WITH_AES_256_CBC_SHA, TLS_AES_128_GCM_SHA256, TLS_AES_256_GCM_SHA384]
[DEBUG] 2023-05-13 18:54:12.994 [main] MultithreadEventLoopGroup:44--Dio.netty.eventLoopThreads: 16
[DEBUG] 2023-05-13 18:54:13.010 [main] NioEventLoop:106--Dio.netty.noKeySetOptimization: false
[DEBUG] 2023-05-13 18:54:13.010 [main] NioEventLoop:107--Dio.netty.selectorAutoRebuildThreshold: 512
[DEBUG] 2023-05-13 18:54:13.077 [main] PooledByteBufAllocator:155--Dio.netty.allocator.numHeapArenas: 16
[DEBUG] 2023-05-13 18:54:13.077 [main] PooledByteBufAllocator:156--Dio.netty.allocator.numDirectArenas: 16
[DEBUG] 2023-05-13 18:54:13.077 [main] PooledByteBufAllocator:158--Dio.netty.allocator.pageSize: 8192
[DEBUG] 2023-05-13 18:54:13.077 [main] PooledByteBufAllocator:163--Dio.netty.allocator.maxOrder: 11
[DEBUG] 2023-05-13 18:54:13.077 [main] PooledByteBufAllocator:167--Dio.netty.allocator.chunkSize: 16777216
[DEBUG] 2023-05-13 18:54:13.077 [main] PooledByteBufAllocator:168--Dio.netty.allocator.smallCacheSize: 256
[DEBUG] 2023-05-13 18:54:13.077 [main] PooledByteBufAllocator:169--Dio.netty.allocator.normalCacheSize: 64
[DEBUG] 2023-05-13 18:54:13.077 [main] PooledByteBufAllocator:170--Dio.netty.allocator.maxCachedBufferCapacity: 32768
[DEBUG] 2023-05-13 18:54:13.077 [main] PooledByteBufAllocator:171--Dio.netty.allocator.cacheTrimInterval: 8192
[DEBUG] 2023-05-13 18:54:13.077 [main] PooledByteBufAllocator:172--Dio.netty.allocator.cacheTrimIntervalMillis: 0
[DEBUG] 2023-05-13 18:54:13.077 [main] PooledByteBufAllocator:173--Dio.netty.allocator.useCacheForAllThreads: true
[DEBUG] 2023-05-13 18:54:13.092 [main] PooledByteBufAllocator:174--Dio.netty.allocator.maxCachedByteBuffersPerChunk: 1023
[DEBUG] 2023-05-13 18:54:13.108 [main] ByteBufUtil:87--Dio.netty.allocator.type: pooled
[DEBUG] 2023-05-13 18:54:13.108 [main] ByteBufUtil:96--Dio.netty.threadLocalDirectBufferSize: 0
[DEBUG] 2023-05-13 18:54:13.108 [main] ByteBufUtil:99--Dio.netty.maxThreadLocalCharBufferSize: 16384
[DEBUG] 2023-05-13 18:54:14.112 [Forwarding newSession on session null to remote] DefaultChannelId:79--Dio.netty.processId: 16512 (auto-detected)
[DEBUG] 2023-05-13 18:54:14.112 [Forwarding newSession on session null to remote] NetUtil:135--Djava.net.preferIPv4Stack: false
[DEBUG] 2023-05-13 18:54:14.112 [Forwarding newSession on session null to remote] NetUtil:136--Djava.net.preferIPv6Addresses: false
[DEBUG] 2023-05-13 18:54:14.487 [Forwarding newSession on session null to remote] NetUtilInitializations:129-Loopback interface: lo (Software Loopback Interface 1, 127.0.0.1)
[DEBUG] 2023-05-13 18:54:14.487 [Forwarding newSession on session null to remote] NetUtil:187-Failed to get SOMAXCONN from sysctl and file \proc\sys\net\core\somaxconn. Default: 200
[DEBUG] 2023-05-13 18:54:14.809 [Forwarding newSession on session null to remote] DefaultChannelId:101--Dio.netty.machineId: d0:c6:37:ff:fe:f7:a9:b8 (auto-detected)
[DEBUG] 2023-05-13 18:54:14.871 [AsyncHttpClient-1-2] AbstractByteBuf:63--Dio.netty.buffer.checkAccessible: true
[DEBUG] 2023-05-13 18:54:14.871 [AsyncHttpClient-1-2] AbstractByteBuf:64--Dio.netty.buffer.checkBounds: true
[DEBUG] 2023-05-13 18:54:14.871 [AsyncHttpClient-1-2] ResourceLeakDetectorFactory:196-Loaded default ResourceLeakDetector: io.netty.util.ResourceLeakDetector@7480573c
[DEBUG] 2023-05-13 18:54:14.903 [AsyncHttpClient-1-2] Recycler:103--Dio.netty.recycler.maxCapacityPerThread: 4096
[DEBUG] 2023-05-13 18:54:14.903 [AsyncHttpClient-1-2] Recycler:104--Dio.netty.recycler.maxSharedCapacityFactor: 2
[DEBUG] 2023-05-13 18:54:14.903 [AsyncHttpClient-1-2] Recycler:105--Dio.netty.recycler.linkCapacity: 16
[DEBUG] 2023-05-13 18:54:14.918 [AsyncHttpClient-1-2] Recycler:106--Dio.netty.recycler.ratio: 8
[DEBUG] 2023-05-13 18:54:14.918 [AsyncHttpClient-1-2] Recycler:107--Dio.netty.recycler.delayedQueue.ratio: 8
[DEBUG] 2023-05-13 18:54:15.218 [main] InternalLoggerFactory:76-Using Log4J2 as the default logging framework
[DEBUG] 2023-05-13 18:54:15.249 [main] ResourceLeakDetector:129--Dio.netty.leakDetection.level: simple
[DEBUG] 2023-05-13 18:54:15.249 [main] ResourceLeakDetector:130--Dio.netty.leakDetection.targetRecords: 4
[DEBUG] 2023-05-13 18:54:15.265 [main] ResourceLeakDetectorFactory:196-Loaded default ResourceLeakDetector: io.netty.util.ResourceLeakDetector@1d4664d7
[DEBUG] 2023-05-13 18:54:15.317 [main] PlatformDependent0:460--Dio.netty.noUnsafe: false
[DEBUG] 2023-05-13 18:54:15.318 [main] PlatformDependent0:954-Java version: 11
[DEBUG] 2023-05-13 18:54:15.323 [main] PlatformDependent0:135-sun.misc.Unsafe.theUnsafe: available
[DEBUG] 2023-05-13 18:54:15.339 [main] PlatformDependent0:159-sun.misc.Unsafe.copyMemory: available
[DEBUG] 2023-05-13 18:54:15.339 [main] PlatformDependent0:202-java.nio.Buffer.address: available
[DEBUG] 2023-05-13 18:54:15.339 [main] PlatformDependent0:285-direct buffer constructor: unavailable: Reflective setAccessible(true) disabled
[DEBUG] 2023-05-13 18:54:15.339 [main] PlatformDependent0:350-java.nio.Bits.unaligned: available, true
[DEBUG] 2023-05-13 18:54:15.355 [main] PlatformDependent0:417-jdk.internal.misc.Unsafe.allocateUninitializedArray(int): unavailable: class io.netty.util.internal.PlatformDependent0$6 cannot access class jdk.internal.misc.Unsafe (in module java.base) because module java.base does not export jdk.internal.misc to unnamed module @2f4205be
[DEBUG] 2023-05-13 18:54:15.355 [main] PlatformDependent0:446-java.nio.DirectByteBuffer.<init>(long, int): unavailable
[DEBUG] 2023-05-13 18:54:15.355 [main] PlatformDependent:1103-sun.misc.Unsafe: available
[DEBUG] 2023-05-13 18:54:15.355 [main] PlatformDependent:1205-maxDirectMemory: 2109734912 bytes (maybe)
[DEBUG] 2023-05-13 18:54:15.355 [main] PlatformDependent:1224--Dio.netty.tmpdir: C:\Users\YURAKO~1.000\AppData\Local\Temp (java.io.tmpdir)
[DEBUG] 2023-05-13 18:54:15.355 [main] PlatformDependent:1303--Dio.netty.bitMode: 64 (sun.arch.data.model)
[DEBUG] 2023-05-13 18:54:15.355 [main] PlatformDependent:1063-Platform: Windows
[DEBUG] 2023-05-13 18:54:15.355 [main] PlatformDependent:178--Dio.netty.maxDirectMemory: -1 bytes
[DEBUG] 2023-05-13 18:54:15.355 [main] PlatformDependent:185--Dio.netty.uninitializedArrayAllocationThreshold: -1
[DEBUG] 2023-05-13 18:54:15.355 [main] CleanerJava9:71-java.nio.ByteBuffer.cleaner(): available
[DEBUG] 2023-05-13 18:54:15.370 [main] PlatformDependent:205--Dio.netty.noPreferDirect: false
[DEBUG] 2023-05-13 18:54:15.401 [main] PlatformDependent:967-org.jctools-core.MpscChunkedArrayQueue: available
[DEBUG] 2023-05-13 18:54:15.545 [main] InternalThreadLocalMap:83--Dio.netty.threadLocalMap.stringBuilder.initialSize: 1024
[DEBUG] 2023-05-13 18:54:15.546 [main] InternalThreadLocalMap:86--Dio.netty.threadLocalMap.stringBuilder.maxSize: 4096
[DEBUG] 2023-05-13 18:54:15.663 [main] JdkSslContext:97-Default protocols (JDK): [TLSv1.3, TLSv1.2] 
[DEBUG] 2023-05-13 18:54:15.664 [main] JdkSslContext:98-Default cipher suites (JDK): [TLS_ECDHE_ECDSA_WITH_AES_256_GCM_SHA384, TLS_ECDHE_ECDSA_WITH_AES_128_GCM_SHA256, TLS_ECDHE_RSA_WITH_AES_128_GCM_SHA256, TLS_ECDHE_RSA_WITH_AES_256_GCM_SHA384, TLS_ECDHE_RSA_WITH_AES_128_CBC_SHA, TLS_ECDHE_RSA_WITH_AES_256_CBC_SHA, TLS_RSA_WITH_AES_128_GCM_SHA256, TLS_RSA_WITH_AES_128_CBC_SHA, TLS_RSA_WITH_AES_256_CBC_SHA, TLS_AES_128_GCM_SHA256, TLS_AES_256_GCM_SHA384]
[DEBUG] 2023-05-13 18:54:15.752 [AsyncHttpClient-1-2] Brotli:38-brotli4j not in the classpath; Brotli support will be unavailable.
[DEBUG] 2023-05-13 18:54:15.802 [main] MultithreadEventLoopGroup:44--Dio.netty.eventLoopThreads: 16
[DEBUG] 2023-05-13 18:54:15.835 [main] NioEventLoop:106--Dio.netty.noKeySetOptimization: false
[DEBUG] 2023-05-13 18:54:15.835 [main] NioEventLoop:107--Dio.netty.selectorAutoRebuildThreshold: 512
[DEBUG] 2023-05-13 18:54:15.913 [main] PooledByteBufAllocator:155--Dio.netty.allocator.numHeapArenas: 16
[DEBUG] 2023-05-13 18:54:15.913 [main] PooledByteBufAllocator:156--Dio.netty.allocator.numDirectArenas: 16
[DEBUG] 2023-05-13 18:54:15.913 [main] PooledByteBufAllocator:158--Dio.netty.allocator.pageSize: 8192
[DEBUG] 2023-05-13 18:54:15.913 [main] PooledByteBufAllocator:163--Dio.netty.allocator.maxOrder: 11
[DEBUG] 2023-05-13 18:54:15.913 [main] PooledByteBufAllocator:167--Dio.netty.allocator.chunkSize: 16777216
[DEBUG] 2023-05-13 18:54:15.913 [main] PooledByteBufAllocator:168--Dio.netty.allocator.smallCacheSize: 256
[DEBUG] 2023-05-13 18:54:15.913 [main] PooledByteBufAllocator:169--Dio.netty.allocator.normalCacheSize: 64
[DEBUG] 2023-05-13 18:54:15.913 [main] PooledByteBufAllocator:170--Dio.netty.allocator.maxCachedBufferCapacity: 32768
[DEBUG] 2023-05-13 18:54:15.928 [main] PooledByteBufAllocator:171--Dio.netty.allocator.cacheTrimInterval: 8192
[DEBUG] 2023-05-13 18:54:15.928 [main] PooledByteBufAllocator:172--Dio.netty.allocator.cacheTrimIntervalMillis: 0
[DEBUG] 2023-05-13 18:54:15.928 [main] PooledByteBufAllocator:173--Dio.netty.allocator.useCacheForAllThreads: true
[DEBUG] 2023-05-13 18:54:15.928 [main] PooledByteBufAllocator:174--Dio.netty.allocator.maxCachedByteBuffersPerChunk: 1023
[DEBUG] 2023-05-13 18:54:15.944 [main] ByteBufUtil:87--Dio.netty.allocator.type: pooled
[DEBUG] 2023-05-13 18:54:15.944 [main] ByteBufUtil:96--Dio.netty.threadLocalDirectBufferSize: 0
[DEBUG] 2023-05-13 18:54:15.944 [main] ByteBufUtil:99--Dio.netty.maxThreadLocalCharBufferSize: 16384
[DEBUG] 2023-05-13 18:54:16.012 [main] ThreadLocalRandom:214--Dio.netty.initialSeedUniquifier: 0xdd99873e208fb0e0
[DEBUG] 2023-05-13 18:54:17.279 [Forwarding newSession on session null to remote] DefaultChannelId:79--Dio.netty.processId: 4784 (auto-detected)
[DEBUG] 2023-05-13 18:54:17.279 [Forwarding newSession on session null to remote] NetUtil:135--Djava.net.preferIPv4Stack: false
[DEBUG] 2023-05-13 18:54:17.279 [Forwarding newSession on session null to remote] NetUtil:136--Djava.net.preferIPv6Addresses: false
[DEBUG] 2023-05-13 18:54:17.570 [Forwarding newSession on session null to remote] NetUtilInitializations:129-Loopback interface: lo (Software Loopback Interface 1, 127.0.0.1)
[DEBUG] 2023-05-13 18:54:17.570 [Forwarding newSession on session null to remote] NetUtil:187-Failed to get SOMAXCONN from sysctl and file \proc\sys\net\core\somaxconn. Default: 200
[DEBUG] 2023-05-13 18:54:17.957 [Forwarding newSession on session null to remote] DefaultChannelId:101--Dio.netty.machineId: d0:c6:37:ff:fe:f7:a9:b8 (auto-detected)
[DEBUG] 2023-05-13 18:54:18.057 [AsyncHttpClient-1-2] AbstractByteBuf:63--Dio.netty.buffer.checkAccessible: true
[DEBUG] 2023-05-13 18:54:18.057 [AsyncHttpClient-1-2] AbstractByteBuf:64--Dio.netty.buffer.checkBounds: true
[DEBUG] 2023-05-13 18:54:18.057 [AsyncHttpClient-1-2] ResourceLeakDetectorFactory:196-Loaded default ResourceLeakDetector: io.netty.util.ResourceLeakDetector@2c09ae8a
[DEBUG] 2023-05-13 18:54:18.109 [AsyncHttpClient-1-2] Recycler:103--Dio.netty.recycler.maxCapacityPerThread: 4096
[DEBUG] 2023-05-13 18:54:18.109 [AsyncHttpClient-1-2] Recycler:104--Dio.netty.recycler.maxSharedCapacityFactor: 2
[DEBUG] 2023-05-13 18:54:18.109 [AsyncHttpClient-1-2] Recycler:105--Dio.netty.recycler.linkCapacity: 16
[DEBUG] 2023-05-13 18:54:18.109 [AsyncHttpClient-1-2] Recycler:106--Dio.netty.recycler.ratio: 8
[DEBUG] 2023-05-13 18:54:18.109 [AsyncHttpClient-1-2] Recycler:107--Dio.netty.recycler.delayedQueue.ratio: 8
[DEBUG] 2023-05-13 18:54:19.454 [AsyncHttpClient-1-2] Brotli:38-brotli4j not in the classpath; Brotli support will be unavailable.
[DEBUG] 2023-05-13 18:54:19.807 [main] ThreadLocalRandom:214--Dio.netty.initialSeedUniquifier: 0x68e55563b03bfd90
[INFO ] 2023-05-13 18:54:21.240 [main] BaseTest:28-Init page
[INFO ] 2023-05-13 18:54:25.564 [main] BaseTest:28-Init page
[DEBUG] 2023-05-13 18:55:20.430 [main] InternalLoggerFactory:76-Using Log4J2 as the default logging framework
[DEBUG] 2023-05-13 18:55:20.446 [main] ResourceLeakDetector:129--Dio.netty.leakDetection.level: simple
[DEBUG] 2023-05-13 18:55:20.446 [main] ResourceLeakDetector:130--Dio.netty.leakDetection.targetRecords: 4
[DEBUG] 2023-05-13 18:55:20.446 [main] ResourceLeakDetectorFactory:196-Loaded default ResourceLeakDetector: io.netty.util.ResourceLeakDetector@2a037324
[DEBUG] 2023-05-13 18:55:20.461 [main] PlatformDependent0:460--Dio.netty.noUnsafe: false
[DEBUG] 2023-05-13 18:55:20.461 [main] PlatformDependent0:954-Java version: 11
[DEBUG] 2023-05-13 18:55:20.461 [main] PlatformDependent0:135-sun.misc.Unsafe.theUnsafe: available
[DEBUG] 2023-05-13 18:55:20.468 [main] PlatformDependent0:159-sun.misc.Unsafe.copyMemory: available
[DEBUG] 2023-05-13 18:55:20.468 [main] PlatformDependent0:202-java.nio.Buffer.address: available
[DEBUG] 2023-05-13 18:55:20.468 [main] PlatformDependent0:285-direct buffer constructor: unavailable: Reflective setAccessible(true) disabled
[DEBUG] 2023-05-13 18:55:20.468 [main] PlatformDependent0:350-java.nio.Bits.unaligned: available, true
[DEBUG] 2023-05-13 18:55:20.468 [main] PlatformDependent0:417-jdk.internal.misc.Unsafe.allocateUninitializedArray(int): unavailable: class io.netty.util.internal.PlatformDependent0$6 cannot access class jdk.internal.misc.Unsafe (in module java.base) because module java.base does not export jdk.internal.misc to unnamed module @2e52fb3e
[DEBUG] 2023-05-13 18:55:20.468 [main] PlatformDependent0:446-java.nio.DirectByteBuffer.<init>(long, int): unavailable
[DEBUG] 2023-05-13 18:55:20.468 [main] PlatformDependent:1103-sun.misc.Unsafe: available
[DEBUG] 2023-05-13 18:55:20.468 [main] PlatformDependent:1205-maxDirectMemory: 2109734912 bytes (maybe)
[DEBUG] 2023-05-13 18:55:20.468 [main] PlatformDependent:1224--Dio.netty.tmpdir: C:\Users\YURAKO~1.000\AppData\Local\Temp (java.io.tmpdir)
[DEBUG] 2023-05-13 18:55:20.468 [main] PlatformDependent:1303--Dio.netty.bitMode: 64 (sun.arch.data.model)
[DEBUG] 2023-05-13 18:55:20.468 [main] PlatformDependent:1063-Platform: Windows
[DEBUG] 2023-05-13 18:55:20.468 [main] PlatformDependent:178--Dio.netty.maxDirectMemory: -1 bytes
[DEBUG] 2023-05-13 18:55:20.468 [main] PlatformDependent:185--Dio.netty.uninitializedArrayAllocationThreshold: -1
[DEBUG] 2023-05-13 18:55:20.468 [main] CleanerJava9:71-java.nio.ByteBuffer.cleaner(): available
[DEBUG] 2023-05-13 18:55:20.468 [main] PlatformDependent:205--Dio.netty.noPreferDirect: false
[DEBUG] 2023-05-13 18:55:20.468 [main] PlatformDependent:967-org.jctools-core.MpscChunkedArrayQueue: available
[DEBUG] 2023-05-13 18:55:20.483 [main] InternalThreadLocalMap:83--Dio.netty.threadLocalMap.stringBuilder.initialSize: 1024
[DEBUG] 2023-05-13 18:55:20.483 [main] InternalThreadLocalMap:86--Dio.netty.threadLocalMap.stringBuilder.maxSize: 4096
[DEBUG] 2023-05-13 18:55:20.530 [main] JdkSslContext:97-Default protocols (JDK): [TLSv1.3, TLSv1.2] 
[DEBUG] 2023-05-13 18:55:20.530 [main] JdkSslContext:98-Default cipher suites (JDK): [TLS_ECDHE_ECDSA_WITH_AES_256_GCM_SHA384, TLS_ECDHE_ECDSA_WITH_AES_128_GCM_SHA256, TLS_ECDHE_RSA_WITH_AES_128_GCM_SHA256, TLS_ECDHE_RSA_WITH_AES_256_GCM_SHA384, TLS_ECDHE_RSA_WITH_AES_128_CBC_SHA, TLS_ECDHE_RSA_WITH_AES_256_CBC_SHA, TLS_RSA_WITH_AES_128_GCM_SHA256, TLS_RSA_WITH_AES_128_CBC_SHA, TLS_RSA_WITH_AES_256_CBC_SHA, TLS_AES_128_GCM_SHA256, TLS_AES_256_GCM_SHA384]
[DEBUG] 2023-05-13 18:55:20.546 [main] MultithreadEventLoopGroup:44--Dio.netty.eventLoopThreads: 16
[DEBUG] 2023-05-13 18:55:20.562 [main] NioEventLoop:106--Dio.netty.noKeySetOptimization: false
[DEBUG] 2023-05-13 18:55:20.562 [main] NioEventLoop:107--Dio.netty.selectorAutoRebuildThreshold: 512
[DEBUG] 2023-05-13 18:55:20.586 [main] PooledByteBufAllocator:155--Dio.netty.allocator.numHeapArenas: 16
[DEBUG] 2023-05-13 18:55:20.586 [main] PooledByteBufAllocator:156--Dio.netty.allocator.numDirectArenas: 16
[DEBUG] 2023-05-13 18:55:20.586 [main] PooledByteBufAllocator:158--Dio.netty.allocator.pageSize: 8192
[DEBUG] 2023-05-13 18:55:20.586 [main] PooledByteBufAllocator:163--Dio.netty.allocator.maxOrder: 11
[DEBUG] 2023-05-13 18:55:20.586 [main] PooledByteBufAllocator:167--Dio.netty.allocator.chunkSize: 16777216
[DEBUG] 2023-05-13 18:55:20.586 [main] PooledByteBufAllocator:168--Dio.netty.allocator.smallCacheSize: 256
[DEBUG] 2023-05-13 18:55:20.586 [main] PooledByteBufAllocator:169--Dio.netty.allocator.normalCacheSize: 64
[DEBUG] 2023-05-13 18:55:20.586 [main] PooledByteBufAllocator:170--Dio.netty.allocator.maxCachedBufferCapacity: 32768
[DEBUG] 2023-05-13 18:55:20.586 [main] PooledByteBufAllocator:171--Dio.netty.allocator.cacheTrimInterval: 8192
[DEBUG] 2023-05-13 18:55:20.586 [main] PooledByteBufAllocator:172--Dio.netty.allocator.cacheTrimIntervalMillis: 0
[DEBUG] 2023-05-13 18:55:20.586 [main] PooledByteBufAllocator:173--Dio.netty.allocator.useCacheForAllThreads: true
[DEBUG] 2023-05-13 18:55:20.586 [main] PooledByteBufAllocator:174--Dio.netty.allocator.maxCachedByteBuffersPerChunk: 1023
[DEBUG] 2023-05-13 18:55:20.602 [main] ByteBufUtil:87--Dio.netty.allocator.type: pooled
[DEBUG] 2023-05-13 18:55:20.602 [main] ByteBufUtil:96--Dio.netty.threadLocalDirectBufferSize: 0
[DEBUG] 2023-05-13 18:55:20.602 [main] ByteBufUtil:99--Dio.netty.maxThreadLocalCharBufferSize: 16384
[DEBUG] 2023-05-13 18:55:21.372 [Forwarding newSession on session null to remote] DefaultChannelId:79--Dio.netty.processId: 1736 (auto-detected)
[DEBUG] 2023-05-13 18:55:21.372 [Forwarding newSession on session null to remote] NetUtil:135--Djava.net.preferIPv4Stack: false
[DEBUG] 2023-05-13 18:55:21.372 [Forwarding newSession on session null to remote] NetUtil:136--Djava.net.preferIPv6Addresses: false
[DEBUG] 2023-05-13 18:55:21.588 [Forwarding newSession on session null to remote] NetUtilInitializations:129-Loopback interface: lo (Software Loopback Interface 1, 127.0.0.1)
[DEBUG] 2023-05-13 18:55:21.588 [Forwarding newSession on session null to remote] NetUtil:187-Failed to get SOMAXCONN from sysctl and file \proc\sys\net\core\somaxconn. Default: 200
[DEBUG] 2023-05-13 18:55:21.820 [Forwarding newSession on session null to remote] DefaultChannelId:101--Dio.netty.machineId: d0:c6:37:ff:fe:f7:a9:b8 (auto-detected)
[DEBUG] 2023-05-13 18:55:21.867 [AsyncHttpClient-1-2] AbstractByteBuf:63--Dio.netty.buffer.checkAccessible: true
[DEBUG] 2023-05-13 18:55:21.873 [AsyncHttpClient-1-2] AbstractByteBuf:64--Dio.netty.buffer.checkBounds: true
[DEBUG] 2023-05-13 18:55:21.873 [AsyncHttpClient-1-2] ResourceLeakDetectorFactory:196-Loaded default ResourceLeakDetector: io.netty.util.ResourceLeakDetector@5fefaceb
[DEBUG] 2023-05-13 18:55:21.904 [AsyncHttpClient-1-2] Recycler:103--Dio.netty.recycler.maxCapacityPerThread: 4096
[DEBUG] 2023-05-13 18:55:21.904 [AsyncHttpClient-1-2] Recycler:104--Dio.netty.recycler.maxSharedCapacityFactor: 2
[DEBUG] 2023-05-13 18:55:21.904 [AsyncHttpClient-1-2] Recycler:105--Dio.netty.recycler.linkCapacity: 16
[DEBUG] 2023-05-13 18:55:21.904 [AsyncHttpClient-1-2] Recycler:106--Dio.netty.recycler.ratio: 8
[DEBUG] 2023-05-13 18:55:21.904 [AsyncHttpClient-1-2] Recycler:107--Dio.netty.recycler.delayedQueue.ratio: 8
[DEBUG] 2023-05-13 18:55:22.600 [AsyncHttpClient-1-2] Brotli:38-brotli4j not in the classpath; Brotli support will be unavailable.
[DEBUG] 2023-05-13 18:55:22.756 [main] ThreadLocalRandom:214--Dio.netty.initialSeedUniquifier: 0x809be86a8288991f
[INFO ] 2023-05-13 18:55:26.684 [main] BaseTest:28-Init page
[DEBUG] 2023-05-13 18:56:34.065 [main] InternalLoggerFactory:76-Using Log4J2 as the default logging framework
[DEBUG] 2023-05-13 18:56:34.081 [main] ResourceLeakDetector:129--Dio.netty.leakDetection.level: simple
[DEBUG] 2023-05-13 18:56:34.081 [main] ResourceLeakDetector:130--Dio.netty.leakDetection.targetRecords: 4
[DEBUG] 2023-05-13 18:56:34.081 [main] ResourceLeakDetectorFactory:196-Loaded default ResourceLeakDetector: io.netty.util.ResourceLeakDetector@4b6ac111
[DEBUG] 2023-05-13 18:56:34.097 [main] PlatformDependent0:460--Dio.netty.noUnsafe: false
[DEBUG] 2023-05-13 18:56:34.097 [main] PlatformDependent0:954-Java version: 11
[DEBUG] 2023-05-13 18:56:34.097 [main] PlatformDependent0:135-sun.misc.Unsafe.theUnsafe: available
[DEBUG] 2023-05-13 18:56:34.097 [main] PlatformDependent0:159-sun.misc.Unsafe.copyMemory: available
[DEBUG] 2023-05-13 18:56:34.097 [main] PlatformDependent0:202-java.nio.Buffer.address: available
[DEBUG] 2023-05-13 18:56:34.097 [main] PlatformDependent0:285-direct buffer constructor: unavailable: Reflective setAccessible(true) disabled
[DEBUG] 2023-05-13 18:56:34.097 [main] PlatformDependent0:350-java.nio.Bits.unaligned: available, true
[DEBUG] 2023-05-13 18:56:34.097 [main] PlatformDependent0:417-jdk.internal.misc.Unsafe.allocateUninitializedArray(int): unavailable: class io.netty.util.internal.PlatformDependent0$6 cannot access class jdk.internal.misc.Unsafe (in module java.base) because module java.base does not export jdk.internal.misc to unnamed module @29182679
[DEBUG] 2023-05-13 18:56:34.097 [main] PlatformDependent0:446-java.nio.DirectByteBuffer.<init>(long, int): unavailable
[DEBUG] 2023-05-13 18:56:34.097 [main] PlatformDependent:1103-sun.misc.Unsafe: available
[DEBUG] 2023-05-13 18:56:34.097 [main] PlatformDependent:1205-maxDirectMemory: 2109734912 bytes (maybe)
[DEBUG] 2023-05-13 18:56:34.097 [main] PlatformDependent:1224--Dio.netty.tmpdir: C:\Users\YURAKO~1.000\AppData\Local\Temp (java.io.tmpdir)
[DEBUG] 2023-05-13 18:56:34.097 [main] PlatformDependent:1303--Dio.netty.bitMode: 64 (sun.arch.data.model)
[DEBUG] 2023-05-13 18:56:34.097 [main] PlatformDependent:1063-Platform: Windows
[DEBUG] 2023-05-13 18:56:34.097 [main] PlatformDependent:178--Dio.netty.maxDirectMemory: -1 bytes
[DEBUG] 2023-05-13 18:56:34.097 [main] PlatformDependent:185--Dio.netty.uninitializedArrayAllocationThreshold: -1
[DEBUG] 2023-05-13 18:56:34.097 [main] CleanerJava9:71-java.nio.ByteBuffer.cleaner(): available
[DEBUG] 2023-05-13 18:56:34.097 [main] PlatformDependent:205--Dio.netty.noPreferDirect: false
[DEBUG] 2023-05-13 18:56:34.112 [main] PlatformDependent:967-org.jctools-core.MpscChunkedArrayQueue: available
[DEBUG] 2023-05-13 18:56:34.128 [main] InternalThreadLocalMap:83--Dio.netty.threadLocalMap.stringBuilder.initialSize: 1024
[DEBUG] 2023-05-13 18:56:34.128 [main] InternalThreadLocalMap:86--Dio.netty.threadLocalMap.stringBuilder.maxSize: 4096
[DEBUG] 2023-05-13 18:56:34.144 [main] JdkSslContext:97-Default protocols (JDK): [TLSv1.3, TLSv1.2] 
[DEBUG] 2023-05-13 18:56:34.144 [main] JdkSslContext:98-Default cipher suites (JDK): [TLS_ECDHE_ECDSA_WITH_AES_256_GCM_SHA384, TLS_ECDHE_ECDSA_WITH_AES_128_GCM_SHA256, TLS_ECDHE_RSA_WITH_AES_128_GCM_SHA256, TLS_ECDHE_RSA_WITH_AES_256_GCM_SHA384, TLS_ECDHE_RSA_WITH_AES_128_CBC_SHA, TLS_ECDHE_RSA_WITH_AES_256_CBC_SHA, TLS_RSA_WITH_AES_128_GCM_SHA256, TLS_RSA_WITH_AES_128_CBC_SHA, TLS_RSA_WITH_AES_256_CBC_SHA, TLS_AES_128_GCM_SHA256, TLS_AES_256_GCM_SHA384]
[DEBUG] 2023-05-13 18:56:34.159 [main] MultithreadEventLoopGroup:44--Dio.netty.eventLoopThreads: 16
[DEBUG] 2023-05-13 18:56:34.159 [main] NioEventLoop:106--Dio.netty.noKeySetOptimization: false
[DEBUG] 2023-05-13 18:56:34.159 [main] NioEventLoop:107--Dio.netty.selectorAutoRebuildThreshold: 512
[DEBUG] 2023-05-13 18:56:34.190 [main] PooledByteBufAllocator:155--Dio.netty.allocator.numHeapArenas: 16
[DEBUG] 2023-05-13 18:56:34.190 [main] PooledByteBufAllocator:156--Dio.netty.allocator.numDirectArenas: 16
[DEBUG] 2023-05-13 18:56:34.190 [main] PooledByteBufAllocator:158--Dio.netty.allocator.pageSize: 8192
[DEBUG] 2023-05-13 18:56:34.190 [main] PooledByteBufAllocator:163--Dio.netty.allocator.maxOrder: 11
[DEBUG] 2023-05-13 18:56:34.190 [main] PooledByteBufAllocator:167--Dio.netty.allocator.chunkSize: 16777216
[DEBUG] 2023-05-13 18:56:34.190 [main] PooledByteBufAllocator:168--Dio.netty.allocator.smallCacheSize: 256
[DEBUG] 2023-05-13 18:56:34.190 [main] PooledByteBufAllocator:169--Dio.netty.allocator.normalCacheSize: 64
[DEBUG] 2023-05-13 18:56:34.190 [main] PooledByteBufAllocator:170--Dio.netty.allocator.maxCachedBufferCapacity: 32768
[DEBUG] 2023-05-13 18:56:34.190 [main] PooledByteBufAllocator:171--Dio.netty.allocator.cacheTrimInterval: 8192
[DEBUG] 2023-05-13 18:56:34.190 [main] PooledByteBufAllocator:172--Dio.netty.allocator.cacheTrimIntervalMillis: 0
[DEBUG] 2023-05-13 18:56:34.190 [main] PooledByteBufAllocator:173--Dio.netty.allocator.useCacheForAllThreads: true
[DEBUG] 2023-05-13 18:56:34.190 [main] PooledByteBufAllocator:174--Dio.netty.allocator.maxCachedByteBuffersPerChunk: 1023
[DEBUG] 2023-05-13 18:56:34.206 [main] ByteBufUtil:87--Dio.netty.allocator.type: pooled
[DEBUG] 2023-05-13 18:56:34.206 [main] ByteBufUtil:96--Dio.netty.threadLocalDirectBufferSize: 0
[DEBUG] 2023-05-13 18:56:34.206 [main] ByteBufUtil:99--Dio.netty.maxThreadLocalCharBufferSize: 16384
[DEBUG] 2023-05-13 18:56:34.939 [Forwarding newSession on session null to remote] DefaultChannelId:79--Dio.netty.processId: 15164 (auto-detected)
[DEBUG] 2023-05-13 18:56:34.939 [Forwarding newSession on session null to remote] NetUtil:135--Djava.net.preferIPv4Stack: false
[DEBUG] 2023-05-13 18:56:34.939 [Forwarding newSession on session null to remote] NetUtil:136--Djava.net.preferIPv6Addresses: false
[DEBUG] 2023-05-13 18:56:35.161 [Forwarding newSession on session null to remote] NetUtilInitializations:129-Loopback interface: lo (Software Loopback Interface 1, 127.0.0.1)
[DEBUG] 2023-05-13 18:56:35.161 [Forwarding newSession on session null to remote] NetUtil:187-Failed to get SOMAXCONN from sysctl and file \proc\sys\net\core\somaxconn. Default: 200
[DEBUG] 2023-05-13 18:56:35.399 [Forwarding newSession on session null to remote] DefaultChannelId:101--Dio.netty.machineId: d0:c6:37:ff:fe:f7:a9:b8 (auto-detected)
[DEBUG] 2023-05-13 18:56:35.437 [AsyncHttpClient-1-2] AbstractByteBuf:63--Dio.netty.buffer.checkAccessible: true
[DEBUG] 2023-05-13 18:56:35.437 [AsyncHttpClient-1-2] AbstractByteBuf:64--Dio.netty.buffer.checkBounds: true
[DEBUG] 2023-05-13 18:56:35.437 [AsyncHttpClient-1-2] ResourceLeakDetectorFactory:196-Loaded default ResourceLeakDetector: io.netty.util.ResourceLeakDetector@18061ec1
[DEBUG] 2023-05-13 18:56:35.453 [AsyncHttpClient-1-2] Recycler:103--Dio.netty.recycler.maxCapacityPerThread: 4096
[DEBUG] 2023-05-13 18:56:35.453 [AsyncHttpClient-1-2] Recycler:104--Dio.netty.recycler.maxSharedCapacityFactor: 2
[DEBUG] 2023-05-13 18:56:35.453 [AsyncHttpClient-1-2] Recycler:105--Dio.netty.recycler.linkCapacity: 16
[DEBUG] 2023-05-13 18:56:35.453 [AsyncHttpClient-1-2] Recycler:106--Dio.netty.recycler.ratio: 8
[DEBUG] 2023-05-13 18:56:35.453 [AsyncHttpClient-1-2] Recycler:107--Dio.netty.recycler.delayedQueue.ratio: 8
[DEBUG] 2023-05-13 18:56:36.067 [AsyncHttpClient-1-2] Brotli:38-brotli4j not in the classpath; Brotli support will be unavailable.
[DEBUG] 2023-05-13 18:56:36.225 [main] ThreadLocalRandom:214--Dio.netty.initialSeedUniquifier: 0x16a2ccd32953bb23
[INFO ] 2023-05-13 18:56:38.867 [main] BaseTest:28-Init page
[DEBUG] 2023-05-13 18:59:02.369 [main] InternalLoggerFactory:76-Using Log4J2 as the default logging framework
[DEBUG] 2023-05-13 18:59:02.377 [main] ResourceLeakDetector:129--Dio.netty.leakDetection.level: simple
[DEBUG] 2023-05-13 18:59:02.377 [main] ResourceLeakDetector:130--Dio.netty.leakDetection.targetRecords: 4
[DEBUG] 2023-05-13 18:59:02.380 [main] ResourceLeakDetectorFactory:196-Loaded default ResourceLeakDetector: io.netty.util.ResourceLeakDetector@67207d8a
[DEBUG] 2023-05-13 18:59:02.397 [main] PlatformDependent0:460--Dio.netty.noUnsafe: false
[DEBUG] 2023-05-13 18:59:02.397 [main] PlatformDependent0:954-Java version: 11
[DEBUG] 2023-05-13 18:59:02.399 [main] PlatformDependent0:135-sun.misc.Unsafe.theUnsafe: available
[DEBUG] 2023-05-13 18:59:02.400 [main] PlatformDependent0:159-sun.misc.Unsafe.copyMemory: available
[DEBUG] 2023-05-13 18:59:02.401 [main] PlatformDependent0:202-java.nio.Buffer.address: available
[DEBUG] 2023-05-13 18:59:02.401 [main] PlatformDependent0:285-direct buffer constructor: unavailable: Reflective setAccessible(true) disabled
[DEBUG] 2023-05-13 18:59:02.402 [main] PlatformDependent0:350-java.nio.Bits.unaligned: available, true
[DEBUG] 2023-05-13 18:59:02.404 [main] PlatformDependent0:417-jdk.internal.misc.Unsafe.allocateUninitializedArray(int): unavailable: class io.netty.util.internal.PlatformDependent0$6 cannot access class jdk.internal.misc.Unsafe (in module java.base) because module java.base does not export jdk.internal.misc to unnamed module @6b580b88
[DEBUG] 2023-05-13 18:59:02.406 [main] PlatformDependent0:446-java.nio.DirectByteBuffer.<init>(long, int): unavailable
[DEBUG] 2023-05-13 18:59:02.407 [main] PlatformDependent:1103-sun.misc.Unsafe: available
[DEBUG] 2023-05-13 18:59:02.408 [main] PlatformDependent:1205-maxDirectMemory: 2109734912 bytes (maybe)
[DEBUG] 2023-05-13 18:59:02.409 [main] PlatformDependent:1224--Dio.netty.tmpdir: C:\Users\YURAKO~1.000\AppData\Local\Temp (java.io.tmpdir)
[DEBUG] 2023-05-13 18:59:02.409 [main] PlatformDependent:1303--Dio.netty.bitMode: 64 (sun.arch.data.model)
[DEBUG] 2023-05-13 18:59:02.409 [main] PlatformDependent:1063-Platform: Windows
[DEBUG] 2023-05-13 18:59:02.410 [main] PlatformDependent:178--Dio.netty.maxDirectMemory: -1 bytes
[DEBUG] 2023-05-13 18:59:02.410 [main] PlatformDependent:185--Dio.netty.uninitializedArrayAllocationThreshold: -1
[DEBUG] 2023-05-13 18:59:02.411 [main] CleanerJava9:71-java.nio.ByteBuffer.cleaner(): available
[DEBUG] 2023-05-13 18:59:02.412 [main] PlatformDependent:205--Dio.netty.noPreferDirect: false
[DEBUG] 2023-05-13 18:59:02.418 [main] PlatformDependent:967-org.jctools-core.MpscChunkedArrayQueue: available
[DEBUG] 2023-05-13 18:59:02.434 [main] InternalThreadLocalMap:83--Dio.netty.threadLocalMap.stringBuilder.initialSize: 1024
[DEBUG] 2023-05-13 18:59:02.435 [main] InternalThreadLocalMap:86--Dio.netty.threadLocalMap.stringBuilder.maxSize: 4096
[DEBUG] 2023-05-13 18:59:02.455 [main] JdkSslContext:97-Default protocols (JDK): [TLSv1.3, TLSv1.2] 
[DEBUG] 2023-05-13 18:59:02.455 [main] JdkSslContext:98-Default cipher suites (JDK): [TLS_ECDHE_ECDSA_WITH_AES_256_GCM_SHA384, TLS_ECDHE_ECDSA_WITH_AES_128_GCM_SHA256, TLS_ECDHE_RSA_WITH_AES_128_GCM_SHA256, TLS_ECDHE_RSA_WITH_AES_256_GCM_SHA384, TLS_ECDHE_RSA_WITH_AES_128_CBC_SHA, TLS_ECDHE_RSA_WITH_AES_256_CBC_SHA, TLS_RSA_WITH_AES_128_GCM_SHA256, TLS_RSA_WITH_AES_128_CBC_SHA, TLS_RSA_WITH_AES_256_CBC_SHA, TLS_AES_128_GCM_SHA256, TLS_AES_256_GCM_SHA384]
[DEBUG] 2023-05-13 18:59:02.476 [main] MultithreadEventLoopGroup:44--Dio.netty.eventLoopThreads: 16
[DEBUG] 2023-05-13 18:59:02.483 [main] NioEventLoop:106--Dio.netty.noKeySetOptimization: false
[DEBUG] 2023-05-13 18:59:02.484 [main] NioEventLoop:107--Dio.netty.selectorAutoRebuildThreshold: 512
[DEBUG] 2023-05-13 18:59:02.518 [main] PooledByteBufAllocator:155--Dio.netty.allocator.numHeapArenas: 16
[DEBUG] 2023-05-13 18:59:02.519 [main] PooledByteBufAllocator:156--Dio.netty.allocator.numDirectArenas: 16
[DEBUG] 2023-05-13 18:59:02.519 [main] PooledByteBufAllocator:158--Dio.netty.allocator.pageSize: 8192
[DEBUG] 2023-05-13 18:59:02.519 [main] PooledByteBufAllocator:163--Dio.netty.allocator.maxOrder: 11
[DEBUG] 2023-05-13 18:59:02.519 [main] PooledByteBufAllocator:167--Dio.netty.allocator.chunkSize: 16777216
[DEBUG] 2023-05-13 18:59:02.519 [main] PooledByteBufAllocator:168--Dio.netty.allocator.smallCacheSize: 256
[DEBUG] 2023-05-13 18:59:02.519 [main] PooledByteBufAllocator:169--Dio.netty.allocator.normalCacheSize: 64
[DEBUG] 2023-05-13 18:59:02.519 [main] PooledByteBufAllocator:170--Dio.netty.allocator.maxCachedBufferCapacity: 32768
[DEBUG] 2023-05-13 18:59:02.520 [main] PooledByteBufAllocator:171--Dio.netty.allocator.cacheTrimInterval: 8192
[DEBUG] 2023-05-13 18:59:02.520 [main] PooledByteBufAllocator:172--Dio.netty.allocator.cacheTrimIntervalMillis: 0
[DEBUG] 2023-05-13 18:59:02.520 [main] PooledByteBufAllocator:173--Dio.netty.allocator.useCacheForAllThreads: true
[DEBUG] 2023-05-13 18:59:02.520 [main] PooledByteBufAllocator:174--Dio.netty.allocator.maxCachedByteBuffersPerChunk: 1023
[DEBUG] 2023-05-13 18:59:02.528 [main] ByteBufUtil:87--Dio.netty.allocator.type: pooled
[DEBUG] 2023-05-13 18:59:02.528 [main] ByteBufUtil:96--Dio.netty.threadLocalDirectBufferSize: 0
[DEBUG] 2023-05-13 18:59:02.528 [main] ByteBufUtil:99--Dio.netty.maxThreadLocalCharBufferSize: 16384
[DEBUG] 2023-05-13 18:59:03.312 [Forwarding newSession on session null to remote] DefaultChannelId:79--Dio.netty.processId: 13080 (auto-detected)
[DEBUG] 2023-05-13 18:59:03.314 [Forwarding newSession on session null to remote] NetUtil:135--Djava.net.preferIPv4Stack: false
[DEBUG] 2023-05-13 18:59:03.315 [Forwarding newSession on session null to remote] NetUtil:136--Djava.net.preferIPv6Addresses: false
[DEBUG] 2023-05-13 18:59:03.532 [Forwarding newSession on session null to remote] NetUtilInitializations:129-Loopback interface: lo (Software Loopback Interface 1, 127.0.0.1)
[DEBUG] 2023-05-13 18:59:03.533 [Forwarding newSession on session null to remote] NetUtil:187-Failed to get SOMAXCONN from sysctl and file \proc\sys\net\core\somaxconn. Default: 200
[DEBUG] 2023-05-13 18:59:03.771 [Forwarding newSession on session null to remote] DefaultChannelId:101--Dio.netty.machineId: d0:c6:37:ff:fe:f7:a9:b8 (auto-detected)
[DEBUG] 2023-05-13 18:59:03.811 [AsyncHttpClient-1-2] AbstractByteBuf:63--Dio.netty.buffer.checkAccessible: true
[DEBUG] 2023-05-13 18:59:03.811 [AsyncHttpClient-1-2] AbstractByteBuf:64--Dio.netty.buffer.checkBounds: true
[DEBUG] 2023-05-13 18:59:03.811 [AsyncHttpClient-1-2] ResourceLeakDetectorFactory:196-Loaded default ResourceLeakDetector: io.netty.util.ResourceLeakDetector@1e312468
[DEBUG] 2023-05-13 18:59:03.841 [AsyncHttpClient-1-2] Recycler:103--Dio.netty.recycler.maxCapacityPerThread: 4096
[DEBUG] 2023-05-13 18:59:03.841 [AsyncHttpClient-1-2] Recycler:104--Dio.netty.recycler.maxSharedCapacityFactor: 2
[DEBUG] 2023-05-13 18:59:03.841 [AsyncHttpClient-1-2] Recycler:105--Dio.netty.recycler.linkCapacity: 16
[DEBUG] 2023-05-13 18:59:03.841 [AsyncHttpClient-1-2] Recycler:106--Dio.netty.recycler.ratio: 8
[DEBUG] 2023-05-13 18:59:03.841 [AsyncHttpClient-1-2] Recycler:107--Dio.netty.recycler.delayedQueue.ratio: 8
[DEBUG] 2023-05-13 18:59:04.493 [AsyncHttpClient-1-2] Brotli:38-brotli4j not in the classpath; Brotli support will be unavailable.
[DEBUG] 2023-05-13 18:59:04.668 [main] ThreadLocalRandom:214--Dio.netty.initialSeedUniquifier: 0xef25bbba159e010a
[INFO ] 2023-05-13 18:59:08.069 [main] BaseTest:28-Init page
[DEBUG] 2023-05-13 19:03:18.228 [main] InternalLoggerFactory:76-Using Log4J2 as the default logging framework
[DEBUG] 2023-05-13 19:03:18.228 [main] ResourceLeakDetector:129--Dio.netty.leakDetection.level: simple
[DEBUG] 2023-05-13 19:03:18.228 [main] ResourceLeakDetector:130--Dio.netty.leakDetection.targetRecords: 4
[DEBUG] 2023-05-13 19:03:18.228 [main] ResourceLeakDetectorFactory:196-Loaded default ResourceLeakDetector: io.netty.util.ResourceLeakDetector@70325d20
[DEBUG] 2023-05-13 19:03:18.275 [main] PlatformDependent0:460--Dio.netty.noUnsafe: false
[DEBUG] 2023-05-13 19:03:18.275 [main] PlatformDependent0:954-Java version: 11
[DEBUG] 2023-05-13 19:03:18.275 [main] PlatformDependent0:135-sun.misc.Unsafe.theUnsafe: available
[DEBUG] 2023-05-13 19:03:18.275 [main] PlatformDependent0:159-sun.misc.Unsafe.copyMemory: available
[DEBUG] 2023-05-13 19:03:18.275 [main] PlatformDependent0:202-java.nio.Buffer.address: available
[DEBUG] 2023-05-13 19:03:18.275 [main] PlatformDependent0:285-direct buffer constructor: unavailable: Reflective setAccessible(true) disabled
[DEBUG] 2023-05-13 19:03:18.291 [main] PlatformDependent0:350-java.nio.Bits.unaligned: available, true
[DEBUG] 2023-05-13 19:03:18.291 [main] PlatformDependent0:417-jdk.internal.misc.Unsafe.allocateUninitializedArray(int): unavailable: class io.netty.util.internal.PlatformDependent0$6 cannot access class jdk.internal.misc.Unsafe (in module java.base) because module java.base does not export jdk.internal.misc to unnamed module @baf1bb3
[DEBUG] 2023-05-13 19:03:18.291 [main] PlatformDependent0:446-java.nio.DirectByteBuffer.<init>(long, int): unavailable
[DEBUG] 2023-05-13 19:03:18.291 [main] PlatformDependent:1103-sun.misc.Unsafe: available
[DEBUG] 2023-05-13 19:03:18.307 [main] PlatformDependent:1205-maxDirectMemory: 2109734912 bytes (maybe)
[DEBUG] 2023-05-13 19:03:18.307 [main] PlatformDependent:1224--Dio.netty.tmpdir: C:\Users\YURAKO~1.000\AppData\Local\Temp (java.io.tmpdir)
[DEBUG] 2023-05-13 19:03:18.307 [main] PlatformDependent:1303--Dio.netty.bitMode: 64 (sun.arch.data.model)
[DEBUG] 2023-05-13 19:03:18.307 [main] PlatformDependent:1063-Platform: Windows
[DEBUG] 2023-05-13 19:03:18.307 [main] PlatformDependent:178--Dio.netty.maxDirectMemory: -1 bytes
[DEBUG] 2023-05-13 19:03:18.307 [main] PlatformDependent:185--Dio.netty.uninitializedArrayAllocationThreshold: -1
[DEBUG] 2023-05-13 19:03:18.307 [main] CleanerJava9:71-java.nio.ByteBuffer.cleaner(): available
[DEBUG] 2023-05-13 19:03:18.307 [main] PlatformDependent:205--Dio.netty.noPreferDirect: false
[DEBUG] 2023-05-13 19:03:18.322 [main] PlatformDependent:967-org.jctools-core.MpscChunkedArrayQueue: available
[DEBUG] 2023-05-13 19:03:18.322 [main] InternalThreadLocalMap:83--Dio.netty.threadLocalMap.stringBuilder.initialSize: 1024
[DEBUG] 2023-05-13 19:03:18.322 [main] InternalThreadLocalMap:86--Dio.netty.threadLocalMap.stringBuilder.maxSize: 4096
[DEBUG] 2023-05-13 19:03:18.338 [main] JdkSslContext:97-Default protocols (JDK): [TLSv1.3, TLSv1.2] 
[DEBUG] 2023-05-13 19:03:18.338 [main] JdkSslContext:98-Default cipher suites (JDK): [TLS_ECDHE_ECDSA_WITH_AES_256_GCM_SHA384, TLS_ECDHE_ECDSA_WITH_AES_128_GCM_SHA256, TLS_ECDHE_RSA_WITH_AES_128_GCM_SHA256, TLS_ECDHE_RSA_WITH_AES_256_GCM_SHA384, TLS_ECDHE_RSA_WITH_AES_128_CBC_SHA, TLS_ECDHE_RSA_WITH_AES_256_CBC_SHA, TLS_RSA_WITH_AES_128_GCM_SHA256, TLS_RSA_WITH_AES_128_CBC_SHA, TLS_RSA_WITH_AES_256_CBC_SHA, TLS_AES_128_GCM_SHA256, TLS_AES_256_GCM_SHA384]
[DEBUG] 2023-05-13 19:03:18.369 [main] MultithreadEventLoopGroup:44--Dio.netty.eventLoopThreads: 16
[DEBUG] 2023-05-13 19:03:18.369 [main] NioEventLoop:106--Dio.netty.noKeySetOptimization: false
[DEBUG] 2023-05-13 19:03:18.369 [main] NioEventLoop:107--Dio.netty.selectorAutoRebuildThreshold: 512
[DEBUG] 2023-05-13 19:03:18.400 [main] PooledByteBufAllocator:155--Dio.netty.allocator.numHeapArenas: 16
[DEBUG] 2023-05-13 19:03:18.400 [main] PooledByteBufAllocator:156--Dio.netty.allocator.numDirectArenas: 16
[DEBUG] 2023-05-13 19:03:18.400 [main] PooledByteBufAllocator:158--Dio.netty.allocator.pageSize: 8192
[DEBUG] 2023-05-13 19:03:18.400 [main] PooledByteBufAllocator:163--Dio.netty.allocator.maxOrder: 11
[DEBUG] 2023-05-13 19:03:18.400 [main] PooledByteBufAllocator:167--Dio.netty.allocator.chunkSize: 16777216
[DEBUG] 2023-05-13 19:03:18.400 [main] PooledByteBufAllocator:168--Dio.netty.allocator.smallCacheSize: 256
[DEBUG] 2023-05-13 19:03:18.400 [main] PooledByteBufAllocator:169--Dio.netty.allocator.normalCacheSize: 64
[DEBUG] 2023-05-13 19:03:18.400 [main] PooledByteBufAllocator:170--Dio.netty.allocator.maxCachedBufferCapacity: 32768
[DEBUG] 2023-05-13 19:03:18.400 [main] PooledByteBufAllocator:171--Dio.netty.allocator.cacheTrimInterval: 8192
[DEBUG] 2023-05-13 19:03:18.400 [main] PooledByteBufAllocator:172--Dio.netty.allocator.cacheTrimIntervalMillis: 0
[DEBUG] 2023-05-13 19:03:18.400 [main] PooledByteBufAllocator:173--Dio.netty.allocator.useCacheForAllThreads: true
[DEBUG] 2023-05-13 19:03:18.400 [main] PooledByteBufAllocator:174--Dio.netty.allocator.maxCachedByteBuffersPerChunk: 1023
[DEBUG] 2023-05-13 19:03:18.416 [main] ByteBufUtil:87--Dio.netty.allocator.type: pooled
[DEBUG] 2023-05-13 19:03:18.416 [main] ByteBufUtil:96--Dio.netty.threadLocalDirectBufferSize: 0
[DEBUG] 2023-05-13 19:03:18.416 [main] ByteBufUtil:99--Dio.netty.maxThreadLocalCharBufferSize: 16384
[DEBUG] 2023-05-13 19:03:19.177 [Forwarding newSession on session null to remote] DefaultChannelId:79--Dio.netty.processId: 7200 (auto-detected)
[DEBUG] 2023-05-13 19:03:19.177 [Forwarding newSession on session null to remote] NetUtil:135--Djava.net.preferIPv4Stack: false
[DEBUG] 2023-05-13 19:03:19.177 [Forwarding newSession on session null to remote] NetUtil:136--Djava.net.preferIPv6Addresses: false
[DEBUG] 2023-05-13 19:03:19.383 [Forwarding newSession on session null to remote] NetUtilInitializations:129-Loopback interface: lo (Software Loopback Interface 1, 127.0.0.1)
[DEBUG] 2023-05-13 19:03:19.399 [Forwarding newSession on session null to remote] NetUtil:187-Failed to get SOMAXCONN from sysctl and file \proc\sys\net\core\somaxconn. Default: 200
[DEBUG] 2023-05-13 19:03:19.636 [Forwarding newSession on session null to remote] DefaultChannelId:101--Dio.netty.machineId: d0:c6:37:ff:fe:f7:a9:b8 (auto-detected)
[DEBUG] 2023-05-13 19:03:19.668 [AsyncHttpClient-1-2] AbstractByteBuf:63--Dio.netty.buffer.checkAccessible: true
[DEBUG] 2023-05-13 19:03:19.668 [AsyncHttpClient-1-2] AbstractByteBuf:64--Dio.netty.buffer.checkBounds: true
[DEBUG] 2023-05-13 19:03:19.668 [AsyncHttpClient-1-2] ResourceLeakDetectorFactory:196-Loaded default ResourceLeakDetector: io.netty.util.ResourceLeakDetector@7303620c
[DEBUG] 2023-05-13 19:03:19.699 [AsyncHttpClient-1-2] Recycler:103--Dio.netty.recycler.maxCapacityPerThread: 4096
[DEBUG] 2023-05-13 19:03:19.699 [AsyncHttpClient-1-2] Recycler:104--Dio.netty.recycler.maxSharedCapacityFactor: 2
[DEBUG] 2023-05-13 19:03:19.699 [AsyncHttpClient-1-2] Recycler:105--Dio.netty.recycler.linkCapacity: 16
[DEBUG] 2023-05-13 19:03:19.699 [AsyncHttpClient-1-2] Recycler:106--Dio.netty.recycler.ratio: 8
[DEBUG] 2023-05-13 19:03:19.699 [AsyncHttpClient-1-2] Recycler:107--Dio.netty.recycler.delayedQueue.ratio: 8
[DEBUG] 2023-05-13 19:03:20.298 [AsyncHttpClient-1-2] Brotli:38-brotli4j not in the classpath; Brotli support will be unavailable.
[DEBUG] 2023-05-13 19:03:20.472 [main] ThreadLocalRandom:214--Dio.netty.initialSeedUniquifier: 0xb1fd0f9e7183543d
[INFO ] 2023-05-13 19:03:23.135 [main] BaseTest:28-Init page
[DEBUG] 2023-05-14 07:45:14.180 [main] InternalLoggerFactory:76-Using Log4J2 as the default logging framework
[DEBUG] 2023-05-14 07:45:14.191 [main] ResourceLeakDetector:129--Dio.netty.leakDetection.level: simple
[DEBUG] 2023-05-14 07:45:14.191 [main] ResourceLeakDetector:130--Dio.netty.leakDetection.targetRecords: 4
[DEBUG] 2023-05-14 07:45:14.197 [main] ResourceLeakDetectorFactory:196-Loaded default ResourceLeakDetector: io.netty.util.ResourceLeakDetector@4e8e8621
[DEBUG] 2023-05-14 07:45:14.221 [main] PlatformDependent0:460--Dio.netty.noUnsafe: false
[DEBUG] 2023-05-14 07:45:14.221 [main] PlatformDependent0:954-Java version: 11
[DEBUG] 2023-05-14 07:45:14.223 [main] PlatformDependent0:135-sun.misc.Unsafe.theUnsafe: available
[DEBUG] 2023-05-14 07:45:14.224 [main] PlatformDependent0:159-sun.misc.Unsafe.copyMemory: available
[DEBUG] 2023-05-14 07:45:14.225 [main] PlatformDependent0:202-java.nio.Buffer.address: available
[DEBUG] 2023-05-14 07:45:14.226 [main] PlatformDependent0:285-direct buffer constructor: unavailable: Reflective setAccessible(true) disabled
[DEBUG] 2023-05-14 07:45:14.227 [main] PlatformDependent0:350-java.nio.Bits.unaligned: available, true
[DEBUG] 2023-05-14 07:45:14.228 [main] PlatformDependent0:417-jdk.internal.misc.Unsafe.allocateUninitializedArray(int): unavailable: class io.netty.util.internal.PlatformDependent0$6 cannot access class jdk.internal.misc.Unsafe (in module java.base) because module java.base does not export jdk.internal.misc to unnamed module @57540fd0
[DEBUG] 2023-05-14 07:45:14.229 [main] PlatformDependent0:446-java.nio.DirectByteBuffer.<init>(long, int): unavailable
[DEBUG] 2023-05-14 07:45:14.229 [main] PlatformDependent:1103-sun.misc.Unsafe: available
[DEBUG] 2023-05-14 07:45:14.231 [main] PlatformDependent:1205-maxDirectMemory: 2109734912 bytes (maybe)
[DEBUG] 2023-05-14 07:45:14.231 [main] PlatformDependent:1224--Dio.netty.tmpdir: C:\Users\YURAKO~1.000\AppData\Local\Temp (java.io.tmpdir)
[DEBUG] 2023-05-14 07:45:14.231 [main] PlatformDependent:1303--Dio.netty.bitMode: 64 (sun.arch.data.model)
[DEBUG] 2023-05-14 07:45:14.231 [main] PlatformDependent:1063-Platform: Windows
[DEBUG] 2023-05-14 07:45:14.232 [main] PlatformDependent:178--Dio.netty.maxDirectMemory: -1 bytes
[DEBUG] 2023-05-14 07:45:14.232 [main] PlatformDependent:185--Dio.netty.uninitializedArrayAllocationThreshold: -1
[DEBUG] 2023-05-14 07:45:14.234 [main] CleanerJava9:71-java.nio.ByteBuffer.cleaner(): available
[DEBUG] 2023-05-14 07:45:14.234 [main] PlatformDependent:205--Dio.netty.noPreferDirect: false
[DEBUG] 2023-05-14 07:45:14.243 [main] PlatformDependent:967-org.jctools-core.MpscChunkedArrayQueue: available
[DEBUG] 2023-05-14 07:45:14.283 [main] InternalThreadLocalMap:83--Dio.netty.threadLocalMap.stringBuilder.initialSize: 1024
[DEBUG] 2023-05-14 07:45:14.283 [main] InternalThreadLocalMap:86--Dio.netty.threadLocalMap.stringBuilder.maxSize: 4096
[DEBUG] 2023-05-14 07:45:14.387 [main] JdkSslContext:97-Default protocols (JDK): [TLSv1.3, TLSv1.2] 
[DEBUG] 2023-05-14 07:45:14.389 [main] JdkSslContext:98-Default cipher suites (JDK): [TLS_ECDHE_ECDSA_WITH_AES_256_GCM_SHA384, TLS_ECDHE_ECDSA_WITH_AES_128_GCM_SHA256, TLS_ECDHE_RSA_WITH_AES_128_GCM_SHA256, TLS_ECDHE_RSA_WITH_AES_256_GCM_SHA384, TLS_ECDHE_RSA_WITH_AES_128_CBC_SHA, TLS_ECDHE_RSA_WITH_AES_256_CBC_SHA, TLS_RSA_WITH_AES_128_GCM_SHA256, TLS_RSA_WITH_AES_128_CBC_SHA, TLS_RSA_WITH_AES_256_CBC_SHA, TLS_AES_128_GCM_SHA256, TLS_AES_256_GCM_SHA384]
[DEBUG] 2023-05-14 07:45:14.459 [main] MultithreadEventLoopGroup:44--Dio.netty.eventLoopThreads: 16
[DEBUG] 2023-05-14 07:45:14.479 [main] NioEventLoop:106--Dio.netty.noKeySetOptimization: false
[DEBUG] 2023-05-14 07:45:14.479 [main] NioEventLoop:107--Dio.netty.selectorAutoRebuildThreshold: 512
[DEBUG] 2023-05-14 07:45:14.579 [main] PooledByteBufAllocator:155--Dio.netty.allocator.numHeapArenas: 16
[DEBUG] 2023-05-14 07:45:14.579 [main] PooledByteBufAllocator:156--Dio.netty.allocator.numDirectArenas: 16
[DEBUG] 2023-05-14 07:45:14.579 [main] PooledByteBufAllocator:158--Dio.netty.allocator.pageSize: 8192
[DEBUG] 2023-05-14 07:45:14.579 [main] PooledByteBufAllocator:163--Dio.netty.allocator.maxOrder: 11
[DEBUG] 2023-05-14 07:45:14.580 [main] PooledByteBufAllocator:167--Dio.netty.allocator.chunkSize: 16777216
[DEBUG] 2023-05-14 07:45:14.580 [main] PooledByteBufAllocator:168--Dio.netty.allocator.smallCacheSize: 256
[DEBUG] 2023-05-14 07:45:14.580 [main] PooledByteBufAllocator:169--Dio.netty.allocator.normalCacheSize: 64
[DEBUG] 2023-05-14 07:45:14.580 [main] PooledByteBufAllocator:170--Dio.netty.allocator.maxCachedBufferCapacity: 32768
[DEBUG] 2023-05-14 07:45:14.580 [main] PooledByteBufAllocator:171--Dio.netty.allocator.cacheTrimInterval: 8192
[DEBUG] 2023-05-14 07:45:14.580 [main] PooledByteBufAllocator:172--Dio.netty.allocator.cacheTrimIntervalMillis: 0
[DEBUG] 2023-05-14 07:45:14.582 [main] PooledByteBufAllocator:173--Dio.netty.allocator.useCacheForAllThreads: true
[DEBUG] 2023-05-14 07:45:14.582 [main] PooledByteBufAllocator:174--Dio.netty.allocator.maxCachedByteBuffersPerChunk: 1023
[DEBUG] 2023-05-14 07:45:14.604 [main] ByteBufUtil:87--Dio.netty.allocator.type: pooled
[DEBUG] 2023-05-14 07:45:14.605 [main] ByteBufUtil:96--Dio.netty.threadLocalDirectBufferSize: 0
[DEBUG] 2023-05-14 07:45:14.605 [main] ByteBufUtil:99--Dio.netty.maxThreadLocalCharBufferSize: 16384
[DEBUG] 2023-05-14 07:45:16.180 [Forwarding newSession on session null to remote] DefaultChannelId:79--Dio.netty.processId: 15672 (auto-detected)
[DEBUG] 2023-05-14 07:45:16.184 [Forwarding newSession on session null to remote] NetUtil:135--Djava.net.preferIPv4Stack: false
[DEBUG] 2023-05-14 07:45:16.184 [Forwarding newSession on session null to remote] NetUtil:136--Djava.net.preferIPv6Addresses: false
[DEBUG] 2023-05-14 07:45:16.642 [Forwarding newSession on session null to remote] NetUtilInitializations:129-Loopback interface: lo (Software Loopback Interface 1, 127.0.0.1)
[DEBUG] 2023-05-14 07:45:16.644 [Forwarding newSession on session null to remote] NetUtil:187-Failed to get SOMAXCONN from sysctl and file \proc\sys\net\core\somaxconn. Default: 200
[DEBUG] 2023-05-14 07:45:17.222 [Forwarding newSession on session null to remote] DefaultChannelId:101--Dio.netty.machineId: d0:c6:37:ff:fe:f7:a9:b8 (auto-detected)
[DEBUG] 2023-05-14 07:45:17.342 [AsyncHttpClient-1-2] AbstractByteBuf:63--Dio.netty.buffer.checkAccessible: true
[DEBUG] 2023-05-14 07:45:17.343 [AsyncHttpClient-1-2] AbstractByteBuf:64--Dio.netty.buffer.checkBounds: true
[DEBUG] 2023-05-14 07:45:17.343 [AsyncHttpClient-1-2] ResourceLeakDetectorFactory:196-Loaded default ResourceLeakDetector: io.netty.util.ResourceLeakDetector@6b8274cf
[DEBUG] 2023-05-14 07:45:17.403 [AsyncHttpClient-1-2] Recycler:103--Dio.netty.recycler.maxCapacityPerThread: 4096
[DEBUG] 2023-05-14 07:45:17.403 [AsyncHttpClient-1-2] Recycler:104--Dio.netty.recycler.maxSharedCapacityFactor: 2
[DEBUG] 2023-05-14 07:45:17.403 [AsyncHttpClient-1-2] Recycler:105--Dio.netty.recycler.linkCapacity: 16
[DEBUG] 2023-05-14 07:45:17.404 [AsyncHttpClient-1-2] Recycler:106--Dio.netty.recycler.ratio: 8
[DEBUG] 2023-05-14 07:45:17.404 [AsyncHttpClient-1-2] Recycler:107--Dio.netty.recycler.delayedQueue.ratio: 8
[DEBUG] 2023-05-14 07:45:18.687 [AsyncHttpClient-1-2] Brotli:38-brotli4j not in the classpath; Brotli support will be unavailable.
[DEBUG] 2023-05-14 07:45:18.998 [main] ThreadLocalRandom:214--Dio.netty.initialSeedUniquifier: 0xf2430987793935da
[DEBUG] 2023-05-14 07:47:06.872 [main] InternalLoggerFactory:76-Using Log4J2 as the default logging framework
[DEBUG] 2023-05-14 07:47:06.886 [main] ResourceLeakDetector:129--Dio.netty.leakDetection.level: simple
[DEBUG] 2023-05-14 07:47:06.886 [main] ResourceLeakDetector:130--Dio.netty.leakDetection.targetRecords: 4
[DEBUG] 2023-05-14 07:47:06.894 [main] ResourceLeakDetectorFactory:196-Loaded default ResourceLeakDetector: io.netty.util.ResourceLeakDetector@648ee871
[DEBUG] 2023-05-14 07:47:06.928 [main] PlatformDependent0:460--Dio.netty.noUnsafe: false
[DEBUG] 2023-05-14 07:47:06.929 [main] PlatformDependent0:954-Java version: 11
[DEBUG] 2023-05-14 07:47:06.932 [main] PlatformDependent0:135-sun.misc.Unsafe.theUnsafe: available
[DEBUG] 2023-05-14 07:47:06.933 [main] PlatformDependent0:159-sun.misc.Unsafe.copyMemory: available
[DEBUG] 2023-05-14 07:47:06.934 [main] PlatformDependent0:202-java.nio.Buffer.address: available
[DEBUG] 2023-05-14 07:47:06.935 [main] PlatformDependent0:285-direct buffer constructor: unavailable: Reflective setAccessible(true) disabled
[DEBUG] 2023-05-14 07:47:06.937 [main] PlatformDependent0:350-java.nio.Bits.unaligned: available, true
[DEBUG] 2023-05-14 07:47:06.939 [main] PlatformDependent0:417-jdk.internal.misc.Unsafe.allocateUninitializedArray(int): unavailable: class io.netty.util.internal.PlatformDependent0$6 cannot access class jdk.internal.misc.Unsafe (in module java.base) because module java.base does not export jdk.internal.misc to unnamed module @6ce90bc5
[DEBUG] 2023-05-14 07:47:06.943 [main] PlatformDependent0:446-java.nio.DirectByteBuffer.<init>(long, int): unavailable
[DEBUG] 2023-05-14 07:47:06.944 [main] PlatformDependent:1103-sun.misc.Unsafe: available
[DEBUG] 2023-05-14 07:47:06.945 [main] PlatformDependent:1205-maxDirectMemory: 2109734912 bytes (maybe)
[DEBUG] 2023-05-14 07:47:06.946 [main] PlatformDependent:1224--Dio.netty.tmpdir: C:\Users\YURAKO~1.000\AppData\Local\Temp (java.io.tmpdir)
[DEBUG] 2023-05-14 07:47:06.946 [main] PlatformDependent:1303--Dio.netty.bitMode: 64 (sun.arch.data.model)
[DEBUG] 2023-05-14 07:47:06.947 [main] PlatformDependent:1063-Platform: Windows
[DEBUG] 2023-05-14 07:47:06.949 [main] PlatformDependent:178--Dio.netty.maxDirectMemory: -1 bytes
[DEBUG] 2023-05-14 07:47:06.949 [main] PlatformDependent:185--Dio.netty.uninitializedArrayAllocationThreshold: -1
[DEBUG] 2023-05-14 07:47:06.951 [main] CleanerJava9:71-java.nio.ByteBuffer.cleaner(): available
[DEBUG] 2023-05-14 07:47:06.952 [main] PlatformDependent:205--Dio.netty.noPreferDirect: false
[DEBUG] 2023-05-14 07:47:06.970 [main] PlatformDependent:967-org.jctools-core.MpscChunkedArrayQueue: available
[DEBUG] 2023-05-14 07:47:07.022 [main] InternalThreadLocalMap:83--Dio.netty.threadLocalMap.stringBuilder.initialSize: 1024
[DEBUG] 2023-05-14 07:47:07.022 [main] InternalThreadLocalMap:86--Dio.netty.threadLocalMap.stringBuilder.maxSize: 4096
[DEBUG] 2023-05-14 07:47:07.108 [main] JdkSslContext:97-Default protocols (JDK): [TLSv1.3, TLSv1.2] 
[DEBUG] 2023-05-14 07:47:07.109 [main] JdkSslContext:98-Default cipher suites (JDK): [TLS_ECDHE_ECDSA_WITH_AES_256_GCM_SHA384, TLS_ECDHE_ECDSA_WITH_AES_128_GCM_SHA256, TLS_ECDHE_RSA_WITH_AES_128_GCM_SHA256, TLS_ECDHE_RSA_WITH_AES_256_GCM_SHA384, TLS_ECDHE_RSA_WITH_AES_128_CBC_SHA, TLS_ECDHE_RSA_WITH_AES_256_CBC_SHA, TLS_RSA_WITH_AES_128_GCM_SHA256, TLS_RSA_WITH_AES_128_CBC_SHA, TLS_RSA_WITH_AES_256_CBC_SHA, TLS_AES_128_GCM_SHA256, TLS_AES_256_GCM_SHA384]
[DEBUG] 2023-05-14 07:47:07.162 [main] MultithreadEventLoopGroup:44--Dio.netty.eventLoopThreads: 16
[DEBUG] 2023-05-14 07:47:07.182 [main] NioEventLoop:106--Dio.netty.noKeySetOptimization: false
[DEBUG] 2023-05-14 07:47:07.183 [main] NioEventLoop:107--Dio.netty.selectorAutoRebuildThreshold: 512
[DEBUG] 2023-05-14 07:47:07.295 [main] PooledByteBufAllocator:155--Dio.netty.allocator.numHeapArenas: 16
[DEBUG] 2023-05-14 07:47:07.295 [main] PooledByteBufAllocator:156--Dio.netty.allocator.numDirectArenas: 16
[DEBUG] 2023-05-14 07:47:07.296 [main] PooledByteBufAllocator:158--Dio.netty.allocator.pageSize: 8192
[DEBUG] 2023-05-14 07:47:07.296 [main] PooledByteBufAllocator:163--Dio.netty.allocator.maxOrder: 11
[DEBUG] 2023-05-14 07:47:07.297 [main] PooledByteBufAllocator:167--Dio.netty.allocator.chunkSize: 16777216
[DEBUG] 2023-05-14 07:47:07.297 [main] PooledByteBufAllocator:168--Dio.netty.allocator.smallCacheSize: 256
[DEBUG] 2023-05-14 07:47:07.298 [main] PooledByteBufAllocator:169--Dio.netty.allocator.normalCacheSize: 64
[DEBUG] 2023-05-14 07:47:07.298 [main] PooledByteBufAllocator:170--Dio.netty.allocator.maxCachedBufferCapacity: 32768
[DEBUG] 2023-05-14 07:47:07.299 [main] PooledByteBufAllocator:171--Dio.netty.allocator.cacheTrimInterval: 8192
[DEBUG] 2023-05-14 07:47:07.299 [main] PooledByteBufAllocator:172--Dio.netty.allocator.cacheTrimIntervalMillis: 0
[DEBUG] 2023-05-14 07:47:07.300 [main] PooledByteBufAllocator:173--Dio.netty.allocator.useCacheForAllThreads: true
[DEBUG] 2023-05-14 07:47:07.301 [main] PooledByteBufAllocator:174--Dio.netty.allocator.maxCachedByteBuffersPerChunk: 1023
[DEBUG] 2023-05-14 07:47:07.327 [main] ByteBufUtil:87--Dio.netty.allocator.type: pooled
[DEBUG] 2023-05-14 07:47:07.327 [main] ByteBufUtil:96--Dio.netty.threadLocalDirectBufferSize: 0
[DEBUG] 2023-05-14 07:47:07.328 [main] ByteBufUtil:99--Dio.netty.maxThreadLocalCharBufferSize: 16384
[DEBUG] 2023-05-14 07:47:08.525 [Forwarding newSession on session null to remote] DefaultChannelId:79--Dio.netty.processId: 18136 (auto-detected)
[DEBUG] 2023-05-14 07:47:08.529 [Forwarding newSession on session null to remote] NetUtil:135--Djava.net.preferIPv4Stack: false
[DEBUG] 2023-05-14 07:47:08.530 [Forwarding newSession on session null to remote] NetUtil:136--Djava.net.preferIPv6Addresses: false
[DEBUG] 2023-05-14 07:47:08.995 [Forwarding newSession on session null to remote] NetUtilInitializations:129-Loopback interface: lo (Software Loopback Interface 1, 127.0.0.1)
[DEBUG] 2023-05-14 07:47:08.996 [Forwarding newSession on session null to remote] NetUtil:187-Failed to get SOMAXCONN from sysctl and file \proc\sys\net\core\somaxconn. Default: 200
[DEBUG] 2023-05-14 07:47:09.456 [Forwarding newSession on session null to remote] DefaultChannelId:101--Dio.netty.machineId: d0:c6:37:ff:fe:f7:a9:b8 (auto-detected)
[DEBUG] 2023-05-14 07:47:09.553 [AsyncHttpClient-1-2] AbstractByteBuf:63--Dio.netty.buffer.checkAccessible: true
[DEBUG] 2023-05-14 07:47:09.554 [AsyncHttpClient-1-2] AbstractByteBuf:64--Dio.netty.buffer.checkBounds: true
[DEBUG] 2023-05-14 07:47:09.554 [AsyncHttpClient-1-2] ResourceLeakDetectorFactory:196-Loaded default ResourceLeakDetector: io.netty.util.ResourceLeakDetector@256c83ff
[DEBUG] 2023-05-14 07:47:09.620 [AsyncHttpClient-1-2] Recycler:103--Dio.netty.recycler.maxCapacityPerThread: 4096
[DEBUG] 2023-05-14 07:47:09.621 [AsyncHttpClient-1-2] Recycler:104--Dio.netty.recycler.maxSharedCapacityFactor: 2
[DEBUG] 2023-05-14 07:47:09.622 [AsyncHttpClient-1-2] Recycler:105--Dio.netty.recycler.linkCapacity: 16
[DEBUG] 2023-05-14 07:47:09.622 [AsyncHttpClient-1-2] Recycler:106--Dio.netty.recycler.ratio: 8
[DEBUG] 2023-05-14 07:47:09.622 [AsyncHttpClient-1-2] Recycler:107--Dio.netty.recycler.delayedQueue.ratio: 8
[DEBUG] 2023-05-14 07:47:11.747 [AsyncHttpClient-1-2] Brotli:38-brotli4j not in the classpath; Brotli support will be unavailable.
[DEBUG] 2023-05-14 07:47:12.216 [main] ThreadLocalRandom:214--Dio.netty.initialSeedUniquifier: 0x3a5a4dcb18e6a799
[INFO ] 2023-05-14 07:47:20.230 [main] BaseTest:28-Init page
[DEBUG] 2023-05-14 09:53:49.558 [main] InternalLoggerFactory:76-Using Log4J2 as the default logging framework
[DEBUG] 2023-05-14 09:53:49.573 [main] ResourceLeakDetector:129--Dio.netty.leakDetection.level: simple
[DEBUG] 2023-05-14 09:53:49.573 [main] ResourceLeakDetector:130--Dio.netty.leakDetection.targetRecords: 4
[DEBUG] 2023-05-14 09:53:49.573 [main] ResourceLeakDetectorFactory:196-Loaded default ResourceLeakDetector: io.netty.util.ResourceLeakDetector@236134a1
[DEBUG] 2023-05-14 09:53:49.589 [main] PlatformDependent0:460--Dio.netty.noUnsafe: false
[DEBUG] 2023-05-14 09:53:49.589 [main] PlatformDependent0:954-Java version: 11
[DEBUG] 2023-05-14 09:53:49.589 [main] PlatformDependent0:135-sun.misc.Unsafe.theUnsafe: available
[DEBUG] 2023-05-14 09:53:49.589 [main] PlatformDependent0:159-sun.misc.Unsafe.copyMemory: available
[DEBUG] 2023-05-14 09:53:49.604 [main] PlatformDependent0:202-java.nio.Buffer.address: available
[DEBUG] 2023-05-14 09:53:49.604 [main] PlatformDependent0:285-direct buffer constructor: unavailable: Reflective setAccessible(true) disabled
[DEBUG] 2023-05-14 09:53:49.604 [main] PlatformDependent0:350-java.nio.Bits.unaligned: available, true
[DEBUG] 2023-05-14 09:53:49.604 [main] PlatformDependent0:417-jdk.internal.misc.Unsafe.allocateUninitializedArray(int): unavailable: class io.netty.util.internal.PlatformDependent0$6 cannot access class jdk.internal.misc.Unsafe (in module java.base) because module java.base does not export jdk.internal.misc to unnamed module @7ce9e05a
[DEBUG] 2023-05-14 09:53:49.604 [main] PlatformDependent0:446-java.nio.DirectByteBuffer.<init>(long, int): unavailable
[DEBUG] 2023-05-14 09:53:49.604 [main] PlatformDependent:1103-sun.misc.Unsafe: available
[DEBUG] 2023-05-14 09:53:49.604 [main] PlatformDependent:1205-maxDirectMemory: 2109734912 bytes (maybe)
[DEBUG] 2023-05-14 09:53:49.604 [main] PlatformDependent:1224--Dio.netty.tmpdir: C:\Users\YURAKO~1.000\AppData\Local\Temp (java.io.tmpdir)
[DEBUG] 2023-05-14 09:53:49.604 [main] PlatformDependent:1303--Dio.netty.bitMode: 64 (sun.arch.data.model)
[DEBUG] 2023-05-14 09:53:49.604 [main] PlatformDependent:1063-Platform: Windows
[DEBUG] 2023-05-14 09:53:49.604 [main] PlatformDependent:178--Dio.netty.maxDirectMemory: -1 bytes
[DEBUG] 2023-05-14 09:53:49.604 [main] PlatformDependent:185--Dio.netty.uninitializedArrayAllocationThreshold: -1
[DEBUG] 2023-05-14 09:53:49.604 [main] CleanerJava9:71-java.nio.ByteBuffer.cleaner(): available
[DEBUG] 2023-05-14 09:53:49.604 [main] PlatformDependent:205--Dio.netty.noPreferDirect: false
[DEBUG] 2023-05-14 09:53:49.604 [main] PlatformDependent:967-org.jctools-core.MpscChunkedArrayQueue: available
[DEBUG] 2023-05-14 09:53:49.636 [main] InternalThreadLocalMap:83--Dio.netty.threadLocalMap.stringBuilder.initialSize: 1024
[DEBUG] 2023-05-14 09:53:49.636 [main] InternalThreadLocalMap:86--Dio.netty.threadLocalMap.stringBuilder.maxSize: 4096
[DEBUG] 2023-05-14 09:53:49.636 [main] JdkSslContext:97-Default protocols (JDK): [TLSv1.3, TLSv1.2] 
[DEBUG] 2023-05-14 09:53:49.636 [main] JdkSslContext:98-Default cipher suites (JDK): [TLS_ECDHE_ECDSA_WITH_AES_256_GCM_SHA384, TLS_ECDHE_ECDSA_WITH_AES_128_GCM_SHA256, TLS_ECDHE_RSA_WITH_AES_128_GCM_SHA256, TLS_ECDHE_RSA_WITH_AES_256_GCM_SHA384, TLS_ECDHE_RSA_WITH_AES_128_CBC_SHA, TLS_ECDHE_RSA_WITH_AES_256_CBC_SHA, TLS_RSA_WITH_AES_128_GCM_SHA256, TLS_RSA_WITH_AES_128_CBC_SHA, TLS_RSA_WITH_AES_256_CBC_SHA, TLS_AES_128_GCM_SHA256, TLS_AES_256_GCM_SHA384]
[DEBUG] 2023-05-14 09:53:49.667 [main] MultithreadEventLoopGroup:44--Dio.netty.eventLoopThreads: 16
[DEBUG] 2023-05-14 09:53:49.667 [main] NioEventLoop:106--Dio.netty.noKeySetOptimization: false
[DEBUG] 2023-05-14 09:53:49.682 [main] NioEventLoop:107--Dio.netty.selectorAutoRebuildThreshold: 512
[DEBUG] 2023-05-14 09:53:49.729 [main] PooledByteBufAllocator:155--Dio.netty.allocator.numHeapArenas: 16
[DEBUG] 2023-05-14 09:53:49.729 [main] PooledByteBufAllocator:156--Dio.netty.allocator.numDirectArenas: 16
[DEBUG] 2023-05-14 09:53:49.729 [main] PooledByteBufAllocator:158--Dio.netty.allocator.pageSize: 8192
[DEBUG] 2023-05-14 09:53:49.729 [main] PooledByteBufAllocator:163--Dio.netty.allocator.maxOrder: 11
[DEBUG] 2023-05-14 09:53:49.729 [main] PooledByteBufAllocator:167--Dio.netty.allocator.chunkSize: 16777216
[DEBUG] 2023-05-14 09:53:49.729 [main] PooledByteBufAllocator:168--Dio.netty.allocator.smallCacheSize: 256
[DEBUG] 2023-05-14 09:53:49.729 [main] PooledByteBufAllocator:169--Dio.netty.allocator.normalCacheSize: 64
[DEBUG] 2023-05-14 09:53:49.729 [main] PooledByteBufAllocator:170--Dio.netty.allocator.maxCachedBufferCapacity: 32768
[DEBUG] 2023-05-14 09:53:49.729 [main] PooledByteBufAllocator:171--Dio.netty.allocator.cacheTrimInterval: 8192
[DEBUG] 2023-05-14 09:53:49.729 [main] PooledByteBufAllocator:172--Dio.netty.allocator.cacheTrimIntervalMillis: 0
[DEBUG] 2023-05-14 09:53:49.729 [main] PooledByteBufAllocator:173--Dio.netty.allocator.useCacheForAllThreads: true
[DEBUG] 2023-05-14 09:53:49.729 [main] PooledByteBufAllocator:174--Dio.netty.allocator.maxCachedByteBuffersPerChunk: 1023
[DEBUG] 2023-05-14 09:53:49.729 [main] ByteBufUtil:87--Dio.netty.allocator.type: pooled
[DEBUG] 2023-05-14 09:53:49.729 [main] ByteBufUtil:96--Dio.netty.threadLocalDirectBufferSize: 0
[DEBUG] 2023-05-14 09:53:49.729 [main] ByteBufUtil:99--Dio.netty.maxThreadLocalCharBufferSize: 16384
[DEBUG] 2023-05-14 09:53:50.516 [Forwarding newSession on session null to remote] DefaultChannelId:79--Dio.netty.processId: 15512 (auto-detected)
[DEBUG] 2023-05-14 09:53:50.516 [Forwarding newSession on session null to remote] NetUtil:135--Djava.net.preferIPv4Stack: false
[DEBUG] 2023-05-14 09:53:50.516 [Forwarding newSession on session null to remote] NetUtil:136--Djava.net.preferIPv6Addresses: false
[DEBUG] 2023-05-14 09:53:50.728 [Forwarding newSession on session null to remote] NetUtilInitializations:129-Loopback interface: lo (Software Loopback Interface 1, 127.0.0.1)
[DEBUG] 2023-05-14 09:53:50.728 [Forwarding newSession on session null to remote] NetUtil:187-Failed to get SOMAXCONN from sysctl and file \proc\sys\net\core\somaxconn. Default: 200
[DEBUG] 2023-05-14 09:53:50.994 [Forwarding newSession on session null to remote] DefaultChannelId:101--Dio.netty.machineId: d0:c6:37:ff:fe:f7:a9:b8 (auto-detected)
[DEBUG] 2023-05-14 09:53:51.041 [AsyncHttpClient-1-2] AbstractByteBuf:63--Dio.netty.buffer.checkAccessible: true
[DEBUG] 2023-05-14 09:53:51.041 [AsyncHttpClient-1-2] AbstractByteBuf:64--Dio.netty.buffer.checkBounds: true
[DEBUG] 2023-05-14 09:53:51.041 [AsyncHttpClient-1-2] ResourceLeakDetectorFactory:196-Loaded default ResourceLeakDetector: io.netty.util.ResourceLeakDetector@1aea2588
[DEBUG] 2023-05-14 09:53:51.087 [AsyncHttpClient-1-2] Recycler:103--Dio.netty.recycler.maxCapacityPerThread: 4096
[DEBUG] 2023-05-14 09:53:51.087 [AsyncHttpClient-1-2] Recycler:104--Dio.netty.recycler.maxSharedCapacityFactor: 2
[DEBUG] 2023-05-14 09:53:51.087 [AsyncHttpClient-1-2] Recycler:105--Dio.netty.recycler.linkCapacity: 16
[DEBUG] 2023-05-14 09:53:51.087 [AsyncHttpClient-1-2] Recycler:106--Dio.netty.recycler.ratio: 8
[DEBUG] 2023-05-14 09:53:51.087 [AsyncHttpClient-1-2] Recycler:107--Dio.netty.recycler.delayedQueue.ratio: 8
[DEBUG] 2023-05-14 09:53:51.912 [AsyncHttpClient-1-2] Brotli:38-brotli4j not in the classpath; Brotli support will be unavailable.
[DEBUG] 2023-05-14 09:53:52.025 [main] ThreadLocalRandom:214--Dio.netty.initialSeedUniquifier: 0x35a446ab8e8fb63e
[INFO ] 2023-05-14 09:53:54.532 [main] BaseTest:28-Init page
[DEBUG] 2023-05-14 09:55:56.753 [main] InternalLoggerFactory:76-Using Log4J2 as the default logging framework
[DEBUG] 2023-05-14 09:55:56.769 [main] ResourceLeakDetector:129--Dio.netty.leakDetection.level: simple
[DEBUG] 2023-05-14 09:55:56.769 [main] ResourceLeakDetector:130--Dio.netty.leakDetection.targetRecords: 4
[DEBUG] 2023-05-14 09:55:56.769 [main] ResourceLeakDetectorFactory:196-Loaded default ResourceLeakDetector: io.netty.util.ResourceLeakDetector@6872f9c8
[DEBUG] 2023-05-14 09:55:56.785 [main] PlatformDependent0:460--Dio.netty.noUnsafe: false
[DEBUG] 2023-05-14 09:55:56.785 [main] PlatformDependent0:954-Java version: 11
[DEBUG] 2023-05-14 09:55:56.785 [main] PlatformDependent0:135-sun.misc.Unsafe.theUnsafe: available
[DEBUG] 2023-05-14 09:55:56.785 [main] PlatformDependent0:159-sun.misc.Unsafe.copyMemory: available
[DEBUG] 2023-05-14 09:55:56.785 [main] PlatformDependent0:202-java.nio.Buffer.address: available
[DEBUG] 2023-05-14 09:55:56.785 [main] PlatformDependent0:285-direct buffer constructor: unavailable: Reflective setAccessible(true) disabled
[DEBUG] 2023-05-14 09:55:56.785 [main] PlatformDependent0:350-java.nio.Bits.unaligned: available, true
[DEBUG] 2023-05-14 09:55:56.785 [main] PlatformDependent0:417-jdk.internal.misc.Unsafe.allocateUninitializedArray(int): unavailable: class io.netty.util.internal.PlatformDependent0$6 cannot access class jdk.internal.misc.Unsafe (in module java.base) because module java.base does not export jdk.internal.misc to unnamed module @5e01a982
[DEBUG] 2023-05-14 09:55:56.785 [main] PlatformDependent0:446-java.nio.DirectByteBuffer.<init>(long, int): unavailable
[DEBUG] 2023-05-14 09:55:56.785 [main] PlatformDependent:1103-sun.misc.Unsafe: available
[DEBUG] 2023-05-14 09:55:56.785 [main] PlatformDependent:1205-maxDirectMemory: 2109734912 bytes (maybe)
[DEBUG] 2023-05-14 09:55:56.785 [main] PlatformDependent:1224--Dio.netty.tmpdir: C:\Users\YURAKO~1.000\AppData\Local\Temp (java.io.tmpdir)
[DEBUG] 2023-05-14 09:55:56.785 [main] PlatformDependent:1303--Dio.netty.bitMode: 64 (sun.arch.data.model)
[DEBUG] 2023-05-14 09:55:56.785 [main] PlatformDependent:1063-Platform: Windows
[DEBUG] 2023-05-14 09:55:56.785 [main] PlatformDependent:178--Dio.netty.maxDirectMemory: -1 bytes
[DEBUG] 2023-05-14 09:55:56.785 [main] PlatformDependent:185--Dio.netty.uninitializedArrayAllocationThreshold: -1
[DEBUG] 2023-05-14 09:55:56.785 [main] CleanerJava9:71-java.nio.ByteBuffer.cleaner(): available
[DEBUG] 2023-05-14 09:55:56.785 [main] PlatformDependent:205--Dio.netty.noPreferDirect: false
[DEBUG] 2023-05-14 09:55:56.800 [main] PlatformDependent:967-org.jctools-core.MpscChunkedArrayQueue: available
[DEBUG] 2023-05-14 09:55:56.816 [main] InternalThreadLocalMap:83--Dio.netty.threadLocalMap.stringBuilder.initialSize: 1024
[DEBUG] 2023-05-14 09:55:56.816 [main] InternalThreadLocalMap:86--Dio.netty.threadLocalMap.stringBuilder.maxSize: 4096
[DEBUG] 2023-05-14 09:55:56.863 [main] JdkSslContext:97-Default protocols (JDK): [TLSv1.3, TLSv1.2] 
[DEBUG] 2023-05-14 09:55:56.863 [main] JdkSslContext:98-Default cipher suites (JDK): [TLS_ECDHE_ECDSA_WITH_AES_256_GCM_SHA384, TLS_ECDHE_ECDSA_WITH_AES_128_GCM_SHA256, TLS_ECDHE_RSA_WITH_AES_128_GCM_SHA256, TLS_ECDHE_RSA_WITH_AES_256_GCM_SHA384, TLS_ECDHE_RSA_WITH_AES_128_CBC_SHA, TLS_ECDHE_RSA_WITH_AES_256_CBC_SHA, TLS_RSA_WITH_AES_128_GCM_SHA256, TLS_RSA_WITH_AES_128_CBC_SHA, TLS_RSA_WITH_AES_256_CBC_SHA, TLS_AES_128_GCM_SHA256, TLS_AES_256_GCM_SHA384]
[DEBUG] 2023-05-14 09:55:56.878 [main] MultithreadEventLoopGroup:44--Dio.netty.eventLoopThreads: 16
[DEBUG] 2023-05-14 09:55:56.894 [main] NioEventLoop:106--Dio.netty.noKeySetOptimization: false
[DEBUG] 2023-05-14 09:55:56.894 [main] NioEventLoop:107--Dio.netty.selectorAutoRebuildThreshold: 512
[DEBUG] 2023-05-14 09:55:56.925 [main] PooledByteBufAllocator:155--Dio.netty.allocator.numHeapArenas: 16
[DEBUG] 2023-05-14 09:55:56.925 [main] PooledByteBufAllocator:156--Dio.netty.allocator.numDirectArenas: 16
[DEBUG] 2023-05-14 09:55:56.925 [main] PooledByteBufAllocator:158--Dio.netty.allocator.pageSize: 8192
[DEBUG] 2023-05-14 09:55:56.925 [main] PooledByteBufAllocator:163--Dio.netty.allocator.maxOrder: 11
[DEBUG] 2023-05-14 09:55:56.925 [main] PooledByteBufAllocator:167--Dio.netty.allocator.chunkSize: 16777216
[DEBUG] 2023-05-14 09:55:56.925 [main] PooledByteBufAllocator:168--Dio.netty.allocator.smallCacheSize: 256
[DEBUG] 2023-05-14 09:55:56.925 [main] PooledByteBufAllocator:169--Dio.netty.allocator.normalCacheSize: 64
[DEBUG] 2023-05-14 09:55:56.925 [main] PooledByteBufAllocator:170--Dio.netty.allocator.maxCachedBufferCapacity: 32768
[DEBUG] 2023-05-14 09:55:56.925 [main] PooledByteBufAllocator:171--Dio.netty.allocator.cacheTrimInterval: 8192
[DEBUG] 2023-05-14 09:55:56.925 [main] PooledByteBufAllocator:172--Dio.netty.allocator.cacheTrimIntervalMillis: 0
[DEBUG] 2023-05-14 09:55:56.925 [main] PooledByteBufAllocator:173--Dio.netty.allocator.useCacheForAllThreads: true
[DEBUG] 2023-05-14 09:55:56.925 [main] PooledByteBufAllocator:174--Dio.netty.allocator.maxCachedByteBuffersPerChunk: 1023
[DEBUG] 2023-05-14 09:55:56.941 [main] ByteBufUtil:87--Dio.netty.allocator.type: pooled
[DEBUG] 2023-05-14 09:55:56.941 [main] ByteBufUtil:96--Dio.netty.threadLocalDirectBufferSize: 0
[DEBUG] 2023-05-14 09:55:56.941 [main] ByteBufUtil:99--Dio.netty.maxThreadLocalCharBufferSize: 16384
[DEBUG] 2023-05-14 09:55:57.766 [Forwarding newSession on session null to remote] DefaultChannelId:79--Dio.netty.processId: 12120 (auto-detected)
[DEBUG] 2023-05-14 09:55:57.766 [Forwarding newSession on session null to remote] NetUtil:135--Djava.net.preferIPv4Stack: false
[DEBUG] 2023-05-14 09:55:57.766 [Forwarding newSession on session null to remote] NetUtil:136--Djava.net.preferIPv6Addresses: false
[DEBUG] 2023-05-14 09:55:57.972 [Forwarding newSession on session null to remote] NetUtilInitializations:129-Loopback interface: lo (Software Loopback Interface 1, 127.0.0.1)
[DEBUG] 2023-05-14 09:55:57.972 [Forwarding newSession on session null to remote] NetUtil:187-Failed to get SOMAXCONN from sysctl and file \proc\sys\net\core\somaxconn. Default: 200
[DEBUG] 2023-05-14 09:55:58.196 [Forwarding newSession on session null to remote] DefaultChannelId:101--Dio.netty.machineId: d0:c6:37:ff:fe:f7:a9:b8 (auto-detected)
[DEBUG] 2023-05-14 09:55:58.243 [AsyncHttpClient-1-2] AbstractByteBuf:63--Dio.netty.buffer.checkAccessible: true
[DEBUG] 2023-05-14 09:55:58.243 [AsyncHttpClient-1-2] AbstractByteBuf:64--Dio.netty.buffer.checkBounds: true
[DEBUG] 2023-05-14 09:55:58.243 [AsyncHttpClient-1-2] ResourceLeakDetectorFactory:196-Loaded default ResourceLeakDetector: io.netty.util.ResourceLeakDetector@2b3f6ea9
[DEBUG] 2023-05-14 09:55:58.275 [AsyncHttpClient-1-2] Recycler:103--Dio.netty.recycler.maxCapacityPerThread: 4096
[DEBUG] 2023-05-14 09:55:58.275 [AsyncHttpClient-1-2] Recycler:104--Dio.netty.recycler.maxSharedCapacityFactor: 2
[DEBUG] 2023-05-14 09:55:58.275 [AsyncHttpClient-1-2] Recycler:105--Dio.netty.recycler.linkCapacity: 16
[DEBUG] 2023-05-14 09:55:58.275 [AsyncHttpClient-1-2] Recycler:106--Dio.netty.recycler.ratio: 8
[DEBUG] 2023-05-14 09:55:58.275 [AsyncHttpClient-1-2] Recycler:107--Dio.netty.recycler.delayedQueue.ratio: 8
[DEBUG] 2023-05-14 09:55:59.177 [AsyncHttpClient-1-2] Brotli:38-brotli4j not in the classpath; Brotli support will be unavailable.
[DEBUG] 2023-05-14 09:55:59.342 [main] ThreadLocalRandom:214--Dio.netty.initialSeedUniquifier: 0x26ea12ccb7940ec4
[INFO ] 2023-05-14 09:56:02.072 [main] BaseTest:28-Init page
[DEBUG] 2023-05-14 09:57:30.182 [main] InternalLoggerFactory:76-Using Log4J2 as the default logging framework
[DEBUG] 2023-05-14 09:57:30.200 [main] ResourceLeakDetector:129--Dio.netty.leakDetection.level: simple
[DEBUG] 2023-05-14 09:57:30.200 [main] ResourceLeakDetector:130--Dio.netty.leakDetection.targetRecords: 4
[DEBUG] 2023-05-14 09:57:30.200 [main] ResourceLeakDetectorFactory:196-Loaded default ResourceLeakDetector: io.netty.util.ResourceLeakDetector@58065f0c
[DEBUG] 2023-05-14 09:57:30.215 [main] PlatformDependent0:460--Dio.netty.noUnsafe: false
[DEBUG] 2023-05-14 09:57:30.215 [main] PlatformDependent0:954-Java version: 11
[DEBUG] 2023-05-14 09:57:30.215 [main] PlatformDependent0:135-sun.misc.Unsafe.theUnsafe: available
[DEBUG] 2023-05-14 09:57:30.215 [main] PlatformDependent0:159-sun.misc.Unsafe.copyMemory: available
[DEBUG] 2023-05-14 09:57:30.215 [main] PlatformDependent0:202-java.nio.Buffer.address: available
[DEBUG] 2023-05-14 09:57:30.215 [main] PlatformDependent0:285-direct buffer constructor: unavailable: Reflective setAccessible(true) disabled
[DEBUG] 2023-05-14 09:57:30.215 [main] PlatformDependent0:350-java.nio.Bits.unaligned: available, true
[DEBUG] 2023-05-14 09:57:30.215 [main] PlatformDependent0:417-jdk.internal.misc.Unsafe.allocateUninitializedArray(int): unavailable: class io.netty.util.internal.PlatformDependent0$6 cannot access class jdk.internal.misc.Unsafe (in module java.base) because module java.base does not export jdk.internal.misc to unnamed module @34cf5a97
[DEBUG] 2023-05-14 09:57:30.215 [main] PlatformDependent0:446-java.nio.DirectByteBuffer.<init>(long, int): unavailable
[DEBUG] 2023-05-14 09:57:30.215 [main] PlatformDependent:1103-sun.misc.Unsafe: available
[DEBUG] 2023-05-14 09:57:30.215 [main] PlatformDependent:1205-maxDirectMemory: 2109734912 bytes (maybe)
[DEBUG] 2023-05-14 09:57:30.215 [main] PlatformDependent:1224--Dio.netty.tmpdir: C:\Users\YURAKO~1.000\AppData\Local\Temp (java.io.tmpdir)
[DEBUG] 2023-05-14 09:57:30.215 [main] PlatformDependent:1303--Dio.netty.bitMode: 64 (sun.arch.data.model)
[DEBUG] 2023-05-14 09:57:30.215 [main] PlatformDependent:1063-Platform: Windows
[DEBUG] 2023-05-14 09:57:30.232 [main] PlatformDependent:178--Dio.netty.maxDirectMemory: -1 bytes
[DEBUG] 2023-05-14 09:57:30.232 [main] PlatformDependent:185--Dio.netty.uninitializedArrayAllocationThreshold: -1
[DEBUG] 2023-05-14 09:57:30.232 [main] CleanerJava9:71-java.nio.ByteBuffer.cleaner(): available
[DEBUG] 2023-05-14 09:57:30.232 [main] PlatformDependent:205--Dio.netty.noPreferDirect: false
[DEBUG] 2023-05-14 09:57:30.232 [main] PlatformDependent:967-org.jctools-core.MpscChunkedArrayQueue: available
[DEBUG] 2023-05-14 09:57:30.249 [main] InternalThreadLocalMap:83--Dio.netty.threadLocalMap.stringBuilder.initialSize: 1024
[DEBUG] 2023-05-14 09:57:30.249 [main] InternalThreadLocalMap:86--Dio.netty.threadLocalMap.stringBuilder.maxSize: 4096
[DEBUG] 2023-05-14 09:57:30.282 [main] JdkSslContext:97-Default protocols (JDK): [TLSv1.3, TLSv1.2] 
[DEBUG] 2023-05-14 09:57:30.282 [main] JdkSslContext:98-Default cipher suites (JDK): [TLS_ECDHE_ECDSA_WITH_AES_256_GCM_SHA384, TLS_ECDHE_ECDSA_WITH_AES_128_GCM_SHA256, TLS_ECDHE_RSA_WITH_AES_128_GCM_SHA256, TLS_ECDHE_RSA_WITH_AES_256_GCM_SHA384, TLS_ECDHE_RSA_WITH_AES_128_CBC_SHA, TLS_ECDHE_RSA_WITH_AES_256_CBC_SHA, TLS_RSA_WITH_AES_128_GCM_SHA256, TLS_RSA_WITH_AES_128_CBC_SHA, TLS_RSA_WITH_AES_256_CBC_SHA, TLS_AES_128_GCM_SHA256, TLS_AES_256_GCM_SHA384]
[DEBUG] 2023-05-14 09:57:30.316 [main] MultithreadEventLoopGroup:44--Dio.netty.eventLoopThreads: 16
[DEBUG] 2023-05-14 09:57:30.316 [main] NioEventLoop:106--Dio.netty.noKeySetOptimization: false
[DEBUG] 2023-05-14 09:57:30.316 [main] NioEventLoop:107--Dio.netty.selectorAutoRebuildThreshold: 512
[DEBUG] 2023-05-14 09:57:30.349 [main] PooledByteBufAllocator:155--Dio.netty.allocator.numHeapArenas: 16
[DEBUG] 2023-05-14 09:57:30.349 [main] PooledByteBufAllocator:156--Dio.netty.allocator.numDirectArenas: 16
[DEBUG] 2023-05-14 09:57:30.349 [main] PooledByteBufAllocator:158--Dio.netty.allocator.pageSize: 8192
[DEBUG] 2023-05-14 09:57:30.349 [main] PooledByteBufAllocator:163--Dio.netty.allocator.maxOrder: 11
[DEBUG] 2023-05-14 09:57:30.349 [main] PooledByteBufAllocator:167--Dio.netty.allocator.chunkSize: 16777216
[DEBUG] 2023-05-14 09:57:30.349 [main] PooledByteBufAllocator:168--Dio.netty.allocator.smallCacheSize: 256
[DEBUG] 2023-05-14 09:57:30.349 [main] PooledByteBufAllocator:169--Dio.netty.allocator.normalCacheSize: 64
[DEBUG] 2023-05-14 09:57:30.349 [main] PooledByteBufAllocator:170--Dio.netty.allocator.maxCachedBufferCapacity: 32768
[DEBUG] 2023-05-14 09:57:30.349 [main] PooledByteBufAllocator:171--Dio.netty.allocator.cacheTrimInterval: 8192
[DEBUG] 2023-05-14 09:57:30.349 [main] PooledByteBufAllocator:172--Dio.netty.allocator.cacheTrimIntervalMillis: 0
[DEBUG] 2023-05-14 09:57:30.349 [main] PooledByteBufAllocator:173--Dio.netty.allocator.useCacheForAllThreads: true
[DEBUG] 2023-05-14 09:57:30.349 [main] PooledByteBufAllocator:174--Dio.netty.allocator.maxCachedByteBuffersPerChunk: 1023
[DEBUG] 2023-05-14 09:57:30.366 [main] ByteBufUtil:87--Dio.netty.allocator.type: pooled
[DEBUG] 2023-05-14 09:57:30.366 [main] ByteBufUtil:96--Dio.netty.threadLocalDirectBufferSize: 0
[DEBUG] 2023-05-14 09:57:30.366 [main] ByteBufUtil:99--Dio.netty.maxThreadLocalCharBufferSize: 16384
[DEBUG] 2023-05-14 09:57:31.149 [Forwarding newSession on session null to remote] DefaultChannelId:79--Dio.netty.processId: 12484 (auto-detected)
[DEBUG] 2023-05-14 09:57:31.167 [Forwarding newSession on session null to remote] NetUtil:135--Djava.net.preferIPv4Stack: false
[DEBUG] 2023-05-14 09:57:31.167 [Forwarding newSession on session null to remote] NetUtil:136--Djava.net.preferIPv6Addresses: false
[DEBUG] 2023-05-14 09:57:31.399 [Forwarding newSession on session null to remote] NetUtilInitializations:129-Loopback interface: lo (Software Loopback Interface 1, 127.0.0.1)
[DEBUG] 2023-05-14 09:57:31.399 [Forwarding newSession on session null to remote] NetUtil:187-Failed to get SOMAXCONN from sysctl and file \proc\sys\net\core\somaxconn. Default: 200
[DEBUG] 2023-05-14 09:57:31.788 [Forwarding newSession on session null to remote] DefaultChannelId:101--Dio.netty.machineId: d0:c6:37:ff:fe:f7:a9:b8 (auto-detected)
[DEBUG] 2023-05-14 09:57:31.851 [AsyncHttpClient-1-2] AbstractByteBuf:63--Dio.netty.buffer.checkAccessible: true
[DEBUG] 2023-05-14 09:57:31.851 [AsyncHttpClient-1-2] AbstractByteBuf:64--Dio.netty.buffer.checkBounds: true
[DEBUG] 2023-05-14 09:57:31.851 [AsyncHttpClient-1-2] ResourceLeakDetectorFactory:196-Loaded default ResourceLeakDetector: io.netty.util.ResourceLeakDetector@69a66ea
[DEBUG] 2023-05-14 09:57:31.866 [AsyncHttpClient-1-2] Recycler:103--Dio.netty.recycler.maxCapacityPerThread: 4096
[DEBUG] 2023-05-14 09:57:31.866 [AsyncHttpClient-1-2] Recycler:104--Dio.netty.recycler.maxSharedCapacityFactor: 2
[DEBUG] 2023-05-14 09:57:31.866 [AsyncHttpClient-1-2] Recycler:105--Dio.netty.recycler.linkCapacity: 16
[DEBUG] 2023-05-14 09:57:31.866 [AsyncHttpClient-1-2] Recycler:106--Dio.netty.recycler.ratio: 8
[DEBUG] 2023-05-14 09:57:31.866 [AsyncHttpClient-1-2] Recycler:107--Dio.netty.recycler.delayedQueue.ratio: 8
[DEBUG] 2023-05-14 09:57:33.054 [AsyncHttpClient-1-2] Brotli:38-brotli4j not in the classpath; Brotli support will be unavailable.
[DEBUG] 2023-05-14 09:57:33.364 [main] ThreadLocalRandom:214--Dio.netty.initialSeedUniquifier: 0xec879520231caba0
[INFO ] 2023-05-14 09:57:38.069 [main] BaseTest:28-Init page
[DEBUG] 2023-05-14 09:59:26.339 [main] InternalLoggerFactory:76-Using Log4J2 as the default logging framework
[DEBUG] 2023-05-14 09:59:26.339 [main] ResourceLeakDetector:129--Dio.netty.leakDetection.level: simple
[DEBUG] 2023-05-14 09:59:26.339 [main] ResourceLeakDetector:130--Dio.netty.leakDetection.targetRecords: 4
[DEBUG] 2023-05-14 09:59:26.354 [main] ResourceLeakDetectorFactory:196-Loaded default ResourceLeakDetector: io.netty.util.ResourceLeakDetector@6a933be2
[DEBUG] 2023-05-14 09:59:26.401 [main] PlatformDependent0:460--Dio.netty.noUnsafe: false
[DEBUG] 2023-05-14 09:59:26.401 [main] PlatformDependent0:954-Java version: 11
[DEBUG] 2023-05-14 09:59:26.401 [main] PlatformDependent0:135-sun.misc.Unsafe.theUnsafe: available
[DEBUG] 2023-05-14 09:59:26.401 [main] PlatformDependent0:159-sun.misc.Unsafe.copyMemory: available
[DEBUG] 2023-05-14 09:59:26.401 [main] PlatformDependent0:202-java.nio.Buffer.address: available
[DEBUG] 2023-05-14 09:59:26.401 [main] PlatformDependent0:285-direct buffer constructor: unavailable: Reflective setAccessible(true) disabled
[DEBUG] 2023-05-14 09:59:26.401 [main] PlatformDependent0:350-java.nio.Bits.unaligned: available, true
[DEBUG] 2023-05-14 09:59:26.417 [main] PlatformDependent0:417-jdk.internal.misc.Unsafe.allocateUninitializedArray(int): unavailable: class io.netty.util.internal.PlatformDependent0$6 cannot access class jdk.internal.misc.Unsafe (in module java.base) because module java.base does not export jdk.internal.misc to unnamed module @7c974942
[DEBUG] 2023-05-14 09:59:26.417 [main] PlatformDependent0:446-java.nio.DirectByteBuffer.<init>(long, int): unavailable
[DEBUG] 2023-05-14 09:59:26.417 [main] PlatformDependent:1103-sun.misc.Unsafe: available
[DEBUG] 2023-05-14 09:59:26.417 [main] PlatformDependent:1205-maxDirectMemory: 2109734912 bytes (maybe)
[DEBUG] 2023-05-14 09:59:26.417 [main] PlatformDependent:1224--Dio.netty.tmpdir: C:\Users\YURAKO~1.000\AppData\Local\Temp (java.io.tmpdir)
[DEBUG] 2023-05-14 09:59:26.417 [main] PlatformDependent:1303--Dio.netty.bitMode: 64 (sun.arch.data.model)
[DEBUG] 2023-05-14 09:59:26.417 [main] PlatformDependent:1063-Platform: Windows
[DEBUG] 2023-05-14 09:59:26.417 [main] PlatformDependent:178--Dio.netty.maxDirectMemory: -1 bytes
[DEBUG] 2023-05-14 09:59:26.417 [main] PlatformDependent:185--Dio.netty.uninitializedArrayAllocationThreshold: -1
[DEBUG] 2023-05-14 09:59:26.417 [main] CleanerJava9:71-java.nio.ByteBuffer.cleaner(): available
[DEBUG] 2023-05-14 09:59:26.417 [main] PlatformDependent:205--Dio.netty.noPreferDirect: false
[DEBUG] 2023-05-14 09:59:26.417 [main] PlatformDependent:967-org.jctools-core.MpscChunkedArrayQueue: available
[DEBUG] 2023-05-14 09:59:26.432 [main] InternalThreadLocalMap:83--Dio.netty.threadLocalMap.stringBuilder.initialSize: 1024
[DEBUG] 2023-05-14 09:59:26.432 [main] InternalThreadLocalMap:86--Dio.netty.threadLocalMap.stringBuilder.maxSize: 4096
[DEBUG] 2023-05-14 09:59:26.479 [main] JdkSslContext:97-Default protocols (JDK): [TLSv1.3, TLSv1.2] 
[DEBUG] 2023-05-14 09:59:26.479 [main] JdkSslContext:98-Default cipher suites (JDK): [TLS_ECDHE_ECDSA_WITH_AES_256_GCM_SHA384, TLS_ECDHE_ECDSA_WITH_AES_128_GCM_SHA256, TLS_ECDHE_RSA_WITH_AES_128_GCM_SHA256, TLS_ECDHE_RSA_WITH_AES_256_GCM_SHA384, TLS_ECDHE_RSA_WITH_AES_128_CBC_SHA, TLS_ECDHE_RSA_WITH_AES_256_CBC_SHA, TLS_RSA_WITH_AES_128_GCM_SHA256, TLS_RSA_WITH_AES_128_CBC_SHA, TLS_RSA_WITH_AES_256_CBC_SHA, TLS_AES_128_GCM_SHA256, TLS_AES_256_GCM_SHA384]
[DEBUG] 2023-05-14 09:59:26.495 [main] MultithreadEventLoopGroup:44--Dio.netty.eventLoopThreads: 16
[DEBUG] 2023-05-14 09:59:26.510 [main] NioEventLoop:106--Dio.netty.noKeySetOptimization: false
[DEBUG] 2023-05-14 09:59:26.510 [main] NioEventLoop:107--Dio.netty.selectorAutoRebuildThreshold: 512
[DEBUG] 2023-05-14 09:59:26.533 [main] PooledByteBufAllocator:155--Dio.netty.allocator.numHeapArenas: 16
[DEBUG] 2023-05-14 09:59:26.533 [main] PooledByteBufAllocator:156--Dio.netty.allocator.numDirectArenas: 16
[DEBUG] 2023-05-14 09:59:26.533 [main] PooledByteBufAllocator:158--Dio.netty.allocator.pageSize: 8192
[DEBUG] 2023-05-14 09:59:26.533 [main] PooledByteBufAllocator:163--Dio.netty.allocator.maxOrder: 11
[DEBUG] 2023-05-14 09:59:26.533 [main] PooledByteBufAllocator:167--Dio.netty.allocator.chunkSize: 16777216
[DEBUG] 2023-05-14 09:59:26.533 [main] PooledByteBufAllocator:168--Dio.netty.allocator.smallCacheSize: 256
[DEBUG] 2023-05-14 09:59:26.533 [main] PooledByteBufAllocator:169--Dio.netty.allocator.normalCacheSize: 64
[DEBUG] 2023-05-14 09:59:26.533 [main] PooledByteBufAllocator:170--Dio.netty.allocator.maxCachedBufferCapacity: 32768
[DEBUG] 2023-05-14 09:59:26.533 [main] PooledByteBufAllocator:171--Dio.netty.allocator.cacheTrimInterval: 8192
[DEBUG] 2023-05-14 09:59:26.533 [main] PooledByteBufAllocator:172--Dio.netty.allocator.cacheTrimIntervalMillis: 0
[DEBUG] 2023-05-14 09:59:26.533 [main] PooledByteBufAllocator:173--Dio.netty.allocator.useCacheForAllThreads: true
[DEBUG] 2023-05-14 09:59:26.533 [main] PooledByteBufAllocator:174--Dio.netty.allocator.maxCachedByteBuffersPerChunk: 1023
[DEBUG] 2023-05-14 09:59:26.549 [main] ByteBufUtil:87--Dio.netty.allocator.type: pooled
[DEBUG] 2023-05-14 09:59:26.549 [main] ByteBufUtil:96--Dio.netty.threadLocalDirectBufferSize: 0
[DEBUG] 2023-05-14 09:59:26.549 [main] ByteBufUtil:99--Dio.netty.maxThreadLocalCharBufferSize: 16384
[DEBUG] 2023-05-14 09:59:27.320 [Forwarding newSession on session null to remote] DefaultChannelId:79--Dio.netty.processId: 15444 (auto-detected)
[DEBUG] 2023-05-14 09:59:27.320 [Forwarding newSession on session null to remote] NetUtil:135--Djava.net.preferIPv4Stack: false
[DEBUG] 2023-05-14 09:59:27.320 [Forwarding newSession on session null to remote] NetUtil:136--Djava.net.preferIPv6Addresses: false
[DEBUG] 2023-05-14 09:59:27.526 [Forwarding newSession on session null to remote] NetUtilInitializations:129-Loopback interface: lo (Software Loopback Interface 1, 127.0.0.1)
[DEBUG] 2023-05-14 09:59:27.541 [Forwarding newSession on session null to remote] NetUtil:187-Failed to get SOMAXCONN from sysctl and file \proc\sys\net\core\somaxconn. Default: 200
[DEBUG] 2023-05-14 09:59:27.763 [Forwarding newSession on session null to remote] DefaultChannelId:101--Dio.netty.machineId: d0:c6:37:ff:fe:f7:a9:b8 (auto-detected)
[DEBUG] 2023-05-14 09:59:27.810 [AsyncHttpClient-1-2] AbstractByteBuf:63--Dio.netty.buffer.checkAccessible: true
[DEBUG] 2023-05-14 09:59:27.810 [AsyncHttpClient-1-2] AbstractByteBuf:64--Dio.netty.buffer.checkBounds: true
[DEBUG] 2023-05-14 09:59:27.810 [AsyncHttpClient-1-2] ResourceLeakDetectorFactory:196-Loaded default ResourceLeakDetector: io.netty.util.ResourceLeakDetector@3887e77f
[DEBUG] 2023-05-14 09:59:27.826 [AsyncHttpClient-1-2] Recycler:103--Dio.netty.recycler.maxCapacityPerThread: 4096
[DEBUG] 2023-05-14 09:59:27.826 [AsyncHttpClient-1-2] Recycler:104--Dio.netty.recycler.maxSharedCapacityFactor: 2
[DEBUG] 2023-05-14 09:59:27.826 [AsyncHttpClient-1-2] Recycler:105--Dio.netty.recycler.linkCapacity: 16
[DEBUG] 2023-05-14 09:59:27.826 [AsyncHttpClient-1-2] Recycler:106--Dio.netty.recycler.ratio: 8
[DEBUG] 2023-05-14 09:59:27.826 [AsyncHttpClient-1-2] Recycler:107--Dio.netty.recycler.delayedQueue.ratio: 8
[DEBUG] 2023-05-14 09:59:28.452 [AsyncHttpClient-1-2] Brotli:38-brotli4j not in the classpath; Brotli support will be unavailable.
[DEBUG] 2023-05-14 09:59:28.567 [main] ThreadLocalRandom:214--Dio.netty.initialSeedUniquifier: 0x2f553e76a64829ce
[INFO ] 2023-05-14 09:59:31.143 [main] BaseTest:28-Init page
[DEBUG] 2023-05-14 10:05:46.403 [main] InternalLoggerFactory:76-Using Log4J2 as the default logging framework
[DEBUG] 2023-05-14 10:05:46.419 [main] ResourceLeakDetector:129--Dio.netty.leakDetection.level: simple
[DEBUG] 2023-05-14 10:05:46.419 [main] ResourceLeakDetector:130--Dio.netty.leakDetection.targetRecords: 4
[DEBUG] 2023-05-14 10:05:46.419 [main] ResourceLeakDetectorFactory:196-Loaded default ResourceLeakDetector: io.netty.util.ResourceLeakDetector@77128dab
[DEBUG] 2023-05-14 10:05:46.435 [main] PlatformDependent0:460--Dio.netty.noUnsafe: false
[DEBUG] 2023-05-14 10:05:46.435 [main] PlatformDependent0:954-Java version: 11
[DEBUG] 2023-05-14 10:05:46.435 [main] PlatformDependent0:135-sun.misc.Unsafe.theUnsafe: available
[DEBUG] 2023-05-14 10:05:46.435 [main] PlatformDependent0:159-sun.misc.Unsafe.copyMemory: available
[DEBUG] 2023-05-14 10:05:46.435 [main] PlatformDependent0:202-java.nio.Buffer.address: available
[DEBUG] 2023-05-14 10:05:46.435 [main] PlatformDependent0:285-direct buffer constructor: unavailable: Reflective setAccessible(true) disabled
[DEBUG] 2023-05-14 10:05:46.435 [main] PlatformDependent0:350-java.nio.Bits.unaligned: available, true
[DEBUG] 2023-05-14 10:05:46.435 [main] PlatformDependent0:417-jdk.internal.misc.Unsafe.allocateUninitializedArray(int): unavailable: class io.netty.util.internal.PlatformDependent0$6 cannot access class jdk.internal.misc.Unsafe (in module java.base) because module java.base does not export jdk.internal.misc to unnamed module @4a1c0752
[DEBUG] 2023-05-14 10:05:46.435 [main] PlatformDependent0:446-java.nio.DirectByteBuffer.<init>(long, int): unavailable
[DEBUG] 2023-05-14 10:05:46.435 [main] PlatformDependent:1103-sun.misc.Unsafe: available
[DEBUG] 2023-05-14 10:05:46.435 [main] PlatformDependent:1205-maxDirectMemory: 2109734912 bytes (maybe)
[DEBUG] 2023-05-14 10:05:46.435 [main] PlatformDependent:1224--Dio.netty.tmpdir: C:\Users\YURAKO~1.000\AppData\Local\Temp (java.io.tmpdir)
[DEBUG] 2023-05-14 10:05:46.435 [main] PlatformDependent:1303--Dio.netty.bitMode: 64 (sun.arch.data.model)
[DEBUG] 2023-05-14 10:05:46.435 [main] PlatformDependent:1063-Platform: Windows
[DEBUG] 2023-05-14 10:05:46.450 [main] PlatformDependent:178--Dio.netty.maxDirectMemory: -1 bytes
[DEBUG] 2023-05-14 10:05:46.450 [main] PlatformDependent:185--Dio.netty.uninitializedArrayAllocationThreshold: -1
[DEBUG] 2023-05-14 10:05:46.450 [main] CleanerJava9:71-java.nio.ByteBuffer.cleaner(): available
[DEBUG] 2023-05-14 10:05:46.450 [main] PlatformDependent:205--Dio.netty.noPreferDirect: false
[DEBUG] 2023-05-14 10:05:46.450 [main] PlatformDependent:967-org.jctools-core.MpscChunkedArrayQueue: available
[DEBUG] 2023-05-14 10:05:46.466 [main] InternalThreadLocalMap:83--Dio.netty.threadLocalMap.stringBuilder.initialSize: 1024
[DEBUG] 2023-05-14 10:05:46.466 [main] InternalThreadLocalMap:86--Dio.netty.threadLocalMap.stringBuilder.maxSize: 4096
[DEBUG] 2023-05-14 10:05:46.497 [main] JdkSslContext:97-Default protocols (JDK): [TLSv1.3, TLSv1.2] 
[DEBUG] 2023-05-14 10:05:46.497 [main] JdkSslContext:98-Default cipher suites (JDK): [TLS_ECDHE_ECDSA_WITH_AES_256_GCM_SHA384, TLS_ECDHE_ECDSA_WITH_AES_128_GCM_SHA256, TLS_ECDHE_RSA_WITH_AES_128_GCM_SHA256, TLS_ECDHE_RSA_WITH_AES_256_GCM_SHA384, TLS_ECDHE_RSA_WITH_AES_128_CBC_SHA, TLS_ECDHE_RSA_WITH_AES_256_CBC_SHA, TLS_RSA_WITH_AES_128_GCM_SHA256, TLS_RSA_WITH_AES_128_CBC_SHA, TLS_RSA_WITH_AES_256_CBC_SHA, TLS_AES_128_GCM_SHA256, TLS_AES_256_GCM_SHA384]
[DEBUG] 2023-05-14 10:05:46.513 [main] MultithreadEventLoopGroup:44--Dio.netty.eventLoopThreads: 16
[DEBUG] 2023-05-14 10:05:46.528 [main] NioEventLoop:106--Dio.netty.noKeySetOptimization: false
[DEBUG] 2023-05-14 10:05:46.528 [main] NioEventLoop:107--Dio.netty.selectorAutoRebuildThreshold: 512
[DEBUG] 2023-05-14 10:05:46.564 [main] PooledByteBufAllocator:155--Dio.netty.allocator.numHeapArenas: 16
[DEBUG] 2023-05-14 10:05:46.564 [main] PooledByteBufAllocator:156--Dio.netty.allocator.numDirectArenas: 16
[DEBUG] 2023-05-14 10:05:46.564 [main] PooledByteBufAllocator:158--Dio.netty.allocator.pageSize: 8192
[DEBUG] 2023-05-14 10:05:46.564 [main] PooledByteBufAllocator:163--Dio.netty.allocator.maxOrder: 11
[DEBUG] 2023-05-14 10:05:46.564 [main] PooledByteBufAllocator:167--Dio.netty.allocator.chunkSize: 16777216
[DEBUG] 2023-05-14 10:05:46.564 [main] PooledByteBufAllocator:168--Dio.netty.allocator.smallCacheSize: 256
[DEBUG] 2023-05-14 10:05:46.564 [main] PooledByteBufAllocator:169--Dio.netty.allocator.normalCacheSize: 64
[DEBUG] 2023-05-14 10:05:46.564 [main] PooledByteBufAllocator:170--Dio.netty.allocator.maxCachedBufferCapacity: 32768
[DEBUG] 2023-05-14 10:05:46.564 [main] PooledByteBufAllocator:171--Dio.netty.allocator.cacheTrimInterval: 8192
[DEBUG] 2023-05-14 10:05:46.564 [main] PooledByteBufAllocator:172--Dio.netty.allocator.cacheTrimIntervalMillis: 0
[DEBUG] 2023-05-14 10:05:46.564 [main] PooledByteBufAllocator:173--Dio.netty.allocator.useCacheForAllThreads: true
[DEBUG] 2023-05-14 10:05:46.564 [main] PooledByteBufAllocator:174--Dio.netty.allocator.maxCachedByteBuffersPerChunk: 1023
[DEBUG] 2023-05-14 10:05:46.564 [main] ByteBufUtil:87--Dio.netty.allocator.type: pooled
[DEBUG] 2023-05-14 10:05:46.564 [main] ByteBufUtil:96--Dio.netty.threadLocalDirectBufferSize: 0
[DEBUG] 2023-05-14 10:05:46.564 [main] ByteBufUtil:99--Dio.netty.maxThreadLocalCharBufferSize: 16384
[DEBUG] 2023-05-14 10:05:47.310 [Forwarding newSession on session null to remote] DefaultChannelId:79--Dio.netty.processId: 19452 (auto-detected)
[DEBUG] 2023-05-14 10:05:47.326 [Forwarding newSession on session null to remote] NetUtil:135--Djava.net.preferIPv4Stack: false
[DEBUG] 2023-05-14 10:05:47.326 [Forwarding newSession on session null to remote] NetUtil:136--Djava.net.preferIPv6Addresses: false
[DEBUG] 2023-05-14 10:05:47.535 [Forwarding newSession on session null to remote] NetUtilInitializations:129-Loopback interface: lo (Software Loopback Interface 1, 127.0.0.1)
[DEBUG] 2023-05-14 10:05:47.535 [Forwarding newSession on session null to remote] NetUtil:187-Failed to get SOMAXCONN from sysctl and file \proc\sys\net\core\somaxconn. Default: 200
[DEBUG] 2023-05-14 10:05:47.762 [Forwarding newSession on session null to remote] DefaultChannelId:101--Dio.netty.machineId: d0:c6:37:ff:fe:f7:a9:b8 (auto-detected)
[DEBUG] 2023-05-14 10:05:47.794 [AsyncHttpClient-1-2] AbstractByteBuf:63--Dio.netty.buffer.checkAccessible: true
[DEBUG] 2023-05-14 10:05:47.809 [AsyncHttpClient-1-2] AbstractByteBuf:64--Dio.netty.buffer.checkBounds: true
[DEBUG] 2023-05-14 10:05:47.809 [AsyncHttpClient-1-2] ResourceLeakDetectorFactory:196-Loaded default ResourceLeakDetector: io.netty.util.ResourceLeakDetector@5506e3a7
[DEBUG] 2023-05-14 10:05:47.825 [AsyncHttpClient-1-2] Recycler:103--Dio.netty.recycler.maxCapacityPerThread: 4096
[DEBUG] 2023-05-14 10:05:47.825 [AsyncHttpClient-1-2] Recycler:104--Dio.netty.recycler.maxSharedCapacityFactor: 2
[DEBUG] 2023-05-14 10:05:47.825 [AsyncHttpClient-1-2] Recycler:105--Dio.netty.recycler.linkCapacity: 16
[DEBUG] 2023-05-14 10:05:47.825 [AsyncHttpClient-1-2] Recycler:106--Dio.netty.recycler.ratio: 8
[DEBUG] 2023-05-14 10:05:47.825 [AsyncHttpClient-1-2] Recycler:107--Dio.netty.recycler.delayedQueue.ratio: 8
[DEBUG] 2023-05-14 10:05:48.671 [AsyncHttpClient-1-2] Brotli:38-brotli4j not in the classpath; Brotli support will be unavailable.
[DEBUG] 2023-05-14 10:05:48.820 [main] ThreadLocalRandom:214--Dio.netty.initialSeedUniquifier: 0x8013bfbebab56f63
[INFO ] 2023-05-14 10:05:51.595 [main] BaseTest:28-Init page
[DEBUG] 2023-05-14 10:24:11.392 [main] InternalLoggerFactory:76-Using Log4J2 as the default logging framework
[DEBUG] 2023-05-14 10:24:11.408 [main] ResourceLeakDetector:129--Dio.netty.leakDetection.level: simple
[DEBUG] 2023-05-14 10:24:11.408 [main] ResourceLeakDetector:130--Dio.netty.leakDetection.targetRecords: 4
[DEBUG] 2023-05-14 10:24:11.408 [main] ResourceLeakDetectorFactory:196-Loaded default ResourceLeakDetector: io.netty.util.ResourceLeakDetector@73017a80
[DEBUG] 2023-05-14 10:24:11.423 [main] PlatformDependent0:460--Dio.netty.noUnsafe: false
[DEBUG] 2023-05-14 10:24:11.423 [main] PlatformDependent0:954-Java version: 11
[DEBUG] 2023-05-14 10:24:11.423 [main] PlatformDependent0:135-sun.misc.Unsafe.theUnsafe: available
[DEBUG] 2023-05-14 10:24:11.423 [main] PlatformDependent0:159-sun.misc.Unsafe.copyMemory: available
[DEBUG] 2023-05-14 10:24:11.423 [main] PlatformDependent0:202-java.nio.Buffer.address: available
[DEBUG] 2023-05-14 10:24:11.423 [main] PlatformDependent0:285-direct buffer constructor: unavailable: Reflective setAccessible(true) disabled
[DEBUG] 2023-05-14 10:24:11.423 [main] PlatformDependent0:350-java.nio.Bits.unaligned: available, true
[DEBUG] 2023-05-14 10:24:11.423 [main] PlatformDependent0:417-jdk.internal.misc.Unsafe.allocateUninitializedArray(int): unavailable: class io.netty.util.internal.PlatformDependent0$6 cannot access class jdk.internal.misc.Unsafe (in module java.base) because module java.base does not export jdk.internal.misc to unnamed module @66bacdbc
[DEBUG] 2023-05-14 10:24:11.423 [main] PlatformDependent0:446-java.nio.DirectByteBuffer.<init>(long, int): unavailable
[DEBUG] 2023-05-14 10:24:11.423 [main] PlatformDependent:1103-sun.misc.Unsafe: available
[DEBUG] 2023-05-14 10:24:11.423 [main] PlatformDependent:1205-maxDirectMemory: 2109734912 bytes (maybe)
[DEBUG] 2023-05-14 10:24:11.423 [main] PlatformDependent:1224--Dio.netty.tmpdir: C:\Users\YURAKO~1.000\AppData\Local\Temp (java.io.tmpdir)
[DEBUG] 2023-05-14 10:24:11.423 [main] PlatformDependent:1303--Dio.netty.bitMode: 64 (sun.arch.data.model)
[DEBUG] 2023-05-14 10:24:11.423 [main] PlatformDependent:1063-Platform: Windows
[DEBUG] 2023-05-14 10:24:11.423 [main] PlatformDependent:178--Dio.netty.maxDirectMemory: -1 bytes
[DEBUG] 2023-05-14 10:24:11.423 [main] PlatformDependent:185--Dio.netty.uninitializedArrayAllocationThreshold: -1
[DEBUG] 2023-05-14 10:24:11.423 [main] CleanerJava9:71-java.nio.ByteBuffer.cleaner(): available
[DEBUG] 2023-05-14 10:24:11.423 [main] PlatformDependent:205--Dio.netty.noPreferDirect: false
[DEBUG] 2023-05-14 10:24:11.439 [main] PlatformDependent:967-org.jctools-core.MpscChunkedArrayQueue: available
[DEBUG] 2023-05-14 10:24:11.455 [main] InternalThreadLocalMap:83--Dio.netty.threadLocalMap.stringBuilder.initialSize: 1024
[DEBUG] 2023-05-14 10:24:11.455 [main] InternalThreadLocalMap:86--Dio.netty.threadLocalMap.stringBuilder.maxSize: 4096
[DEBUG] 2023-05-14 10:24:11.455 [main] JdkSslContext:97-Default protocols (JDK): [TLSv1.3, TLSv1.2] 
[DEBUG] 2023-05-14 10:24:11.455 [main] JdkSslContext:98-Default cipher suites (JDK): [TLS_ECDHE_ECDSA_WITH_AES_256_GCM_SHA384, TLS_ECDHE_ECDSA_WITH_AES_128_GCM_SHA256, TLS_ECDHE_RSA_WITH_AES_128_GCM_SHA256, TLS_ECDHE_RSA_WITH_AES_256_GCM_SHA384, TLS_ECDHE_RSA_WITH_AES_128_CBC_SHA, TLS_ECDHE_RSA_WITH_AES_256_CBC_SHA, TLS_RSA_WITH_AES_128_GCM_SHA256, TLS_RSA_WITH_AES_128_CBC_SHA, TLS_RSA_WITH_AES_256_CBC_SHA, TLS_AES_128_GCM_SHA256, TLS_AES_256_GCM_SHA384]
[DEBUG] 2023-05-14 10:24:11.470 [main] MultithreadEventLoopGroup:44--Dio.netty.eventLoopThreads: 16
[DEBUG] 2023-05-14 10:24:11.486 [main] NioEventLoop:106--Dio.netty.noKeySetOptimization: false
[DEBUG] 2023-05-14 10:24:11.486 [main] NioEventLoop:107--Dio.netty.selectorAutoRebuildThreshold: 512
[DEBUG] 2023-05-14 10:24:11.533 [main] PooledByteBufAllocator:155--Dio.netty.allocator.numHeapArenas: 16
[DEBUG] 2023-05-14 10:24:11.533 [main] PooledByteBufAllocator:156--Dio.netty.allocator.numDirectArenas: 16
[DEBUG] 2023-05-14 10:24:11.533 [main] PooledByteBufAllocator:158--Dio.netty.allocator.pageSize: 8192
[DEBUG] 2023-05-14 10:24:11.533 [main] PooledByteBufAllocator:163--Dio.netty.allocator.maxOrder: 11
[DEBUG] 2023-05-14 10:24:11.533 [main] PooledByteBufAllocator:167--Dio.netty.allocator.chunkSize: 16777216
[DEBUG] 2023-05-14 10:24:11.533 [main] PooledByteBufAllocator:168--Dio.netty.allocator.smallCacheSize: 256
[DEBUG] 2023-05-14 10:24:11.533 [main] PooledByteBufAllocator:169--Dio.netty.allocator.normalCacheSize: 64
[DEBUG] 2023-05-14 10:24:11.533 [main] PooledByteBufAllocator:170--Dio.netty.allocator.maxCachedBufferCapacity: 32768
[DEBUG] 2023-05-14 10:24:11.533 [main] PooledByteBufAllocator:171--Dio.netty.allocator.cacheTrimInterval: 8192
[DEBUG] 2023-05-14 10:24:11.533 [main] PooledByteBufAllocator:172--Dio.netty.allocator.cacheTrimIntervalMillis: 0
[DEBUG] 2023-05-14 10:24:11.533 [main] PooledByteBufAllocator:173--Dio.netty.allocator.useCacheForAllThreads: true
[DEBUG] 2023-05-14 10:24:11.533 [main] PooledByteBufAllocator:174--Dio.netty.allocator.maxCachedByteBuffersPerChunk: 1023
[DEBUG] 2023-05-14 10:24:11.533 [main] ByteBufUtil:87--Dio.netty.allocator.type: pooled
[DEBUG] 2023-05-14 10:24:11.533 [main] ByteBufUtil:96--Dio.netty.threadLocalDirectBufferSize: 0
[DEBUG] 2023-05-14 10:24:11.533 [main] ByteBufUtil:99--Dio.netty.maxThreadLocalCharBufferSize: 16384
[DEBUG] 2023-05-14 10:24:12.328 [Forwarding newSession on session null to remote] DefaultChannelId:79--Dio.netty.processId: 19264 (auto-detected)
[DEBUG] 2023-05-14 10:24:12.328 [Forwarding newSession on session null to remote] NetUtil:135--Djava.net.preferIPv4Stack: false
[DEBUG] 2023-05-14 10:24:12.328 [Forwarding newSession on session null to remote] NetUtil:136--Djava.net.preferIPv6Addresses: false
[DEBUG] 2023-05-14 10:24:12.546 [Forwarding newSession on session null to remote] NetUtilInitializations:129-Loopback interface: lo (Software Loopback Interface 1, 127.0.0.1)
[DEBUG] 2023-05-14 10:24:12.546 [Forwarding newSession on session null to remote] NetUtil:187-Failed to get SOMAXCONN from sysctl and file \proc\sys\net\core\somaxconn. Default: 200
[DEBUG] 2023-05-14 10:24:12.777 [Forwarding newSession on session null to remote] DefaultChannelId:101--Dio.netty.machineId: d0:c6:37:ff:fe:f7:a9:b8 (auto-detected)
[DEBUG] 2023-05-14 10:24:12.808 [AsyncHttpClient-1-2] AbstractByteBuf:63--Dio.netty.buffer.checkAccessible: true
[DEBUG] 2023-05-14 10:24:12.808 [AsyncHttpClient-1-2] AbstractByteBuf:64--Dio.netty.buffer.checkBounds: true
[DEBUG] 2023-05-14 10:24:12.808 [AsyncHttpClient-1-2] ResourceLeakDetectorFactory:196-Loaded default ResourceLeakDetector: io.netty.util.ResourceLeakDetector@61fa0c1a
[DEBUG] 2023-05-14 10:24:12.855 [AsyncHttpClient-1-2] Recycler:103--Dio.netty.recycler.maxCapacityPerThread: 4096
[DEBUG] 2023-05-14 10:24:12.855 [AsyncHttpClient-1-2] Recycler:104--Dio.netty.recycler.maxSharedCapacityFactor: 2
[DEBUG] 2023-05-14 10:24:12.855 [AsyncHttpClient-1-2] Recycler:105--Dio.netty.recycler.linkCapacity: 16
[DEBUG] 2023-05-14 10:24:12.855 [AsyncHttpClient-1-2] Recycler:106--Dio.netty.recycler.ratio: 8
[DEBUG] 2023-05-14 10:24:12.855 [AsyncHttpClient-1-2] Recycler:107--Dio.netty.recycler.delayedQueue.ratio: 8
[DEBUG] 2023-05-14 10:24:13.508 [AsyncHttpClient-1-2] Brotli:38-brotli4j not in the classpath; Brotli support will be unavailable.
[DEBUG] 2023-05-14 10:24:13.647 [main] ThreadLocalRandom:214--Dio.netty.initialSeedUniquifier: 0xb16d688969477859
[INFO ] 2023-05-14 10:24:16.415 [main] BaseTest:28-Init page
[DEBUG] 2023-05-14 10:25:58.026 [main] InternalLoggerFactory:76-Using Log4J2 as the default logging framework
[DEBUG] 2023-05-14 10:25:58.042 [main] ResourceLeakDetector:129--Dio.netty.leakDetection.level: simple
[DEBUG] 2023-05-14 10:25:58.042 [main] ResourceLeakDetector:130--Dio.netty.leakDetection.targetRecords: 4
[DEBUG] 2023-05-14 10:25:58.042 [main] ResourceLeakDetectorFactory:196-Loaded default ResourceLeakDetector: io.netty.util.ResourceLeakDetector@67207d8a
[DEBUG] 2023-05-14 10:25:58.058 [main] PlatformDependent0:460--Dio.netty.noUnsafe: false
[DEBUG] 2023-05-14 10:25:58.058 [main] PlatformDependent0:954-Java version: 11
[DEBUG] 2023-05-14 10:25:58.058 [main] PlatformDependent0:135-sun.misc.Unsafe.theUnsafe: available
[DEBUG] 2023-05-14 10:25:58.058 [main] PlatformDependent0:159-sun.misc.Unsafe.copyMemory: available
[DEBUG] 2023-05-14 10:25:58.058 [main] PlatformDependent0:202-java.nio.Buffer.address: available
[DEBUG] 2023-05-14 10:25:58.058 [main] PlatformDependent0:285-direct buffer constructor: unavailable: Reflective setAccessible(true) disabled
[DEBUG] 2023-05-14 10:25:58.058 [main] PlatformDependent0:350-java.nio.Bits.unaligned: available, true
[DEBUG] 2023-05-14 10:25:58.058 [main] PlatformDependent0:417-jdk.internal.misc.Unsafe.allocateUninitializedArray(int): unavailable: class io.netty.util.internal.PlatformDependent0$6 cannot access class jdk.internal.misc.Unsafe (in module java.base) because module java.base does not export jdk.internal.misc to unnamed module @6b580b88
[DEBUG] 2023-05-14 10:25:58.058 [main] PlatformDependent0:446-java.nio.DirectByteBuffer.<init>(long, int): unavailable
[DEBUG] 2023-05-14 10:25:58.058 [main] PlatformDependent:1103-sun.misc.Unsafe: available
[DEBUG] 2023-05-14 10:25:58.058 [main] PlatformDependent:1205-maxDirectMemory: 2109734912 bytes (maybe)
[DEBUG] 2023-05-14 10:25:58.058 [main] PlatformDependent:1224--Dio.netty.tmpdir: C:\Users\YURAKO~1.000\AppData\Local\Temp (java.io.tmpdir)
[DEBUG] 2023-05-14 10:25:58.058 [main] PlatformDependent:1303--Dio.netty.bitMode: 64 (sun.arch.data.model)
[DEBUG] 2023-05-14 10:25:58.058 [main] PlatformDependent:1063-Platform: Windows
[DEBUG] 2023-05-14 10:25:58.073 [main] PlatformDependent:178--Dio.netty.maxDirectMemory: -1 bytes
[DEBUG] 2023-05-14 10:25:58.073 [main] PlatformDependent:185--Dio.netty.uninitializedArrayAllocationThreshold: -1
[DEBUG] 2023-05-14 10:25:58.073 [main] CleanerJava9:71-java.nio.ByteBuffer.cleaner(): available
[DEBUG] 2023-05-14 10:25:58.073 [main] PlatformDependent:205--Dio.netty.noPreferDirect: false
[DEBUG] 2023-05-14 10:25:58.073 [main] PlatformDependent:967-org.jctools-core.MpscChunkedArrayQueue: available
[DEBUG] 2023-05-14 10:25:58.089 [main] InternalThreadLocalMap:83--Dio.netty.threadLocalMap.stringBuilder.initialSize: 1024
[DEBUG] 2023-05-14 10:25:58.089 [main] InternalThreadLocalMap:86--Dio.netty.threadLocalMap.stringBuilder.maxSize: 4096
[DEBUG] 2023-05-14 10:25:58.104 [main] JdkSslContext:97-Default protocols (JDK): [TLSv1.3, TLSv1.2] 
[DEBUG] 2023-05-14 10:25:58.104 [main] JdkSslContext:98-Default cipher suites (JDK): [TLS_ECDHE_ECDSA_WITH_AES_256_GCM_SHA384, TLS_ECDHE_ECDSA_WITH_AES_128_GCM_SHA256, TLS_ECDHE_RSA_WITH_AES_128_GCM_SHA256, TLS_ECDHE_RSA_WITH_AES_256_GCM_SHA384, TLS_ECDHE_RSA_WITH_AES_128_CBC_SHA, TLS_ECDHE_RSA_WITH_AES_256_CBC_SHA, TLS_RSA_WITH_AES_128_GCM_SHA256, TLS_RSA_WITH_AES_128_CBC_SHA, TLS_RSA_WITH_AES_256_CBC_SHA, TLS_AES_128_GCM_SHA256, TLS_AES_256_GCM_SHA384]
[DEBUG] 2023-05-14 10:25:58.120 [main] MultithreadEventLoopGroup:44--Dio.netty.eventLoopThreads: 16
[DEBUG] 2023-05-14 10:25:58.136 [main] NioEventLoop:106--Dio.netty.noKeySetOptimization: false
[DEBUG] 2023-05-14 10:25:58.136 [main] NioEventLoop:107--Dio.netty.selectorAutoRebuildThreshold: 512
[DEBUG] 2023-05-14 10:25:58.167 [main] PooledByteBufAllocator:155--Dio.netty.allocator.numHeapArenas: 16
[DEBUG] 2023-05-14 10:25:58.167 [main] PooledByteBufAllocator:156--Dio.netty.allocator.numDirectArenas: 16
[DEBUG] 2023-05-14 10:25:58.167 [main] PooledByteBufAllocator:158--Dio.netty.allocator.pageSize: 8192
[DEBUG] 2023-05-14 10:25:58.167 [main] PooledByteBufAllocator:163--Dio.netty.allocator.maxOrder: 11
[DEBUG] 2023-05-14 10:25:58.167 [main] PooledByteBufAllocator:167--Dio.netty.allocator.chunkSize: 16777216
[DEBUG] 2023-05-14 10:25:58.167 [main] PooledByteBufAllocator:168--Dio.netty.allocator.smallCacheSize: 256
[DEBUG] 2023-05-14 10:25:58.167 [main] PooledByteBufAllocator:169--Dio.netty.allocator.normalCacheSize: 64
[DEBUG] 2023-05-14 10:25:58.167 [main] PooledByteBufAllocator:170--Dio.netty.allocator.maxCachedBufferCapacity: 32768
[DEBUG] 2023-05-14 10:25:58.167 [main] PooledByteBufAllocator:171--Dio.netty.allocator.cacheTrimInterval: 8192
[DEBUG] 2023-05-14 10:25:58.167 [main] PooledByteBufAllocator:172--Dio.netty.allocator.cacheTrimIntervalMillis: 0
[DEBUG] 2023-05-14 10:25:58.167 [main] PooledByteBufAllocator:173--Dio.netty.allocator.useCacheForAllThreads: true
[DEBUG] 2023-05-14 10:25:58.167 [main] PooledByteBufAllocator:174--Dio.netty.allocator.maxCachedByteBuffersPerChunk: 1023
[DEBUG] 2023-05-14 10:25:58.167 [main] ByteBufUtil:87--Dio.netty.allocator.type: pooled
[DEBUG] 2023-05-14 10:25:58.167 [main] ByteBufUtil:96--Dio.netty.threadLocalDirectBufferSize: 0
[DEBUG] 2023-05-14 10:25:58.167 [main] ByteBufUtil:99--Dio.netty.maxThreadLocalCharBufferSize: 16384
[DEBUG] 2023-05-14 10:25:58.924 [Forwarding newSession on session null to remote] DefaultChannelId:79--Dio.netty.processId: 15488 (auto-detected)
[DEBUG] 2023-05-14 10:25:58.924 [Forwarding newSession on session null to remote] NetUtil:135--Djava.net.preferIPv4Stack: false
[DEBUG] 2023-05-14 10:25:58.924 [Forwarding newSession on session null to remote] NetUtil:136--Djava.net.preferIPv6Addresses: false
[DEBUG] 2023-05-14 10:25:59.146 [Forwarding newSession on session null to remote] NetUtilInitializations:129-Loopback interface: lo (Software Loopback Interface 1, 127.0.0.1)
[DEBUG] 2023-05-14 10:25:59.146 [Forwarding newSession on session null to remote] NetUtil:187-Failed to get SOMAXCONN from sysctl and file \proc\sys\net\core\somaxconn. Default: 200
[DEBUG] 2023-05-14 10:25:59.365 [Forwarding newSession on session null to remote] DefaultChannelId:101--Dio.netty.machineId: d0:c6:37:ff:fe:f7:a9:b8 (auto-detected)
[DEBUG] 2023-05-14 10:25:59.415 [AsyncHttpClient-1-2] AbstractByteBuf:63--Dio.netty.buffer.checkAccessible: true
[DEBUG] 2023-05-14 10:25:59.415 [AsyncHttpClient-1-2] AbstractByteBuf:64--Dio.netty.buffer.checkBounds: true
[DEBUG] 2023-05-14 10:25:59.415 [AsyncHttpClient-1-2] ResourceLeakDetectorFactory:196-Loaded default ResourceLeakDetector: io.netty.util.ResourceLeakDetector@7452deea
[DEBUG] 2023-05-14 10:25:59.431 [AsyncHttpClient-1-2] Recycler:103--Dio.netty.recycler.maxCapacityPerThread: 4096
[DEBUG] 2023-05-14 10:25:59.431 [AsyncHttpClient-1-2] Recycler:104--Dio.netty.recycler.maxSharedCapacityFactor: 2
[DEBUG] 2023-05-14 10:25:59.431 [AsyncHttpClient-1-2] Recycler:105--Dio.netty.recycler.linkCapacity: 16
[DEBUG] 2023-05-14 10:25:59.431 [AsyncHttpClient-1-2] Recycler:106--Dio.netty.recycler.ratio: 8
[DEBUG] 2023-05-14 10:25:59.431 [AsyncHttpClient-1-2] Recycler:107--Dio.netty.recycler.delayedQueue.ratio: 8
[DEBUG] 2023-05-14 10:26:00.088 [AsyncHttpClient-1-2] Brotli:38-brotli4j not in the classpath; Brotli support will be unavailable.
[DEBUG] 2023-05-14 10:26:00.210 [main] ThreadLocalRandom:214--Dio.netty.initialSeedUniquifier: 0x406f240cea57dec6
[INFO ] 2023-05-14 10:26:02.788 [main] BaseTest:28-Init page
[DEBUG] 2023-05-14 10:36:37.008 [main] InternalLoggerFactory:76-Using Log4J2 as the default logging framework
[DEBUG] 2023-05-14 10:36:37.008 [main] ResourceLeakDetector:129--Dio.netty.leakDetection.level: simple
[DEBUG] 2023-05-14 10:36:37.008 [main] ResourceLeakDetector:130--Dio.netty.leakDetection.targetRecords: 4
[DEBUG] 2023-05-14 10:36:37.008 [main] ResourceLeakDetectorFactory:196-Loaded default ResourceLeakDetector: io.netty.util.ResourceLeakDetector@6331250e
[DEBUG] 2023-05-14 10:36:37.023 [main] PlatformDependent0:460--Dio.netty.noUnsafe: false
[DEBUG] 2023-05-14 10:36:37.023 [main] PlatformDependent0:954-Java version: 11
[DEBUG] 2023-05-14 10:36:37.039 [main] PlatformDependent0:135-sun.misc.Unsafe.theUnsafe: available
[DEBUG] 2023-05-14 10:36:37.039 [main] PlatformDependent0:159-sun.misc.Unsafe.copyMemory: available
[DEBUG] 2023-05-14 10:36:37.039 [main] PlatformDependent0:202-java.nio.Buffer.address: available
[DEBUG] 2023-05-14 10:36:37.039 [main] PlatformDependent0:285-direct buffer constructor: unavailable: Reflective setAccessible(true) disabled
[DEBUG] 2023-05-14 10:36:37.039 [main] PlatformDependent0:350-java.nio.Bits.unaligned: available, true
[DEBUG] 2023-05-14 10:36:37.039 [main] PlatformDependent0:417-jdk.internal.misc.Unsafe.allocateUninitializedArray(int): unavailable: class io.netty.util.internal.PlatformDependent0$6 cannot access class jdk.internal.misc.Unsafe (in module java.base) because module java.base does not export jdk.internal.misc to unnamed module @2d84cb86
[DEBUG] 2023-05-14 10:36:37.039 [main] PlatformDependent0:446-java.nio.DirectByteBuffer.<init>(long, int): unavailable
[DEBUG] 2023-05-14 10:36:37.039 [main] PlatformDependent:1103-sun.misc.Unsafe: available
[DEBUG] 2023-05-14 10:36:37.039 [main] PlatformDependent:1205-maxDirectMemory: 2109734912 bytes (maybe)
[DEBUG] 2023-05-14 10:36:37.039 [main] PlatformDependent:1224--Dio.netty.tmpdir: C:\Users\YURAKO~1.000\AppData\Local\Temp (java.io.tmpdir)
[DEBUG] 2023-05-14 10:36:37.039 [main] PlatformDependent:1303--Dio.netty.bitMode: 64 (sun.arch.data.model)
[DEBUG] 2023-05-14 10:36:37.039 [main] PlatformDependent:1063-Platform: Windows
[DEBUG] 2023-05-14 10:36:37.039 [main] PlatformDependent:178--Dio.netty.maxDirectMemory: -1 bytes
[DEBUG] 2023-05-14 10:36:37.039 [main] PlatformDependent:185--Dio.netty.uninitializedArrayAllocationThreshold: -1
[DEBUG] 2023-05-14 10:36:37.039 [main] CleanerJava9:71-java.nio.ByteBuffer.cleaner(): available
[DEBUG] 2023-05-14 10:36:37.039 [main] PlatformDependent:205--Dio.netty.noPreferDirect: false
[DEBUG] 2023-05-14 10:36:37.055 [main] PlatformDependent:967-org.jctools-core.MpscChunkedArrayQueue: available
[DEBUG] 2023-05-14 10:36:37.070 [main] InternalThreadLocalMap:83--Dio.netty.threadLocalMap.stringBuilder.initialSize: 1024
[DEBUG] 2023-05-14 10:36:37.070 [main] InternalThreadLocalMap:86--Dio.netty.threadLocalMap.stringBuilder.maxSize: 4096
[DEBUG] 2023-05-14 10:36:37.086 [main] JdkSslContext:97-Default protocols (JDK): [TLSv1.3, TLSv1.2] 
[DEBUG] 2023-05-14 10:36:37.086 [main] JdkSslContext:98-Default cipher suites (JDK): [TLS_ECDHE_ECDSA_WITH_AES_256_GCM_SHA384, TLS_ECDHE_ECDSA_WITH_AES_128_GCM_SHA256, TLS_ECDHE_RSA_WITH_AES_128_GCM_SHA256, TLS_ECDHE_RSA_WITH_AES_256_GCM_SHA384, TLS_ECDHE_RSA_WITH_AES_128_CBC_SHA, TLS_ECDHE_RSA_WITH_AES_256_CBC_SHA, TLS_RSA_WITH_AES_128_GCM_SHA256, TLS_RSA_WITH_AES_128_CBC_SHA, TLS_RSA_WITH_AES_256_CBC_SHA, TLS_AES_128_GCM_SHA256, TLS_AES_256_GCM_SHA384]
[DEBUG] 2023-05-14 10:36:37.117 [main] MultithreadEventLoopGroup:44--Dio.netty.eventLoopThreads: 16
[DEBUG] 2023-05-14 10:36:37.117 [main] NioEventLoop:106--Dio.netty.noKeySetOptimization: false
[DEBUG] 2023-05-14 10:36:37.117 [main] NioEventLoop:107--Dio.netty.selectorAutoRebuildThreshold: 512
[DEBUG] 2023-05-14 10:36:37.148 [main] PooledByteBufAllocator:155--Dio.netty.allocator.numHeapArenas: 16
[DEBUG] 2023-05-14 10:36:37.148 [main] PooledByteBufAllocator:156--Dio.netty.allocator.numDirectArenas: 16
[DEBUG] 2023-05-14 10:36:37.148 [main] PooledByteBufAllocator:158--Dio.netty.allocator.pageSize: 8192
[DEBUG] 2023-05-14 10:36:37.164 [main] PooledByteBufAllocator:163--Dio.netty.allocator.maxOrder: 11
[DEBUG] 2023-05-14 10:36:37.164 [main] PooledByteBufAllocator:167--Dio.netty.allocator.chunkSize: 16777216
[DEBUG] 2023-05-14 10:36:37.164 [main] PooledByteBufAllocator:168--Dio.netty.allocator.smallCacheSize: 256
[DEBUG] 2023-05-14 10:36:37.164 [main] PooledByteBufAllocator:169--Dio.netty.allocator.normalCacheSize: 64
[DEBUG] 2023-05-14 10:36:37.164 [main] PooledByteBufAllocator:170--Dio.netty.allocator.maxCachedBufferCapacity: 32768
[DEBUG] 2023-05-14 10:36:37.164 [main] PooledByteBufAllocator:171--Dio.netty.allocator.cacheTrimInterval: 8192
[DEBUG] 2023-05-14 10:36:37.164 [main] PooledByteBufAllocator:172--Dio.netty.allocator.cacheTrimIntervalMillis: 0
[DEBUG] 2023-05-14 10:36:37.164 [main] PooledByteBufAllocator:173--Dio.netty.allocator.useCacheForAllThreads: true
[DEBUG] 2023-05-14 10:36:37.164 [main] PooledByteBufAllocator:174--Dio.netty.allocator.maxCachedByteBuffersPerChunk: 1023
[DEBUG] 2023-05-14 10:36:37.164 [main] ByteBufUtil:87--Dio.netty.allocator.type: pooled
[DEBUG] 2023-05-14 10:36:37.164 [main] ByteBufUtil:96--Dio.netty.threadLocalDirectBufferSize: 0
[DEBUG] 2023-05-14 10:36:37.164 [main] ByteBufUtil:99--Dio.netty.maxThreadLocalCharBufferSize: 16384
[DEBUG] 2023-05-14 10:36:37.949 [Forwarding newSession on session null to remote] DefaultChannelId:79--Dio.netty.processId: 14104 (auto-detected)
[DEBUG] 2023-05-14 10:36:37.949 [Forwarding newSession on session null to remote] NetUtil:135--Djava.net.preferIPv4Stack: false
[DEBUG] 2023-05-14 10:36:37.949 [Forwarding newSession on session null to remote] NetUtil:136--Djava.net.preferIPv6Addresses: false
[DEBUG] 2023-05-14 10:36:38.170 [Forwarding newSession on session null to remote] NetUtilInitializations:129-Loopback interface: lo (Software Loopback Interface 1, 127.0.0.1)
[DEBUG] 2023-05-14 10:36:38.170 [Forwarding newSession on session null to remote] NetUtil:187-Failed to get SOMAXCONN from sysctl and file \proc\sys\net\core\somaxconn. Default: 200
[DEBUG] 2023-05-14 10:36:38.392 [Forwarding newSession on session null to remote] DefaultChannelId:101--Dio.netty.machineId: d0:c6:37:ff:fe:f7:a9:b8 (auto-detected)
[DEBUG] 2023-05-14 10:36:38.438 [AsyncHttpClient-1-2] AbstractByteBuf:63--Dio.netty.buffer.checkAccessible: true
[DEBUG] 2023-05-14 10:36:38.438 [AsyncHttpClient-1-2] AbstractByteBuf:64--Dio.netty.buffer.checkBounds: true
[DEBUG] 2023-05-14 10:36:38.438 [AsyncHttpClient-1-2] ResourceLeakDetectorFactory:196-Loaded default ResourceLeakDetector: io.netty.util.ResourceLeakDetector@eb8f12f
[DEBUG] 2023-05-14 10:36:38.454 [AsyncHttpClient-1-2] Recycler:103--Dio.netty.recycler.maxCapacityPerThread: 4096
[DEBUG] 2023-05-14 10:36:38.454 [AsyncHttpClient-1-2] Recycler:104--Dio.netty.recycler.maxSharedCapacityFactor: 2
[DEBUG] 2023-05-14 10:36:38.454 [AsyncHttpClient-1-2] Recycler:105--Dio.netty.recycler.linkCapacity: 16
[DEBUG] 2023-05-14 10:36:38.454 [AsyncHttpClient-1-2] Recycler:106--Dio.netty.recycler.ratio: 8
[DEBUG] 2023-05-14 10:36:38.454 [AsyncHttpClient-1-2] Recycler:107--Dio.netty.recycler.delayedQueue.ratio: 8
[DEBUG] 2023-05-14 10:36:39.143 [AsyncHttpClient-1-2] Brotli:38-brotli4j not in the classpath; Brotli support will be unavailable.
[DEBUG] 2023-05-14 10:36:39.277 [main] ThreadLocalRandom:214--Dio.netty.initialSeedUniquifier: 0xa7428ee04f89d99e
[INFO ] 2023-05-14 10:36:41.911 [main] BaseTest:28-Init page
[DEBUG] 2023-05-14 10:44:12.842 [main] InternalLoggerFactory:76-Using Log4J2 as the default logging framework
[DEBUG] 2023-05-14 10:44:12.842 [main] ResourceLeakDetector:129--Dio.netty.leakDetection.level: simple
[DEBUG] 2023-05-14 10:44:12.842 [main] ResourceLeakDetector:130--Dio.netty.leakDetection.targetRecords: 4
[DEBUG] 2023-05-14 10:44:12.842 [main] ResourceLeakDetectorFactory:196-Loaded default ResourceLeakDetector: io.netty.util.ResourceLeakDetector@bcb09a6
[DEBUG] 2023-05-14 10:44:12.873 [main] PlatformDependent0:460--Dio.netty.noUnsafe: false
[DEBUG] 2023-05-14 10:44:12.873 [main] PlatformDependent0:954-Java version: 11
[DEBUG] 2023-05-14 10:44:12.873 [main] PlatformDependent0:135-sun.misc.Unsafe.theUnsafe: available
[DEBUG] 2023-05-14 10:44:12.873 [main] PlatformDependent0:159-sun.misc.Unsafe.copyMemory: available
[DEBUG] 2023-05-14 10:44:12.873 [main] PlatformDependent0:202-java.nio.Buffer.address: available
[DEBUG] 2023-05-14 10:44:12.873 [main] PlatformDependent0:285-direct buffer constructor: unavailable: Reflective setAccessible(true) disabled
[DEBUG] 2023-05-14 10:44:12.873 [main] PlatformDependent0:350-java.nio.Bits.unaligned: available, true
[DEBUG] 2023-05-14 10:44:12.873 [main] PlatformDependent0:417-jdk.internal.misc.Unsafe.allocateUninitializedArray(int): unavailable: class io.netty.util.internal.PlatformDependent0$6 cannot access class jdk.internal.misc.Unsafe (in module java.base) because module java.base does not export jdk.internal.misc to unnamed module @6d91790b
[DEBUG] 2023-05-14 10:44:12.873 [main] PlatformDependent0:446-java.nio.DirectByteBuffer.<init>(long, int): unavailable
[DEBUG] 2023-05-14 10:44:12.873 [main] PlatformDependent:1103-sun.misc.Unsafe: available
[DEBUG] 2023-05-14 10:44:12.873 [main] PlatformDependent:1205-maxDirectMemory: 2109734912 bytes (maybe)
[DEBUG] 2023-05-14 10:44:12.873 [main] PlatformDependent:1224--Dio.netty.tmpdir: C:\Users\YURAKO~1.000\AppData\Local\Temp (java.io.tmpdir)
[DEBUG] 2023-05-14 10:44:12.873 [main] PlatformDependent:1303--Dio.netty.bitMode: 64 (sun.arch.data.model)
[DEBUG] 2023-05-14 10:44:12.873 [main] PlatformDependent:1063-Platform: Windows
[DEBUG] 2023-05-14 10:44:12.873 [main] PlatformDependent:178--Dio.netty.maxDirectMemory: -1 bytes
[DEBUG] 2023-05-14 10:44:12.873 [main] PlatformDependent:185--Dio.netty.uninitializedArrayAllocationThreshold: -1
[DEBUG] 2023-05-14 10:44:12.873 [main] CleanerJava9:71-java.nio.ByteBuffer.cleaner(): available
[DEBUG] 2023-05-14 10:44:12.873 [main] PlatformDependent:205--Dio.netty.noPreferDirect: false
[DEBUG] 2023-05-14 10:44:12.889 [main] PlatformDependent:967-org.jctools-core.MpscChunkedArrayQueue: available
[DEBUG] 2023-05-14 10:44:12.905 [main] InternalThreadLocalMap:83--Dio.netty.threadLocalMap.stringBuilder.initialSize: 1024
[DEBUG] 2023-05-14 10:44:12.905 [main] InternalThreadLocalMap:86--Dio.netty.threadLocalMap.stringBuilder.maxSize: 4096
[DEBUG] 2023-05-14 10:44:12.920 [main] JdkSslContext:97-Default protocols (JDK): [TLSv1.3, TLSv1.2] 
[DEBUG] 2023-05-14 10:44:12.920 [main] JdkSslContext:98-Default cipher suites (JDK): [TLS_ECDHE_ECDSA_WITH_AES_256_GCM_SHA384, TLS_ECDHE_ECDSA_WITH_AES_128_GCM_SHA256, TLS_ECDHE_RSA_WITH_AES_128_GCM_SHA256, TLS_ECDHE_RSA_WITH_AES_256_GCM_SHA384, TLS_ECDHE_RSA_WITH_AES_128_CBC_SHA, TLS_ECDHE_RSA_WITH_AES_256_CBC_SHA, TLS_RSA_WITH_AES_128_GCM_SHA256, TLS_RSA_WITH_AES_128_CBC_SHA, TLS_RSA_WITH_AES_256_CBC_SHA, TLS_AES_128_GCM_SHA256, TLS_AES_256_GCM_SHA384]
[DEBUG] 2023-05-14 10:44:12.936 [main] MultithreadEventLoopGroup:44--Dio.netty.eventLoopThreads: 16
[DEBUG] 2023-05-14 10:44:12.952 [main] NioEventLoop:106--Dio.netty.noKeySetOptimization: false
[DEBUG] 2023-05-14 10:44:12.952 [main] NioEventLoop:107--Dio.netty.selectorAutoRebuildThreshold: 512
[DEBUG] 2023-05-14 10:44:12.983 [main] PooledByteBufAllocator:155--Dio.netty.allocator.numHeapArenas: 16
[DEBUG] 2023-05-14 10:44:12.983 [main] PooledByteBufAllocator:156--Dio.netty.allocator.numDirectArenas: 16
[DEBUG] 2023-05-14 10:44:12.983 [main] PooledByteBufAllocator:158--Dio.netty.allocator.pageSize: 8192
[DEBUG] 2023-05-14 10:44:12.983 [main] PooledByteBufAllocator:163--Dio.netty.allocator.maxOrder: 11
[DEBUG] 2023-05-14 10:44:12.983 [main] PooledByteBufAllocator:167--Dio.netty.allocator.chunkSize: 16777216
[DEBUG] 2023-05-14 10:44:12.983 [main] PooledByteBufAllocator:168--Dio.netty.allocator.smallCacheSize: 256
[DEBUG] 2023-05-14 10:44:12.983 [main] PooledByteBufAllocator:169--Dio.netty.allocator.normalCacheSize: 64
[DEBUG] 2023-05-14 10:44:12.983 [main] PooledByteBufAllocator:170--Dio.netty.allocator.maxCachedBufferCapacity: 32768
[DEBUG] 2023-05-14 10:44:12.983 [main] PooledByteBufAllocator:171--Dio.netty.allocator.cacheTrimInterval: 8192
[DEBUG] 2023-05-14 10:44:12.983 [main] PooledByteBufAllocator:172--Dio.netty.allocator.cacheTrimIntervalMillis: 0
[DEBUG] 2023-05-14 10:44:12.983 [main] PooledByteBufAllocator:173--Dio.netty.allocator.useCacheForAllThreads: true
[DEBUG] 2023-05-14 10:44:12.983 [main] PooledByteBufAllocator:174--Dio.netty.allocator.maxCachedByteBuffersPerChunk: 1023
[DEBUG] 2023-05-14 10:44:12.998 [main] ByteBufUtil:87--Dio.netty.allocator.type: pooled
[DEBUG] 2023-05-14 10:44:12.998 [main] ByteBufUtil:96--Dio.netty.threadLocalDirectBufferSize: 0
[DEBUG] 2023-05-14 10:44:12.998 [main] ByteBufUtil:99--Dio.netty.maxThreadLocalCharBufferSize: 16384
[DEBUG] 2023-05-14 10:44:13.794 [Forwarding newSession on session null to remote] DefaultChannelId:79--Dio.netty.processId: 13716 (auto-detected)
[DEBUG] 2023-05-14 10:44:13.794 [Forwarding newSession on session null to remote] NetUtil:135--Djava.net.preferIPv4Stack: false
[DEBUG] 2023-05-14 10:44:13.794 [Forwarding newSession on session null to remote] NetUtil:136--Djava.net.preferIPv6Addresses: false
[DEBUG] 2023-05-14 10:44:13.997 [Forwarding newSession on session null to remote] NetUtilInitializations:129-Loopback interface: lo (Software Loopback Interface 1, 127.0.0.1)
[DEBUG] 2023-05-14 10:44:13.997 [Forwarding newSession on session null to remote] NetUtil:187-Failed to get SOMAXCONN from sysctl and file \proc\sys\net\core\somaxconn. Default: 200
[DEBUG] 2023-05-14 10:44:14.241 [Forwarding newSession on session null to remote] DefaultChannelId:101--Dio.netty.machineId: d0:c6:37:ff:fe:f7:a9:b8 (auto-detected)
[DEBUG] 2023-05-14 10:44:14.272 [AsyncHttpClient-1-2] AbstractByteBuf:63--Dio.netty.buffer.checkAccessible: true
[DEBUG] 2023-05-14 10:44:14.272 [AsyncHttpClient-1-2] AbstractByteBuf:64--Dio.netty.buffer.checkBounds: true
[DEBUG] 2023-05-14 10:44:14.272 [AsyncHttpClient-1-2] ResourceLeakDetectorFactory:196-Loaded default ResourceLeakDetector: io.netty.util.ResourceLeakDetector@199b43bd
[DEBUG] 2023-05-14 10:44:14.304 [AsyncHttpClient-1-2] Recycler:103--Dio.netty.recycler.maxCapacityPerThread: 4096
[DEBUG] 2023-05-14 10:44:14.304 [AsyncHttpClient-1-2] Recycler:104--Dio.netty.recycler.maxSharedCapacityFactor: 2
[DEBUG] 2023-05-14 10:44:14.304 [AsyncHttpClient-1-2] Recycler:105--Dio.netty.recycler.linkCapacity: 16
[DEBUG] 2023-05-14 10:44:14.304 [AsyncHttpClient-1-2] Recycler:106--Dio.netty.recycler.ratio: 8
[DEBUG] 2023-05-14 10:44:14.304 [AsyncHttpClient-1-2] Recycler:107--Dio.netty.recycler.delayedQueue.ratio: 8
[DEBUG] 2023-05-14 10:44:14.942 [AsyncHttpClient-1-2] Brotli:38-brotli4j not in the classpath; Brotli support will be unavailable.
[DEBUG] 2023-05-14 10:44:15.064 [main] ThreadLocalRandom:214--Dio.netty.initialSeedUniquifier: 0x2ca999b6cdb7394f
[INFO ] 2023-05-14 10:44:17.677 [main] BaseTest:28-Init page
[DEBUG] 2023-05-14 10:46:08.776 [main] InternalLoggerFactory:76-Using Log4J2 as the default logging framework
[DEBUG] 2023-05-14 10:46:08.776 [main] ResourceLeakDetector:129--Dio.netty.leakDetection.level: simple
[DEBUG] 2023-05-14 10:46:08.776 [main] ResourceLeakDetector:130--Dio.netty.leakDetection.targetRecords: 4
[DEBUG] 2023-05-14 10:46:08.776 [main] ResourceLeakDetectorFactory:196-Loaded default ResourceLeakDetector: io.netty.util.ResourceLeakDetector@1a411233
[DEBUG] 2023-05-14 10:46:08.792 [main] PlatformDependent0:460--Dio.netty.noUnsafe: false
[DEBUG] 2023-05-14 10:46:08.792 [main] PlatformDependent0:954-Java version: 11
[DEBUG] 2023-05-14 10:46:08.792 [main] PlatformDependent0:135-sun.misc.Unsafe.theUnsafe: available
[DEBUG] 2023-05-14 10:46:08.792 [main] PlatformDependent0:159-sun.misc.Unsafe.copyMemory: available
[DEBUG] 2023-05-14 10:46:08.807 [main] PlatformDependent0:202-java.nio.Buffer.address: available
[DEBUG] 2023-05-14 10:46:08.807 [main] PlatformDependent0:285-direct buffer constructor: unavailable: Reflective setAccessible(true) disabled
[DEBUG] 2023-05-14 10:46:08.807 [main] PlatformDependent0:350-java.nio.Bits.unaligned: available, true
[DEBUG] 2023-05-14 10:46:08.807 [main] PlatformDependent0:417-jdk.internal.misc.Unsafe.allocateUninitializedArray(int): unavailable: class io.netty.util.internal.PlatformDependent0$6 cannot access class jdk.internal.misc.Unsafe (in module java.base) because module java.base does not export jdk.internal.misc to unnamed module @7c28c1
[DEBUG] 2023-05-14 10:46:08.807 [main] PlatformDependent0:446-java.nio.DirectByteBuffer.<init>(long, int): unavailable
[DEBUG] 2023-05-14 10:46:08.807 [main] PlatformDependent:1103-sun.misc.Unsafe: available
[DEBUG] 2023-05-14 10:46:08.807 [main] PlatformDependent:1205-maxDirectMemory: 2109734912 bytes (maybe)
[DEBUG] 2023-05-14 10:46:08.807 [main] PlatformDependent:1224--Dio.netty.tmpdir: C:\Users\YURAKO~1.000\AppData\Local\Temp (java.io.tmpdir)
[DEBUG] 2023-05-14 10:46:08.807 [main] PlatformDependent:1303--Dio.netty.bitMode: 64 (sun.arch.data.model)
[DEBUG] 2023-05-14 10:46:08.807 [main] PlatformDependent:1063-Platform: Windows
[DEBUG] 2023-05-14 10:46:08.807 [main] PlatformDependent:178--Dio.netty.maxDirectMemory: -1 bytes
[DEBUG] 2023-05-14 10:46:08.807 [main] PlatformDependent:185--Dio.netty.uninitializedArrayAllocationThreshold: -1
[DEBUG] 2023-05-14 10:46:08.807 [main] CleanerJava9:71-java.nio.ByteBuffer.cleaner(): available
[DEBUG] 2023-05-14 10:46:08.807 [main] PlatformDependent:205--Dio.netty.noPreferDirect: false
[DEBUG] 2023-05-14 10:46:08.807 [main] PlatformDependent:967-org.jctools-core.MpscChunkedArrayQueue: available
[DEBUG] 2023-05-14 10:46:08.823 [main] InternalThreadLocalMap:83--Dio.netty.threadLocalMap.stringBuilder.initialSize: 1024
[DEBUG] 2023-05-14 10:46:08.823 [main] InternalThreadLocalMap:86--Dio.netty.threadLocalMap.stringBuilder.maxSize: 4096
[DEBUG] 2023-05-14 10:46:08.854 [main] JdkSslContext:97-Default protocols (JDK): [TLSv1.3, TLSv1.2] 
[DEBUG] 2023-05-14 10:46:08.854 [main] JdkSslContext:98-Default cipher suites (JDK): [TLS_ECDHE_ECDSA_WITH_AES_256_GCM_SHA384, TLS_ECDHE_ECDSA_WITH_AES_128_GCM_SHA256, TLS_ECDHE_RSA_WITH_AES_128_GCM_SHA256, TLS_ECDHE_RSA_WITH_AES_256_GCM_SHA384, TLS_ECDHE_RSA_WITH_AES_128_CBC_SHA, TLS_ECDHE_RSA_WITH_AES_256_CBC_SHA, TLS_RSA_WITH_AES_128_GCM_SHA256, TLS_RSA_WITH_AES_128_CBC_SHA, TLS_RSA_WITH_AES_256_CBC_SHA, TLS_AES_128_GCM_SHA256, TLS_AES_256_GCM_SHA384]
[DEBUG] 2023-05-14 10:46:08.870 [main] MultithreadEventLoopGroup:44--Dio.netty.eventLoopThreads: 16
[DEBUG] 2023-05-14 10:46:08.885 [main] NioEventLoop:106--Dio.netty.noKeySetOptimization: false
[DEBUG] 2023-05-14 10:46:08.885 [main] NioEventLoop:107--Dio.netty.selectorAutoRebuildThreshold: 512
[DEBUG] 2023-05-14 10:46:08.917 [main] PooledByteBufAllocator:155--Dio.netty.allocator.numHeapArenas: 16
[DEBUG] 2023-05-14 10:46:08.917 [main] PooledByteBufAllocator:156--Dio.netty.allocator.numDirectArenas: 16
[DEBUG] 2023-05-14 10:46:08.917 [main] PooledByteBufAllocator:158--Dio.netty.allocator.pageSize: 8192
[DEBUG] 2023-05-14 10:46:08.917 [main] PooledByteBufAllocator:163--Dio.netty.allocator.maxOrder: 11
[DEBUG] 2023-05-14 10:46:08.917 [main] PooledByteBufAllocator:167--Dio.netty.allocator.chunkSize: 16777216
[DEBUG] 2023-05-14 10:46:08.917 [main] PooledByteBufAllocator:168--Dio.netty.allocator.smallCacheSize: 256
[DEBUG] 2023-05-14 10:46:08.917 [main] PooledByteBufAllocator:169--Dio.netty.allocator.normalCacheSize: 64
[DEBUG] 2023-05-14 10:46:08.917 [main] PooledByteBufAllocator:170--Dio.netty.allocator.maxCachedBufferCapacity: 32768
[DEBUG] 2023-05-14 10:46:08.917 [main] PooledByteBufAllocator:171--Dio.netty.allocator.cacheTrimInterval: 8192
[DEBUG] 2023-05-14 10:46:08.917 [main] PooledByteBufAllocator:172--Dio.netty.allocator.cacheTrimIntervalMillis: 0
[DEBUG] 2023-05-14 10:46:08.917 [main] PooledByteBufAllocator:173--Dio.netty.allocator.useCacheForAllThreads: true
[DEBUG] 2023-05-14 10:46:08.917 [main] PooledByteBufAllocator:174--Dio.netty.allocator.maxCachedByteBuffersPerChunk: 1023
[DEBUG] 2023-05-14 10:46:08.917 [main] ByteBufUtil:87--Dio.netty.allocator.type: pooled
[DEBUG] 2023-05-14 10:46:08.917 [main] ByteBufUtil:96--Dio.netty.threadLocalDirectBufferSize: 0
[DEBUG] 2023-05-14 10:46:08.917 [main] ByteBufUtil:99--Dio.netty.maxThreadLocalCharBufferSize: 16384
[DEBUG] 2023-05-14 10:46:09.717 [Forwarding newSession on session null to remote] DefaultChannelId:79--Dio.netty.processId: 14932 (auto-detected)
[DEBUG] 2023-05-14 10:46:09.717 [Forwarding newSession on session null to remote] NetUtil:135--Djava.net.preferIPv4Stack: false
[DEBUG] 2023-05-14 10:46:09.717 [Forwarding newSession on session null to remote] NetUtil:136--Djava.net.preferIPv6Addresses: false
[DEBUG] 2023-05-14 10:46:09.924 [Forwarding newSession on session null to remote] NetUtilInitializations:129-Loopback interface: lo (Software Loopback Interface 1, 127.0.0.1)
[DEBUG] 2023-05-14 10:46:09.940 [Forwarding newSession on session null to remote] NetUtil:187-Failed to get SOMAXCONN from sysctl and file \proc\sys\net\core\somaxconn. Default: 200
[DEBUG] 2023-05-14 10:46:10.164 [Forwarding newSession on session null to remote] DefaultChannelId:101--Dio.netty.machineId: d0:c6:37:ff:fe:f7:a9:b8 (auto-detected)
[DEBUG] 2023-05-14 10:46:10.195 [AsyncHttpClient-1-2] AbstractByteBuf:63--Dio.netty.buffer.checkAccessible: true
[DEBUG] 2023-05-14 10:46:10.195 [AsyncHttpClient-1-2] AbstractByteBuf:64--Dio.netty.buffer.checkBounds: true
[DEBUG] 2023-05-14 10:46:10.195 [AsyncHttpClient-1-2] ResourceLeakDetectorFactory:196-Loaded default ResourceLeakDetector: io.netty.util.ResourceLeakDetector@38dd06c8
[DEBUG] 2023-05-14 10:46:10.226 [AsyncHttpClient-1-2] Recycler:103--Dio.netty.recycler.maxCapacityPerThread: 4096
[DEBUG] 2023-05-14 10:46:10.226 [AsyncHttpClient-1-2] Recycler:104--Dio.netty.recycler.maxSharedCapacityFactor: 2
[DEBUG] 2023-05-14 10:46:10.226 [AsyncHttpClient-1-2] Recycler:105--Dio.netty.recycler.linkCapacity: 16
[DEBUG] 2023-05-14 10:46:10.226 [AsyncHttpClient-1-2] Recycler:106--Dio.netty.recycler.ratio: 8
[DEBUG] 2023-05-14 10:46:10.226 [AsyncHttpClient-1-2] Recycler:107--Dio.netty.recycler.delayedQueue.ratio: 8
[DEBUG] 2023-05-14 10:46:10.865 [AsyncHttpClient-1-2] Brotli:38-brotli4j not in the classpath; Brotli support will be unavailable.
[DEBUG] 2023-05-14 10:46:11.008 [main] ThreadLocalRandom:214--Dio.netty.initialSeedUniquifier: 0x1d3212f33a4af810
[INFO ] 2023-05-14 10:46:13.729 [main] BaseTest:28-Init page
[DEBUG] 2023-05-14 10:48:23.343 [main] InternalLoggerFactory:76-Using Log4J2 as the default logging framework
[DEBUG] 2023-05-14 10:48:23.358 [main] ResourceLeakDetector:129--Dio.netty.leakDetection.level: simple
[DEBUG] 2023-05-14 10:48:23.358 [main] ResourceLeakDetector:130--Dio.netty.leakDetection.targetRecords: 4
[DEBUG] 2023-05-14 10:48:23.358 [main] ResourceLeakDetectorFactory:196-Loaded default ResourceLeakDetector: io.netty.util.ResourceLeakDetector@70325d20
[DEBUG] 2023-05-14 10:48:23.374 [main] PlatformDependent0:460--Dio.netty.noUnsafe: false
[DEBUG] 2023-05-14 10:48:23.374 [main] PlatformDependent0:954-Java version: 11
[DEBUG] 2023-05-14 10:48:23.374 [main] PlatformDependent0:135-sun.misc.Unsafe.theUnsafe: available
[DEBUG] 2023-05-14 10:48:23.374 [main] PlatformDependent0:159-sun.misc.Unsafe.copyMemory: available
[DEBUG] 2023-05-14 10:48:23.374 [main] PlatformDependent0:202-java.nio.Buffer.address: available
[DEBUG] 2023-05-14 10:48:23.374 [main] PlatformDependent0:285-direct buffer constructor: unavailable: Reflective setAccessible(true) disabled
[DEBUG] 2023-05-14 10:48:23.374 [main] PlatformDependent0:350-java.nio.Bits.unaligned: available, true
[DEBUG] 2023-05-14 10:48:23.374 [main] PlatformDependent0:417-jdk.internal.misc.Unsafe.allocateUninitializedArray(int): unavailable: class io.netty.util.internal.PlatformDependent0$6 cannot access class jdk.internal.misc.Unsafe (in module java.base) because module java.base does not export jdk.internal.misc to unnamed module @baf1bb3
[DEBUG] 2023-05-14 10:48:23.374 [main] PlatformDependent0:446-java.nio.DirectByteBuffer.<init>(long, int): unavailable
[DEBUG] 2023-05-14 10:48:23.374 [main] PlatformDependent:1103-sun.misc.Unsafe: available
[DEBUG] 2023-05-14 10:48:23.374 [main] PlatformDependent:1205-maxDirectMemory: 2109734912 bytes (maybe)
[DEBUG] 2023-05-14 10:48:23.374 [main] PlatformDependent:1224--Dio.netty.tmpdir: C:\Users\YURAKO~1.000\AppData\Local\Temp (java.io.tmpdir)
[DEBUG] 2023-05-14 10:48:23.374 [main] PlatformDependent:1303--Dio.netty.bitMode: 64 (sun.arch.data.model)
[DEBUG] 2023-05-14 10:48:23.374 [main] PlatformDependent:1063-Platform: Windows
[DEBUG] 2023-05-14 10:48:23.374 [main] PlatformDependent:178--Dio.netty.maxDirectMemory: -1 bytes
[DEBUG] 2023-05-14 10:48:23.374 [main] PlatformDependent:185--Dio.netty.uninitializedArrayAllocationThreshold: -1
[DEBUG] 2023-05-14 10:48:23.374 [main] CleanerJava9:71-java.nio.ByteBuffer.cleaner(): available
[DEBUG] 2023-05-14 10:48:23.374 [main] PlatformDependent:205--Dio.netty.noPreferDirect: false
[DEBUG] 2023-05-14 10:48:23.389 [main] PlatformDependent:967-org.jctools-core.MpscChunkedArrayQueue: available
[DEBUG] 2023-05-14 10:48:23.405 [main] InternalThreadLocalMap:83--Dio.netty.threadLocalMap.stringBuilder.initialSize: 1024
[DEBUG] 2023-05-14 10:48:23.405 [main] InternalThreadLocalMap:86--Dio.netty.threadLocalMap.stringBuilder.maxSize: 4096
[DEBUG] 2023-05-14 10:48:23.421 [main] JdkSslContext:97-Default protocols (JDK): [TLSv1.3, TLSv1.2] 
[DEBUG] 2023-05-14 10:48:23.421 [main] JdkSslContext:98-Default cipher suites (JDK): [TLS_ECDHE_ECDSA_WITH_AES_256_GCM_SHA384, TLS_ECDHE_ECDSA_WITH_AES_128_GCM_SHA256, TLS_ECDHE_RSA_WITH_AES_128_GCM_SHA256, TLS_ECDHE_RSA_WITH_AES_256_GCM_SHA384, TLS_ECDHE_RSA_WITH_AES_128_CBC_SHA, TLS_ECDHE_RSA_WITH_AES_256_CBC_SHA, TLS_RSA_WITH_AES_128_GCM_SHA256, TLS_RSA_WITH_AES_128_CBC_SHA, TLS_RSA_WITH_AES_256_CBC_SHA, TLS_AES_128_GCM_SHA256, TLS_AES_256_GCM_SHA384]
[DEBUG] 2023-05-14 10:48:23.452 [main] MultithreadEventLoopGroup:44--Dio.netty.eventLoopThreads: 16
[DEBUG] 2023-05-14 10:48:23.452 [main] NioEventLoop:106--Dio.netty.noKeySetOptimization: false
[DEBUG] 2023-05-14 10:48:23.452 [main] NioEventLoop:107--Dio.netty.selectorAutoRebuildThreshold: 512
[DEBUG] 2023-05-14 10:48:23.483 [main] PooledByteBufAllocator:155--Dio.netty.allocator.numHeapArenas: 16
[DEBUG] 2023-05-14 10:48:23.483 [main] PooledByteBufAllocator:156--Dio.netty.allocator.numDirectArenas: 16
[DEBUG] 2023-05-14 10:48:23.483 [main] PooledByteBufAllocator:158--Dio.netty.allocator.pageSize: 8192
[DEBUG] 2023-05-14 10:48:23.483 [main] PooledByteBufAllocator:163--Dio.netty.allocator.maxOrder: 11
[DEBUG] 2023-05-14 10:48:23.483 [main] PooledByteBufAllocator:167--Dio.netty.allocator.chunkSize: 16777216
[DEBUG] 2023-05-14 10:48:23.483 [main] PooledByteBufAllocator:168--Dio.netty.allocator.smallCacheSize: 256
[DEBUG] 2023-05-14 10:48:23.483 [main] PooledByteBufAllocator:169--Dio.netty.allocator.normalCacheSize: 64
[DEBUG] 2023-05-14 10:48:23.483 [main] PooledByteBufAllocator:170--Dio.netty.allocator.maxCachedBufferCapacity: 32768
[DEBUG] 2023-05-14 10:48:23.483 [main] PooledByteBufAllocator:171--Dio.netty.allocator.cacheTrimInterval: 8192
[DEBUG] 2023-05-14 10:48:23.483 [main] PooledByteBufAllocator:172--Dio.netty.allocator.cacheTrimIntervalMillis: 0
[DEBUG] 2023-05-14 10:48:23.483 [main] PooledByteBufAllocator:173--Dio.netty.allocator.useCacheForAllThreads: true
[DEBUG] 2023-05-14 10:48:23.483 [main] PooledByteBufAllocator:174--Dio.netty.allocator.maxCachedByteBuffersPerChunk: 1023
[DEBUG] 2023-05-14 10:48:23.499 [main] ByteBufUtil:87--Dio.netty.allocator.type: pooled
[DEBUG] 2023-05-14 10:48:23.499 [main] ByteBufUtil:96--Dio.netty.threadLocalDirectBufferSize: 0
[DEBUG] 2023-05-14 10:48:23.499 [main] ByteBufUtil:99--Dio.netty.maxThreadLocalCharBufferSize: 16384
[DEBUG] 2023-05-14 10:48:24.313 [Forwarding newSession on session null to remote] DefaultChannelId:79--Dio.netty.processId: 7860 (auto-detected)
[DEBUG] 2023-05-14 10:48:24.313 [Forwarding newSession on session null to remote] NetUtil:135--Djava.net.preferIPv4Stack: false
[DEBUG] 2023-05-14 10:48:24.313 [Forwarding newSession on session null to remote] NetUtil:136--Djava.net.preferIPv6Addresses: false
[DEBUG] 2023-05-14 10:48:24.538 [Forwarding newSession on session null to remote] NetUtilInitializations:129-Loopback interface: lo (Software Loopback Interface 1, 127.0.0.1)
[DEBUG] 2023-05-14 10:48:24.538 [Forwarding newSession on session null to remote] NetUtil:187-Failed to get SOMAXCONN from sysctl and file \proc\sys\net\core\somaxconn. Default: 200
[DEBUG] 2023-05-14 10:48:24.775 [Forwarding newSession on session null to remote] DefaultChannelId:101--Dio.netty.machineId: d0:c6:37:ff:fe:f7:a9:b8 (auto-detected)
[DEBUG] 2023-05-14 10:48:24.822 [AsyncHttpClient-1-2] AbstractByteBuf:63--Dio.netty.buffer.checkAccessible: true
[DEBUG] 2023-05-14 10:48:24.822 [AsyncHttpClient-1-2] AbstractByteBuf:64--Dio.netty.buffer.checkBounds: true
[DEBUG] 2023-05-14 10:48:24.822 [AsyncHttpClient-1-2] ResourceLeakDetectorFactory:196-Loaded default ResourceLeakDetector: io.netty.util.ResourceLeakDetector@5506e3a7
[DEBUG] 2023-05-14 10:48:24.838 [AsyncHttpClient-1-2] Recycler:103--Dio.netty.recycler.maxCapacityPerThread: 4096
[DEBUG] 2023-05-14 10:48:24.838 [AsyncHttpClient-1-2] Recycler:104--Dio.netty.recycler.maxSharedCapacityFactor: 2
[DEBUG] 2023-05-14 10:48:24.838 [AsyncHttpClient-1-2] Recycler:105--Dio.netty.recycler.linkCapacity: 16
[DEBUG] 2023-05-14 10:48:24.838 [AsyncHttpClient-1-2] Recycler:106--Dio.netty.recycler.ratio: 8
[DEBUG] 2023-05-14 10:48:24.838 [AsyncHttpClient-1-2] Recycler:107--Dio.netty.recycler.delayedQueue.ratio: 8
[DEBUG] 2023-05-14 10:48:25.506 [AsyncHttpClient-1-2] Brotli:38-brotli4j not in the classpath; Brotli support will be unavailable.
[DEBUG] 2023-05-14 10:48:25.656 [main] ThreadLocalRandom:214--Dio.netty.initialSeedUniquifier: 0x787531e20db552e2
[INFO ] 2023-05-14 10:48:28.444 [main] BaseTest:28-Init page
[DEBUG] 2023-05-14 10:49:45.804 [main] InternalLoggerFactory:76-Using Log4J2 as the default logging framework
[DEBUG] 2023-05-14 10:49:45.804 [main] ResourceLeakDetector:129--Dio.netty.leakDetection.level: simple
[DEBUG] 2023-05-14 10:49:45.804 [main] ResourceLeakDetector:130--Dio.netty.leakDetection.targetRecords: 4
[DEBUG] 2023-05-14 10:49:45.804 [main] ResourceLeakDetectorFactory:196-Loaded default ResourceLeakDetector: io.netty.util.ResourceLeakDetector@272a179c
[DEBUG] 2023-05-14 10:49:45.820 [main] PlatformDependent0:460--Dio.netty.noUnsafe: false
[DEBUG] 2023-05-14 10:49:45.820 [main] PlatformDependent0:954-Java version: 11
[DEBUG] 2023-05-14 10:49:45.820 [main] PlatformDependent0:135-sun.misc.Unsafe.theUnsafe: available
[DEBUG] 2023-05-14 10:49:45.820 [main] PlatformDependent0:159-sun.misc.Unsafe.copyMemory: available
[DEBUG] 2023-05-14 10:49:45.820 [main] PlatformDependent0:202-java.nio.Buffer.address: available
[DEBUG] 2023-05-14 10:49:45.820 [main] PlatformDependent0:285-direct buffer constructor: unavailable: Reflective setAccessible(true) disabled
[DEBUG] 2023-05-14 10:49:45.820 [main] PlatformDependent0:350-java.nio.Bits.unaligned: available, true
[DEBUG] 2023-05-14 10:49:45.835 [main] PlatformDependent0:417-jdk.internal.misc.Unsafe.allocateUninitializedArray(int): unavailable: class io.netty.util.internal.PlatformDependent0$6 cannot access class jdk.internal.misc.Unsafe (in module java.base) because module java.base does not export jdk.internal.misc to unnamed module @7808fb9
[DEBUG] 2023-05-14 10:49:45.835 [main] PlatformDependent0:446-java.nio.DirectByteBuffer.<init>(long, int): unavailable
[DEBUG] 2023-05-14 10:49:45.835 [main] PlatformDependent:1103-sun.misc.Unsafe: available
[DEBUG] 2023-05-14 10:49:45.835 [main] PlatformDependent:1205-maxDirectMemory: 2109734912 bytes (maybe)
[DEBUG] 2023-05-14 10:49:45.835 [main] PlatformDependent:1224--Dio.netty.tmpdir: C:\Users\YURAKO~1.000\AppData\Local\Temp (java.io.tmpdir)
[DEBUG] 2023-05-14 10:49:45.835 [main] PlatformDependent:1303--Dio.netty.bitMode: 64 (sun.arch.data.model)
[DEBUG] 2023-05-14 10:49:45.835 [main] PlatformDependent:1063-Platform: Windows
[DEBUG] 2023-05-14 10:49:45.835 [main] PlatformDependent:178--Dio.netty.maxDirectMemory: -1 bytes
[DEBUG] 2023-05-14 10:49:45.835 [main] PlatformDependent:185--Dio.netty.uninitializedArrayAllocationThreshold: -1
[DEBUG] 2023-05-14 10:49:45.835 [main] CleanerJava9:71-java.nio.ByteBuffer.cleaner(): available
[DEBUG] 2023-05-14 10:49:45.835 [main] PlatformDependent:205--Dio.netty.noPreferDirect: false
[DEBUG] 2023-05-14 10:49:45.835 [main] PlatformDependent:967-org.jctools-core.MpscChunkedArrayQueue: available
[DEBUG] 2023-05-14 10:49:45.851 [main] InternalThreadLocalMap:83--Dio.netty.threadLocalMap.stringBuilder.initialSize: 1024
[DEBUG] 2023-05-14 10:49:45.851 [main] InternalThreadLocalMap:86--Dio.netty.threadLocalMap.stringBuilder.maxSize: 4096
[DEBUG] 2023-05-14 10:49:45.882 [main] JdkSslContext:97-Default protocols (JDK): [TLSv1.3, TLSv1.2] 
[DEBUG] 2023-05-14 10:49:45.882 [main] JdkSslContext:98-Default cipher suites (JDK): [TLS_ECDHE_ECDSA_WITH_AES_256_GCM_SHA384, TLS_ECDHE_ECDSA_WITH_AES_128_GCM_SHA256, TLS_ECDHE_RSA_WITH_AES_128_GCM_SHA256, TLS_ECDHE_RSA_WITH_AES_256_GCM_SHA384, TLS_ECDHE_RSA_WITH_AES_128_CBC_SHA, TLS_ECDHE_RSA_WITH_AES_256_CBC_SHA, TLS_RSA_WITH_AES_128_GCM_SHA256, TLS_RSA_WITH_AES_128_CBC_SHA, TLS_RSA_WITH_AES_256_CBC_SHA, TLS_AES_128_GCM_SHA256, TLS_AES_256_GCM_SHA384]
[DEBUG] 2023-05-14 10:49:45.898 [main] MultithreadEventLoopGroup:44--Dio.netty.eventLoopThreads: 16
[DEBUG] 2023-05-14 10:49:45.898 [main] NioEventLoop:106--Dio.netty.noKeySetOptimization: false
[DEBUG] 2023-05-14 10:49:45.898 [main] NioEventLoop:107--Dio.netty.selectorAutoRebuildThreshold: 512
[DEBUG] 2023-05-14 10:49:45.929 [main] PooledByteBufAllocator:155--Dio.netty.allocator.numHeapArenas: 16
[DEBUG] 2023-05-14 10:49:45.929 [main] PooledByteBufAllocator:156--Dio.netty.allocator.numDirectArenas: 16
[DEBUG] 2023-05-14 10:49:45.929 [main] PooledByteBufAllocator:158--Dio.netty.allocator.pageSize: 8192
[DEBUG] 2023-05-14 10:49:45.945 [main] PooledByteBufAllocator:163--Dio.netty.allocator.maxOrder: 11
[DEBUG] 2023-05-14 10:49:45.945 [main] PooledByteBufAllocator:167--Dio.netty.allocator.chunkSize: 16777216
[DEBUG] 2023-05-14 10:49:45.945 [main] PooledByteBufAllocator:168--Dio.netty.allocator.smallCacheSize: 256
[DEBUG] 2023-05-14 10:49:45.945 [main] PooledByteBufAllocator:169--Dio.netty.allocator.normalCacheSize: 64
[DEBUG] 2023-05-14 10:49:45.945 [main] PooledByteBufAllocator:170--Dio.netty.allocator.maxCachedBufferCapacity: 32768
[DEBUG] 2023-05-14 10:49:45.945 [main] PooledByteBufAllocator:171--Dio.netty.allocator.cacheTrimInterval: 8192
[DEBUG] 2023-05-14 10:49:45.945 [main] PooledByteBufAllocator:172--Dio.netty.allocator.cacheTrimIntervalMillis: 0
[DEBUG] 2023-05-14 10:49:45.946 [main] PooledByteBufAllocator:173--Dio.netty.allocator.useCacheForAllThreads: true
[DEBUG] 2023-05-14 10:49:45.946 [main] PooledByteBufAllocator:174--Dio.netty.allocator.maxCachedByteBuffersPerChunk: 1023
[DEBUG] 2023-05-14 10:49:45.951 [main] ByteBufUtil:87--Dio.netty.allocator.type: pooled
[DEBUG] 2023-05-14 10:49:45.951 [main] ByteBufUtil:96--Dio.netty.threadLocalDirectBufferSize: 0
[DEBUG] 2023-05-14 10:49:45.951 [main] ByteBufUtil:99--Dio.netty.maxThreadLocalCharBufferSize: 16384
[DEBUG] 2023-05-14 10:49:46.717 [Forwarding newSession on session null to remote] DefaultChannelId:79--Dio.netty.processId: 13164 (auto-detected)
[DEBUG] 2023-05-14 10:49:46.717 [Forwarding newSession on session null to remote] NetUtil:135--Djava.net.preferIPv4Stack: false
[DEBUG] 2023-05-14 10:49:46.717 [Forwarding newSession on session null to remote] NetUtil:136--Djava.net.preferIPv6Addresses: false
[DEBUG] 2023-05-14 10:49:46.930 [Forwarding newSession on session null to remote] NetUtilInitializations:129-Loopback interface: lo (Software Loopback Interface 1, 127.0.0.1)
[DEBUG] 2023-05-14 10:49:46.930 [Forwarding newSession on session null to remote] NetUtil:187-Failed to get SOMAXCONN from sysctl and file \proc\sys\net\core\somaxconn. Default: 200
[DEBUG] 2023-05-14 10:49:47.154 [Forwarding newSession on session null to remote] DefaultChannelId:101--Dio.netty.machineId: d0:c6:37:ff:fe:f7:a9:b8 (auto-detected)
[DEBUG] 2023-05-14 10:49:47.201 [AsyncHttpClient-1-2] AbstractByteBuf:63--Dio.netty.buffer.checkAccessible: true
[DEBUG] 2023-05-14 10:49:47.201 [AsyncHttpClient-1-2] AbstractByteBuf:64--Dio.netty.buffer.checkBounds: true
[DEBUG] 2023-05-14 10:49:47.201 [AsyncHttpClient-1-2] ResourceLeakDetectorFactory:196-Loaded default ResourceLeakDetector: io.netty.util.ResourceLeakDetector@3613aad
[DEBUG] 2023-05-14 10:49:47.217 [AsyncHttpClient-1-2] Recycler:103--Dio.netty.recycler.maxCapacityPerThread: 4096
[DEBUG] 2023-05-14 10:49:47.217 [AsyncHttpClient-1-2] Recycler:104--Dio.netty.recycler.maxSharedCapacityFactor: 2
[DEBUG] 2023-05-14 10:49:47.217 [AsyncHttpClient-1-2] Recycler:105--Dio.netty.recycler.linkCapacity: 16
[DEBUG] 2023-05-14 10:49:47.217 [AsyncHttpClient-1-2] Recycler:106--Dio.netty.recycler.ratio: 8
[DEBUG] 2023-05-14 10:49:47.232 [AsyncHttpClient-1-2] Recycler:107--Dio.netty.recycler.delayedQueue.ratio: 8
[DEBUG] 2023-05-14 10:49:47.888 [AsyncHttpClient-1-2] Brotli:38-brotli4j not in the classpath; Brotli support will be unavailable.
[DEBUG] 2023-05-14 10:49:48.004 [main] ThreadLocalRandom:214--Dio.netty.initialSeedUniquifier: 0xd8b798a175d193ed
[INFO ] 2023-05-14 10:49:50.621 [main] BaseTest:28-Init page
[DEBUG] 2023-05-14 10:53:03.021 [main] InternalLoggerFactory:76-Using Log4J2 as the default logging framework
[DEBUG] 2023-05-14 10:53:03.021 [main] ResourceLeakDetector:129--Dio.netty.leakDetection.level: simple
[DEBUG] 2023-05-14 10:53:03.021 [main] ResourceLeakDetector:130--Dio.netty.leakDetection.targetRecords: 4
[DEBUG] 2023-05-14 10:53:03.021 [main] ResourceLeakDetectorFactory:196-Loaded default ResourceLeakDetector: io.netty.util.ResourceLeakDetector@585ac855
[DEBUG] 2023-05-14 10:53:03.037 [main] PlatformDependent0:460--Dio.netty.noUnsafe: false
[DEBUG] 2023-05-14 10:53:03.037 [main] PlatformDependent0:954-Java version: 11
[DEBUG] 2023-05-14 10:53:03.037 [main] PlatformDependent0:135-sun.misc.Unsafe.theUnsafe: available
[DEBUG] 2023-05-14 10:53:03.037 [main] PlatformDependent0:159-sun.misc.Unsafe.copyMemory: available
[DEBUG] 2023-05-14 10:53:03.037 [main] PlatformDependent0:202-java.nio.Buffer.address: available
[DEBUG] 2023-05-14 10:53:03.037 [main] PlatformDependent0:285-direct buffer constructor: unavailable: Reflective setAccessible(true) disabled
[DEBUG] 2023-05-14 10:53:03.037 [main] PlatformDependent0:350-java.nio.Bits.unaligned: available, true
[DEBUG] 2023-05-14 10:53:03.037 [main] PlatformDependent0:417-jdk.internal.misc.Unsafe.allocateUninitializedArray(int): unavailable: class io.netty.util.internal.PlatformDependent0$6 cannot access class jdk.internal.misc.Unsafe (in module java.base) because module java.base does not export jdk.internal.misc to unnamed module @3e9803c2
[DEBUG] 2023-05-14 10:53:03.053 [main] PlatformDependent0:446-java.nio.DirectByteBuffer.<init>(long, int): unavailable
[DEBUG] 2023-05-14 10:53:03.053 [main] PlatformDependent:1103-sun.misc.Unsafe: available
[DEBUG] 2023-05-14 10:53:03.053 [main] PlatformDependent:1205-maxDirectMemory: 2109734912 bytes (maybe)
[DEBUG] 2023-05-14 10:53:03.053 [main] PlatformDependent:1224--Dio.netty.tmpdir: C:\Users\YURAKO~1.000\AppData\Local\Temp (java.io.tmpdir)
[DEBUG] 2023-05-14 10:53:03.053 [main] PlatformDependent:1303--Dio.netty.bitMode: 64 (sun.arch.data.model)
[DEBUG] 2023-05-14 10:53:03.053 [main] PlatformDependent:1063-Platform: Windows
[DEBUG] 2023-05-14 10:53:03.053 [main] PlatformDependent:178--Dio.netty.maxDirectMemory: -1 bytes
[DEBUG] 2023-05-14 10:53:03.053 [main] PlatformDependent:185--Dio.netty.uninitializedArrayAllocationThreshold: -1
[DEBUG] 2023-05-14 10:53:03.053 [main] CleanerJava9:71-java.nio.ByteBuffer.cleaner(): available
[DEBUG] 2023-05-14 10:53:03.053 [main] PlatformDependent:205--Dio.netty.noPreferDirect: false
[DEBUG] 2023-05-14 10:53:03.053 [main] PlatformDependent:967-org.jctools-core.MpscChunkedArrayQueue: available
[DEBUG] 2023-05-14 10:53:03.068 [main] InternalThreadLocalMap:83--Dio.netty.threadLocalMap.stringBuilder.initialSize: 1024
[DEBUG] 2023-05-14 10:53:03.068 [main] InternalThreadLocalMap:86--Dio.netty.threadLocalMap.stringBuilder.maxSize: 4096
[DEBUG] 2023-05-14 10:53:03.084 [main] JdkSslContext:97-Default protocols (JDK): [TLSv1.3, TLSv1.2] 
[DEBUG] 2023-05-14 10:53:03.084 [main] JdkSslContext:98-Default cipher suites (JDK): [TLS_ECDHE_ECDSA_WITH_AES_256_GCM_SHA384, TLS_ECDHE_ECDSA_WITH_AES_128_GCM_SHA256, TLS_ECDHE_RSA_WITH_AES_128_GCM_SHA256, TLS_ECDHE_RSA_WITH_AES_256_GCM_SHA384, TLS_ECDHE_RSA_WITH_AES_128_CBC_SHA, TLS_ECDHE_RSA_WITH_AES_256_CBC_SHA, TLS_RSA_WITH_AES_128_GCM_SHA256, TLS_RSA_WITH_AES_128_CBC_SHA, TLS_RSA_WITH_AES_256_CBC_SHA, TLS_AES_128_GCM_SHA256, TLS_AES_256_GCM_SHA384]
[DEBUG] 2023-05-14 10:53:03.099 [main] MultithreadEventLoopGroup:44--Dio.netty.eventLoopThreads: 16
[DEBUG] 2023-05-14 10:53:03.115 [main] NioEventLoop:106--Dio.netty.noKeySetOptimization: false
[DEBUG] 2023-05-14 10:53:03.115 [main] NioEventLoop:107--Dio.netty.selectorAutoRebuildThreshold: 512
[DEBUG] 2023-05-14 10:53:03.146 [main] PooledByteBufAllocator:155--Dio.netty.allocator.numHeapArenas: 16
[DEBUG] 2023-05-14 10:53:03.146 [main] PooledByteBufAllocator:156--Dio.netty.allocator.numDirectArenas: 16
[DEBUG] 2023-05-14 10:53:03.146 [main] PooledByteBufAllocator:158--Dio.netty.allocator.pageSize: 8192
[DEBUG] 2023-05-14 10:53:03.146 [main] PooledByteBufAllocator:163--Dio.netty.allocator.maxOrder: 11
[DEBUG] 2023-05-14 10:53:03.146 [main] PooledByteBufAllocator:167--Dio.netty.allocator.chunkSize: 16777216
[DEBUG] 2023-05-14 10:53:03.146 [main] PooledByteBufAllocator:168--Dio.netty.allocator.smallCacheSize: 256
[DEBUG] 2023-05-14 10:53:03.146 [main] PooledByteBufAllocator:169--Dio.netty.allocator.normalCacheSize: 64
[DEBUG] 2023-05-14 10:53:03.146 [main] PooledByteBufAllocator:170--Dio.netty.allocator.maxCachedBufferCapacity: 32768
[DEBUG] 2023-05-14 10:53:03.146 [main] PooledByteBufAllocator:171--Dio.netty.allocator.cacheTrimInterval: 8192
[DEBUG] 2023-05-14 10:53:03.146 [main] PooledByteBufAllocator:172--Dio.netty.allocator.cacheTrimIntervalMillis: 0
[DEBUG] 2023-05-14 10:53:03.146 [main] PooledByteBufAllocator:173--Dio.netty.allocator.useCacheForAllThreads: true
[DEBUG] 2023-05-14 10:53:03.146 [main] PooledByteBufAllocator:174--Dio.netty.allocator.maxCachedByteBuffersPerChunk: 1023
[DEBUG] 2023-05-14 10:53:03.146 [main] ByteBufUtil:87--Dio.netty.allocator.type: pooled
[DEBUG] 2023-05-14 10:53:03.146 [main] ByteBufUtil:96--Dio.netty.threadLocalDirectBufferSize: 0
[DEBUG] 2023-05-14 10:53:03.146 [main] ByteBufUtil:99--Dio.netty.maxThreadLocalCharBufferSize: 16384
[DEBUG] 2023-05-14 10:53:03.912 [Forwarding newSession on session null to remote] DefaultChannelId:79--Dio.netty.processId: 13340 (auto-detected)
[DEBUG] 2023-05-14 10:53:03.912 [Forwarding newSession on session null to remote] NetUtil:135--Djava.net.preferIPv4Stack: false
[DEBUG] 2023-05-14 10:53:03.912 [Forwarding newSession on session null to remote] NetUtil:136--Djava.net.preferIPv6Addresses: false
[DEBUG] 2023-05-14 10:53:04.131 [Forwarding newSession on session null to remote] NetUtilInitializations:129-Loopback interface: lo (Software Loopback Interface 1, 127.0.0.1)
[DEBUG] 2023-05-14 10:53:04.131 [Forwarding newSession on session null to remote] NetUtil:187-Failed to get SOMAXCONN from sysctl and file \proc\sys\net\core\somaxconn. Default: 200
[DEBUG] 2023-05-14 10:53:04.353 [Forwarding newSession on session null to remote] DefaultChannelId:101--Dio.netty.machineId: d0:c6:37:ff:fe:f7:a9:b8 (auto-detected)
[DEBUG] 2023-05-14 10:53:04.400 [AsyncHttpClient-1-2] AbstractByteBuf:63--Dio.netty.buffer.checkAccessible: true
[DEBUG] 2023-05-14 10:53:04.400 [AsyncHttpClient-1-2] AbstractByteBuf:64--Dio.netty.buffer.checkBounds: true
[DEBUG] 2023-05-14 10:53:04.400 [AsyncHttpClient-1-2] ResourceLeakDetectorFactory:196-Loaded default ResourceLeakDetector: io.netty.util.ResourceLeakDetector@5fefaceb
[DEBUG] 2023-05-14 10:53:04.416 [AsyncHttpClient-1-2] Recycler:103--Dio.netty.recycler.maxCapacityPerThread: 4096
[DEBUG] 2023-05-14 10:53:04.416 [AsyncHttpClient-1-2] Recycler:104--Dio.netty.recycler.maxSharedCapacityFactor: 2
[DEBUG] 2023-05-14 10:53:04.416 [AsyncHttpClient-1-2] Recycler:105--Dio.netty.recycler.linkCapacity: 16
[DEBUG] 2023-05-14 10:53:04.416 [AsyncHttpClient-1-2] Recycler:106--Dio.netty.recycler.ratio: 8
[DEBUG] 2023-05-14 10:53:04.416 [AsyncHttpClient-1-2] Recycler:107--Dio.netty.recycler.delayedQueue.ratio: 8
[DEBUG] 2023-05-14 10:53:05.103 [AsyncHttpClient-1-2] Brotli:38-brotli4j not in the classpath; Brotli support will be unavailable.
[DEBUG] 2023-05-14 10:53:05.237 [main] ThreadLocalRandom:214--Dio.netty.initialSeedUniquifier: 0xc9e9c8bcf2f4aab3
[INFO ] 2023-05-14 10:53:07.722 [main] BaseTest:28-Init page
[DEBUG] 2023-05-14 10:54:09.443 [AsyncHttpClient-1-3] PoolThreadCache:224-Freed 2 thread-local buffer(s) from thread: AsyncHttpClient-1-3
[DEBUG] 2023-05-14 10:57:50.150 [main] InternalLoggerFactory:76-Using Log4J2 as the default logging framework
[DEBUG] 2023-05-14 10:57:50.165 [main] ResourceLeakDetector:129--Dio.netty.leakDetection.level: simple
[DEBUG] 2023-05-14 10:57:50.165 [main] ResourceLeakDetector:130--Dio.netty.leakDetection.targetRecords: 4
[DEBUG] 2023-05-14 10:57:50.165 [main] ResourceLeakDetectorFactory:196-Loaded default ResourceLeakDetector: io.netty.util.ResourceLeakDetector@47547132
[DEBUG] 2023-05-14 10:57:50.181 [main] PlatformDependent0:460--Dio.netty.noUnsafe: false
[DEBUG] 2023-05-14 10:57:50.181 [main] PlatformDependent0:954-Java version: 11
[DEBUG] 2023-05-14 10:57:50.181 [main] PlatformDependent0:135-sun.misc.Unsafe.theUnsafe: available
[DEBUG] 2023-05-14 10:57:50.181 [main] PlatformDependent0:159-sun.misc.Unsafe.copyMemory: available
[DEBUG] 2023-05-14 10:57:50.181 [main] PlatformDependent0:202-java.nio.Buffer.address: available
[DEBUG] 2023-05-14 10:57:50.181 [main] PlatformDependent0:285-direct buffer constructor: unavailable: Reflective setAccessible(true) disabled
[DEBUG] 2023-05-14 10:57:50.181 [main] PlatformDependent0:350-java.nio.Bits.unaligned: available, true
[DEBUG] 2023-05-14 10:57:50.181 [main] PlatformDependent0:417-jdk.internal.misc.Unsafe.allocateUninitializedArray(int): unavailable: class io.netty.util.internal.PlatformDependent0$6 cannot access class jdk.internal.misc.Unsafe (in module java.base) because module java.base does not export jdk.internal.misc to unnamed module @408b87aa
[DEBUG] 2023-05-14 10:57:50.181 [main] PlatformDependent0:446-java.nio.DirectByteBuffer.<init>(long, int): unavailable
[DEBUG] 2023-05-14 10:57:50.181 [main] PlatformDependent:1103-sun.misc.Unsafe: available
[DEBUG] 2023-05-14 10:57:50.181 [main] PlatformDependent:1205-maxDirectMemory: 2109734912 bytes (maybe)
[DEBUG] 2023-05-14 10:57:50.181 [main] PlatformDependent:1224--Dio.netty.tmpdir: C:\Users\YURAKO~1.000\AppData\Local\Temp (java.io.tmpdir)
[DEBUG] 2023-05-14 10:57:50.181 [main] PlatformDependent:1303--Dio.netty.bitMode: 64 (sun.arch.data.model)
[DEBUG] 2023-05-14 10:57:50.181 [main] PlatformDependent:1063-Platform: Windows
[DEBUG] 2023-05-14 10:57:50.181 [main] PlatformDependent:178--Dio.netty.maxDirectMemory: -1 bytes
[DEBUG] 2023-05-14 10:57:50.181 [main] PlatformDependent:185--Dio.netty.uninitializedArrayAllocationThreshold: -1
[DEBUG] 2023-05-14 10:57:50.181 [main] CleanerJava9:71-java.nio.ByteBuffer.cleaner(): available
[DEBUG] 2023-05-14 10:57:50.181 [main] PlatformDependent:205--Dio.netty.noPreferDirect: false
[DEBUG] 2023-05-14 10:57:50.196 [main] PlatformDependent:967-org.jctools-core.MpscChunkedArrayQueue: available
[DEBUG] 2023-05-14 10:57:50.212 [main] InternalThreadLocalMap:83--Dio.netty.threadLocalMap.stringBuilder.initialSize: 1024
[DEBUG] 2023-05-14 10:57:50.212 [main] InternalThreadLocalMap:86--Dio.netty.threadLocalMap.stringBuilder.maxSize: 4096
[DEBUG] 2023-05-14 10:57:50.212 [main] JdkSslContext:97-Default protocols (JDK): [TLSv1.3, TLSv1.2] 
[DEBUG] 2023-05-14 10:57:50.212 [main] JdkSslContext:98-Default cipher suites (JDK): [TLS_ECDHE_ECDSA_WITH_AES_256_GCM_SHA384, TLS_ECDHE_ECDSA_WITH_AES_128_GCM_SHA256, TLS_ECDHE_RSA_WITH_AES_128_GCM_SHA256, TLS_ECDHE_RSA_WITH_AES_256_GCM_SHA384, TLS_ECDHE_RSA_WITH_AES_128_CBC_SHA, TLS_ECDHE_RSA_WITH_AES_256_CBC_SHA, TLS_RSA_WITH_AES_128_GCM_SHA256, TLS_RSA_WITH_AES_128_CBC_SHA, TLS_RSA_WITH_AES_256_CBC_SHA, TLS_AES_128_GCM_SHA256, TLS_AES_256_GCM_SHA384]
[DEBUG] 2023-05-14 10:57:50.243 [main] MultithreadEventLoopGroup:44--Dio.netty.eventLoopThreads: 16
[DEBUG] 2023-05-14 10:57:50.259 [main] NioEventLoop:106--Dio.netty.noKeySetOptimization: false
[DEBUG] 2023-05-14 10:57:50.259 [main] NioEventLoop:107--Dio.netty.selectorAutoRebuildThreshold: 512
[DEBUG] 2023-05-14 10:57:50.290 [main] PooledByteBufAllocator:155--Dio.netty.allocator.numHeapArenas: 16
[DEBUG] 2023-05-14 10:57:50.290 [main] PooledByteBufAllocator:156--Dio.netty.allocator.numDirectArenas: 16
[DEBUG] 2023-05-14 10:57:50.290 [main] PooledByteBufAllocator:158--Dio.netty.allocator.pageSize: 8192
[DEBUG] 2023-05-14 10:57:50.290 [main] PooledByteBufAllocator:163--Dio.netty.allocator.maxOrder: 11
[DEBUG] 2023-05-14 10:57:50.290 [main] PooledByteBufAllocator:167--Dio.netty.allocator.chunkSize: 16777216
[DEBUG] 2023-05-14 10:57:50.290 [main] PooledByteBufAllocator:168--Dio.netty.allocator.smallCacheSize: 256
[DEBUG] 2023-05-14 10:57:50.290 [main] PooledByteBufAllocator:169--Dio.netty.allocator.normalCacheSize: 64
[DEBUG] 2023-05-14 10:57:50.290 [main] PooledByteBufAllocator:170--Dio.netty.allocator.maxCachedBufferCapacity: 32768
[DEBUG] 2023-05-14 10:57:50.290 [main] PooledByteBufAllocator:171--Dio.netty.allocator.cacheTrimInterval: 8192
[DEBUG] 2023-05-14 10:57:50.290 [main] PooledByteBufAllocator:172--Dio.netty.allocator.cacheTrimIntervalMillis: 0
[DEBUG] 2023-05-14 10:57:50.290 [main] PooledByteBufAllocator:173--Dio.netty.allocator.useCacheForAllThreads: true
[DEBUG] 2023-05-14 10:57:50.290 [main] PooledByteBufAllocator:174--Dio.netty.allocator.maxCachedByteBuffersPerChunk: 1023
[DEBUG] 2023-05-14 10:57:50.290 [main] ByteBufUtil:87--Dio.netty.allocator.type: pooled
[DEBUG] 2023-05-14 10:57:50.290 [main] ByteBufUtil:96--Dio.netty.threadLocalDirectBufferSize: 0
[DEBUG] 2023-05-14 10:57:50.290 [main] ByteBufUtil:99--Dio.netty.maxThreadLocalCharBufferSize: 16384
[DEBUG] 2023-05-14 10:57:51.054 [Forwarding newSession on session null to remote] DefaultChannelId:79--Dio.netty.processId: 3568 (auto-detected)
[DEBUG] 2023-05-14 10:57:51.054 [Forwarding newSession on session null to remote] NetUtil:135--Djava.net.preferIPv4Stack: false
[DEBUG] 2023-05-14 10:57:51.054 [Forwarding newSession on session null to remote] NetUtil:136--Djava.net.preferIPv6Addresses: false
[DEBUG] 2023-05-14 10:57:51.275 [Forwarding newSession on session null to remote] NetUtilInitializations:129-Loopback interface: lo (Software Loopback Interface 1, 127.0.0.1)
[DEBUG] 2023-05-14 10:57:51.275 [Forwarding newSession on session null to remote] NetUtil:187-Failed to get SOMAXCONN from sysctl and file \proc\sys\net\core\somaxconn. Default: 200
[DEBUG] 2023-05-14 10:57:51.504 [Forwarding newSession on session null to remote] DefaultChannelId:101--Dio.netty.machineId: d0:c6:37:ff:fe:f7:a9:b8 (auto-detected)
[DEBUG] 2023-05-14 10:57:51.535 [AsyncHttpClient-1-2] AbstractByteBuf:63--Dio.netty.buffer.checkAccessible: true
[DEBUG] 2023-05-14 10:57:51.535 [AsyncHttpClient-1-2] AbstractByteBuf:64--Dio.netty.buffer.checkBounds: true
[DEBUG] 2023-05-14 10:57:51.535 [AsyncHttpClient-1-2] ResourceLeakDetectorFactory:196-Loaded default ResourceLeakDetector: io.netty.util.ResourceLeakDetector@14b92a76
[DEBUG] 2023-05-14 10:57:51.582 [AsyncHttpClient-1-2] Recycler:103--Dio.netty.recycler.maxCapacityPerThread: 4096
[DEBUG] 2023-05-14 10:57:51.582 [AsyncHttpClient-1-2] Recycler:104--Dio.netty.recycler.maxSharedCapacityFactor: 2
[DEBUG] 2023-05-14 10:57:51.582 [AsyncHttpClient-1-2] Recycler:105--Dio.netty.recycler.linkCapacity: 16
[DEBUG] 2023-05-14 10:57:51.582 [AsyncHttpClient-1-2] Recycler:106--Dio.netty.recycler.ratio: 8
[DEBUG] 2023-05-14 10:57:51.582 [AsyncHttpClient-1-2] Recycler:107--Dio.netty.recycler.delayedQueue.ratio: 8
[DEBUG] 2023-05-14 10:57:52.238 [AsyncHttpClient-1-2] Brotli:38-brotli4j not in the classpath; Brotli support will be unavailable.
[DEBUG] 2023-05-14 10:57:52.351 [main] ThreadLocalRandom:214--Dio.netty.initialSeedUniquifier: 0xee998a1f84541b7b
[INFO ] 2023-05-14 10:57:55.098 [main] BaseTest:28-Init page
[DEBUG] 2023-05-14 11:20:56.153 [main] InternalLoggerFactory:76-Using Log4J2 as the default logging framework
[DEBUG] 2023-05-14 11:20:56.153 [main] ResourceLeakDetector:129--Dio.netty.leakDetection.level: simple
[DEBUG] 2023-05-14 11:20:56.153 [main] ResourceLeakDetector:130--Dio.netty.leakDetection.targetRecords: 4
[DEBUG] 2023-05-14 11:20:56.153 [main] ResourceLeakDetectorFactory:196-Loaded default ResourceLeakDetector: io.netty.util.ResourceLeakDetector@2189e7a7
[DEBUG] 2023-05-14 11:20:56.169 [main] PlatformDependent0:460--Dio.netty.noUnsafe: false
[DEBUG] 2023-05-14 11:20:56.169 [main] PlatformDependent0:954-Java version: 11
[DEBUG] 2023-05-14 11:20:56.184 [main] PlatformDependent0:135-sun.misc.Unsafe.theUnsafe: available
[DEBUG] 2023-05-14 11:20:56.184 [main] PlatformDependent0:159-sun.misc.Unsafe.copyMemory: available
[DEBUG] 2023-05-14 11:20:56.184 [main] PlatformDependent0:202-java.nio.Buffer.address: available
[DEBUG] 2023-05-14 11:20:56.184 [main] PlatformDependent0:285-direct buffer constructor: unavailable: Reflective setAccessible(true) disabled
[DEBUG] 2023-05-14 11:20:56.184 [main] PlatformDependent0:350-java.nio.Bits.unaligned: available, true
[DEBUG] 2023-05-14 11:20:56.184 [main] PlatformDependent0:417-jdk.internal.misc.Unsafe.allocateUninitializedArray(int): unavailable: class io.netty.util.internal.PlatformDependent0$6 cannot access class jdk.internal.misc.Unsafe (in module java.base) because module java.base does not export jdk.internal.misc to unnamed module @7c211fd0
[DEBUG] 2023-05-14 11:20:56.184 [main] PlatformDependent0:446-java.nio.DirectByteBuffer.<init>(long, int): unavailable
[DEBUG] 2023-05-14 11:20:56.184 [main] PlatformDependent:1103-sun.misc.Unsafe: available
[DEBUG] 2023-05-14 11:20:56.184 [main] PlatformDependent:1205-maxDirectMemory: 2109734912 bytes (maybe)
[DEBUG] 2023-05-14 11:20:56.184 [main] PlatformDependent:1224--Dio.netty.tmpdir: C:\Users\YURAKO~1.000\AppData\Local\Temp (java.io.tmpdir)
[DEBUG] 2023-05-14 11:20:56.184 [main] PlatformDependent:1303--Dio.netty.bitMode: 64 (sun.arch.data.model)
[DEBUG] 2023-05-14 11:20:56.184 [main] PlatformDependent:1063-Platform: Windows
[DEBUG] 2023-05-14 11:20:56.184 [main] PlatformDependent:178--Dio.netty.maxDirectMemory: -1 bytes
[DEBUG] 2023-05-14 11:20:56.184 [main] PlatformDependent:185--Dio.netty.uninitializedArrayAllocationThreshold: -1
[DEBUG] 2023-05-14 11:20:56.184 [main] CleanerJava9:71-java.nio.ByteBuffer.cleaner(): available
[DEBUG] 2023-05-14 11:20:56.184 [main] PlatformDependent:205--Dio.netty.noPreferDirect: false
[DEBUG] 2023-05-14 11:20:56.184 [main] PlatformDependent:967-org.jctools-core.MpscChunkedArrayQueue: available
[DEBUG] 2023-05-14 11:20:56.200 [main] InternalThreadLocalMap:83--Dio.netty.threadLocalMap.stringBuilder.initialSize: 1024
[DEBUG] 2023-05-14 11:20:56.200 [main] InternalThreadLocalMap:86--Dio.netty.threadLocalMap.stringBuilder.maxSize: 4096
[DEBUG] 2023-05-14 11:20:56.231 [main] JdkSslContext:97-Default protocols (JDK): [TLSv1.3, TLSv1.2] 
[DEBUG] 2023-05-14 11:20:56.231 [main] JdkSslContext:98-Default cipher suites (JDK): [TLS_ECDHE_ECDSA_WITH_AES_256_GCM_SHA384, TLS_ECDHE_ECDSA_WITH_AES_128_GCM_SHA256, TLS_ECDHE_RSA_WITH_AES_128_GCM_SHA256, TLS_ECDHE_RSA_WITH_AES_256_GCM_SHA384, TLS_ECDHE_RSA_WITH_AES_128_CBC_SHA, TLS_ECDHE_RSA_WITH_AES_256_CBC_SHA, TLS_RSA_WITH_AES_128_GCM_SHA256, TLS_RSA_WITH_AES_128_CBC_SHA, TLS_RSA_WITH_AES_256_CBC_SHA, TLS_AES_128_GCM_SHA256, TLS_AES_256_GCM_SHA384]
[DEBUG] 2023-05-14 11:20:56.247 [main] MultithreadEventLoopGroup:44--Dio.netty.eventLoopThreads: 16
[DEBUG] 2023-05-14 11:20:56.262 [main] NioEventLoop:106--Dio.netty.noKeySetOptimization: false
[DEBUG] 2023-05-14 11:20:56.262 [main] NioEventLoop:107--Dio.netty.selectorAutoRebuildThreshold: 512
[DEBUG] 2023-05-14 11:20:56.294 [main] PooledByteBufAllocator:155--Dio.netty.allocator.numHeapArenas: 16
[DEBUG] 2023-05-14 11:20:56.294 [main] PooledByteBufAllocator:156--Dio.netty.allocator.numDirectArenas: 16
[DEBUG] 2023-05-14 11:20:56.294 [main] PooledByteBufAllocator:158--Dio.netty.allocator.pageSize: 8192
[DEBUG] 2023-05-14 11:20:56.294 [main] PooledByteBufAllocator:163--Dio.netty.allocator.maxOrder: 11
[DEBUG] 2023-05-14 11:20:56.294 [main] PooledByteBufAllocator:167--Dio.netty.allocator.chunkSize: 16777216
[DEBUG] 2023-05-14 11:20:56.294 [main] PooledByteBufAllocator:168--Dio.netty.allocator.smallCacheSize: 256
[DEBUG] 2023-05-14 11:20:56.294 [main] PooledByteBufAllocator:169--Dio.netty.allocator.normalCacheSize: 64
[DEBUG] 2023-05-14 11:20:56.294 [main] PooledByteBufAllocator:170--Dio.netty.allocator.maxCachedBufferCapacity: 32768
[DEBUG] 2023-05-14 11:20:56.294 [main] PooledByteBufAllocator:171--Dio.netty.allocator.cacheTrimInterval: 8192
[DEBUG] 2023-05-14 11:20:56.294 [main] PooledByteBufAllocator:172--Dio.netty.allocator.cacheTrimIntervalMillis: 0
[DEBUG] 2023-05-14 11:20:56.294 [main] PooledByteBufAllocator:173--Dio.netty.allocator.useCacheForAllThreads: true
[DEBUG] 2023-05-14 11:20:56.294 [main] PooledByteBufAllocator:174--Dio.netty.allocator.maxCachedByteBuffersPerChunk: 1023
[DEBUG] 2023-05-14 11:20:56.294 [main] ByteBufUtil:87--Dio.netty.allocator.type: pooled
[DEBUG] 2023-05-14 11:20:56.294 [main] ByteBufUtil:96--Dio.netty.threadLocalDirectBufferSize: 0
[DEBUG] 2023-05-14 11:20:56.294 [main] ByteBufUtil:99--Dio.netty.maxThreadLocalCharBufferSize: 16384
[DEBUG] 2023-05-14 11:20:57.068 [Forwarding newSession on session null to remote] DefaultChannelId:79--Dio.netty.processId: 13884 (auto-detected)
[DEBUG] 2023-05-14 11:20:57.068 [Forwarding newSession on session null to remote] NetUtil:135--Djava.net.preferIPv4Stack: false
[DEBUG] 2023-05-14 11:20:57.068 [Forwarding newSession on session null to remote] NetUtil:136--Djava.net.preferIPv6Addresses: false
[DEBUG] 2023-05-14 11:20:57.281 [Forwarding newSession on session null to remote] NetUtilInitializations:129-Loopback interface: lo (Software Loopback Interface 1, 127.0.0.1)
[DEBUG] 2023-05-14 11:20:57.281 [Forwarding newSession on session null to remote] NetUtil:187-Failed to get SOMAXCONN from sysctl and file \proc\sys\net\core\somaxconn. Default: 200
[DEBUG] 2023-05-14 11:20:57.504 [Forwarding newSession on session null to remote] DefaultChannelId:101--Dio.netty.machineId: d0:c6:37:ff:fe:f7:a9:b8 (auto-detected)
[DEBUG] 2023-05-14 11:20:57.551 [AsyncHttpClient-1-2] AbstractByteBuf:63--Dio.netty.buffer.checkAccessible: true
[DEBUG] 2023-05-14 11:20:57.551 [AsyncHttpClient-1-2] AbstractByteBuf:64--Dio.netty.buffer.checkBounds: true
[DEBUG] 2023-05-14 11:20:57.551 [AsyncHttpClient-1-2] ResourceLeakDetectorFactory:196-Loaded default ResourceLeakDetector: io.netty.util.ResourceLeakDetector@2853f84d
[DEBUG] 2023-05-14 11:20:57.566 [AsyncHttpClient-1-2] Recycler:103--Dio.netty.recycler.maxCapacityPerThread: 4096
[DEBUG] 2023-05-14 11:20:57.566 [AsyncHttpClient-1-2] Recycler:104--Dio.netty.recycler.maxSharedCapacityFactor: 2
[DEBUG] 2023-05-14 11:20:57.566 [AsyncHttpClient-1-2] Recycler:105--Dio.netty.recycler.linkCapacity: 16
[DEBUG] 2023-05-14 11:20:57.566 [AsyncHttpClient-1-2] Recycler:106--Dio.netty.recycler.ratio: 8
[DEBUG] 2023-05-14 11:20:57.566 [AsyncHttpClient-1-2] Recycler:107--Dio.netty.recycler.delayedQueue.ratio: 8
[DEBUG] 2023-05-14 11:20:58.229 [AsyncHttpClient-1-2] Brotli:38-brotli4j not in the classpath; Brotli support will be unavailable.
[DEBUG] 2023-05-14 11:20:58.346 [main] ThreadLocalRandom:214--Dio.netty.initialSeedUniquifier: 0x72733ce41ea28ef8
[INFO ] 2023-05-14 11:21:01.097 [main] BaseTest:28-Init page
[DEBUG] 2023-05-14 11:31:40.339 [main] InternalLoggerFactory:76-Using Log4J2 as the default logging framework
[DEBUG] 2023-05-14 11:31:40.339 [main] ResourceLeakDetector:129--Dio.netty.leakDetection.level: simple
[DEBUG] 2023-05-14 11:31:40.354 [main] ResourceLeakDetector:130--Dio.netty.leakDetection.targetRecords: 4
[DEBUG] 2023-05-14 11:31:40.354 [main] ResourceLeakDetectorFactory:196-Loaded default ResourceLeakDetector: io.netty.util.ResourceLeakDetector@6331250e
[DEBUG] 2023-05-14 11:31:40.370 [main] PlatformDependent0:460--Dio.netty.noUnsafe: false
[DEBUG] 2023-05-14 11:31:40.370 [main] PlatformDependent0:954-Java version: 11
[DEBUG] 2023-05-14 11:31:40.370 [main] PlatformDependent0:135-sun.misc.Unsafe.theUnsafe: available
[DEBUG] 2023-05-14 11:31:40.370 [main] PlatformDependent0:159-sun.misc.Unsafe.copyMemory: available
[DEBUG] 2023-05-14 11:31:40.370 [main] PlatformDependent0:202-java.nio.Buffer.address: available
[DEBUG] 2023-05-14 11:31:40.370 [main] PlatformDependent0:285-direct buffer constructor: unavailable: Reflective setAccessible(true) disabled
[DEBUG] 2023-05-14 11:31:40.370 [main] PlatformDependent0:350-java.nio.Bits.unaligned: available, true
[DEBUG] 2023-05-14 11:31:40.370 [main] PlatformDependent0:417-jdk.internal.misc.Unsafe.allocateUninitializedArray(int): unavailable: class io.netty.util.internal.PlatformDependent0$6 cannot access class jdk.internal.misc.Unsafe (in module java.base) because module java.base does not export jdk.internal.misc to unnamed module @2d84cb86
[DEBUG] 2023-05-14 11:31:40.370 [main] PlatformDependent0:446-java.nio.DirectByteBuffer.<init>(long, int): unavailable
[DEBUG] 2023-05-14 11:31:40.370 [main] PlatformDependent:1103-sun.misc.Unsafe: available
[DEBUG] 2023-05-14 11:31:40.370 [main] PlatformDependent:1205-maxDirectMemory: 2109734912 bytes (maybe)
[DEBUG] 2023-05-14 11:31:40.370 [main] PlatformDependent:1224--Dio.netty.tmpdir: C:\Users\YURAKO~1.000\AppData\Local\Temp (java.io.tmpdir)
[DEBUG] 2023-05-14 11:31:40.370 [main] PlatformDependent:1303--Dio.netty.bitMode: 64 (sun.arch.data.model)
[DEBUG] 2023-05-14 11:31:40.370 [main] PlatformDependent:1063-Platform: Windows
[DEBUG] 2023-05-14 11:31:40.385 [main] PlatformDependent:178--Dio.netty.maxDirectMemory: -1 bytes
[DEBUG] 2023-05-14 11:31:40.385 [main] PlatformDependent:185--Dio.netty.uninitializedArrayAllocationThreshold: -1
[DEBUG] 2023-05-14 11:31:40.385 [main] CleanerJava9:71-java.nio.ByteBuffer.cleaner(): available
[DEBUG] 2023-05-14 11:31:40.385 [main] PlatformDependent:205--Dio.netty.noPreferDirect: false
[DEBUG] 2023-05-14 11:31:40.385 [main] PlatformDependent:967-org.jctools-core.MpscChunkedArrayQueue: available
[DEBUG] 2023-05-14 11:31:40.401 [main] InternalThreadLocalMap:83--Dio.netty.threadLocalMap.stringBuilder.initialSize: 1024
[DEBUG] 2023-05-14 11:31:40.401 [main] InternalThreadLocalMap:86--Dio.netty.threadLocalMap.stringBuilder.maxSize: 4096
[DEBUG] 2023-05-14 11:31:40.432 [main] JdkSslContext:97-Default protocols (JDK): [TLSv1.3, TLSv1.2] 
[DEBUG] 2023-05-14 11:31:40.432 [main] JdkSslContext:98-Default cipher suites (JDK): [TLS_ECDHE_ECDSA_WITH_AES_256_GCM_SHA384, TLS_ECDHE_ECDSA_WITH_AES_128_GCM_SHA256, TLS_ECDHE_RSA_WITH_AES_128_GCM_SHA256, TLS_ECDHE_RSA_WITH_AES_256_GCM_SHA384, TLS_ECDHE_RSA_WITH_AES_128_CBC_SHA, TLS_ECDHE_RSA_WITH_AES_256_CBC_SHA, TLS_RSA_WITH_AES_128_GCM_SHA256, TLS_RSA_WITH_AES_128_CBC_SHA, TLS_RSA_WITH_AES_256_CBC_SHA, TLS_AES_128_GCM_SHA256, TLS_AES_256_GCM_SHA384]
[DEBUG] 2023-05-14 11:31:40.448 [main] MultithreadEventLoopGroup:44--Dio.netty.eventLoopThreads: 16
[DEBUG] 2023-05-14 11:31:40.448 [main] NioEventLoop:106--Dio.netty.noKeySetOptimization: false
[DEBUG] 2023-05-14 11:31:40.448 [main] NioEventLoop:107--Dio.netty.selectorAutoRebuildThreshold: 512
[DEBUG] 2023-05-14 11:31:40.495 [main] PooledByteBufAllocator:155--Dio.netty.allocator.numHeapArenas: 16
[DEBUG] 2023-05-14 11:31:40.495 [main] PooledByteBufAllocator:156--Dio.netty.allocator.numDirectArenas: 16
[DEBUG] 2023-05-14 11:31:40.495 [main] PooledByteBufAllocator:158--Dio.netty.allocator.pageSize: 8192
[DEBUG] 2023-05-14 11:31:40.496 [main] PooledByteBufAllocator:163--Dio.netty.allocator.maxOrder: 11
[DEBUG] 2023-05-14 11:31:40.496 [main] PooledByteBufAllocator:167--Dio.netty.allocator.chunkSize: 16777216
[DEBUG] 2023-05-14 11:31:40.496 [main] PooledByteBufAllocator:168--Dio.netty.allocator.smallCacheSize: 256
[DEBUG] 2023-05-14 11:31:40.496 [main] PooledByteBufAllocator:169--Dio.netty.allocator.normalCacheSize: 64
[DEBUG] 2023-05-14 11:31:40.496 [main] PooledByteBufAllocator:170--Dio.netty.allocator.maxCachedBufferCapacity: 32768
[DEBUG] 2023-05-14 11:31:40.496 [main] PooledByteBufAllocator:171--Dio.netty.allocator.cacheTrimInterval: 8192
[DEBUG] 2023-05-14 11:31:40.497 [main] PooledByteBufAllocator:172--Dio.netty.allocator.cacheTrimIntervalMillis: 0
[DEBUG] 2023-05-14 11:31:40.497 [main] PooledByteBufAllocator:173--Dio.netty.allocator.useCacheForAllThreads: true
[DEBUG] 2023-05-14 11:31:40.497 [main] PooledByteBufAllocator:174--Dio.netty.allocator.maxCachedByteBuffersPerChunk: 1023
[DEBUG] 2023-05-14 11:31:40.497 [main] ByteBufUtil:87--Dio.netty.allocator.type: pooled
[DEBUG] 2023-05-14 11:31:40.497 [main] ByteBufUtil:96--Dio.netty.threadLocalDirectBufferSize: 0
[DEBUG] 2023-05-14 11:31:40.497 [main] ByteBufUtil:99--Dio.netty.maxThreadLocalCharBufferSize: 16384
[DEBUG] 2023-05-14 11:31:41.285 [Forwarding newSession on session null to remote] DefaultChannelId:79--Dio.netty.processId: 7196 (auto-detected)
[DEBUG] 2023-05-14 11:31:41.300 [Forwarding newSession on session null to remote] NetUtil:135--Djava.net.preferIPv4Stack: false
[DEBUG] 2023-05-14 11:31:41.300 [Forwarding newSession on session null to remote] NetUtil:136--Djava.net.preferIPv6Addresses: false
[DEBUG] 2023-05-14 11:31:41.497 [Forwarding newSession on session null to remote] NetUtilInitializations:129-Loopback interface: lo (Software Loopback Interface 1, 127.0.0.1)
[DEBUG] 2023-05-14 11:31:41.497 [Forwarding newSession on session null to remote] NetUtil:187-Failed to get SOMAXCONN from sysctl and file \proc\sys\net\core\somaxconn. Default: 200
[DEBUG] 2023-05-14 11:31:41.732 [Forwarding newSession on session null to remote] DefaultChannelId:101--Dio.netty.machineId: d0:c6:37:ff:fe:f7:a9:b8 (auto-detected)
[DEBUG] 2023-05-14 11:31:41.778 [AsyncHttpClient-1-2] AbstractByteBuf:63--Dio.netty.buffer.checkAccessible: true
[DEBUG] 2023-05-14 11:31:41.778 [AsyncHttpClient-1-2] AbstractByteBuf:64--Dio.netty.buffer.checkBounds: true
[DEBUG] 2023-05-14 11:31:41.778 [AsyncHttpClient-1-2] ResourceLeakDetectorFactory:196-Loaded default ResourceLeakDetector: io.netty.util.ResourceLeakDetector@2cd1ee96
[DEBUG] 2023-05-14 11:31:41.797 [AsyncHttpClient-1-2] Recycler:103--Dio.netty.recycler.maxCapacityPerThread: 4096
[DEBUG] 2023-05-14 11:31:41.797 [AsyncHttpClient-1-2] Recycler:104--Dio.netty.recycler.maxSharedCapacityFactor: 2
[DEBUG] 2023-05-14 11:31:41.797 [AsyncHttpClient-1-2] Recycler:105--Dio.netty.recycler.linkCapacity: 16
[DEBUG] 2023-05-14 11:31:41.797 [AsyncHttpClient-1-2] Recycler:106--Dio.netty.recycler.ratio: 8
[DEBUG] 2023-05-14 11:31:41.797 [AsyncHttpClient-1-2] Recycler:107--Dio.netty.recycler.delayedQueue.ratio: 8
[DEBUG] 2023-05-14 11:31:42.481 [AsyncHttpClient-1-2] Brotli:38-brotli4j not in the classpath; Brotli support will be unavailable.
[DEBUG] 2023-05-14 11:31:42.593 [main] ThreadLocalRandom:214--Dio.netty.initialSeedUniquifier: 0x705c6051f4577ac9
[INFO ] 2023-05-14 11:31:45.074 [main] BaseTest:28-Init page
[DEBUG] 2023-05-14 11:48:16.354 [main] InternalLoggerFactory:76-Using Log4J2 as the default logging framework
[DEBUG] 2023-05-14 11:48:16.354 [main] ResourceLeakDetector:129--Dio.netty.leakDetection.level: simple
[DEBUG] 2023-05-14 11:48:16.354 [main] ResourceLeakDetector:130--Dio.netty.leakDetection.targetRecords: 4
[DEBUG] 2023-05-14 11:48:16.354 [main] ResourceLeakDetectorFactory:196-Loaded default ResourceLeakDetector: io.netty.util.ResourceLeakDetector@7c2a69b4
[DEBUG] 2023-05-14 11:48:16.370 [main] PlatformDependent0:460--Dio.netty.noUnsafe: false
[DEBUG] 2023-05-14 11:48:16.370 [main] PlatformDependent0:954-Java version: 11
[DEBUG] 2023-05-14 11:48:16.386 [main] PlatformDependent0:135-sun.misc.Unsafe.theUnsafe: available
[DEBUG] 2023-05-14 11:48:16.386 [main] PlatformDependent0:159-sun.misc.Unsafe.copyMemory: available
[DEBUG] 2023-05-14 11:48:16.386 [main] PlatformDependent0:202-java.nio.Buffer.address: available
[DEBUG] 2023-05-14 11:48:16.386 [main] PlatformDependent0:285-direct buffer constructor: unavailable: Reflective setAccessible(true) disabled
[DEBUG] 2023-05-14 11:48:16.386 [main] PlatformDependent0:350-java.nio.Bits.unaligned: available, true
[DEBUG] 2023-05-14 11:48:16.386 [main] PlatformDependent0:417-jdk.internal.misc.Unsafe.allocateUninitializedArray(int): unavailable: class io.netty.util.internal.PlatformDependent0$6 cannot access class jdk.internal.misc.Unsafe (in module java.base) because module java.base does not export jdk.internal.misc to unnamed module @6e6fce47
[DEBUG] 2023-05-14 11:48:16.386 [main] PlatformDependent0:446-java.nio.DirectByteBuffer.<init>(long, int): unavailable
[DEBUG] 2023-05-14 11:48:16.386 [main] PlatformDependent:1103-sun.misc.Unsafe: available
[DEBUG] 2023-05-14 11:48:16.386 [main] PlatformDependent:1205-maxDirectMemory: 2109734912 bytes (maybe)
[DEBUG] 2023-05-14 11:48:16.386 [main] PlatformDependent:1224--Dio.netty.tmpdir: C:\Users\YURAKO~1.000\AppData\Local\Temp (java.io.tmpdir)
[DEBUG] 2023-05-14 11:48:16.386 [main] PlatformDependent:1303--Dio.netty.bitMode: 64 (sun.arch.data.model)
[DEBUG] 2023-05-14 11:48:16.386 [main] PlatformDependent:1063-Platform: Windows
[DEBUG] 2023-05-14 11:48:16.386 [main] PlatformDependent:178--Dio.netty.maxDirectMemory: -1 bytes
[DEBUG] 2023-05-14 11:48:16.386 [main] PlatformDependent:185--Dio.netty.uninitializedArrayAllocationThreshold: -1
[DEBUG] 2023-05-14 11:48:16.386 [main] CleanerJava9:71-java.nio.ByteBuffer.cleaner(): available
[DEBUG] 2023-05-14 11:48:16.386 [main] PlatformDependent:205--Dio.netty.noPreferDirect: false
[DEBUG] 2023-05-14 11:48:16.386 [main] PlatformDependent:967-org.jctools-core.MpscChunkedArrayQueue: available
[DEBUG] 2023-05-14 11:48:16.401 [main] InternalThreadLocalMap:83--Dio.netty.threadLocalMap.stringBuilder.initialSize: 1024
[DEBUG] 2023-05-14 11:48:16.401 [main] InternalThreadLocalMap:86--Dio.netty.threadLocalMap.stringBuilder.maxSize: 4096
[DEBUG] 2023-05-14 11:48:16.432 [main] JdkSslContext:97-Default protocols (JDK): [TLSv1.3, TLSv1.2] 
[DEBUG] 2023-05-14 11:48:16.432 [main] JdkSslContext:98-Default cipher suites (JDK): [TLS_ECDHE_ECDSA_WITH_AES_256_GCM_SHA384, TLS_ECDHE_ECDSA_WITH_AES_128_GCM_SHA256, TLS_ECDHE_RSA_WITH_AES_128_GCM_SHA256, TLS_ECDHE_RSA_WITH_AES_256_GCM_SHA384, TLS_ECDHE_RSA_WITH_AES_128_CBC_SHA, TLS_ECDHE_RSA_WITH_AES_256_CBC_SHA, TLS_RSA_WITH_AES_128_GCM_SHA256, TLS_RSA_WITH_AES_128_CBC_SHA, TLS_RSA_WITH_AES_256_CBC_SHA, TLS_AES_128_GCM_SHA256, TLS_AES_256_GCM_SHA384]
[DEBUG] 2023-05-14 11:48:16.464 [main] MultithreadEventLoopGroup:44--Dio.netty.eventLoopThreads: 16
[DEBUG] 2023-05-14 11:48:16.464 [main] NioEventLoop:106--Dio.netty.noKeySetOptimization: false
[DEBUG] 2023-05-14 11:48:16.464 [main] NioEventLoop:107--Dio.netty.selectorAutoRebuildThreshold: 512
[DEBUG] 2023-05-14 11:48:16.495 [main] PooledByteBufAllocator:155--Dio.netty.allocator.numHeapArenas: 16
[DEBUG] 2023-05-14 11:48:16.495 [main] PooledByteBufAllocator:156--Dio.netty.allocator.numDirectArenas: 16
[DEBUG] 2023-05-14 11:48:16.495 [main] PooledByteBufAllocator:158--Dio.netty.allocator.pageSize: 8192
[DEBUG] 2023-05-14 11:48:16.495 [main] PooledByteBufAllocator:163--Dio.netty.allocator.maxOrder: 11
[DEBUG] 2023-05-14 11:48:16.495 [main] PooledByteBufAllocator:167--Dio.netty.allocator.chunkSize: 16777216
[DEBUG] 2023-05-14 11:48:16.495 [main] PooledByteBufAllocator:168--Dio.netty.allocator.smallCacheSize: 256
[DEBUG] 2023-05-14 11:48:16.495 [main] PooledByteBufAllocator:169--Dio.netty.allocator.normalCacheSize: 64
[DEBUG] 2023-05-14 11:48:16.495 [main] PooledByteBufAllocator:170--Dio.netty.allocator.maxCachedBufferCapacity: 32768
[DEBUG] 2023-05-14 11:48:16.495 [main] PooledByteBufAllocator:171--Dio.netty.allocator.cacheTrimInterval: 8192
[DEBUG] 2023-05-14 11:48:16.495 [main] PooledByteBufAllocator:172--Dio.netty.allocator.cacheTrimIntervalMillis: 0
[DEBUG] 2023-05-14 11:48:16.495 [main] PooledByteBufAllocator:173--Dio.netty.allocator.useCacheForAllThreads: true
[DEBUG] 2023-05-14 11:48:16.495 [main] PooledByteBufAllocator:174--Dio.netty.allocator.maxCachedByteBuffersPerChunk: 1023
[DEBUG] 2023-05-14 11:48:16.511 [main] ByteBufUtil:87--Dio.netty.allocator.type: pooled
[DEBUG] 2023-05-14 11:48:16.511 [main] ByteBufUtil:96--Dio.netty.threadLocalDirectBufferSize: 0
[DEBUG] 2023-05-14 11:48:16.511 [main] ByteBufUtil:99--Dio.netty.maxThreadLocalCharBufferSize: 16384
[DEBUG] 2023-05-14 11:48:17.303 [Forwarding newSession on session null to remote] DefaultChannelId:79--Dio.netty.processId: 8616 (auto-detected)
[DEBUG] 2023-05-14 11:48:17.303 [Forwarding newSession on session null to remote] NetUtil:135--Djava.net.preferIPv4Stack: false
[DEBUG] 2023-05-14 11:48:17.303 [Forwarding newSession on session null to remote] NetUtil:136--Djava.net.preferIPv6Addresses: false
[DEBUG] 2023-05-14 11:48:17.521 [Forwarding newSession on session null to remote] NetUtilInitializations:129-Loopback interface: lo (Software Loopback Interface 1, 127.0.0.1)
[DEBUG] 2023-05-14 11:48:17.521 [Forwarding newSession on session null to remote] NetUtil:187-Failed to get SOMAXCONN from sysctl and file \proc\sys\net\core\somaxconn. Default: 200
[DEBUG] 2023-05-14 11:48:17.759 [Forwarding newSession on session null to remote] DefaultChannelId:101--Dio.netty.machineId: d0:c6:37:ff:fe:f7:a9:b8 (auto-detected)
[DEBUG] 2023-05-14 11:48:17.790 [AsyncHttpClient-1-2] AbstractByteBuf:63--Dio.netty.buffer.checkAccessible: true
[DEBUG] 2023-05-14 11:48:17.790 [AsyncHttpClient-1-2] AbstractByteBuf:64--Dio.netty.buffer.checkBounds: true
[DEBUG] 2023-05-14 11:48:17.790 [AsyncHttpClient-1-2] ResourceLeakDetectorFactory:196-Loaded default ResourceLeakDetector: io.netty.util.ResourceLeakDetector@320bc222
[DEBUG] 2023-05-14 11:48:17.821 [AsyncHttpClient-1-2] Recycler:103--Dio.netty.recycler.maxCapacityPerThread: 4096
[DEBUG] 2023-05-14 11:48:17.821 [AsyncHttpClient-1-2] Recycler:104--Dio.netty.recycler.maxSharedCapacityFactor: 2
[DEBUG] 2023-05-14 11:48:17.821 [AsyncHttpClient-1-2] Recycler:105--Dio.netty.recycler.linkCapacity: 16
[DEBUG] 2023-05-14 11:48:17.821 [AsyncHttpClient-1-2] Recycler:106--Dio.netty.recycler.ratio: 8
[DEBUG] 2023-05-14 11:48:17.821 [AsyncHttpClient-1-2] Recycler:107--Dio.netty.recycler.delayedQueue.ratio: 8
[DEBUG] 2023-05-14 11:48:18.501 [AsyncHttpClient-1-2] Brotli:38-brotli4j not in the classpath; Brotli support will be unavailable.
[DEBUG] 2023-05-14 11:48:18.686 [main] ThreadLocalRandom:214--Dio.netty.initialSeedUniquifier: 0x619d767a9fc7abeb
[DEBUG] 2023-05-14 11:58:39.781 [main] InternalLoggerFactory:76-Using Log4J2 as the default logging framework
[DEBUG] 2023-05-14 11:58:39.788 [main] ResourceLeakDetector:129--Dio.netty.leakDetection.level: simple
[DEBUG] 2023-05-14 11:58:39.788 [main] ResourceLeakDetector:130--Dio.netty.leakDetection.targetRecords: 4
[DEBUG] 2023-05-14 11:58:39.791 [main] ResourceLeakDetectorFactory:196-Loaded default ResourceLeakDetector: io.netty.util.ResourceLeakDetector@7c4fc2bf
[DEBUG] 2023-05-14 11:58:39.806 [main] PlatformDependent0:460--Dio.netty.noUnsafe: false
[DEBUG] 2023-05-14 11:58:39.806 [main] PlatformDependent0:954-Java version: 11
[DEBUG] 2023-05-14 11:58:39.808 [main] PlatformDependent0:135-sun.misc.Unsafe.theUnsafe: available
[DEBUG] 2023-05-14 11:58:39.809 [main] PlatformDependent0:159-sun.misc.Unsafe.copyMemory: available
[DEBUG] 2023-05-14 11:58:39.809 [main] PlatformDependent0:202-java.nio.Buffer.address: available
[DEBUG] 2023-05-14 11:58:39.810 [main] PlatformDependent0:285-direct buffer constructor: unavailable: Reflective setAccessible(true) disabled
[DEBUG] 2023-05-14 11:58:39.810 [main] PlatformDependent0:350-java.nio.Bits.unaligned: available, true
[DEBUG] 2023-05-14 11:58:39.812 [main] PlatformDependent0:417-jdk.internal.misc.Unsafe.allocateUninitializedArray(int): unavailable: class io.netty.util.internal.PlatformDependent0$6 cannot access class jdk.internal.misc.Unsafe (in module java.base) because module java.base does not export jdk.internal.misc to unnamed module @30814f43
[DEBUG] 2023-05-14 11:58:39.813 [main] PlatformDependent0:446-java.nio.DirectByteBuffer.<init>(long, int): unavailable
[DEBUG] 2023-05-14 11:58:39.813 [main] PlatformDependent:1103-sun.misc.Unsafe: available
[DEBUG] 2023-05-14 11:58:39.814 [main] PlatformDependent:1205-maxDirectMemory: 2109734912 bytes (maybe)
[DEBUG] 2023-05-14 11:58:39.814 [main] PlatformDependent:1224--Dio.netty.tmpdir: C:\Users\YURAKO~1.000\AppData\Local\Temp (java.io.tmpdir)
[DEBUG] 2023-05-14 11:58:39.814 [main] PlatformDependent:1303--Dio.netty.bitMode: 64 (sun.arch.data.model)
[DEBUG] 2023-05-14 11:58:39.815 [main] PlatformDependent:1063-Platform: Windows
[DEBUG] 2023-05-14 11:58:39.815 [main] PlatformDependent:178--Dio.netty.maxDirectMemory: -1 bytes
[DEBUG] 2023-05-14 11:58:39.815 [main] PlatformDependent:185--Dio.netty.uninitializedArrayAllocationThreshold: -1
[DEBUG] 2023-05-14 11:58:39.816 [main] CleanerJava9:71-java.nio.ByteBuffer.cleaner(): available
[DEBUG] 2023-05-14 11:58:39.816 [main] PlatformDependent:205--Dio.netty.noPreferDirect: false
[DEBUG] 2023-05-14 11:58:39.822 [main] PlatformDependent:967-org.jctools-core.MpscChunkedArrayQueue: available
[DEBUG] 2023-05-14 11:58:39.837 [main] InternalThreadLocalMap:83--Dio.netty.threadLocalMap.stringBuilder.initialSize: 1024
[DEBUG] 2023-05-14 11:58:39.837 [main] InternalThreadLocalMap:86--Dio.netty.threadLocalMap.stringBuilder.maxSize: 4096
[DEBUG] 2023-05-14 11:58:39.847 [main] JdkSslContext:97-Default protocols (JDK): [TLSv1.3, TLSv1.2] 
[DEBUG] 2023-05-14 11:58:39.847 [main] JdkSslContext:98-Default cipher suites (JDK): [TLS_ECDHE_ECDSA_WITH_AES_256_GCM_SHA384, TLS_ECDHE_ECDSA_WITH_AES_128_GCM_SHA256, TLS_ECDHE_RSA_WITH_AES_128_GCM_SHA256, TLS_ECDHE_RSA_WITH_AES_256_GCM_SHA384, TLS_ECDHE_RSA_WITH_AES_128_CBC_SHA, TLS_ECDHE_RSA_WITH_AES_256_CBC_SHA, TLS_RSA_WITH_AES_128_GCM_SHA256, TLS_RSA_WITH_AES_128_CBC_SHA, TLS_RSA_WITH_AES_256_CBC_SHA, TLS_AES_128_GCM_SHA256, TLS_AES_256_GCM_SHA384]
[DEBUG] 2023-05-14 11:58:39.866 [main] MultithreadEventLoopGroup:44--Dio.netty.eventLoopThreads: 16
[DEBUG] 2023-05-14 11:58:39.873 [main] NioEventLoop:106--Dio.netty.noKeySetOptimization: false
[DEBUG] 2023-05-14 11:58:39.873 [main] NioEventLoop:107--Dio.netty.selectorAutoRebuildThreshold: 512
[DEBUG] 2023-05-14 11:58:39.905 [main] PooledByteBufAllocator:155--Dio.netty.allocator.numHeapArenas: 16
[DEBUG] 2023-05-14 11:58:39.905 [main] PooledByteBufAllocator:156--Dio.netty.allocator.numDirectArenas: 16
[DEBUG] 2023-05-14 11:58:39.905 [main] PooledByteBufAllocator:158--Dio.netty.allocator.pageSize: 8192
[DEBUG] 2023-05-14 11:58:39.905 [main] PooledByteBufAllocator:163--Dio.netty.allocator.maxOrder: 11
[DEBUG] 2023-05-14 11:58:39.905 [main] PooledByteBufAllocator:167--Dio.netty.allocator.chunkSize: 16777216
[DEBUG] 2023-05-14 11:58:39.905 [main] PooledByteBufAllocator:168--Dio.netty.allocator.smallCacheSize: 256
[DEBUG] 2023-05-14 11:58:39.905 [main] PooledByteBufAllocator:169--Dio.netty.allocator.normalCacheSize: 64
[DEBUG] 2023-05-14 11:58:39.905 [main] PooledByteBufAllocator:170--Dio.netty.allocator.maxCachedBufferCapacity: 32768
[DEBUG] 2023-05-14 11:58:39.906 [main] PooledByteBufAllocator:171--Dio.netty.allocator.cacheTrimInterval: 8192
[DEBUG] 2023-05-14 11:58:39.906 [main] PooledByteBufAllocator:172--Dio.netty.allocator.cacheTrimIntervalMillis: 0
[DEBUG] 2023-05-14 11:58:39.906 [main] PooledByteBufAllocator:173--Dio.netty.allocator.useCacheForAllThreads: true
[DEBUG] 2023-05-14 11:58:39.906 [main] PooledByteBufAllocator:174--Dio.netty.allocator.maxCachedByteBuffersPerChunk: 1023
[DEBUG] 2023-05-14 11:58:39.914 [main] ByteBufUtil:87--Dio.netty.allocator.type: pooled
[DEBUG] 2023-05-14 11:58:39.914 [main] ByteBufUtil:96--Dio.netty.threadLocalDirectBufferSize: 0
[DEBUG] 2023-05-14 11:58:39.914 [main] ByteBufUtil:99--Dio.netty.maxThreadLocalCharBufferSize: 16384
[DEBUG] 2023-05-14 11:58:40.689 [Forwarding newSession on session null to remote] DefaultChannelId:79--Dio.netty.processId: 12416 (auto-detected)
[DEBUG] 2023-05-14 11:58:40.691 [Forwarding newSession on session null to remote] NetUtil:135--Djava.net.preferIPv4Stack: false
[DEBUG] 2023-05-14 11:58:40.691 [Forwarding newSession on session null to remote] NetUtil:136--Djava.net.preferIPv6Addresses: false
[DEBUG] 2023-05-14 11:58:40.907 [Forwarding newSession on session null to remote] NetUtilInitializations:129-Loopback interface: lo (Software Loopback Interface 1, 127.0.0.1)
[DEBUG] 2023-05-14 11:58:40.908 [Forwarding newSession on session null to remote] NetUtil:187-Failed to get SOMAXCONN from sysctl and file \proc\sys\net\core\somaxconn. Default: 200
[DEBUG] 2023-05-14 11:58:41.141 [Forwarding newSession on session null to remote] DefaultChannelId:101--Dio.netty.machineId: d0:c6:37:ff:fe:f7:a9:b8 (auto-detected)
[DEBUG] 2023-05-14 11:58:41.181 [AsyncHttpClient-1-2] AbstractByteBuf:63--Dio.netty.buffer.checkAccessible: true
[DEBUG] 2023-05-14 11:58:41.183 [AsyncHttpClient-1-2] AbstractByteBuf:64--Dio.netty.buffer.checkBounds: true
[DEBUG] 2023-05-14 11:58:41.183 [AsyncHttpClient-1-2] ResourceLeakDetectorFactory:196-Loaded default ResourceLeakDetector: io.netty.util.ResourceLeakDetector@6e387486
[DEBUG] 2023-05-14 11:58:41.217 [AsyncHttpClient-1-2] Recycler:103--Dio.netty.recycler.maxCapacityPerThread: 4096
[DEBUG] 2023-05-14 11:58:41.217 [AsyncHttpClient-1-2] Recycler:104--Dio.netty.recycler.maxSharedCapacityFactor: 2
[DEBUG] 2023-05-14 11:58:41.217 [AsyncHttpClient-1-2] Recycler:105--Dio.netty.recycler.linkCapacity: 16
[DEBUG] 2023-05-14 11:58:41.217 [AsyncHttpClient-1-2] Recycler:106--Dio.netty.recycler.ratio: 8
[DEBUG] 2023-05-14 11:58:41.218 [AsyncHttpClient-1-2] Recycler:107--Dio.netty.recycler.delayedQueue.ratio: 8
[DEBUG] 2023-05-14 11:58:41.986 [AsyncHttpClient-1-2] Brotli:38-brotli4j not in the classpath; Brotli support will be unavailable.
[DEBUG] 2023-05-14 11:58:42.175 [main] ThreadLocalRandom:214--Dio.netty.initialSeedUniquifier: 0xa8af75f7367bd01e
[DEBUG] 2023-05-14 12:04:35.119 [main] InternalLoggerFactory:76-Using Log4J2 as the default logging framework
[DEBUG] 2023-05-14 12:04:35.125 [main] ResourceLeakDetector:129--Dio.netty.leakDetection.level: simple
[DEBUG] 2023-05-14 12:04:35.125 [main] ResourceLeakDetector:130--Dio.netty.leakDetection.targetRecords: 4
[DEBUG] 2023-05-14 12:04:35.130 [main] ResourceLeakDetectorFactory:196-Loaded default ResourceLeakDetector: io.netty.util.ResourceLeakDetector@2a037324
[DEBUG] 2023-05-14 12:04:35.146 [main] PlatformDependent0:460--Dio.netty.noUnsafe: false
[DEBUG] 2023-05-14 12:04:35.146 [main] PlatformDependent0:954-Java version: 11
[DEBUG] 2023-05-14 12:04:35.147 [main] PlatformDependent0:135-sun.misc.Unsafe.theUnsafe: available
[DEBUG] 2023-05-14 12:04:35.148 [main] PlatformDependent0:159-sun.misc.Unsafe.copyMemory: available
[DEBUG] 2023-05-14 12:04:35.148 [main] PlatformDependent0:202-java.nio.Buffer.address: available
[DEBUG] 2023-05-14 12:04:35.149 [main] PlatformDependent0:285-direct buffer constructor: unavailable: Reflective setAccessible(true) disabled
[DEBUG] 2023-05-14 12:04:35.149 [main] PlatformDependent0:350-java.nio.Bits.unaligned: available, true
[DEBUG] 2023-05-14 12:04:35.150 [main] PlatformDependent0:417-jdk.internal.misc.Unsafe.allocateUninitializedArray(int): unavailable: class io.netty.util.internal.PlatformDependent0$6 cannot access class jdk.internal.misc.Unsafe (in module java.base) because module java.base does not export jdk.internal.misc to unnamed module @2e52fb3e
[DEBUG] 2023-05-14 12:04:35.151 [main] PlatformDependent0:446-java.nio.DirectByteBuffer.<init>(long, int): unavailable
[DEBUG] 2023-05-14 12:04:35.151 [main] PlatformDependent:1103-sun.misc.Unsafe: available
[DEBUG] 2023-05-14 12:04:35.152 [main] PlatformDependent:1205-maxDirectMemory: 2109734912 bytes (maybe)
[DEBUG] 2023-05-14 12:04:35.152 [main] PlatformDependent:1224--Dio.netty.tmpdir: C:\Users\YURAKO~1.000\AppData\Local\Temp (java.io.tmpdir)
[DEBUG] 2023-05-14 12:04:35.152 [main] PlatformDependent:1303--Dio.netty.bitMode: 64 (sun.arch.data.model)
[DEBUG] 2023-05-14 12:04:35.153 [main] PlatformDependent:1063-Platform: Windows
[DEBUG] 2023-05-14 12:04:35.153 [main] PlatformDependent:178--Dio.netty.maxDirectMemory: -1 bytes
[DEBUG] 2023-05-14 12:04:35.153 [main] PlatformDependent:185--Dio.netty.uninitializedArrayAllocationThreshold: -1
[DEBUG] 2023-05-14 12:04:35.154 [main] CleanerJava9:71-java.nio.ByteBuffer.cleaner(): available
[DEBUG] 2023-05-14 12:04:35.154 [main] PlatformDependent:205--Dio.netty.noPreferDirect: false
[DEBUG] 2023-05-14 12:04:35.160 [main] PlatformDependent:967-org.jctools-core.MpscChunkedArrayQueue: available
[DEBUG] 2023-05-14 12:04:35.173 [main] InternalThreadLocalMap:83--Dio.netty.threadLocalMap.stringBuilder.initialSize: 1024
[DEBUG] 2023-05-14 12:04:35.173 [main] InternalThreadLocalMap:86--Dio.netty.threadLocalMap.stringBuilder.maxSize: 4096
[DEBUG] 2023-05-14 12:04:35.207 [main] JdkSslContext:97-Default protocols (JDK): [TLSv1.3, TLSv1.2] 
[DEBUG] 2023-05-14 12:04:35.207 [main] JdkSslContext:98-Default cipher suites (JDK): [TLS_ECDHE_ECDSA_WITH_AES_256_GCM_SHA384, TLS_ECDHE_ECDSA_WITH_AES_128_GCM_SHA256, TLS_ECDHE_RSA_WITH_AES_128_GCM_SHA256, TLS_ECDHE_RSA_WITH_AES_256_GCM_SHA384, TLS_ECDHE_RSA_WITH_AES_128_CBC_SHA, TLS_ECDHE_RSA_WITH_AES_256_CBC_SHA, TLS_RSA_WITH_AES_128_GCM_SHA256, TLS_RSA_WITH_AES_128_CBC_SHA, TLS_RSA_WITH_AES_256_CBC_SHA, TLS_AES_128_GCM_SHA256, TLS_AES_256_GCM_SHA384]
[DEBUG] 2023-05-14 12:04:35.238 [main] MultithreadEventLoopGroup:44--Dio.netty.eventLoopThreads: 16
[DEBUG] 2023-05-14 12:04:35.244 [main] NioEventLoop:106--Dio.netty.noKeySetOptimization: false
[DEBUG] 2023-05-14 12:04:35.244 [main] NioEventLoop:107--Dio.netty.selectorAutoRebuildThreshold: 512
[DEBUG] 2023-05-14 12:04:35.276 [main] PooledByteBufAllocator:155--Dio.netty.allocator.numHeapArenas: 16
[DEBUG] 2023-05-14 12:04:35.276 [main] PooledByteBufAllocator:156--Dio.netty.allocator.numDirectArenas: 16
[DEBUG] 2023-05-14 12:04:35.277 [main] PooledByteBufAllocator:158--Dio.netty.allocator.pageSize: 8192
[DEBUG] 2023-05-14 12:04:35.277 [main] PooledByteBufAllocator:163--Dio.netty.allocator.maxOrder: 11
[DEBUG] 2023-05-14 12:04:35.277 [main] PooledByteBufAllocator:167--Dio.netty.allocator.chunkSize: 16777216
[DEBUG] 2023-05-14 12:04:35.277 [main] PooledByteBufAllocator:168--Dio.netty.allocator.smallCacheSize: 256
[DEBUG] 2023-05-14 12:04:35.277 [main] PooledByteBufAllocator:169--Dio.netty.allocator.normalCacheSize: 64
[DEBUG] 2023-05-14 12:04:35.277 [main] PooledByteBufAllocator:170--Dio.netty.allocator.maxCachedBufferCapacity: 32768
[DEBUG] 2023-05-14 12:04:35.277 [main] PooledByteBufAllocator:171--Dio.netty.allocator.cacheTrimInterval: 8192
[DEBUG] 2023-05-14 12:04:35.278 [main] PooledByteBufAllocator:172--Dio.netty.allocator.cacheTrimIntervalMillis: 0
[DEBUG] 2023-05-14 12:04:35.278 [main] PooledByteBufAllocator:173--Dio.netty.allocator.useCacheForAllThreads: true
[DEBUG] 2023-05-14 12:04:35.278 [main] PooledByteBufAllocator:174--Dio.netty.allocator.maxCachedByteBuffersPerChunk: 1023
[DEBUG] 2023-05-14 12:04:35.286 [main] ByteBufUtil:87--Dio.netty.allocator.type: pooled
[DEBUG] 2023-05-14 12:04:35.286 [main] ByteBufUtil:96--Dio.netty.threadLocalDirectBufferSize: 0
[DEBUG] 2023-05-14 12:04:35.286 [main] ByteBufUtil:99--Dio.netty.maxThreadLocalCharBufferSize: 16384
[DEBUG] 2023-05-14 12:04:36.074 [Forwarding newSession on session null to remote] DefaultChannelId:79--Dio.netty.processId: 5436 (auto-detected)
[DEBUG] 2023-05-14 12:04:36.076 [Forwarding newSession on session null to remote] NetUtil:135--Djava.net.preferIPv4Stack: false
[DEBUG] 2023-05-14 12:04:36.076 [Forwarding newSession on session null to remote] NetUtil:136--Djava.net.preferIPv6Addresses: false
[DEBUG] 2023-05-14 12:04:36.287 [Forwarding newSession on session null to remote] NetUtilInitializations:129-Loopback interface: lo (Software Loopback Interface 1, 127.0.0.1)
[DEBUG] 2023-05-14 12:04:36.288 [Forwarding newSession on session null to remote] NetUtil:187-Failed to get SOMAXCONN from sysctl and file \proc\sys\net\core\somaxconn. Default: 200
[DEBUG] 2023-05-14 12:04:36.520 [Forwarding newSession on session null to remote] DefaultChannelId:101--Dio.netty.machineId: d0:c6:37:ff:fe:f7:a9:b8 (auto-detected)
[DEBUG] 2023-05-14 12:04:36.559 [AsyncHttpClient-1-2] AbstractByteBuf:63--Dio.netty.buffer.checkAccessible: true
[DEBUG] 2023-05-14 12:04:36.560 [AsyncHttpClient-1-2] AbstractByteBuf:64--Dio.netty.buffer.checkBounds: true
[DEBUG] 2023-05-14 12:04:36.560 [AsyncHttpClient-1-2] ResourceLeakDetectorFactory:196-Loaded default ResourceLeakDetector: io.netty.util.ResourceLeakDetector@544279f0
[DEBUG] 2023-05-14 12:04:36.584 [AsyncHttpClient-1-2] Recycler:103--Dio.netty.recycler.maxCapacityPerThread: 4096
[DEBUG] 2023-05-14 12:04:36.584 [AsyncHttpClient-1-2] Recycler:104--Dio.netty.recycler.maxSharedCapacityFactor: 2
[DEBUG] 2023-05-14 12:04:36.584 [AsyncHttpClient-1-2] Recycler:105--Dio.netty.recycler.linkCapacity: 16
[DEBUG] 2023-05-14 12:04:36.584 [AsyncHttpClient-1-2] Recycler:106--Dio.netty.recycler.ratio: 8
[DEBUG] 2023-05-14 12:04:36.584 [AsyncHttpClient-1-2] Recycler:107--Dio.netty.recycler.delayedQueue.ratio: 8
[DEBUG] 2023-05-14 12:04:37.309 [AsyncHttpClient-1-2] Brotli:38-brotli4j not in the classpath; Brotli support will be unavailable.
[DEBUG] 2023-05-14 12:04:37.520 [main] ThreadLocalRandom:214--Dio.netty.initialSeedUniquifier: 0x23f9bcbae58150c8
[DEBUG] 2023-05-14 13:22:11.904 [main] InternalLoggerFactory:76-Using Log4J2 as the default logging framework
[DEBUG] 2023-05-14 13:22:11.932 [main] ResourceLeakDetector:129--Dio.netty.leakDetection.level: simple
[DEBUG] 2023-05-14 13:22:11.932 [main] ResourceLeakDetector:130--Dio.netty.leakDetection.targetRecords: 4
[DEBUG] 2023-05-14 13:22:11.941 [main] ResourceLeakDetectorFactory:196-Loaded default ResourceLeakDetector: io.netty.util.ResourceLeakDetector@7772054c
[DEBUG] 2023-05-14 13:22:11.969 [main] PlatformDependent0:460--Dio.netty.noUnsafe: false
[DEBUG] 2023-05-14 13:22:11.969 [main] PlatformDependent0:954-Java version: 11
[DEBUG] 2023-05-14 13:22:11.971 [main] PlatformDependent0:135-sun.misc.Unsafe.theUnsafe: available
[DEBUG] 2023-05-14 13:22:11.972 [main] PlatformDependent0:159-sun.misc.Unsafe.copyMemory: available
[DEBUG] 2023-05-14 13:22:11.973 [main] PlatformDependent0:202-java.nio.Buffer.address: available
[DEBUG] 2023-05-14 13:22:11.974 [main] PlatformDependent0:285-direct buffer constructor: unavailable: Reflective setAccessible(true) disabled
[DEBUG] 2023-05-14 13:22:11.975 [main] PlatformDependent0:350-java.nio.Bits.unaligned: available, true
[DEBUG] 2023-05-14 13:22:11.977 [main] PlatformDependent0:417-jdk.internal.misc.Unsafe.allocateUninitializedArray(int): unavailable: class io.netty.util.internal.PlatformDependent0$6 cannot access class jdk.internal.misc.Unsafe (in module java.base) because module java.base does not export jdk.internal.misc to unnamed module @1fde4f40
[DEBUG] 2023-05-14 13:22:11.979 [main] PlatformDependent0:446-java.nio.DirectByteBuffer.<init>(long, int): unavailable
[DEBUG] 2023-05-14 13:22:11.979 [main] PlatformDependent:1103-sun.misc.Unsafe: available
[DEBUG] 2023-05-14 13:22:11.979 [main] PlatformDependent:1205-maxDirectMemory: 2109734912 bytes (maybe)
[DEBUG] 2023-05-14 13:22:11.979 [main] PlatformDependent:1224--Dio.netty.tmpdir: C:\Users\YURAKO~1.000\AppData\Local\Temp (java.io.tmpdir)
[DEBUG] 2023-05-14 13:22:11.979 [main] PlatformDependent:1303--Dio.netty.bitMode: 64 (sun.arch.data.model)
[DEBUG] 2023-05-14 13:22:11.979 [main] PlatformDependent:1063-Platform: Windows
[DEBUG] 2023-05-14 13:22:11.979 [main] PlatformDependent:178--Dio.netty.maxDirectMemory: -1 bytes
[DEBUG] 2023-05-14 13:22:11.984 [main] PlatformDependent:185--Dio.netty.uninitializedArrayAllocationThreshold: -1
[DEBUG] 2023-05-14 13:22:11.985 [main] CleanerJava9:71-java.nio.ByteBuffer.cleaner(): available
[DEBUG] 2023-05-14 13:22:11.986 [main] PlatformDependent:205--Dio.netty.noPreferDirect: false
[DEBUG] 2023-05-14 13:22:11.990 [main] PlatformDependent:967-org.jctools-core.MpscChunkedArrayQueue: available
[DEBUG] 2023-05-14 13:22:12.036 [main] InternalThreadLocalMap:83--Dio.netty.threadLocalMap.stringBuilder.initialSize: 1024
[DEBUG] 2023-05-14 13:22:12.037 [main] InternalThreadLocalMap:86--Dio.netty.threadLocalMap.stringBuilder.maxSize: 4096
[DEBUG] 2023-05-14 13:22:12.062 [main] JdkSslContext:97-Default protocols (JDK): [TLSv1.3, TLSv1.2] 
[DEBUG] 2023-05-14 13:22:12.062 [main] JdkSslContext:98-Default cipher suites (JDK): [TLS_ECDHE_ECDSA_WITH_AES_256_GCM_SHA384, TLS_ECDHE_ECDSA_WITH_AES_128_GCM_SHA256, TLS_ECDHE_RSA_WITH_AES_128_GCM_SHA256, TLS_ECDHE_RSA_WITH_AES_256_GCM_SHA384, TLS_ECDHE_RSA_WITH_AES_128_CBC_SHA, TLS_ECDHE_RSA_WITH_AES_256_CBC_SHA, TLS_RSA_WITH_AES_128_GCM_SHA256, TLS_RSA_WITH_AES_128_CBC_SHA, TLS_RSA_WITH_AES_256_CBC_SHA, TLS_AES_128_GCM_SHA256, TLS_AES_256_GCM_SHA384]
[DEBUG] 2023-05-14 13:22:12.112 [main] MultithreadEventLoopGroup:44--Dio.netty.eventLoopThreads: 16
[DEBUG] 2023-05-14 13:22:12.131 [main] NioEventLoop:106--Dio.netty.noKeySetOptimization: false
[DEBUG] 2023-05-14 13:22:12.131 [main] NioEventLoop:107--Dio.netty.selectorAutoRebuildThreshold: 512
[DEBUG] 2023-05-14 13:22:12.200 [main] PooledByteBufAllocator:155--Dio.netty.allocator.numHeapArenas: 16
[DEBUG] 2023-05-14 13:22:12.200 [main] PooledByteBufAllocator:156--Dio.netty.allocator.numDirectArenas: 16
[DEBUG] 2023-05-14 13:22:12.200 [main] PooledByteBufAllocator:158--Dio.netty.allocator.pageSize: 8192
[DEBUG] 2023-05-14 13:22:12.202 [main] PooledByteBufAllocator:163--Dio.netty.allocator.maxOrder: 11
[DEBUG] 2023-05-14 13:22:12.202 [main] PooledByteBufAllocator:167--Dio.netty.allocator.chunkSize: 16777216
[DEBUG] 2023-05-14 13:22:12.202 [main] PooledByteBufAllocator:168--Dio.netty.allocator.smallCacheSize: 256
[DEBUG] 2023-05-14 13:22:12.202 [main] PooledByteBufAllocator:169--Dio.netty.allocator.normalCacheSize: 64
[DEBUG] 2023-05-14 13:22:12.203 [main] PooledByteBufAllocator:170--Dio.netty.allocator.maxCachedBufferCapacity: 32768
[DEBUG] 2023-05-14 13:22:12.203 [main] PooledByteBufAllocator:171--Dio.netty.allocator.cacheTrimInterval: 8192
[DEBUG] 2023-05-14 13:22:12.203 [main] PooledByteBufAllocator:172--Dio.netty.allocator.cacheTrimIntervalMillis: 0
[DEBUG] 2023-05-14 13:22:12.204 [main] PooledByteBufAllocator:173--Dio.netty.allocator.useCacheForAllThreads: true
[DEBUG] 2023-05-14 13:22:12.204 [main] PooledByteBufAllocator:174--Dio.netty.allocator.maxCachedByteBuffersPerChunk: 1023
[DEBUG] 2023-05-14 13:22:12.221 [main] ByteBufUtil:87--Dio.netty.allocator.type: pooled
[DEBUG] 2023-05-14 13:22:12.221 [main] ByteBufUtil:96--Dio.netty.threadLocalDirectBufferSize: 0
[DEBUG] 2023-05-14 13:22:12.226 [main] ByteBufUtil:99--Dio.netty.maxThreadLocalCharBufferSize: 16384
[DEBUG] 2023-05-14 13:22:13.818 [Forwarding newSession on session null to remote] DefaultChannelId:79--Dio.netty.processId: 768 (auto-detected)
[DEBUG] 2023-05-14 13:22:13.823 [Forwarding newSession on session null to remote] NetUtil:135--Djava.net.preferIPv4Stack: false
[DEBUG] 2023-05-14 13:22:13.823 [Forwarding newSession on session null to remote] NetUtil:136--Djava.net.preferIPv6Addresses: false
[DEBUG] 2023-05-14 13:22:14.391 [Forwarding newSession on session null to remote] NetUtilInitializations:129-Loopback interface: lo (Software Loopback Interface 1, 127.0.0.1)
[DEBUG] 2023-05-14 13:22:14.394 [Forwarding newSession on session null to remote] NetUtil:187-Failed to get SOMAXCONN from sysctl and file \proc\sys\net\core\somaxconn. Default: 200
[DEBUG] 2023-05-14 13:22:15.069 [Forwarding newSession on session null to remote] DefaultChannelId:101--Dio.netty.machineId: d0:c6:37:ff:fe:f7:a9:b8 (auto-detected)
[DEBUG] 2023-05-14 13:22:15.195 [AsyncHttpClient-1-2] AbstractByteBuf:63--Dio.netty.buffer.checkAccessible: true
[DEBUG] 2023-05-14 13:22:15.208 [AsyncHttpClient-1-2] AbstractByteBuf:64--Dio.netty.buffer.checkBounds: true
[DEBUG] 2023-05-14 13:22:15.209 [AsyncHttpClient-1-2] ResourceLeakDetectorFactory:196-Loaded default ResourceLeakDetector: io.netty.util.ResourceLeakDetector@64d60144
[DEBUG] 2023-05-14 13:22:15.293 [AsyncHttpClient-1-2] Recycler:103--Dio.netty.recycler.maxCapacityPerThread: 4096
[DEBUG] 2023-05-14 13:22:15.293 [AsyncHttpClient-1-2] Recycler:104--Dio.netty.recycler.maxSharedCapacityFactor: 2
[DEBUG] 2023-05-14 13:22:15.294 [AsyncHttpClient-1-2] Recycler:105--Dio.netty.recycler.linkCapacity: 16
[DEBUG] 2023-05-14 13:22:15.302 [AsyncHttpClient-1-2] Recycler:106--Dio.netty.recycler.ratio: 8
[DEBUG] 2023-05-14 13:22:15.303 [AsyncHttpClient-1-2] Recycler:107--Dio.netty.recycler.delayedQueue.ratio: 8
[DEBUG] 2023-05-14 13:22:16.475 [AsyncHttpClient-1-2] Brotli:38-brotli4j not in the classpath; Brotli support will be unavailable.
[DEBUG] 2023-05-14 13:22:16.788 [main] ThreadLocalRandom:214--Dio.netty.initialSeedUniquifier: 0x3cad93eaf84f6bb5
[DEBUG] 2023-05-14 13:23:21.678 [main] InternalLoggerFactory:76-Using Log4J2 as the default logging framework
[DEBUG] 2023-05-14 13:23:21.703 [main] ResourceLeakDetector:129--Dio.netty.leakDetection.level: simple
[DEBUG] 2023-05-14 13:23:21.708 [main] ResourceLeakDetector:130--Dio.netty.leakDetection.targetRecords: 4
[DEBUG] 2023-05-14 13:23:21.716 [main] ResourceLeakDetectorFactory:196-Loaded default ResourceLeakDetector: io.netty.util.ResourceLeakDetector@5bb3131b
[DEBUG] 2023-05-14 13:23:21.748 [main] PlatformDependent0:460--Dio.netty.noUnsafe: false
[DEBUG] 2023-05-14 13:23:21.749 [main] PlatformDependent0:954-Java version: 11
[DEBUG] 2023-05-14 13:23:21.752 [main] PlatformDependent0:135-sun.misc.Unsafe.theUnsafe: available
[DEBUG] 2023-05-14 13:23:21.753 [main] PlatformDependent0:159-sun.misc.Unsafe.copyMemory: available
[DEBUG] 2023-05-14 13:23:21.754 [main] PlatformDependent0:202-java.nio.Buffer.address: available
[DEBUG] 2023-05-14 13:23:21.755 [main] PlatformDependent0:285-direct buffer constructor: unavailable: Reflective setAccessible(true) disabled
[DEBUG] 2023-05-14 13:23:21.755 [main] PlatformDependent0:350-java.nio.Bits.unaligned: available, true
[DEBUG] 2023-05-14 13:23:21.757 [main] PlatformDependent0:417-jdk.internal.misc.Unsafe.allocateUninitializedArray(int): unavailable: class io.netty.util.internal.PlatformDependent0$6 cannot access class jdk.internal.misc.Unsafe (in module java.base) because module java.base does not export jdk.internal.misc to unnamed module @11653e3b
[DEBUG] 2023-05-14 13:23:21.758 [main] PlatformDependent0:446-java.nio.DirectByteBuffer.<init>(long, int): unavailable
[DEBUG] 2023-05-14 13:23:21.758 [main] PlatformDependent:1103-sun.misc.Unsafe: available
[DEBUG] 2023-05-14 13:23:21.758 [main] PlatformDependent:1205-maxDirectMemory: 2109734912 bytes (maybe)
[DEBUG] 2023-05-14 13:23:21.758 [main] PlatformDependent:1224--Dio.netty.tmpdir: C:\Users\YURAKO~1.000\AppData\Local\Temp (java.io.tmpdir)
[DEBUG] 2023-05-14 13:23:21.758 [main] PlatformDependent:1303--Dio.netty.bitMode: 64 (sun.arch.data.model)
[DEBUG] 2023-05-14 13:23:21.758 [main] PlatformDependent:1063-Platform: Windows
[DEBUG] 2023-05-14 13:23:21.761 [main] PlatformDependent:178--Dio.netty.maxDirectMemory: -1 bytes
[DEBUG] 2023-05-14 13:23:21.762 [main] PlatformDependent:185--Dio.netty.uninitializedArrayAllocationThreshold: -1
[DEBUG] 2023-05-14 13:23:21.763 [main] CleanerJava9:71-java.nio.ByteBuffer.cleaner(): available
[DEBUG] 2023-05-14 13:23:21.763 [main] PlatformDependent:205--Dio.netty.noPreferDirect: false
[DEBUG] 2023-05-14 13:23:21.763 [main] PlatformDependent:967-org.jctools-core.MpscChunkedArrayQueue: available
[DEBUG] 2023-05-14 13:23:21.784 [main] InternalThreadLocalMap:83--Dio.netty.threadLocalMap.stringBuilder.initialSize: 1024
[DEBUG] 2023-05-14 13:23:21.784 [main] InternalThreadLocalMap:86--Dio.netty.threadLocalMap.stringBuilder.maxSize: 4096
[DEBUG] 2023-05-14 13:23:21.902 [main] JdkSslContext:97-Default protocols (JDK): [TLSv1.3, TLSv1.2] 
[DEBUG] 2023-05-14 13:23:21.902 [main] JdkSslContext:98-Default cipher suites (JDK): [TLS_ECDHE_ECDSA_WITH_AES_256_GCM_SHA384, TLS_ECDHE_ECDSA_WITH_AES_128_GCM_SHA256, TLS_ECDHE_RSA_WITH_AES_128_GCM_SHA256, TLS_ECDHE_RSA_WITH_AES_256_GCM_SHA384, TLS_ECDHE_RSA_WITH_AES_128_CBC_SHA, TLS_ECDHE_RSA_WITH_AES_256_CBC_SHA, TLS_RSA_WITH_AES_128_GCM_SHA256, TLS_RSA_WITH_AES_128_CBC_SHA, TLS_RSA_WITH_AES_256_CBC_SHA, TLS_AES_128_GCM_SHA256, TLS_AES_256_GCM_SHA384]
[DEBUG] 2023-05-14 13:23:21.955 [main] MultithreadEventLoopGroup:44--Dio.netty.eventLoopThreads: 16
[DEBUG] 2023-05-14 13:23:21.987 [main] NioEventLoop:106--Dio.netty.noKeySetOptimization: false
[DEBUG] 2023-05-14 13:23:21.987 [main] NioEventLoop:107--Dio.netty.selectorAutoRebuildThreshold: 512
[DEBUG] 2023-05-14 13:23:22.069 [main] PooledByteBufAllocator:155--Dio.netty.allocator.numHeapArenas: 16
[DEBUG] 2023-05-14 13:23:22.069 [main] PooledByteBufAllocator:156--Dio.netty.allocator.numDirectArenas: 16
[DEBUG] 2023-05-14 13:23:22.069 [main] PooledByteBufAllocator:158--Dio.netty.allocator.pageSize: 8192
[DEBUG] 2023-05-14 13:23:22.080 [main] PooledByteBufAllocator:163--Dio.netty.allocator.maxOrder: 11
[DEBUG] 2023-05-14 13:23:22.080 [main] PooledByteBufAllocator:167--Dio.netty.allocator.chunkSize: 16777216
[DEBUG] 2023-05-14 13:23:22.080 [main] PooledByteBufAllocator:168--Dio.netty.allocator.smallCacheSize: 256
[DEBUG] 2023-05-14 13:23:22.080 [main] PooledByteBufAllocator:169--Dio.netty.allocator.normalCacheSize: 64
[DEBUG] 2023-05-14 13:23:22.081 [main] PooledByteBufAllocator:170--Dio.netty.allocator.maxCachedBufferCapacity: 32768
[DEBUG] 2023-05-14 13:23:22.081 [main] PooledByteBufAllocator:171--Dio.netty.allocator.cacheTrimInterval: 8192
[DEBUG] 2023-05-14 13:23:22.081 [main] PooledByteBufAllocator:172--Dio.netty.allocator.cacheTrimIntervalMillis: 0
[DEBUG] 2023-05-14 13:23:22.081 [main] PooledByteBufAllocator:173--Dio.netty.allocator.useCacheForAllThreads: true
[DEBUG] 2023-05-14 13:23:22.082 [main] PooledByteBufAllocator:174--Dio.netty.allocator.maxCachedByteBuffersPerChunk: 1023
[DEBUG] 2023-05-14 13:23:22.097 [main] ByteBufUtil:87--Dio.netty.allocator.type: pooled
[DEBUG] 2023-05-14 13:23:22.097 [main] ByteBufUtil:96--Dio.netty.threadLocalDirectBufferSize: 0
[DEBUG] 2023-05-14 13:23:22.100 [main] ByteBufUtil:99--Dio.netty.maxThreadLocalCharBufferSize: 16384
[DEBUG] 2023-05-14 13:23:23.177 [Forwarding newSession on session null to remote] DefaultChannelId:79--Dio.netty.processId: 7724 (auto-detected)
[DEBUG] 2023-05-14 13:23:23.179 [Forwarding newSession on session null to remote] NetUtil:135--Djava.net.preferIPv4Stack: false
[DEBUG] 2023-05-14 13:23:23.180 [Forwarding newSession on session null to remote] NetUtil:136--Djava.net.preferIPv6Addresses: false
[DEBUG] 2023-05-14 13:23:23.703 [Forwarding newSession on session null to remote] NetUtilInitializations:129-Loopback interface: lo (Software Loopback Interface 1, 127.0.0.1)
[DEBUG] 2023-05-14 13:23:23.704 [Forwarding newSession on session null to remote] NetUtil:187-Failed to get SOMAXCONN from sysctl and file \proc\sys\net\core\somaxconn. Default: 200
[DEBUG] 2023-05-14 13:23:24.057 [Forwarding newSession on session null to remote] DefaultChannelId:101--Dio.netty.machineId: d0:c6:37:ff:fe:f7:a9:b8 (auto-detected)
[DEBUG] 2023-05-14 13:23:24.120 [AsyncHttpClient-1-2] AbstractByteBuf:63--Dio.netty.buffer.checkAccessible: true
[DEBUG] 2023-05-14 13:23:24.121 [AsyncHttpClient-1-2] AbstractByteBuf:64--Dio.netty.buffer.checkBounds: true
[DEBUG] 2023-05-14 13:23:24.121 [AsyncHttpClient-1-2] ResourceLeakDetectorFactory:196-Loaded default ResourceLeakDetector: io.netty.util.ResourceLeakDetector@4224ac7f
[DEBUG] 2023-05-14 13:23:24.153 [AsyncHttpClient-1-2] Recycler:103--Dio.netty.recycler.maxCapacityPerThread: 4096
[DEBUG] 2023-05-14 13:23:24.153 [AsyncHttpClient-1-2] Recycler:104--Dio.netty.recycler.maxSharedCapacityFactor: 2
[DEBUG] 2023-05-14 13:23:24.163 [AsyncHttpClient-1-2] Recycler:105--Dio.netty.recycler.linkCapacity: 16
[DEBUG] 2023-05-14 13:23:24.163 [AsyncHttpClient-1-2] Recycler:106--Dio.netty.recycler.ratio: 8
[DEBUG] 2023-05-14 13:23:24.163 [AsyncHttpClient-1-2] Recycler:107--Dio.netty.recycler.delayedQueue.ratio: 8
[DEBUG] 2023-05-14 13:23:25.244 [AsyncHttpClient-1-2] Brotli:38-brotli4j not in the classpath; Brotli support will be unavailable.
[DEBUG] 2023-05-14 13:23:25.559 [main] ThreadLocalRandom:214--Dio.netty.initialSeedUniquifier: 0x8be3c9931677bf66
[DEBUG] 2023-05-14 13:31:18.938 [main] InternalLoggerFactory:76-Using Log4J2 as the default logging framework
[DEBUG] 2023-05-14 13:31:18.951 [main] ResourceLeakDetector:129--Dio.netty.leakDetection.level: simple
[DEBUG] 2023-05-14 13:31:18.951 [main] ResourceLeakDetector:130--Dio.netty.leakDetection.targetRecords: 4
[DEBUG] 2023-05-14 13:31:18.958 [main] ResourceLeakDetectorFactory:196-Loaded default ResourceLeakDetector: io.netty.util.ResourceLeakDetector@54dcbb9f
[DEBUG] 2023-05-14 13:31:18.981 [main] PlatformDependent0:460--Dio.netty.noUnsafe: false
[DEBUG] 2023-05-14 13:31:18.981 [main] PlatformDependent0:954-Java version: 11
[DEBUG] 2023-05-14 13:31:18.983 [main] PlatformDependent0:135-sun.misc.Unsafe.theUnsafe: available
[DEBUG] 2023-05-14 13:31:18.984 [main] PlatformDependent0:159-sun.misc.Unsafe.copyMemory: available
[DEBUG] 2023-05-14 13:31:18.985 [main] PlatformDependent0:202-java.nio.Buffer.address: available
[DEBUG] 2023-05-14 13:31:18.986 [main] PlatformDependent0:285-direct buffer constructor: unavailable: Reflective setAccessible(true) disabled
[DEBUG] 2023-05-14 13:31:18.986 [main] PlatformDependent0:350-java.nio.Bits.unaligned: available, true
[DEBUG] 2023-05-14 13:31:18.987 [main] PlatformDependent0:417-jdk.internal.misc.Unsafe.allocateUninitializedArray(int): unavailable: class io.netty.util.internal.PlatformDependent0$6 cannot access class jdk.internal.misc.Unsafe (in module java.base) because module java.base does not export jdk.internal.misc to unnamed module @715fb77
[DEBUG] 2023-05-14 13:31:18.988 [main] PlatformDependent0:446-java.nio.DirectByteBuffer.<init>(long, int): unavailable
[DEBUG] 2023-05-14 13:31:18.988 [main] PlatformDependent:1103-sun.misc.Unsafe: available
[DEBUG] 2023-05-14 13:31:18.991 [main] PlatformDependent:1205-maxDirectMemory: 2109734912 bytes (maybe)
[DEBUG] 2023-05-14 13:31:18.991 [main] PlatformDependent:1224--Dio.netty.tmpdir: C:\Users\YURAKO~1.000\AppData\Local\Temp (java.io.tmpdir)
[DEBUG] 2023-05-14 13:31:18.991 [main] PlatformDependent:1303--Dio.netty.bitMode: 64 (sun.arch.data.model)
[DEBUG] 2023-05-14 13:31:18.992 [main] PlatformDependent:1063-Platform: Windows
[DEBUG] 2023-05-14 13:31:18.993 [main] PlatformDependent:178--Dio.netty.maxDirectMemory: -1 bytes
[DEBUG] 2023-05-14 13:31:18.993 [main] PlatformDependent:185--Dio.netty.uninitializedArrayAllocationThreshold: -1
[DEBUG] 2023-05-14 13:31:18.994 [main] CleanerJava9:71-java.nio.ByteBuffer.cleaner(): available
[DEBUG] 2023-05-14 13:31:18.995 [main] PlatformDependent:205--Dio.netty.noPreferDirect: false
[DEBUG] 2023-05-14 13:31:18.995 [main] PlatformDependent:967-org.jctools-core.MpscChunkedArrayQueue: available
[DEBUG] 2023-05-14 13:31:19.024 [main] InternalThreadLocalMap:83--Dio.netty.threadLocalMap.stringBuilder.initialSize: 1024
[DEBUG] 2023-05-14 13:31:19.024 [main] InternalThreadLocalMap:86--Dio.netty.threadLocalMap.stringBuilder.maxSize: 4096
[DEBUG] 2023-05-14 13:31:19.085 [main] JdkSslContext:97-Default protocols (JDK): [TLSv1.3, TLSv1.2] 
[DEBUG] 2023-05-14 13:31:19.086 [main] JdkSslContext:98-Default cipher suites (JDK): [TLS_ECDHE_ECDSA_WITH_AES_256_GCM_SHA384, TLS_ECDHE_ECDSA_WITH_AES_128_GCM_SHA256, TLS_ECDHE_RSA_WITH_AES_128_GCM_SHA256, TLS_ECDHE_RSA_WITH_AES_256_GCM_SHA384, TLS_ECDHE_RSA_WITH_AES_128_CBC_SHA, TLS_ECDHE_RSA_WITH_AES_256_CBC_SHA, TLS_RSA_WITH_AES_128_GCM_SHA256, TLS_RSA_WITH_AES_128_CBC_SHA, TLS_RSA_WITH_AES_256_CBC_SHA, TLS_AES_128_GCM_SHA256, TLS_AES_256_GCM_SHA384]
[DEBUG] 2023-05-14 13:31:19.121 [main] MultithreadEventLoopGroup:44--Dio.netty.eventLoopThreads: 16
[DEBUG] 2023-05-14 13:31:19.140 [main] NioEventLoop:106--Dio.netty.noKeySetOptimization: false
[DEBUG] 2023-05-14 13:31:19.140 [main] NioEventLoop:107--Dio.netty.selectorAutoRebuildThreshold: 512
[DEBUG] 2023-05-14 13:31:19.237 [main] PooledByteBufAllocator:155--Dio.netty.allocator.numHeapArenas: 16
[DEBUG] 2023-05-14 13:31:19.238 [main] PooledByteBufAllocator:156--Dio.netty.allocator.numDirectArenas: 16
[DEBUG] 2023-05-14 13:31:19.238 [main] PooledByteBufAllocator:158--Dio.netty.allocator.pageSize: 8192
[DEBUG] 2023-05-14 13:31:19.238 [main] PooledByteBufAllocator:163--Dio.netty.allocator.maxOrder: 11
[DEBUG] 2023-05-14 13:31:19.239 [main] PooledByteBufAllocator:167--Dio.netty.allocator.chunkSize: 16777216
[DEBUG] 2023-05-14 13:31:19.240 [main] PooledByteBufAllocator:168--Dio.netty.allocator.smallCacheSize: 256
[DEBUG] 2023-05-14 13:31:19.240 [main] PooledByteBufAllocator:169--Dio.netty.allocator.normalCacheSize: 64
[DEBUG] 2023-05-14 13:31:19.240 [main] PooledByteBufAllocator:170--Dio.netty.allocator.maxCachedBufferCapacity: 32768
[DEBUG] 2023-05-14 13:31:19.241 [main] PooledByteBufAllocator:171--Dio.netty.allocator.cacheTrimInterval: 8192
[DEBUG] 2023-05-14 13:31:19.241 [main] PooledByteBufAllocator:172--Dio.netty.allocator.cacheTrimIntervalMillis: 0
[DEBUG] 2023-05-14 13:31:19.241 [main] PooledByteBufAllocator:173--Dio.netty.allocator.useCacheForAllThreads: true
[DEBUG] 2023-05-14 13:31:19.242 [main] PooledByteBufAllocator:174--Dio.netty.allocator.maxCachedByteBuffersPerChunk: 1023
[DEBUG] 2023-05-14 13:31:19.258 [main] ByteBufUtil:87--Dio.netty.allocator.type: pooled
[DEBUG] 2023-05-14 13:31:19.258 [main] ByteBufUtil:96--Dio.netty.threadLocalDirectBufferSize: 0
[DEBUG] 2023-05-14 13:31:19.262 [main] ByteBufUtil:99--Dio.netty.maxThreadLocalCharBufferSize: 16384
[DEBUG] 2023-05-14 13:31:21.027 [Forwarding newSession on session null to remote] DefaultChannelId:79--Dio.netty.processId: 18240 (auto-detected)
[DEBUG] 2023-05-14 13:31:21.027 [Forwarding newSession on session null to remote] NetUtil:135--Djava.net.preferIPv4Stack: false
[DEBUG] 2023-05-14 13:31:21.027 [Forwarding newSession on session null to remote] NetUtil:136--Djava.net.preferIPv6Addresses: false
[DEBUG] 2023-05-14 13:31:21.731 [Forwarding newSession on session null to remote] NetUtilInitializations:129-Loopback interface: lo (Software Loopback Interface 1, 127.0.0.1)
[DEBUG] 2023-05-14 13:31:21.735 [Forwarding newSession on session null to remote] NetUtil:187-Failed to get SOMAXCONN from sysctl and file \proc\sys\net\core\somaxconn. Default: 200
[DEBUG] 2023-05-14 13:31:22.305 [Forwarding newSession on session null to remote] DefaultChannelId:101--Dio.netty.machineId: d0:c6:37:ff:fe:f7:a9:b8 (auto-detected)
[DEBUG] 2023-05-14 13:31:22.411 [AsyncHttpClient-1-2] AbstractByteBuf:63--Dio.netty.buffer.checkAccessible: true
[DEBUG] 2023-05-14 13:31:22.420 [AsyncHttpClient-1-2] AbstractByteBuf:64--Dio.netty.buffer.checkBounds: true
[DEBUG] 2023-05-14 13:31:22.420 [AsyncHttpClient-1-2] ResourceLeakDetectorFactory:196-Loaded default ResourceLeakDetector: io.netty.util.ResourceLeakDetector@2ae90584
[DEBUG] 2023-05-14 13:31:22.464 [AsyncHttpClient-1-2] Recycler:103--Dio.netty.recycler.maxCapacityPerThread: 4096
[DEBUG] 2023-05-14 13:31:22.464 [AsyncHttpClient-1-2] Recycler:104--Dio.netty.recycler.maxSharedCapacityFactor: 2
[DEBUG] 2023-05-14 13:31:22.464 [AsyncHttpClient-1-2] Recycler:105--Dio.netty.recycler.linkCapacity: 16
[DEBUG] 2023-05-14 13:31:22.464 [AsyncHttpClient-1-2] Recycler:106--Dio.netty.recycler.ratio: 8
[DEBUG] 2023-05-14 13:31:22.465 [AsyncHttpClient-1-2] Recycler:107--Dio.netty.recycler.delayedQueue.ratio: 8
[DEBUG] 2023-05-14 13:31:23.526 [AsyncHttpClient-1-2] Brotli:38-brotli4j not in the classpath; Brotli support will be unavailable.
[DEBUG] 2023-05-14 13:31:23.904 [main] ThreadLocalRandom:214--Dio.netty.initialSeedUniquifier: 0x7ad7d75a11ca87b8
[DEBUG] 2023-05-14 13:51:40.346 [main] InternalLoggerFactory:76-Using Log4J2 as the default logging framework
[DEBUG] 2023-05-14 13:51:40.357 [main] ResourceLeakDetector:129--Dio.netty.leakDetection.level: simple
[DEBUG] 2023-05-14 13:51:40.358 [main] ResourceLeakDetector:130--Dio.netty.leakDetection.targetRecords: 4
[DEBUG] 2023-05-14 13:51:40.363 [main] ResourceLeakDetectorFactory:196-Loaded default ResourceLeakDetector: io.netty.util.ResourceLeakDetector@2a037324
[DEBUG] 2023-05-14 13:51:40.394 [main] PlatformDependent0:460--Dio.netty.noUnsafe: false
[DEBUG] 2023-05-14 13:51:40.395 [main] PlatformDependent0:954-Java version: 11
[DEBUG] 2023-05-14 13:51:40.395 [main] PlatformDependent0:135-sun.misc.Unsafe.theUnsafe: available
[DEBUG] 2023-05-14 13:51:40.398 [main] PlatformDependent0:159-sun.misc.Unsafe.copyMemory: available
[DEBUG] 2023-05-14 13:51:40.399 [main] PlatformDependent0:202-java.nio.Buffer.address: available
[DEBUG] 2023-05-14 13:51:40.399 [main] PlatformDependent0:285-direct buffer constructor: unavailable: Reflective setAccessible(true) disabled
[DEBUG] 2023-05-14 13:51:40.402 [main] PlatformDependent0:350-java.nio.Bits.unaligned: available, true
[DEBUG] 2023-05-14 13:51:40.403 [main] PlatformDependent0:417-jdk.internal.misc.Unsafe.allocateUninitializedArray(int): unavailable: class io.netty.util.internal.PlatformDependent0$6 cannot access class jdk.internal.misc.Unsafe (in module java.base) because module java.base does not export jdk.internal.misc to unnamed module @2e52fb3e
[DEBUG] 2023-05-14 13:51:40.403 [main] PlatformDependent0:446-java.nio.DirectByteBuffer.<init>(long, int): unavailable
[DEBUG] 2023-05-14 13:51:40.403 [main] PlatformDependent:1103-sun.misc.Unsafe: available
[DEBUG] 2023-05-14 13:51:40.406 [main] PlatformDependent:1205-maxDirectMemory: 2109734912 bytes (maybe)
[DEBUG] 2023-05-14 13:51:40.406 [main] PlatformDependent:1224--Dio.netty.tmpdir: C:\Users\YURAKO~1.000\AppData\Local\Temp (java.io.tmpdir)
[DEBUG] 2023-05-14 13:51:40.407 [main] PlatformDependent:1303--Dio.netty.bitMode: 64 (sun.arch.data.model)
[DEBUG] 2023-05-14 13:51:40.408 [main] PlatformDependent:1063-Platform: Windows
[DEBUG] 2023-05-14 13:51:40.409 [main] PlatformDependent:178--Dio.netty.maxDirectMemory: -1 bytes
[DEBUG] 2023-05-14 13:51:40.409 [main] PlatformDependent:185--Dio.netty.uninitializedArrayAllocationThreshold: -1
[DEBUG] 2023-05-14 13:51:40.411 [main] CleanerJava9:71-java.nio.ByteBuffer.cleaner(): available
[DEBUG] 2023-05-14 13:51:40.411 [main] PlatformDependent:205--Dio.netty.noPreferDirect: false
[DEBUG] 2023-05-14 13:51:40.416 [main] PlatformDependent:967-org.jctools-core.MpscChunkedArrayQueue: available
[DEBUG] 2023-05-14 13:51:40.439 [main] InternalThreadLocalMap:83--Dio.netty.threadLocalMap.stringBuilder.initialSize: 1024
[DEBUG] 2023-05-14 13:51:40.439 [main] InternalThreadLocalMap:86--Dio.netty.threadLocalMap.stringBuilder.maxSize: 4096
[DEBUG] 2023-05-14 13:51:40.614 [main] JdkSslContext:97-Default protocols (JDK): [TLSv1.3, TLSv1.2] 
[DEBUG] 2023-05-14 13:51:40.615 [main] JdkSslContext:98-Default cipher suites (JDK): [TLS_ECDHE_ECDSA_WITH_AES_256_GCM_SHA384, TLS_ECDHE_ECDSA_WITH_AES_128_GCM_SHA256, TLS_ECDHE_RSA_WITH_AES_128_GCM_SHA256, TLS_ECDHE_RSA_WITH_AES_256_GCM_SHA384, TLS_ECDHE_RSA_WITH_AES_128_CBC_SHA, TLS_ECDHE_RSA_WITH_AES_256_CBC_SHA, TLS_RSA_WITH_AES_128_GCM_SHA256, TLS_RSA_WITH_AES_128_CBC_SHA, TLS_RSA_WITH_AES_256_CBC_SHA, TLS_AES_128_GCM_SHA256, TLS_AES_256_GCM_SHA384]
[DEBUG] 2023-05-14 13:51:40.667 [main] MultithreadEventLoopGroup:44--Dio.netty.eventLoopThreads: 16
[DEBUG] 2023-05-14 13:51:40.682 [main] NioEventLoop:106--Dio.netty.noKeySetOptimization: false
[DEBUG] 2023-05-14 13:51:40.699 [main] NioEventLoop:107--Dio.netty.selectorAutoRebuildThreshold: 512
[DEBUG] 2023-05-14 13:51:40.784 [main] PooledByteBufAllocator:155--Dio.netty.allocator.numHeapArenas: 16
[DEBUG] 2023-05-14 13:51:40.798 [main] PooledByteBufAllocator:156--Dio.netty.allocator.numDirectArenas: 16
[DEBUG] 2023-05-14 13:51:40.798 [main] PooledByteBufAllocator:158--Dio.netty.allocator.pageSize: 8192
[DEBUG] 2023-05-14 13:51:40.799 [main] PooledByteBufAllocator:163--Dio.netty.allocator.maxOrder: 11
[DEBUG] 2023-05-14 13:51:40.799 [main] PooledByteBufAllocator:167--Dio.netty.allocator.chunkSize: 16777216
[DEBUG] 2023-05-14 13:51:40.799 [main] PooledByteBufAllocator:168--Dio.netty.allocator.smallCacheSize: 256
[DEBUG] 2023-05-14 13:51:40.800 [main] PooledByteBufAllocator:169--Dio.netty.allocator.normalCacheSize: 64
[DEBUG] 2023-05-14 13:51:40.800 [main] PooledByteBufAllocator:170--Dio.netty.allocator.maxCachedBufferCapacity: 32768
[DEBUG] 2023-05-14 13:51:40.800 [main] PooledByteBufAllocator:171--Dio.netty.allocator.cacheTrimInterval: 8192
[DEBUG] 2023-05-14 13:51:40.800 [main] PooledByteBufAllocator:172--Dio.netty.allocator.cacheTrimIntervalMillis: 0
[DEBUG] 2023-05-14 13:51:40.800 [main] PooledByteBufAllocator:173--Dio.netty.allocator.useCacheForAllThreads: true
[DEBUG] 2023-05-14 13:51:40.800 [main] PooledByteBufAllocator:174--Dio.netty.allocator.maxCachedByteBuffersPerChunk: 1023
[DEBUG] 2023-05-14 13:51:40.822 [main] ByteBufUtil:87--Dio.netty.allocator.type: pooled
[DEBUG] 2023-05-14 13:51:40.822 [main] ByteBufUtil:96--Dio.netty.threadLocalDirectBufferSize: 0
[DEBUG] 2023-05-14 13:51:40.822 [main] ByteBufUtil:99--Dio.netty.maxThreadLocalCharBufferSize: 16384
[DEBUG] 2023-05-14 13:51:41.896 [Forwarding newSession on session null to remote] DefaultChannelId:79--Dio.netty.processId: 6180 (auto-detected)
[DEBUG] 2023-05-14 13:51:41.896 [Forwarding newSession on session null to remote] NetUtil:135--Djava.net.preferIPv4Stack: false
[DEBUG] 2023-05-14 13:51:41.896 [Forwarding newSession on session null to remote] NetUtil:136--Djava.net.preferIPv6Addresses: false
[DEBUG] 2023-05-14 13:51:42.206 [Forwarding newSession on session null to remote] NetUtilInitializations:129-Loopback interface: lo (Software Loopback Interface 1, 127.0.0.1)
[DEBUG] 2023-05-14 13:51:42.207 [Forwarding newSession on session null to remote] NetUtil:187-Failed to get SOMAXCONN from sysctl and file \proc\sys\net\core\somaxconn. Default: 200
[DEBUG] 2023-05-14 13:51:42.542 [Forwarding newSession on session null to remote] DefaultChannelId:101--Dio.netty.machineId: d0:c6:37:ff:fe:f7:a9:b8 (auto-detected)
[DEBUG] 2023-05-14 13:51:42.600 [AsyncHttpClient-1-2] AbstractByteBuf:63--Dio.netty.buffer.checkAccessible: true
[DEBUG] 2023-05-14 13:51:42.607 [AsyncHttpClient-1-2] AbstractByteBuf:64--Dio.netty.buffer.checkBounds: true
[DEBUG] 2023-05-14 13:51:42.607 [AsyncHttpClient-1-2] ResourceLeakDetectorFactory:196-Loaded default ResourceLeakDetector: io.netty.util.ResourceLeakDetector@613ead
[DEBUG] 2023-05-14 13:51:42.665 [AsyncHttpClient-1-2] Recycler:103--Dio.netty.recycler.maxCapacityPerThread: 4096
[DEBUG] 2023-05-14 13:51:42.665 [AsyncHttpClient-1-2] Recycler:104--Dio.netty.recycler.maxSharedCapacityFactor: 2
[DEBUG] 2023-05-14 13:51:42.666 [AsyncHttpClient-1-2] Recycler:105--Dio.netty.recycler.linkCapacity: 16
[DEBUG] 2023-05-14 13:51:42.666 [AsyncHttpClient-1-2] Recycler:106--Dio.netty.recycler.ratio: 8
[DEBUG] 2023-05-14 13:51:42.666 [AsyncHttpClient-1-2] Recycler:107--Dio.netty.recycler.delayedQueue.ratio: 8
[DEBUG] 2023-05-14 13:51:43.722 [AsyncHttpClient-1-2] Brotli:38-brotli4j not in the classpath; Brotli support will be unavailable.
[DEBUG] 2023-05-14 13:51:44.032 [main] ThreadLocalRandom:214--Dio.netty.initialSeedUniquifier: 0x1acda5a452194f87
[DEBUG] 2023-05-14 13:51:49.079 [main] BaseTest:29-Init HomePage
[DEBUG] 2023-05-14 13:51:49.101 [main] BaseTest:32-Init SearchPage
[DEBUG] 2023-05-14 13:51:49.409 [main] BaseTest:45-Home page: https://elmir.ua/ is opened
[DEBUG] 2023-05-14 14:00:50.779 [main] InternalLoggerFactory:76-Using Log4J2 as the default logging framework
[DEBUG] 2023-05-14 14:00:50.796 [main] ResourceLeakDetector:129--Dio.netty.leakDetection.level: simple
[DEBUG] 2023-05-14 14:00:50.796 [main] ResourceLeakDetector:130--Dio.netty.leakDetection.targetRecords: 4
[DEBUG] 2023-05-14 14:00:50.812 [main] ResourceLeakDetectorFactory:196-Loaded default ResourceLeakDetector: io.netty.util.ResourceLeakDetector@378bd86d
[DEBUG] 2023-05-14 14:00:50.836 [main] PlatformDependent0:460--Dio.netty.noUnsafe: false
[DEBUG] 2023-05-14 14:00:50.836 [main] PlatformDependent0:954-Java version: 11
[DEBUG] 2023-05-14 14:00:50.853 [main] PlatformDependent0:135-sun.misc.Unsafe.theUnsafe: available
[DEBUG] 2023-05-14 14:00:50.854 [main] PlatformDependent0:159-sun.misc.Unsafe.copyMemory: available
[DEBUG] 2023-05-14 14:00:50.854 [main] PlatformDependent0:202-java.nio.Buffer.address: available
[DEBUG] 2023-05-14 14:00:50.854 [main] PlatformDependent0:285-direct buffer constructor: unavailable: Reflective setAccessible(true) disabled
[DEBUG] 2023-05-14 14:00:50.857 [main] PlatformDependent0:350-java.nio.Bits.unaligned: available, true
[DEBUG] 2023-05-14 14:00:50.859 [main] PlatformDependent0:417-jdk.internal.misc.Unsafe.allocateUninitializedArray(int): unavailable: class io.netty.util.internal.PlatformDependent0$6 cannot access class jdk.internal.misc.Unsafe (in module java.base) because module java.base does not export jdk.internal.misc to unnamed module @cda0432
[DEBUG] 2023-05-14 14:00:50.860 [main] PlatformDependent0:446-java.nio.DirectByteBuffer.<init>(long, int): unavailable
[DEBUG] 2023-05-14 14:00:50.860 [main] PlatformDependent:1103-sun.misc.Unsafe: available
[DEBUG] 2023-05-14 14:00:50.860 [main] PlatformDependent:1205-maxDirectMemory: 2109734912 bytes (maybe)
[DEBUG] 2023-05-14 14:00:50.860 [main] PlatformDependent:1224--Dio.netty.tmpdir: C:\Users\YURAKO~1.000\AppData\Local\Temp (java.io.tmpdir)
[DEBUG] 2023-05-14 14:00:50.860 [main] PlatformDependent:1303--Dio.netty.bitMode: 64 (sun.arch.data.model)
[DEBUG] 2023-05-14 14:00:50.860 [main] PlatformDependent:1063-Platform: Windows
[DEBUG] 2023-05-14 14:00:50.866 [main] PlatformDependent:178--Dio.netty.maxDirectMemory: -1 bytes
[DEBUG] 2023-05-14 14:00:50.867 [main] PlatformDependent:185--Dio.netty.uninitializedArrayAllocationThreshold: -1
[DEBUG] 2023-05-14 14:00:50.869 [main] CleanerJava9:71-java.nio.ByteBuffer.cleaner(): available
[DEBUG] 2023-05-14 14:00:50.869 [main] PlatformDependent:205--Dio.netty.noPreferDirect: false
[DEBUG] 2023-05-14 14:00:50.884 [main] PlatformDependent:967-org.jctools-core.MpscChunkedArrayQueue: available
[DEBUG] 2023-05-14 14:00:50.913 [main] InternalThreadLocalMap:83--Dio.netty.threadLocalMap.stringBuilder.initialSize: 1024
[DEBUG] 2023-05-14 14:00:50.915 [main] InternalThreadLocalMap:86--Dio.netty.threadLocalMap.stringBuilder.maxSize: 4096
[DEBUG] 2023-05-14 14:00:50.982 [main] JdkSslContext:97-Default protocols (JDK): [TLSv1.3, TLSv1.2] 
[DEBUG] 2023-05-14 14:00:50.982 [main] JdkSslContext:98-Default cipher suites (JDK): [TLS_ECDHE_ECDSA_WITH_AES_256_GCM_SHA384, TLS_ECDHE_ECDSA_WITH_AES_128_GCM_SHA256, TLS_ECDHE_RSA_WITH_AES_128_GCM_SHA256, TLS_ECDHE_RSA_WITH_AES_256_GCM_SHA384, TLS_ECDHE_RSA_WITH_AES_128_CBC_SHA, TLS_ECDHE_RSA_WITH_AES_256_CBC_SHA, TLS_RSA_WITH_AES_128_GCM_SHA256, TLS_RSA_WITH_AES_128_CBC_SHA, TLS_RSA_WITH_AES_256_CBC_SHA, TLS_AES_128_GCM_SHA256, TLS_AES_256_GCM_SHA384]
[DEBUG] 2023-05-14 14:00:51.028 [main] MultithreadEventLoopGroup:44--Dio.netty.eventLoopThreads: 16
[DEBUG] 2023-05-14 14:00:51.032 [main] NioEventLoop:106--Dio.netty.noKeySetOptimization: false
[DEBUG] 2023-05-14 14:00:51.032 [main] NioEventLoop:107--Dio.netty.selectorAutoRebuildThreshold: 512
[DEBUG] 2023-05-14 14:00:51.097 [main] PooledByteBufAllocator:155--Dio.netty.allocator.numHeapArenas: 16
[DEBUG] 2023-05-14 14:00:51.097 [main] PooledByteBufAllocator:156--Dio.netty.allocator.numDirectArenas: 16
[DEBUG] 2023-05-14 14:00:51.097 [main] PooledByteBufAllocator:158--Dio.netty.allocator.pageSize: 8192
[DEBUG] 2023-05-14 14:00:51.100 [main] PooledByteBufAllocator:163--Dio.netty.allocator.maxOrder: 11
[DEBUG] 2023-05-14 14:00:51.100 [main] PooledByteBufAllocator:167--Dio.netty.allocator.chunkSize: 16777216
[DEBUG] 2023-05-14 14:00:51.100 [main] PooledByteBufAllocator:168--Dio.netty.allocator.smallCacheSize: 256
[DEBUG] 2023-05-14 14:00:51.100 [main] PooledByteBufAllocator:169--Dio.netty.allocator.normalCacheSize: 64
[DEBUG] 2023-05-14 14:00:51.101 [main] PooledByteBufAllocator:170--Dio.netty.allocator.maxCachedBufferCapacity: 32768
[DEBUG] 2023-05-14 14:00:51.101 [main] PooledByteBufAllocator:171--Dio.netty.allocator.cacheTrimInterval: 8192
[DEBUG] 2023-05-14 14:00:51.101 [main] PooledByteBufAllocator:172--Dio.netty.allocator.cacheTrimIntervalMillis: 0
[DEBUG] 2023-05-14 14:00:51.101 [main] PooledByteBufAllocator:173--Dio.netty.allocator.useCacheForAllThreads: true
[DEBUG] 2023-05-14 14:00:51.102 [main] PooledByteBufAllocator:174--Dio.netty.allocator.maxCachedByteBuffersPerChunk: 1023
[DEBUG] 2023-05-14 14:00:51.114 [main] ByteBufUtil:87--Dio.netty.allocator.type: pooled
[DEBUG] 2023-05-14 14:00:51.114 [main] ByteBufUtil:96--Dio.netty.threadLocalDirectBufferSize: 0
[DEBUG] 2023-05-14 14:00:51.114 [main] ByteBufUtil:99--Dio.netty.maxThreadLocalCharBufferSize: 16384
[DEBUG] 2023-05-14 14:00:52.389 [Forwarding newSession on session null to remote] DefaultChannelId:79--Dio.netty.processId: 6568 (auto-detected)
[DEBUG] 2023-05-14 14:00:52.401 [Forwarding newSession on session null to remote] NetUtil:135--Djava.net.preferIPv4Stack: false
[DEBUG] 2023-05-14 14:00:52.402 [Forwarding newSession on session null to remote] NetUtil:136--Djava.net.preferIPv6Addresses: false
[DEBUG] 2023-05-14 14:00:53.281 [Forwarding newSession on session null to remote] NetUtilInitializations:129-Loopback interface: lo (Software Loopback Interface 1, 127.0.0.1)
[DEBUG] 2023-05-14 14:00:53.281 [Forwarding newSession on session null to remote] NetUtil:187-Failed to get SOMAXCONN from sysctl and file \proc\sys\net\core\somaxconn. Default: 200
[DEBUG] 2023-05-14 14:00:53.674 [Forwarding newSession on session null to remote] DefaultChannelId:101--Dio.netty.machineId: d0:c6:37:ff:fe:f7:a9:b8 (auto-detected)
[DEBUG] 2023-05-14 14:00:53.780 [AsyncHttpClient-1-2] AbstractByteBuf:63--Dio.netty.buffer.checkAccessible: true
[DEBUG] 2023-05-14 14:00:53.784 [AsyncHttpClient-1-2] AbstractByteBuf:64--Dio.netty.buffer.checkBounds: true
[DEBUG] 2023-05-14 14:00:53.784 [AsyncHttpClient-1-2] ResourceLeakDetectorFactory:196-Loaded default ResourceLeakDetector: io.netty.util.ResourceLeakDetector@561e4462
[DEBUG] 2023-05-14 14:00:53.843 [AsyncHttpClient-1-2] Recycler:103--Dio.netty.recycler.maxCapacityPerThread: 4096
[DEBUG] 2023-05-14 14:00:53.843 [AsyncHttpClient-1-2] Recycler:104--Dio.netty.recycler.maxSharedCapacityFactor: 2
[DEBUG] 2023-05-14 14:00:53.844 [AsyncHttpClient-1-2] Recycler:105--Dio.netty.recycler.linkCapacity: 16
[DEBUG] 2023-05-14 14:00:53.845 [AsyncHttpClient-1-2] Recycler:106--Dio.netty.recycler.ratio: 8
[DEBUG] 2023-05-14 14:00:53.845 [AsyncHttpClient-1-2] Recycler:107--Dio.netty.recycler.delayedQueue.ratio: 8
[DEBUG] 2023-05-14 14:00:54.916 [AsyncHttpClient-1-2] Brotli:38-brotli4j not in the classpath; Brotli support will be unavailable.
[DEBUG] 2023-05-14 14:00:55.229 [main] ThreadLocalRandom:214--Dio.netty.initialSeedUniquifier: 0x128e23831835f074
[DEBUG] 2023-05-14 14:01:00.256 [main] BaseTest:29-Init HomePage
[DEBUG] 2023-05-14 14:01:00.288 [main] BaseTest:32-Init SearchPage
[DEBUG] 2023-05-14 14:01:00.618 [main] BaseTest:45-Home page: https://elmir.ua/ is opened
[DEBUG] 2023-05-14 14:01:00.619 [main] BaseTest:33-Method closePopupWindow started
[DEBUG] 2023-05-14 14:01:01.876 [main] BaseTest:36-popupWindow closed
[DEBUG] 2023-05-14 14:01:01.879 [main] BaseTest:40-Method searchProduct started
[DEBUG] 2023-05-14 14:01:01.960 [main] BaseTest:42-Cleared searchBox
[DEBUG] 2023-05-14 14:01:02.224 [main] BaseTest:44-Entered search text: Видеокарта Inno3D NVIDIA CMP 90-HX MINING CARD (ACMP-90HX-3FS, 288-9N612-101KT)
[DEBUG] 2023-05-14 14:01:20.518 [main] BaseTest:46-Pressed ENTER key
[DEBUG] 2023-05-14 14:01:30.990 [main] BaseTest:40-Method searchProduct started
[DEBUG] 2023-05-14 14:01:31.211 [main] BaseTest:42-Cleared searchBox
[DEBUG] 2023-05-14 14:01:32.211 [main] BaseTest:44-Entered search text: МФУ Kyocera Ecosys M2040dn (1102S33NL0)
[DEBUG] 2023-05-14 14:01:33.809 [main] BaseTest:46-Pressed ENTER key
[DEBUG] 2023-05-14 14:01:35.614 [main] BaseTest:40-Method searchProduct started
[DEBUG] 2023-05-14 14:01:35.678 [main] BaseTest:42-Cleared searchBox
[DEBUG] 2023-05-14 14:01:36.051 [main] BaseTest:44-Entered search text: Bluetooth-адаптер Baseus Bluetooth Qiyin AUX Black (WXQY-01)
[DEBUG] 2023-05-14 14:01:38.067 [main] BaseTest:46-Pressed ENTER key
[DEBUG] 2023-05-14 14:01:39.943 [main] BaseTest:40-Method searchProduct started
[DEBUG] 2023-05-14 14:01:40.035 [main] BaseTest:42-Cleared searchBox
[DEBUG] 2023-05-14 14:01:40.506 [main] BaseTest:44-Entered search text: Штатив VELBON EX-323 Mini
[DEBUG] 2023-05-14 14:01:41.558 [main] BaseTest:46-Pressed ENTER key
[DEBUG] 2023-05-14 14:05:27.538 [main] InternalLoggerFactory:76-Using Log4J2 as the default logging framework
[DEBUG] 2023-05-14 14:05:27.553 [main] ResourceLeakDetector:129--Dio.netty.leakDetection.level: simple
[DEBUG] 2023-05-14 14:05:27.554 [main] ResourceLeakDetector:130--Dio.netty.leakDetection.targetRecords: 4
[DEBUG] 2023-05-14 14:05:27.560 [main] ResourceLeakDetectorFactory:196-Loaded default ResourceLeakDetector: io.netty.util.ResourceLeakDetector@736ac09a
[DEBUG] 2023-05-14 14:05:27.587 [main] PlatformDependent0:460--Dio.netty.noUnsafe: false
[DEBUG] 2023-05-14 14:05:27.587 [main] PlatformDependent0:954-Java version: 11
[DEBUG] 2023-05-14 14:05:27.590 [main] PlatformDependent0:135-sun.misc.Unsafe.theUnsafe: available
[DEBUG] 2023-05-14 14:05:27.591 [main] PlatformDependent0:159-sun.misc.Unsafe.copyMemory: available
[DEBUG] 2023-05-14 14:05:27.592 [main] PlatformDependent0:202-java.nio.Buffer.address: available
[DEBUG] 2023-05-14 14:05:27.593 [main] PlatformDependent0:285-direct buffer constructor: unavailable: Reflective setAccessible(true) disabled
[DEBUG] 2023-05-14 14:05:27.595 [main] PlatformDependent0:350-java.nio.Bits.unaligned: available, true
[DEBUG] 2023-05-14 14:05:27.597 [main] PlatformDependent0:417-jdk.internal.misc.Unsafe.allocateUninitializedArray(int): unavailable: class io.netty.util.internal.PlatformDependent0$6 cannot access class jdk.internal.misc.Unsafe (in module java.base) because module java.base does not export jdk.internal.misc to unnamed module @27068a50
[DEBUG] 2023-05-14 14:05:27.599 [main] PlatformDependent0:446-java.nio.DirectByteBuffer.<init>(long, int): unavailable
[DEBUG] 2023-05-14 14:05:27.599 [main] PlatformDependent:1103-sun.misc.Unsafe: available
[DEBUG] 2023-05-14 14:05:27.600 [main] PlatformDependent:1205-maxDirectMemory: 2109734912 bytes (maybe)
[DEBUG] 2023-05-14 14:05:27.601 [main] PlatformDependent:1224--Dio.netty.tmpdir: C:\Users\YURAKO~1.000\AppData\Local\Temp (java.io.tmpdir)
[DEBUG] 2023-05-14 14:05:27.601 [main] PlatformDependent:1303--Dio.netty.bitMode: 64 (sun.arch.data.model)
[DEBUG] 2023-05-14 14:05:27.602 [main] PlatformDependent:1063-Platform: Windows
[DEBUG] 2023-05-14 14:05:27.603 [main] PlatformDependent:178--Dio.netty.maxDirectMemory: -1 bytes
[DEBUG] 2023-05-14 14:05:27.603 [main] PlatformDependent:185--Dio.netty.uninitializedArrayAllocationThreshold: -1
[DEBUG] 2023-05-14 14:05:27.605 [main] CleanerJava9:71-java.nio.ByteBuffer.cleaner(): available
[DEBUG] 2023-05-14 14:05:27.605 [main] PlatformDependent:205--Dio.netty.noPreferDirect: false
[DEBUG] 2023-05-14 14:05:27.616 [main] PlatformDependent:967-org.jctools-core.MpscChunkedArrayQueue: available
[DEBUG] 2023-05-14 14:05:27.644 [main] InternalThreadLocalMap:83--Dio.netty.threadLocalMap.stringBuilder.initialSize: 1024
[DEBUG] 2023-05-14 14:05:27.644 [main] InternalThreadLocalMap:86--Dio.netty.threadLocalMap.stringBuilder.maxSize: 4096
[DEBUG] 2023-05-14 14:05:27.715 [main] JdkSslContext:97-Default protocols (JDK): [TLSv1.3, TLSv1.2] 
[DEBUG] 2023-05-14 14:05:27.716 [main] JdkSslContext:98-Default cipher suites (JDK): [TLS_ECDHE_ECDSA_WITH_AES_256_GCM_SHA384, TLS_ECDHE_ECDSA_WITH_AES_128_GCM_SHA256, TLS_ECDHE_RSA_WITH_AES_128_GCM_SHA256, TLS_ECDHE_RSA_WITH_AES_256_GCM_SHA384, TLS_ECDHE_RSA_WITH_AES_128_CBC_SHA, TLS_ECDHE_RSA_WITH_AES_256_CBC_SHA, TLS_RSA_WITH_AES_128_GCM_SHA256, TLS_RSA_WITH_AES_128_CBC_SHA, TLS_RSA_WITH_AES_256_CBC_SHA, TLS_AES_128_GCM_SHA256, TLS_AES_256_GCM_SHA384]
[DEBUG] 2023-05-14 14:05:27.787 [main] MultithreadEventLoopGroup:44--Dio.netty.eventLoopThreads: 16
[DEBUG] 2023-05-14 14:05:27.806 [main] NioEventLoop:106--Dio.netty.noKeySetOptimization: false
[DEBUG] 2023-05-14 14:05:27.807 [main] NioEventLoop:107--Dio.netty.selectorAutoRebuildThreshold: 512
[DEBUG] 2023-05-14 14:05:27.940 [main] PooledByteBufAllocator:155--Dio.netty.allocator.numHeapArenas: 16
[DEBUG] 2023-05-14 14:05:27.941 [main] PooledByteBufAllocator:156--Dio.netty.allocator.numDirectArenas: 16
[DEBUG] 2023-05-14 14:05:27.942 [main] PooledByteBufAllocator:158--Dio.netty.allocator.pageSize: 8192
[DEBUG] 2023-05-14 14:05:27.943 [main] PooledByteBufAllocator:163--Dio.netty.allocator.maxOrder: 11
[DEBUG] 2023-05-14 14:05:27.944 [main] PooledByteBufAllocator:167--Dio.netty.allocator.chunkSize: 16777216
[DEBUG] 2023-05-14 14:05:27.953 [main] PooledByteBufAllocator:168--Dio.netty.allocator.smallCacheSize: 256
[DEBUG] 2023-05-14 14:05:27.954 [main] PooledByteBufAllocator:169--Dio.netty.allocator.normalCacheSize: 64
[DEBUG] 2023-05-14 14:05:27.955 [main] PooledByteBufAllocator:170--Dio.netty.allocator.maxCachedBufferCapacity: 32768
[DEBUG] 2023-05-14 14:05:27.956 [main] PooledByteBufAllocator:171--Dio.netty.allocator.cacheTrimInterval: 8192
[DEBUG] 2023-05-14 14:05:27.957 [main] PooledByteBufAllocator:172--Dio.netty.allocator.cacheTrimIntervalMillis: 0
[DEBUG] 2023-05-14 14:05:27.959 [main] PooledByteBufAllocator:173--Dio.netty.allocator.useCacheForAllThreads: true
[DEBUG] 2023-05-14 14:05:27.960 [main] PooledByteBufAllocator:174--Dio.netty.allocator.maxCachedByteBuffersPerChunk: 1023
[DEBUG] 2023-05-14 14:05:28.004 [main] ByteBufUtil:87--Dio.netty.allocator.type: pooled
[DEBUG] 2023-05-14 14:05:28.006 [main] ByteBufUtil:96--Dio.netty.threadLocalDirectBufferSize: 0
[DEBUG] 2023-05-14 14:05:28.007 [main] ByteBufUtil:99--Dio.netty.maxThreadLocalCharBufferSize: 16384
[DEBUG] 2023-05-14 14:05:29.499 [Forwarding newSession on session null to remote] DefaultChannelId:79--Dio.netty.processId: 4120 (auto-detected)
[DEBUG] 2023-05-14 14:05:29.505 [Forwarding newSession on session null to remote] NetUtil:135--Djava.net.preferIPv4Stack: false
[DEBUG] 2023-05-14 14:05:29.506 [Forwarding newSession on session null to remote] NetUtil:136--Djava.net.preferIPv6Addresses: false
[DEBUG] 2023-05-14 14:05:30.247 [Forwarding newSession on session null to remote] NetUtilInitializations:129-Loopback interface: lo (Software Loopback Interface 1, 127.0.0.1)
[DEBUG] 2023-05-14 14:05:30.247 [Forwarding newSession on session null to remote] NetUtil:187-Failed to get SOMAXCONN from sysctl and file \proc\sys\net\core\somaxconn. Default: 200
[DEBUG] 2023-05-14 14:05:30.996 [Forwarding newSession on session null to remote] DefaultChannelId:101--Dio.netty.machineId: d0:c6:37:ff:fe:f7:a9:b8 (auto-detected)
[DEBUG] 2023-05-14 14:05:31.078 [AsyncHttpClient-1-2] AbstractByteBuf:63--Dio.netty.buffer.checkAccessible: true
[DEBUG] 2023-05-14 14:05:31.089 [AsyncHttpClient-1-2] AbstractByteBuf:64--Dio.netty.buffer.checkBounds: true
[DEBUG] 2023-05-14 14:05:31.090 [AsyncHttpClient-1-2] ResourceLeakDetectorFactory:196-Loaded default ResourceLeakDetector: io.netty.util.ResourceLeakDetector@3402e7ee
[DEBUG] 2023-05-14 14:05:31.141 [AsyncHttpClient-1-2] Recycler:103--Dio.netty.recycler.maxCapacityPerThread: 4096
[DEBUG] 2023-05-14 14:05:31.141 [AsyncHttpClient-1-2] Recycler:104--Dio.netty.recycler.maxSharedCapacityFactor: 2
[DEBUG] 2023-05-14 14:05:31.142 [AsyncHttpClient-1-2] Recycler:105--Dio.netty.recycler.linkCapacity: 16
[DEBUG] 2023-05-14 14:05:31.142 [AsyncHttpClient-1-2] Recycler:106--Dio.netty.recycler.ratio: 8
[DEBUG] 2023-05-14 14:05:31.142 [AsyncHttpClient-1-2] Recycler:107--Dio.netty.recycler.delayedQueue.ratio: 8
[DEBUG] 2023-05-14 14:05:31.991 [AsyncHttpClient-1-2] Brotli:38-brotli4j not in the classpath; Brotli support will be unavailable.
[DEBUG] 2023-05-14 14:05:32.420 [main] ThreadLocalRandom:214--Dio.netty.initialSeedUniquifier: 0x182ba2641793c0ec
[DEBUG] 2023-05-14 14:05:37.817 [main] BaseTest:29-Init HomePage
[DEBUG] 2023-05-14 14:05:37.846 [main] BaseTest:32-Init SearchPage
[DEBUG] 2023-05-14 14:05:38.152 [main] BaseTest:45-Home page: https://elmir.ua/ is opened
[DEBUG] 2023-05-14 14:05:38.153 [main] BaseTest:33-Method closePopupWindow started
[DEBUG] 2023-05-14 14:05:39.498 [main] BaseTest:36-popupWindow closed
[DEBUG] 2023-05-14 14:05:39.500 [main] BaseTest:40-Method searchProduct started
[DEBUG] 2023-05-14 14:05:39.634 [main] BaseTest:42-Cleared searchBox
[DEBUG] 2023-05-14 14:05:39.934 [main] BaseTest:44-Entered search text: Видеокарта Inno3D NVIDIA CMP 90-HX MINING CARD (ACMP-90HX-3FS, 288-9N612-101KT)
[DEBUG] 2023-05-14 14:05:56.350 [main] BaseTest:46-Pressed ENTER key
[ERROR] 2023-05-14 14:06:06.730 [main] BaseTest:77-Product not found: Видеокарта Inno3D NVIDIA CMP 90-HX MINING CARD (ACMP-90HX-3FS, 288-9N612-101KT)
[DEBUG] 2023-05-14 14:06:06.731 [main] BaseTest:40-Method searchProduct started
[DEBUG] 2023-05-14 14:06:07.017 [main] BaseTest:42-Cleared searchBox
[DEBUG] 2023-05-14 14:06:07.409 [main] BaseTest:44-Entered search text: МФУ Kyocera Ecosys M2040dn (1102S33NL0)
[DEBUG] 2023-05-14 14:06:09.799 [main] BaseTest:46-Pressed ENTER key
[DEBUG] 2023-05-14 14:06:11.038 [main] BaseTest:40-Method searchProduct started
[DEBUG] 2023-05-14 14:06:11.531 [main] BaseTest:42-Cleared searchBox
[DEBUG] 2023-05-14 14:06:12.232 [main] BaseTest:44-Entered search text: Bluetooth-адаптер Baseus Bluetooth Qiyin AUX Black (WXQY-01)
[DEBUG] 2023-05-14 14:06:14.696 [main] BaseTest:46-Pressed ENTER key
[DEBUG] 2023-05-14 14:06:15.560 [main] BaseTest:40-Method searchProduct started
[DEBUG] 2023-05-14 14:06:15.648 [main] BaseTest:42-Cleared searchBox
[DEBUG] 2023-05-14 14:06:16.073 [main] BaseTest:44-Entered search text: Штатив VELBON EX-323 Mini
[DEBUG] 2023-05-14 14:06:17.549 [main] BaseTest:46-Pressed ENTER key
[DEBUG] 2023-05-14 14:08:42.153 [main] InternalLoggerFactory:76-Using Log4J2 as the default logging framework
[DEBUG] 2023-05-14 14:08:42.162 [main] ResourceLeakDetector:129--Dio.netty.leakDetection.level: simple
[DEBUG] 2023-05-14 14:08:42.162 [main] ResourceLeakDetector:130--Dio.netty.leakDetection.targetRecords: 4
[DEBUG] 2023-05-14 14:08:42.169 [main] ResourceLeakDetectorFactory:196-Loaded default ResourceLeakDetector: io.netty.util.ResourceLeakDetector@3eba57a7
[DEBUG] 2023-05-14 14:08:42.210 [main] PlatformDependent0:460--Dio.netty.noUnsafe: false
[DEBUG] 2023-05-14 14:08:42.211 [main] PlatformDependent0:954-Java version: 11
[DEBUG] 2023-05-14 14:08:42.214 [main] PlatformDependent0:135-sun.misc.Unsafe.theUnsafe: available
[DEBUG] 2023-05-14 14:08:42.215 [main] PlatformDependent0:159-sun.misc.Unsafe.copyMemory: available
[DEBUG] 2023-05-14 14:08:42.217 [main] PlatformDependent0:202-java.nio.Buffer.address: available
[DEBUG] 2023-05-14 14:08:42.218 [main] PlatformDependent0:285-direct buffer constructor: unavailable: Reflective setAccessible(true) disabled
[DEBUG] 2023-05-14 14:08:42.220 [main] PlatformDependent0:350-java.nio.Bits.unaligned: available, true
[DEBUG] 2023-05-14 14:08:42.222 [main] PlatformDependent0:417-jdk.internal.misc.Unsafe.allocateUninitializedArray(int): unavailable: class io.netty.util.internal.PlatformDependent0$6 cannot access class jdk.internal.misc.Unsafe (in module java.base) because module java.base does not export jdk.internal.misc to unnamed module @4d4960c8
[DEBUG] 2023-05-14 14:08:42.224 [main] PlatformDependent0:446-java.nio.DirectByteBuffer.<init>(long, int): unavailable
[DEBUG] 2023-05-14 14:08:42.226 [main] PlatformDependent:1103-sun.misc.Unsafe: available
[DEBUG] 2023-05-14 14:08:42.227 [main] PlatformDependent:1205-maxDirectMemory: 2109734912 bytes (maybe)
[DEBUG] 2023-05-14 14:08:42.228 [main] PlatformDependent:1224--Dio.netty.tmpdir: C:\Users\YURAKO~1.000\AppData\Local\Temp (java.io.tmpdir)
[DEBUG] 2023-05-14 14:08:42.228 [main] PlatformDependent:1303--Dio.netty.bitMode: 64 (sun.arch.data.model)
[DEBUG] 2023-05-14 14:08:42.229 [main] PlatformDependent:1063-Platform: Windows
[DEBUG] 2023-05-14 14:08:42.230 [main] PlatformDependent:178--Dio.netty.maxDirectMemory: -1 bytes
[DEBUG] 2023-05-14 14:08:42.231 [main] PlatformDependent:185--Dio.netty.uninitializedArrayAllocationThreshold: -1
[DEBUG] 2023-05-14 14:08:42.233 [main] CleanerJava9:71-java.nio.ByteBuffer.cleaner(): available
[DEBUG] 2023-05-14 14:08:42.235 [main] PlatformDependent:205--Dio.netty.noPreferDirect: false
[DEBUG] 2023-05-14 14:08:42.257 [main] PlatformDependent:967-org.jctools-core.MpscChunkedArrayQueue: available
[DEBUG] 2023-05-14 14:08:42.319 [main] InternalThreadLocalMap:83--Dio.netty.threadLocalMap.stringBuilder.initialSize: 1024
[DEBUG] 2023-05-14 14:08:42.319 [main] InternalThreadLocalMap:86--Dio.netty.threadLocalMap.stringBuilder.maxSize: 4096
[DEBUG] 2023-05-14 14:08:42.418 [main] JdkSslContext:97-Default protocols (JDK): [TLSv1.3, TLSv1.2] 
[DEBUG] 2023-05-14 14:08:42.418 [main] JdkSslContext:98-Default cipher suites (JDK): [TLS_ECDHE_ECDSA_WITH_AES_256_GCM_SHA384, TLS_ECDHE_ECDSA_WITH_AES_128_GCM_SHA256, TLS_ECDHE_RSA_WITH_AES_128_GCM_SHA256, TLS_ECDHE_RSA_WITH_AES_256_GCM_SHA384, TLS_ECDHE_RSA_WITH_AES_128_CBC_SHA, TLS_ECDHE_RSA_WITH_AES_256_CBC_SHA, TLS_RSA_WITH_AES_128_GCM_SHA256, TLS_RSA_WITH_AES_128_CBC_SHA, TLS_RSA_WITH_AES_256_CBC_SHA, TLS_AES_128_GCM_SHA256, TLS_AES_256_GCM_SHA384]
[DEBUG] 2023-05-14 14:08:42.481 [main] MultithreadEventLoopGroup:44--Dio.netty.eventLoopThreads: 16
[DEBUG] 2023-05-14 14:08:42.485 [main] NioEventLoop:106--Dio.netty.noKeySetOptimization: false
[DEBUG] 2023-05-14 14:08:42.485 [main] NioEventLoop:107--Dio.netty.selectorAutoRebuildThreshold: 512
[DEBUG] 2023-05-14 14:08:42.582 [main] PooledByteBufAllocator:155--Dio.netty.allocator.numHeapArenas: 16
[DEBUG] 2023-05-14 14:08:42.582 [main] PooledByteBufAllocator:156--Dio.netty.allocator.numDirectArenas: 16
[DEBUG] 2023-05-14 14:08:42.582 [main] PooledByteBufAllocator:158--Dio.netty.allocator.pageSize: 8192
[DEBUG] 2023-05-14 14:08:42.582 [main] PooledByteBufAllocator:163--Dio.netty.allocator.maxOrder: 11
[DEBUG] 2023-05-14 14:08:42.582 [main] PooledByteBufAllocator:167--Dio.netty.allocator.chunkSize: 16777216
[DEBUG] 2023-05-14 14:08:42.582 [main] PooledByteBufAllocator:168--Dio.netty.allocator.smallCacheSize: 256
[DEBUG] 2023-05-14 14:08:42.582 [main] PooledByteBufAllocator:169--Dio.netty.allocator.normalCacheSize: 64
[DEBUG] 2023-05-14 14:08:42.582 [main] PooledByteBufAllocator:170--Dio.netty.allocator.maxCachedBufferCapacity: 32768
[DEBUG] 2023-05-14 14:08:42.582 [main] PooledByteBufAllocator:171--Dio.netty.allocator.cacheTrimInterval: 8192
[DEBUG] 2023-05-14 14:08:42.582 [main] PooledByteBufAllocator:172--Dio.netty.allocator.cacheTrimIntervalMillis: 0
[DEBUG] 2023-05-14 14:08:42.582 [main] PooledByteBufAllocator:173--Dio.netty.allocator.useCacheForAllThreads: true
[DEBUG] 2023-05-14 14:08:42.582 [main] PooledByteBufAllocator:174--Dio.netty.allocator.maxCachedByteBuffersPerChunk: 1023
[DEBUG] 2023-05-14 14:08:42.613 [main] ByteBufUtil:87--Dio.netty.allocator.type: pooled
[DEBUG] 2023-05-14 14:08:42.613 [main] ByteBufUtil:96--Dio.netty.threadLocalDirectBufferSize: 0
[DEBUG] 2023-05-14 14:08:42.613 [main] ByteBufUtil:99--Dio.netty.maxThreadLocalCharBufferSize: 16384
[DEBUG] 2023-05-14 14:08:43.787 [Forwarding newSession on session null to remote] DefaultChannelId:79--Dio.netty.processId: 6376 (auto-detected)
[DEBUG] 2023-05-14 14:08:43.790 [Forwarding newSession on session null to remote] NetUtil:135--Djava.net.preferIPv4Stack: false
[DEBUG] 2023-05-14 14:08:43.790 [Forwarding newSession on session null to remote] NetUtil:136--Djava.net.preferIPv6Addresses: false
[DEBUG] 2023-05-14 14:08:44.226 [Forwarding newSession on session null to remote] NetUtilInitializations:129-Loopback interface: lo (Software Loopback Interface 1, 127.0.0.1)
[DEBUG] 2023-05-14 14:08:44.226 [Forwarding newSession on session null to remote] NetUtil:187-Failed to get SOMAXCONN from sysctl and file \proc\sys\net\core\somaxconn. Default: 200
[DEBUG] 2023-05-14 14:08:44.620 [Forwarding newSession on session null to remote] DefaultChannelId:101--Dio.netty.machineId: d0:c6:37:ff:fe:f7:a9:b8 (auto-detected)
[DEBUG] 2023-05-14 14:08:44.672 [AsyncHttpClient-1-2] AbstractByteBuf:63--Dio.netty.buffer.checkAccessible: true
[DEBUG] 2023-05-14 14:08:44.683 [AsyncHttpClient-1-2] AbstractByteBuf:64--Dio.netty.buffer.checkBounds: true
[DEBUG] 2023-05-14 14:08:44.684 [AsyncHttpClient-1-2] ResourceLeakDetectorFactory:196-Loaded default ResourceLeakDetector: io.netty.util.ResourceLeakDetector@24b505f5
[DEBUG] 2023-05-14 14:08:44.735 [AsyncHttpClient-1-2] Recycler:103--Dio.netty.recycler.maxCapacityPerThread: 4096
[DEBUG] 2023-05-14 14:08:44.735 [AsyncHttpClient-1-2] Recycler:104--Dio.netty.recycler.maxSharedCapacityFactor: 2
[DEBUG] 2023-05-14 14:08:44.735 [AsyncHttpClient-1-2] Recycler:105--Dio.netty.recycler.linkCapacity: 16
[DEBUG] 2023-05-14 14:08:44.736 [AsyncHttpClient-1-2] Recycler:106--Dio.netty.recycler.ratio: 8
[DEBUG] 2023-05-14 14:08:44.736 [AsyncHttpClient-1-2] Recycler:107--Dio.netty.recycler.delayedQueue.ratio: 8
[DEBUG] 2023-05-14 14:08:45.832 [AsyncHttpClient-1-2] Brotli:38-brotli4j not in the classpath; Brotli support will be unavailable.
[DEBUG] 2023-05-14 14:08:46.046 [main] ThreadLocalRandom:214--Dio.netty.initialSeedUniquifier: 0x261f0d9f8e012f46
[DEBUG] 2023-05-14 14:08:50.153 [main] BaseTest:29-Init HomePage
[DEBUG] 2023-05-14 14:08:50.187 [main] BaseTest:32-Init SearchPage
[DEBUG] 2023-05-14 14:08:50.452 [main] BaseTest:45-Home page: https://elmir.ua/ is opened
[DEBUG] 2023-05-14 14:08:50.452 [main] BaseTest:33-Method closePopupWindow started
[DEBUG] 2023-05-14 14:08:51.595 [main] BaseTest:36-popupWindow closed
[DEBUG] 2023-05-14 14:08:51.595 [main] BaseTest:40-Method searchProduct started
[DEBUG] 2023-05-14 14:08:51.704 [main] BaseTest:42-Cleared searchBox
[DEBUG] 2023-05-14 14:08:52.020 [main] BaseTest:44-Entered search text: Видеокарта Inno3D NVIDIA CMP 90-HX MINING CARD (ACMP-90HX-3FS, 288-9N612-101KT)
[DEBUG] 2023-05-14 14:09:15.413 [main] BaseTest:46-Pressed ENTER key
[DEBUG] 2023-05-14 14:09:25.905 [main] BaseTest:40-Method searchProduct started
[DEBUG] 2023-05-14 14:09:26.139 [main] BaseTest:42-Cleared searchBox
[DEBUG] 2023-05-14 14:09:26.639 [main] BaseTest:44-Entered search text: МФУ Kyocera Ecosys M2040dn (1102S33NL0)
[DEBUG] 2023-05-14 14:09:29.072 [main] BaseTest:46-Pressed ENTER key
[DEBUG] 2023-05-14 14:09:30.041 [main] BaseTest:40-Method searchProduct started
[DEBUG] 2023-05-14 14:09:30.229 [main] BaseTest:42-Cleared searchBox
[DEBUG] 2023-05-14 14:09:31.287 [main] BaseTest:44-Entered search text: Bluetooth-адаптер Baseus Bluetooth Qiyin AUX Black (WXQY-01)
[DEBUG] 2023-05-14 14:09:32.263 [main] BaseTest:46-Pressed ENTER key
[DEBUG] 2023-05-14 14:09:34.144 [main] BaseTest:40-Method searchProduct started
[DEBUG] 2023-05-14 14:09:34.355 [main] BaseTest:42-Cleared searchBox
[DEBUG] 2023-05-14 14:09:34.901 [main] BaseTest:44-Entered search text: Штатив VELBON EX-323 Mini
[DEBUG] 2023-05-14 14:09:35.222 [main] BaseTest:46-Pressed ENTER key
[DEBUG] 2023-05-14 14:20:19.122 [main] InternalLoggerFactory:76-Using Log4J2 as the default logging framework
[DEBUG] 2023-05-14 14:20:19.130 [main] ResourceLeakDetector:129--Dio.netty.leakDetection.level: simple
[DEBUG] 2023-05-14 14:20:19.133 [main] ResourceLeakDetector:130--Dio.netty.leakDetection.targetRecords: 4
[DEBUG] 2023-05-14 14:20:19.139 [main] ResourceLeakDetectorFactory:196-Loaded default ResourceLeakDetector: io.netty.util.ResourceLeakDetector@3068b369
[DEBUG] 2023-05-14 14:20:19.159 [main] PlatformDependent0:460--Dio.netty.noUnsafe: false
[DEBUG] 2023-05-14 14:20:19.159 [main] PlatformDependent0:954-Java version: 11
[DEBUG] 2023-05-14 14:20:19.159 [main] PlatformDependent0:135-sun.misc.Unsafe.theUnsafe: available
[DEBUG] 2023-05-14 14:20:19.178 [main] PlatformDependent0:159-sun.misc.Unsafe.copyMemory: available
[DEBUG] 2023-05-14 14:20:19.179 [main] PlatformDependent0:202-java.nio.Buffer.address: available
[DEBUG] 2023-05-14 14:20:19.179 [main] PlatformDependent0:285-direct buffer constructor: unavailable: Reflective setAccessible(true) disabled
[DEBUG] 2023-05-14 14:20:19.184 [main] PlatformDependent0:350-java.nio.Bits.unaligned: available, true
[DEBUG] 2023-05-14 14:20:19.186 [main] PlatformDependent0:417-jdk.internal.misc.Unsafe.allocateUninitializedArray(int): unavailable: class io.netty.util.internal.PlatformDependent0$6 cannot access class jdk.internal.misc.Unsafe (in module java.base) because module java.base does not export jdk.internal.misc to unnamed module @5183d589
[DEBUG] 2023-05-14 14:20:19.186 [main] PlatformDependent0:446-java.nio.DirectByteBuffer.<init>(long, int): unavailable
[DEBUG] 2023-05-14 14:20:19.186 [main] PlatformDependent:1103-sun.misc.Unsafe: available
[DEBUG] 2023-05-14 14:20:19.186 [main] PlatformDependent:1205-maxDirectMemory: 2109734912 bytes (maybe)
[DEBUG] 2023-05-14 14:20:19.186 [main] PlatformDependent:1224--Dio.netty.tmpdir: C:\Users\YURAKO~1.000\AppData\Local\Temp (java.io.tmpdir)
[DEBUG] 2023-05-14 14:20:19.186 [main] PlatformDependent:1303--Dio.netty.bitMode: 64 (sun.arch.data.model)
[DEBUG] 2023-05-14 14:20:19.199 [main] PlatformDependent:1063-Platform: Windows
[DEBUG] 2023-05-14 14:20:19.201 [main] PlatformDependent:178--Dio.netty.maxDirectMemory: -1 bytes
[DEBUG] 2023-05-14 14:20:19.201 [main] PlatformDependent:185--Dio.netty.uninitializedArrayAllocationThreshold: -1
[DEBUG] 2023-05-14 14:20:19.202 [main] CleanerJava9:71-java.nio.ByteBuffer.cleaner(): available
[DEBUG] 2023-05-14 14:20:19.202 [main] PlatformDependent:205--Dio.netty.noPreferDirect: false
[DEBUG] 2023-05-14 14:20:19.218 [main] PlatformDependent:967-org.jctools-core.MpscChunkedArrayQueue: available
[DEBUG] 2023-05-14 14:20:19.263 [main] InternalThreadLocalMap:83--Dio.netty.threadLocalMap.stringBuilder.initialSize: 1024
[DEBUG] 2023-05-14 14:20:19.263 [main] InternalThreadLocalMap:86--Dio.netty.threadLocalMap.stringBuilder.maxSize: 4096
[DEBUG] 2023-05-14 14:20:19.367 [main] JdkSslContext:97-Default protocols (JDK): [TLSv1.3, TLSv1.2] 
[DEBUG] 2023-05-14 14:20:19.367 [main] JdkSslContext:98-Default cipher suites (JDK): [TLS_ECDHE_ECDSA_WITH_AES_256_GCM_SHA384, TLS_ECDHE_ECDSA_WITH_AES_128_GCM_SHA256, TLS_ECDHE_RSA_WITH_AES_128_GCM_SHA256, TLS_ECDHE_RSA_WITH_AES_256_GCM_SHA384, TLS_ECDHE_RSA_WITH_AES_128_CBC_SHA, TLS_ECDHE_RSA_WITH_AES_256_CBC_SHA, TLS_RSA_WITH_AES_128_GCM_SHA256, TLS_RSA_WITH_AES_128_CBC_SHA, TLS_RSA_WITH_AES_256_CBC_SHA, TLS_AES_128_GCM_SHA256, TLS_AES_256_GCM_SHA384]
[DEBUG] 2023-05-14 14:20:19.421 [main] MultithreadEventLoopGroup:44--Dio.netty.eventLoopThreads: 16
[DEBUG] 2023-05-14 14:20:19.424 [main] NioEventLoop:106--Dio.netty.noKeySetOptimization: false
[DEBUG] 2023-05-14 14:20:19.424 [main] NioEventLoop:107--Dio.netty.selectorAutoRebuildThreshold: 512
[DEBUG] 2023-05-14 14:20:19.491 [main] PooledByteBufAllocator:155--Dio.netty.allocator.numHeapArenas: 16
[DEBUG] 2023-05-14 14:20:19.492 [main] PooledByteBufAllocator:156--Dio.netty.allocator.numDirectArenas: 16
[DEBUG] 2023-05-14 14:20:19.492 [main] PooledByteBufAllocator:158--Dio.netty.allocator.pageSize: 8192
[DEBUG] 2023-05-14 14:20:19.492 [main] PooledByteBufAllocator:163--Dio.netty.allocator.maxOrder: 11
[DEBUG] 2023-05-14 14:20:19.492 [main] PooledByteBufAllocator:167--Dio.netty.allocator.chunkSize: 16777216
[DEBUG] 2023-05-14 14:20:19.492 [main] PooledByteBufAllocator:168--Dio.netty.allocator.smallCacheSize: 256
[DEBUG] 2023-05-14 14:20:19.492 [main] PooledByteBufAllocator:169--Dio.netty.allocator.normalCacheSize: 64
[DEBUG] 2023-05-14 14:20:19.492 [main] PooledByteBufAllocator:170--Dio.netty.allocator.maxCachedBufferCapacity: 32768
[DEBUG] 2023-05-14 14:20:19.493 [main] PooledByteBufAllocator:171--Dio.netty.allocator.cacheTrimInterval: 8192
[DEBUG] 2023-05-14 14:20:19.493 [main] PooledByteBufAllocator:172--Dio.netty.allocator.cacheTrimIntervalMillis: 0
[DEBUG] 2023-05-14 14:20:19.493 [main] PooledByteBufAllocator:173--Dio.netty.allocator.useCacheForAllThreads: true
[DEBUG] 2023-05-14 14:20:19.493 [main] PooledByteBufAllocator:174--Dio.netty.allocator.maxCachedByteBuffersPerChunk: 1023
[DEBUG] 2023-05-14 14:20:19.514 [main] ByteBufUtil:87--Dio.netty.allocator.type: pooled
[DEBUG] 2023-05-14 14:20:19.514 [main] ByteBufUtil:96--Dio.netty.threadLocalDirectBufferSize: 0
[DEBUG] 2023-05-14 14:20:19.514 [main] ByteBufUtil:99--Dio.netty.maxThreadLocalCharBufferSize: 16384
[DEBUG] 2023-05-14 14:20:20.416 [Forwarding newSession on session null to remote] DefaultChannelId:79--Dio.netty.processId: 17684 (auto-detected)
[DEBUG] 2023-05-14 14:20:20.416 [Forwarding newSession on session null to remote] NetUtil:135--Djava.net.preferIPv4Stack: false
[DEBUG] 2023-05-14 14:20:20.416 [Forwarding newSession on session null to remote] NetUtil:136--Djava.net.preferIPv6Addresses: false
[DEBUG] 2023-05-14 14:20:20.831 [Forwarding newSession on session null to remote] NetUtilInitializations:129-Loopback interface: lo (Software Loopback Interface 1, 127.0.0.1)
[DEBUG] 2023-05-14 14:20:20.832 [Forwarding newSession on session null to remote] NetUtil:187-Failed to get SOMAXCONN from sysctl and file \proc\sys\net\core\somaxconn. Default: 200
[DEBUG] 2023-05-14 14:20:21.324 [Forwarding newSession on session null to remote] DefaultChannelId:101--Dio.netty.machineId: d0:c6:37:ff:fe:f7:a9:b8 (auto-detected)
[DEBUG] 2023-05-14 14:20:21.380 [AsyncHttpClient-1-2] AbstractByteBuf:63--Dio.netty.buffer.checkAccessible: true
[DEBUG] 2023-05-14 14:20:21.392 [AsyncHttpClient-1-2] AbstractByteBuf:64--Dio.netty.buffer.checkBounds: true
[DEBUG] 2023-05-14 14:20:21.392 [AsyncHttpClient-1-2] ResourceLeakDetectorFactory:196-Loaded default ResourceLeakDetector: io.netty.util.ResourceLeakDetector@1a5ab4ff
[DEBUG] 2023-05-14 14:20:21.443 [AsyncHttpClient-1-2] Recycler:103--Dio.netty.recycler.maxCapacityPerThread: 4096
[DEBUG] 2023-05-14 14:20:21.443 [AsyncHttpClient-1-2] Recycler:104--Dio.netty.recycler.maxSharedCapacityFactor: 2
[DEBUG] 2023-05-14 14:20:21.444 [AsyncHttpClient-1-2] Recycler:105--Dio.netty.recycler.linkCapacity: 16
[DEBUG] 2023-05-14 14:20:21.444 [AsyncHttpClient-1-2] Recycler:106--Dio.netty.recycler.ratio: 8
[DEBUG] 2023-05-14 14:20:21.444 [AsyncHttpClient-1-2] Recycler:107--Dio.netty.recycler.delayedQueue.ratio: 8
[DEBUG] 2023-05-14 14:20:22.562 [AsyncHttpClient-1-2] Brotli:38-brotli4j not in the classpath; Brotli support will be unavailable.
[DEBUG] 2023-05-14 14:20:22.873 [main] ThreadLocalRandom:214--Dio.netty.initialSeedUniquifier: 0x5aa6b3cf51421a6b
[DEBUG] 2023-05-14 14:20:27.863 [main] BaseTest:29-Init HomePage
[DEBUG] 2023-05-14 14:20:27.916 [main] BaseTest:29-Init SearchPage
[DEBUG] 2023-05-14 14:20:28.241 [main] BaseTest:41-Home page: https://elmir.ua/ is opened
[DEBUG] 2023-05-14 14:20:28.242 [main] BaseTest:33-Method closePopupWindow started
[DEBUG] 2023-05-14 14:20:29.578 [main] BaseTest:36-popupWindow closed
[DEBUG] 2023-05-14 14:20:29.581 [main] BaseTest:40-Method searchProduct started
[DEBUG] 2023-05-14 14:20:29.667 [main] BaseTest:42-Cleared searchBox
[DEBUG] 2023-05-14 14:20:29.911 [main] BaseTest:44-Entered search text: Видеокарта Inno3D NVIDIA CMP 90-HX MINING CARD (ACMP-90HX-3FS, 288-9N612-101KT)
[DEBUG] 2023-05-14 14:20:47.158 [main] BaseTest:46-Pressed ENTER key
[DEBUG] 2023-05-14 14:20:57.463 [main] BaseTest:40-Method searchProduct started
[DEBUG] 2023-05-14 14:20:57.661 [main] BaseTest:42-Cleared searchBox
[DEBUG] 2023-05-14 14:20:58.525 [main] BaseTest:44-Entered search text: МФУ Kyocera Ecosys M2040dn (1102S33NL0)
[DEBUG] 2023-05-14 14:21:00.544 [main] BaseTest:46-Pressed ENTER key
[DEBUG] 2023-05-14 14:21:01.193 [main] BaseTest:40-Method searchProduct started
[DEBUG] 2023-05-14 14:21:01.348 [main] BaseTest:42-Cleared searchBox
[DEBUG] 2023-05-14 14:21:02.304 [main] BaseTest:44-Entered search text: Bluetooth-адаптер Baseus Bluetooth Qiyin AUX Black (WXQY-01)
[DEBUG] 2023-05-14 14:21:04.260 [main] BaseTest:46-Pressed ENTER key
[DEBUG] 2023-05-14 14:21:05.236 [main] BaseTest:40-Method searchProduct started
[DEBUG] 2023-05-14 14:21:05.414 [main] BaseTest:42-Cleared searchBox
[DEBUG] 2023-05-14 14:21:06.243 [main] BaseTest:44-Entered search text: Штатив VELBON EX-323 Mini
[DEBUG] 2023-05-14 14:21:07.177 [main] BaseTest:46-Pressed ENTER key
[DEBUG] 2023-05-15 13:50:20.542 [main] InternalLoggerFactory:76-Using Log4J2 as the default logging framework
[DEBUG] 2023-05-15 13:50:20.542 [main] ResourceLeakDetector:129--Dio.netty.leakDetection.level: simple
[DEBUG] 2023-05-15 13:50:20.542 [main] ResourceLeakDetector:130--Dio.netty.leakDetection.targetRecords: 4
[DEBUG] 2023-05-15 13:50:20.558 [main] ResourceLeakDetectorFactory:196-Loaded default ResourceLeakDetector: io.netty.util.ResourceLeakDetector@47547132
[DEBUG] 2023-05-15 13:50:20.573 [main] PlatformDependent0:460--Dio.netty.noUnsafe: false
[DEBUG] 2023-05-15 13:50:20.573 [main] PlatformDependent0:954-Java version: 11
[DEBUG] 2023-05-15 13:50:20.573 [main] PlatformDependent0:135-sun.misc.Unsafe.theUnsafe: available
[DEBUG] 2023-05-15 13:50:20.573 [main] PlatformDependent0:159-sun.misc.Unsafe.copyMemory: available
[DEBUG] 2023-05-15 13:50:20.573 [main] PlatformDependent0:202-java.nio.Buffer.address: available
[DEBUG] 2023-05-15 13:50:20.573 [main] PlatformDependent0:285-direct buffer constructor: unavailable: Reflective setAccessible(true) disabled
[DEBUG] 2023-05-15 13:50:20.573 [main] PlatformDependent0:350-java.nio.Bits.unaligned: available, true
[DEBUG] 2023-05-15 13:50:20.573 [main] PlatformDependent0:417-jdk.internal.misc.Unsafe.allocateUninitializedArray(int): unavailable: class io.netty.util.internal.PlatformDependent0$6 cannot access class jdk.internal.misc.Unsafe (in module java.base) because module java.base does not export jdk.internal.misc to unnamed module @408b87aa
[DEBUG] 2023-05-15 13:50:20.573 [main] PlatformDependent0:446-java.nio.DirectByteBuffer.<init>(long, int): unavailable
[DEBUG] 2023-05-15 13:50:20.573 [main] PlatformDependent:1103-sun.misc.Unsafe: available
[DEBUG] 2023-05-15 13:50:20.573 [main] PlatformDependent:1205-maxDirectMemory: 2109734912 bytes (maybe)
[DEBUG] 2023-05-15 13:50:20.573 [main] PlatformDependent:1224--Dio.netty.tmpdir: C:\Users\YURAKO~1.000\AppData\Local\Temp (java.io.tmpdir)
[DEBUG] 2023-05-15 13:50:20.573 [main] PlatformDependent:1303--Dio.netty.bitMode: 64 (sun.arch.data.model)
[DEBUG] 2023-05-15 13:50:20.573 [main] PlatformDependent:1063-Platform: Windows
[DEBUG] 2023-05-15 13:50:20.573 [main] PlatformDependent:178--Dio.netty.maxDirectMemory: -1 bytes
[DEBUG] 2023-05-15 13:50:20.573 [main] PlatformDependent:185--Dio.netty.uninitializedArrayAllocationThreshold: -1
[DEBUG] 2023-05-15 13:50:20.573 [main] CleanerJava9:71-java.nio.ByteBuffer.cleaner(): available
[DEBUG] 2023-05-15 13:50:20.573 [main] PlatformDependent:205--Dio.netty.noPreferDirect: false
[DEBUG] 2023-05-15 13:50:20.589 [main] PlatformDependent:967-org.jctools-core.MpscChunkedArrayQueue: available
[DEBUG] 2023-05-15 13:50:20.604 [main] InternalThreadLocalMap:83--Dio.netty.threadLocalMap.stringBuilder.initialSize: 1024
[DEBUG] 2023-05-15 13:50:20.604 [main] InternalThreadLocalMap:86--Dio.netty.threadLocalMap.stringBuilder.maxSize: 4096
[DEBUG] 2023-05-15 13:50:20.636 [main] JdkSslContext:97-Default protocols (JDK): [TLSv1.3, TLSv1.2] 
[DEBUG] 2023-05-15 13:50:20.636 [main] JdkSslContext:98-Default cipher suites (JDK): [TLS_ECDHE_ECDSA_WITH_AES_256_GCM_SHA384, TLS_ECDHE_ECDSA_WITH_AES_128_GCM_SHA256, TLS_ECDHE_RSA_WITH_AES_128_GCM_SHA256, TLS_ECDHE_RSA_WITH_AES_256_GCM_SHA384, TLS_ECDHE_RSA_WITH_AES_128_CBC_SHA, TLS_ECDHE_RSA_WITH_AES_256_CBC_SHA, TLS_RSA_WITH_AES_128_GCM_SHA256, TLS_RSA_WITH_AES_128_CBC_SHA, TLS_RSA_WITH_AES_256_CBC_SHA, TLS_AES_128_GCM_SHA256, TLS_AES_256_GCM_SHA384]
[DEBUG] 2023-05-15 13:50:20.651 [main] MultithreadEventLoopGroup:44--Dio.netty.eventLoopThreads: 16
[DEBUG] 2023-05-15 13:50:20.667 [main] NioEventLoop:106--Dio.netty.noKeySetOptimization: false
[DEBUG] 2023-05-15 13:50:20.667 [main] NioEventLoop:107--Dio.netty.selectorAutoRebuildThreshold: 512
[DEBUG] 2023-05-15 13:50:20.714 [main] PooledByteBufAllocator:155--Dio.netty.allocator.numHeapArenas: 16
[DEBUG] 2023-05-15 13:50:20.714 [main] PooledByteBufAllocator:156--Dio.netty.allocator.numDirectArenas: 16
[DEBUG] 2023-05-15 13:50:20.714 [main] PooledByteBufAllocator:158--Dio.netty.allocator.pageSize: 8192
[DEBUG] 2023-05-15 13:50:20.714 [main] PooledByteBufAllocator:163--Dio.netty.allocator.maxOrder: 11
[DEBUG] 2023-05-15 13:50:20.714 [main] PooledByteBufAllocator:167--Dio.netty.allocator.chunkSize: 16777216
[DEBUG] 2023-05-15 13:50:20.714 [main] PooledByteBufAllocator:168--Dio.netty.allocator.smallCacheSize: 256
[DEBUG] 2023-05-15 13:50:20.714 [main] PooledByteBufAllocator:169--Dio.netty.allocator.normalCacheSize: 64
[DEBUG] 2023-05-15 13:50:20.714 [main] PooledByteBufAllocator:170--Dio.netty.allocator.maxCachedBufferCapacity: 32768
[DEBUG] 2023-05-15 13:50:20.714 [main] PooledByteBufAllocator:171--Dio.netty.allocator.cacheTrimInterval: 8192
[DEBUG] 2023-05-15 13:50:20.714 [main] PooledByteBufAllocator:172--Dio.netty.allocator.cacheTrimIntervalMillis: 0
[DEBUG] 2023-05-15 13:50:20.714 [main] PooledByteBufAllocator:173--Dio.netty.allocator.useCacheForAllThreads: true
[DEBUG] 2023-05-15 13:50:20.714 [main] PooledByteBufAllocator:174--Dio.netty.allocator.maxCachedByteBuffersPerChunk: 1023
[DEBUG] 2023-05-15 13:50:20.714 [main] ByteBufUtil:87--Dio.netty.allocator.type: pooled
[DEBUG] 2023-05-15 13:50:20.714 [main] ByteBufUtil:96--Dio.netty.threadLocalDirectBufferSize: 0
[DEBUG] 2023-05-15 13:50:20.714 [main] ByteBufUtil:99--Dio.netty.maxThreadLocalCharBufferSize: 16384
[DEBUG] 2023-05-15 13:50:21.522 [Forwarding newSession on session null to remote] DefaultChannelId:79--Dio.netty.processId: 9172 (auto-detected)
[DEBUG] 2023-05-15 13:50:21.522 [Forwarding newSession on session null to remote] NetUtil:135--Djava.net.preferIPv4Stack: false
[DEBUG] 2023-05-15 13:50:21.522 [Forwarding newSession on session null to remote] NetUtil:136--Djava.net.preferIPv6Addresses: false
[DEBUG] 2023-05-15 13:50:21.728 [Forwarding newSession on session null to remote] NetUtilInitializations:129-Loopback interface: lo (Software Loopback Interface 1, 127.0.0.1)
[DEBUG] 2023-05-15 13:50:21.728 [Forwarding newSession on session null to remote] NetUtil:187-Failed to get SOMAXCONN from sysctl and file \proc\sys\net\core\somaxconn. Default: 200
[DEBUG] 2023-05-15 13:50:21.998 [Forwarding newSession on session null to remote] DefaultChannelId:101--Dio.netty.machineId: d0:c6:37:ff:fe:f7:a9:b8 (auto-detected)
[DEBUG] 2023-05-15 13:50:22.045 [AsyncHttpClient-1-2] AbstractByteBuf:63--Dio.netty.buffer.checkAccessible: true
[DEBUG] 2023-05-15 13:50:22.061 [AsyncHttpClient-1-2] AbstractByteBuf:64--Dio.netty.buffer.checkBounds: true
[DEBUG] 2023-05-15 13:50:22.061 [AsyncHttpClient-1-2] ResourceLeakDetectorFactory:196-Loaded default ResourceLeakDetector: io.netty.util.ResourceLeakDetector@25fa6417
[DEBUG] 2023-05-15 13:50:22.097 [AsyncHttpClient-1-2] Recycler:103--Dio.netty.recycler.maxCapacityPerThread: 4096
[DEBUG] 2023-05-15 13:50:22.097 [AsyncHttpClient-1-2] Recycler:104--Dio.netty.recycler.maxSharedCapacityFactor: 2
[DEBUG] 2023-05-15 13:50:22.097 [AsyncHttpClient-1-2] Recycler:105--Dio.netty.recycler.linkCapacity: 16
[DEBUG] 2023-05-15 13:50:22.097 [AsyncHttpClient-1-2] Recycler:106--Dio.netty.recycler.ratio: 8
[DEBUG] 2023-05-15 13:50:22.097 [AsyncHttpClient-1-2] Recycler:107--Dio.netty.recycler.delayedQueue.ratio: 8
[DEBUG] 2023-05-15 13:50:22.789 [AsyncHttpClient-1-2] Brotli:38-brotli4j not in the classpath; Brotli support will be unavailable.
[DEBUG] 2023-05-15 13:50:23.019 [main] ThreadLocalRandom:214--Dio.netty.initialSeedUniquifier: 0x35e05d596734c529
[DEBUG] 2023-05-15 13:50:25.785 [main] BaseTest:29-Init HomePage
[DEBUG] 2023-05-15 13:50:25.914 [main] BaseTest:29-Init SearchPage
[DEBUG] 2023-05-15 13:50:26.232 [main] BaseTest:41-Home page: https://elmir.ua/ is opened
[DEBUG] 2023-05-15 13:50:26.233 [main] BaseTest:33-Method closePopupWindow started
[DEBUG] 2023-05-15 13:50:27.190 [main] BaseTest:36-popupWindow closed
[DEBUG] 2023-05-15 13:50:27.190 [main] BaseTest:40-Method searchProduct started
[DEBUG] 2023-05-15 13:50:27.247 [main] BaseTest:42-Cleared searchBox
[DEBUG] 2023-05-15 13:50:27.414 [main] BaseTest:44-Entered search text: Видеокарта Inno3D NVIDIA CMP 90-HX MINING CARD (ACMP-90HX-3FS, 288-9N612-101KT)
[DEBUG] 2023-05-15 13:51:03.859 [main] BaseTest:46-Pressed ENTER key
[DEBUG] 2023-05-15 13:51:14.083 [main] BaseTest:40-Method searchProduct started
[DEBUG] 2023-05-15 13:51:14.134 [main] BaseTest:42-Cleared searchBox
[DEBUG] 2023-05-15 13:51:14.234 [main] BaseTest:44-Entered search text: МФУ Kyocera Ecosys M2040dn (1102S33NL0)
[DEBUG] 2023-05-15 13:51:14.950 [main] BaseTest:46-Pressed ENTER key
[DEBUG] 2023-05-15 13:51:15.259 [main] BaseTest:40-Method searchProduct started
[DEBUG] 2023-05-15 13:51:15.298 [main] BaseTest:42-Cleared searchBox
[DEBUG] 2023-05-15 13:51:15.473 [main] BaseTest:44-Entered search text: Bluetooth-адаптер Baseus Bluetooth Qiyin AUX Black (WXQY-01)
[DEBUG] 2023-05-15 13:51:15.978 [main] BaseTest:46-Pressed ENTER key
[DEBUG] 2023-05-15 13:51:16.249 [main] BaseTest:40-Method searchProduct started
[DEBUG] 2023-05-15 13:51:16.284 [main] BaseTest:42-Cleared searchBox
[DEBUG] 2023-05-15 13:51:16.350 [main] BaseTest:44-Entered search text: Штатив VELBON EX-323 Mini
[DEBUG] 2023-05-15 13:51:16.791 [main] BaseTest:46-Pressed ENTER key
[DEBUG] 2023-05-15 13:54:01.877 [main] InternalLoggerFactory:76-Using Log4J2 as the default logging framework
[DEBUG] 2023-05-15 13:54:01.877 [main] ResourceLeakDetector:129--Dio.netty.leakDetection.level: simple
[DEBUG] 2023-05-15 13:54:01.877 [main] ResourceLeakDetector:130--Dio.netty.leakDetection.targetRecords: 4
[DEBUG] 2023-05-15 13:54:01.877 [main] ResourceLeakDetectorFactory:196-Loaded default ResourceLeakDetector: io.netty.util.ResourceLeakDetector@516ebdf8
[DEBUG] 2023-05-15 13:54:01.893 [main] PlatformDependent0:460--Dio.netty.noUnsafe: false
[DEBUG] 2023-05-15 13:54:01.893 [main] PlatformDependent0:954-Java version: 11
[DEBUG] 2023-05-15 13:54:01.893 [main] PlatformDependent0:135-sun.misc.Unsafe.theUnsafe: available
[DEBUG] 2023-05-15 13:54:01.909 [main] PlatformDependent0:159-sun.misc.Unsafe.copyMemory: available
[DEBUG] 2023-05-15 13:54:01.909 [main] PlatformDependent0:202-java.nio.Buffer.address: available
[DEBUG] 2023-05-15 13:54:01.909 [main] PlatformDependent0:285-direct buffer constructor: unavailable: Reflective setAccessible(true) disabled
[DEBUG] 2023-05-15 13:54:01.909 [main] PlatformDependent0:350-java.nio.Bits.unaligned: available, true
[DEBUG] 2023-05-15 13:54:01.909 [main] PlatformDependent0:417-jdk.internal.misc.Unsafe.allocateUninitializedArray(int): unavailable: class io.netty.util.internal.PlatformDependent0$6 cannot access class jdk.internal.misc.Unsafe (in module java.base) because module java.base does not export jdk.internal.misc to unnamed module @60921b21
[DEBUG] 2023-05-15 13:54:01.909 [main] PlatformDependent0:446-java.nio.DirectByteBuffer.<init>(long, int): unavailable
[DEBUG] 2023-05-15 13:54:01.909 [main] PlatformDependent:1103-sun.misc.Unsafe: available
[DEBUG] 2023-05-15 13:54:01.909 [main] PlatformDependent:1205-maxDirectMemory: 2109734912 bytes (maybe)
[DEBUG] 2023-05-15 13:54:01.909 [main] PlatformDependent:1224--Dio.netty.tmpdir: C:\Users\YURAKO~1.000\AppData\Local\Temp (java.io.tmpdir)
[DEBUG] 2023-05-15 13:54:01.909 [main] PlatformDependent:1303--Dio.netty.bitMode: 64 (sun.arch.data.model)
[DEBUG] 2023-05-15 13:54:01.909 [main] PlatformDependent:1063-Platform: Windows
[DEBUG] 2023-05-15 13:54:01.909 [main] PlatformDependent:178--Dio.netty.maxDirectMemory: -1 bytes
[DEBUG] 2023-05-15 13:54:01.909 [main] PlatformDependent:185--Dio.netty.uninitializedArrayAllocationThreshold: -1
[DEBUG] 2023-05-15 13:54:01.909 [main] CleanerJava9:71-java.nio.ByteBuffer.cleaner(): available
[DEBUG] 2023-05-15 13:54:01.909 [main] PlatformDependent:205--Dio.netty.noPreferDirect: false
[DEBUG] 2023-05-15 13:54:01.909 [main] PlatformDependent:967-org.jctools-core.MpscChunkedArrayQueue: available
[DEBUG] 2023-05-15 13:54:01.940 [main] InternalThreadLocalMap:83--Dio.netty.threadLocalMap.stringBuilder.initialSize: 1024
[DEBUG] 2023-05-15 13:54:01.940 [main] InternalThreadLocalMap:86--Dio.netty.threadLocalMap.stringBuilder.maxSize: 4096
[DEBUG] 2023-05-15 13:54:01.987 [main] JdkSslContext:97-Default protocols (JDK): [TLSv1.3, TLSv1.2] 
[DEBUG] 2023-05-15 13:54:01.987 [main] JdkSslContext:98-Default cipher suites (JDK): [TLS_ECDHE_ECDSA_WITH_AES_256_GCM_SHA384, TLS_ECDHE_ECDSA_WITH_AES_128_GCM_SHA256, TLS_ECDHE_RSA_WITH_AES_128_GCM_SHA256, TLS_ECDHE_RSA_WITH_AES_256_GCM_SHA384, TLS_ECDHE_RSA_WITH_AES_128_CBC_SHA, TLS_ECDHE_RSA_WITH_AES_256_CBC_SHA, TLS_RSA_WITH_AES_128_GCM_SHA256, TLS_RSA_WITH_AES_128_CBC_SHA, TLS_RSA_WITH_AES_256_CBC_SHA, TLS_AES_128_GCM_SHA256, TLS_AES_256_GCM_SHA384]
[DEBUG] 2023-05-15 13:54:02.002 [main] MultithreadEventLoopGroup:44--Dio.netty.eventLoopThreads: 16
[DEBUG] 2023-05-15 13:54:02.018 [main] NioEventLoop:106--Dio.netty.noKeySetOptimization: false
[DEBUG] 2023-05-15 13:54:02.018 [main] NioEventLoop:107--Dio.netty.selectorAutoRebuildThreshold: 512
[DEBUG] 2023-05-15 13:54:02.049 [main] PooledByteBufAllocator:155--Dio.netty.allocator.numHeapArenas: 16
[DEBUG] 2023-05-15 13:54:02.049 [main] PooledByteBufAllocator:156--Dio.netty.allocator.numDirectArenas: 16
[DEBUG] 2023-05-15 13:54:02.049 [main] PooledByteBufAllocator:158--Dio.netty.allocator.pageSize: 8192
[DEBUG] 2023-05-15 13:54:02.049 [main] PooledByteBufAllocator:163--Dio.netty.allocator.maxOrder: 11
[DEBUG] 2023-05-15 13:54:02.049 [main] PooledByteBufAllocator:167--Dio.netty.allocator.chunkSize: 16777216
[DEBUG] 2023-05-15 13:54:02.049 [main] PooledByteBufAllocator:168--Dio.netty.allocator.smallCacheSize: 256
[DEBUG] 2023-05-15 13:54:02.049 [main] PooledByteBufAllocator:169--Dio.netty.allocator.normalCacheSize: 64
[DEBUG] 2023-05-15 13:54:02.049 [main] PooledByteBufAllocator:170--Dio.netty.allocator.maxCachedBufferCapacity: 32768
[DEBUG] 2023-05-15 13:54:02.049 [main] PooledByteBufAllocator:171--Dio.netty.allocator.cacheTrimInterval: 8192
[DEBUG] 2023-05-15 13:54:02.049 [main] PooledByteBufAllocator:172--Dio.netty.allocator.cacheTrimIntervalMillis: 0
[DEBUG] 2023-05-15 13:54:02.049 [main] PooledByteBufAllocator:173--Dio.netty.allocator.useCacheForAllThreads: true
[DEBUG] 2023-05-15 13:54:02.049 [main] PooledByteBufAllocator:174--Dio.netty.allocator.maxCachedByteBuffersPerChunk: 1023
[DEBUG] 2023-05-15 13:54:02.065 [main] ByteBufUtil:87--Dio.netty.allocator.type: pooled
[DEBUG] 2023-05-15 13:54:02.065 [main] ByteBufUtil:96--Dio.netty.threadLocalDirectBufferSize: 0
[DEBUG] 2023-05-15 13:54:02.065 [main] ByteBufUtil:99--Dio.netty.maxThreadLocalCharBufferSize: 16384
[DEBUG] 2023-05-15 13:54:02.861 [Forwarding newSession on session null to remote] DefaultChannelId:79--Dio.netty.processId: 18888 (auto-detected)
[DEBUG] 2023-05-15 13:54:02.861 [Forwarding newSession on session null to remote] NetUtil:135--Djava.net.preferIPv4Stack: false
[DEBUG] 2023-05-15 13:54:02.861 [Forwarding newSession on session null to remote] NetUtil:136--Djava.net.preferIPv6Addresses: false
[DEBUG] 2023-05-15 13:54:03.083 [Forwarding newSession on session null to remote] NetUtilInitializations:129-Loopback interface: lo (Software Loopback Interface 1, 127.0.0.1)
[DEBUG] 2023-05-15 13:54:03.083 [Forwarding newSession on session null to remote] NetUtil:187-Failed to get SOMAXCONN from sysctl and file \proc\sys\net\core\somaxconn. Default: 200
[DEBUG] 2023-05-15 13:54:03.322 [Forwarding newSession on session null to remote] DefaultChannelId:101--Dio.netty.machineId: d0:c6:37:ff:fe:f7:a9:b8 (auto-detected)
[DEBUG] 2023-05-15 13:54:03.358 [AsyncHttpClient-1-2] AbstractByteBuf:63--Dio.netty.buffer.checkAccessible: true
[DEBUG] 2023-05-15 13:54:03.358 [AsyncHttpClient-1-2] AbstractByteBuf:64--Dio.netty.buffer.checkBounds: true
[DEBUG] 2023-05-15 13:54:03.358 [AsyncHttpClient-1-2] ResourceLeakDetectorFactory:196-Loaded default ResourceLeakDetector: io.netty.util.ResourceLeakDetector@3c376512
[DEBUG] 2023-05-15 13:54:03.389 [AsyncHttpClient-1-2] Recycler:103--Dio.netty.recycler.maxCapacityPerThread: 4096
[DEBUG] 2023-05-15 13:54:03.389 [AsyncHttpClient-1-2] Recycler:104--Dio.netty.recycler.maxSharedCapacityFactor: 2
[DEBUG] 2023-05-15 13:54:03.389 [AsyncHttpClient-1-2] Recycler:105--Dio.netty.recycler.linkCapacity: 16
[DEBUG] 2023-05-15 13:54:03.389 [AsyncHttpClient-1-2] Recycler:106--Dio.netty.recycler.ratio: 8
[DEBUG] 2023-05-15 13:54:03.389 [AsyncHttpClient-1-2] Recycler:107--Dio.netty.recycler.delayedQueue.ratio: 8
[DEBUG] 2023-05-15 13:54:04.083 [AsyncHttpClient-1-2] Brotli:38-brotli4j not in the classpath; Brotli support will be unavailable.
[DEBUG] 2023-05-15 13:54:04.250 [main] ThreadLocalRandom:214--Dio.netty.initialSeedUniquifier: 0xe12666e8f3efaf47
[DEBUG] 2023-05-15 13:54:06.836 [main] BaseTest:29-Init HomePage
[DEBUG] 2023-05-15 13:54:06.851 [main] BaseTest:29-Init SearchPage
[DEBUG] 2023-05-15 13:54:07.163 [main] BaseTest:41-Home page: https://elmir.ua/ is opened
[DEBUG] 2023-05-15 13:54:07.165 [main] BaseTest:33-Method closePopupWindow started
[DEBUG] 2023-05-15 13:54:08.109 [main] BaseTest:36-popupWindow closed
[DEBUG] 2023-05-15 13:54:08.109 [main] BaseTest:40-Method searchProduct started
[DEBUG] 2023-05-15 13:54:08.158 [main] BaseTest:42-Cleared searchBox
[DEBUG] 2023-05-15 13:54:08.322 [main] BaseTest:44-Entered search text: Видеокарта Inno3D NVIDIA CMP 90-HX MINING CARD (ACMP-90HX-3FS, 288-9N612-101KT)
[DEBUG] 2023-05-15 13:54:49.506 [main] BaseTest:46-Pressed ENTER key
[DEBUG] 2023-05-15 13:54:59.871 [main] BaseTest:40-Method searchProduct started
[DEBUG] 2023-05-15 13:54:59.938 [main] BaseTest:42-Cleared searchBox
[DEBUG] 2023-05-15 13:55:00.044 [main] BaseTest:44-Entered search text: МФУ Kyocera Ecosys M2040dn (1102S33NL0)
[DEBUG] 2023-05-15 13:55:00.577 [main] BaseTest:46-Pressed ENTER key
[DEBUG] 2023-05-15 13:55:00.851 [main] BaseTest:40-Method searchProduct started
[DEBUG] 2023-05-15 13:55:00.887 [main] BaseTest:42-Cleared searchBox
[DEBUG] 2023-05-15 13:55:00.994 [main] BaseTest:44-Entered search text: Bluetooth-адаптер Baseus Bluetooth Qiyin AUX Black (WXQY-01)
[DEBUG] 2023-05-15 13:55:01.477 [main] BaseTest:46-Pressed ENTER key
[DEBUG] 2023-05-15 13:55:01.725 [main] BaseTest:40-Method searchProduct started
[DEBUG] 2023-05-15 13:55:01.755 [main] BaseTest:42-Cleared searchBox
[DEBUG] 2023-05-15 13:55:01.835 [main] BaseTest:44-Entered search text: Штатив VELBON EX-323 Mini
[DEBUG] 2023-05-15 13:55:02.377 [main] BaseTest:46-Pressed ENTER key
[DEBUG] 2023-05-15 13:57:28.516 [main] InternalLoggerFactory:76-Using Log4J2 as the default logging framework
[DEBUG] 2023-05-15 13:57:28.532 [main] ResourceLeakDetector:129--Dio.netty.leakDetection.level: simple
[DEBUG] 2023-05-15 13:57:28.532 [main] ResourceLeakDetector:130--Dio.netty.leakDetection.targetRecords: 4
[DEBUG] 2023-05-15 13:57:28.532 [main] ResourceLeakDetectorFactory:196-Loaded default ResourceLeakDetector: io.netty.util.ResourceLeakDetector@375b5b7f
[DEBUG] 2023-05-15 13:57:28.547 [main] PlatformDependent0:460--Dio.netty.noUnsafe: false
[DEBUG] 2023-05-15 13:57:28.547 [main] PlatformDependent0:954-Java version: 11
[DEBUG] 2023-05-15 13:57:28.547 [main] PlatformDependent0:135-sun.misc.Unsafe.theUnsafe: available
[DEBUG] 2023-05-15 13:57:28.547 [main] PlatformDependent0:159-sun.misc.Unsafe.copyMemory: available
[DEBUG] 2023-05-15 13:57:28.547 [main] PlatformDependent0:202-java.nio.Buffer.address: available
[DEBUG] 2023-05-15 13:57:28.547 [main] PlatformDependent0:285-direct buffer constructor: unavailable: Reflective setAccessible(true) disabled
[DEBUG] 2023-05-15 13:57:28.547 [main] PlatformDependent0:350-java.nio.Bits.unaligned: available, true
[DEBUG] 2023-05-15 13:57:28.547 [main] PlatformDependent0:417-jdk.internal.misc.Unsafe.allocateUninitializedArray(int): unavailable: class io.netty.util.internal.PlatformDependent0$6 cannot access class jdk.internal.misc.Unsafe (in module java.base) because module java.base does not export jdk.internal.misc to unnamed module @a567e72
[DEBUG] 2023-05-15 13:57:28.547 [main] PlatformDependent0:446-java.nio.DirectByteBuffer.<init>(long, int): unavailable
[DEBUG] 2023-05-15 13:57:28.547 [main] PlatformDependent:1103-sun.misc.Unsafe: available
[DEBUG] 2023-05-15 13:57:28.547 [main] PlatformDependent:1205-maxDirectMemory: 2109734912 bytes (maybe)
[DEBUG] 2023-05-15 13:57:28.547 [main] PlatformDependent:1224--Dio.netty.tmpdir: C:\Users\YURAKO~1.000\AppData\Local\Temp (java.io.tmpdir)
[DEBUG] 2023-05-15 13:57:28.547 [main] PlatformDependent:1303--Dio.netty.bitMode: 64 (sun.arch.data.model)
[DEBUG] 2023-05-15 13:57:28.547 [main] PlatformDependent:1063-Platform: Windows
[DEBUG] 2023-05-15 13:57:28.547 [main] PlatformDependent:178--Dio.netty.maxDirectMemory: -1 bytes
[DEBUG] 2023-05-15 13:57:28.563 [main] PlatformDependent:185--Dio.netty.uninitializedArrayAllocationThreshold: -1
[DEBUG] 2023-05-15 13:57:28.563 [main] CleanerJava9:71-java.nio.ByteBuffer.cleaner(): available
[DEBUG] 2023-05-15 13:57:28.563 [main] PlatformDependent:205--Dio.netty.noPreferDirect: false
[DEBUG] 2023-05-15 13:57:28.563 [main] PlatformDependent:967-org.jctools-core.MpscChunkedArrayQueue: available
[DEBUG] 2023-05-15 13:57:28.579 [main] InternalThreadLocalMap:83--Dio.netty.threadLocalMap.stringBuilder.initialSize: 1024
[DEBUG] 2023-05-15 13:57:28.579 [main] InternalThreadLocalMap:86--Dio.netty.threadLocalMap.stringBuilder.maxSize: 4096
[DEBUG] 2023-05-15 13:57:28.626 [main] JdkSslContext:97-Default protocols (JDK): [TLSv1.3, TLSv1.2] 
[DEBUG] 2023-05-15 13:57:28.626 [main] JdkSslContext:98-Default cipher suites (JDK): [TLS_ECDHE_ECDSA_WITH_AES_256_GCM_SHA384, TLS_ECDHE_ECDSA_WITH_AES_128_GCM_SHA256, TLS_ECDHE_RSA_WITH_AES_128_GCM_SHA256, TLS_ECDHE_RSA_WITH_AES_256_GCM_SHA384, TLS_ECDHE_RSA_WITH_AES_128_CBC_SHA, TLS_ECDHE_RSA_WITH_AES_256_CBC_SHA, TLS_RSA_WITH_AES_128_GCM_SHA256, TLS_RSA_WITH_AES_128_CBC_SHA, TLS_RSA_WITH_AES_256_CBC_SHA, TLS_AES_128_GCM_SHA256, TLS_AES_256_GCM_SHA384]
[DEBUG] 2023-05-15 13:57:28.641 [main] MultithreadEventLoopGroup:44--Dio.netty.eventLoopThreads: 16
[DEBUG] 2023-05-15 13:57:28.657 [main] NioEventLoop:106--Dio.netty.noKeySetOptimization: false
[DEBUG] 2023-05-15 13:57:28.657 [main] NioEventLoop:107--Dio.netty.selectorAutoRebuildThreshold: 512
[DEBUG] 2023-05-15 13:57:28.690 [main] PooledByteBufAllocator:155--Dio.netty.allocator.numHeapArenas: 16
[DEBUG] 2023-05-15 13:57:28.690 [main] PooledByteBufAllocator:156--Dio.netty.allocator.numDirectArenas: 16
[DEBUG] 2023-05-15 13:57:28.690 [main] PooledByteBufAllocator:158--Dio.netty.allocator.pageSize: 8192
[DEBUG] 2023-05-15 13:57:28.690 [main] PooledByteBufAllocator:163--Dio.netty.allocator.maxOrder: 11
[DEBUG] 2023-05-15 13:57:28.690 [main] PooledByteBufAllocator:167--Dio.netty.allocator.chunkSize: 16777216
[DEBUG] 2023-05-15 13:57:28.690 [main] PooledByteBufAllocator:168--Dio.netty.allocator.smallCacheSize: 256
[DEBUG] 2023-05-15 13:57:28.690 [main] PooledByteBufAllocator:169--Dio.netty.allocator.normalCacheSize: 64
[DEBUG] 2023-05-15 13:57:28.690 [main] PooledByteBufAllocator:170--Dio.netty.allocator.maxCachedBufferCapacity: 32768
[DEBUG] 2023-05-15 13:57:28.690 [main] PooledByteBufAllocator:171--Dio.netty.allocator.cacheTrimInterval: 8192
[DEBUG] 2023-05-15 13:57:28.690 [main] PooledByteBufAllocator:172--Dio.netty.allocator.cacheTrimIntervalMillis: 0
[DEBUG] 2023-05-15 13:57:28.690 [main] PooledByteBufAllocator:173--Dio.netty.allocator.useCacheForAllThreads: true
[DEBUG] 2023-05-15 13:57:28.690 [main] PooledByteBufAllocator:174--Dio.netty.allocator.maxCachedByteBuffersPerChunk: 1023
[DEBUG] 2023-05-15 13:57:28.690 [main] ByteBufUtil:87--Dio.netty.allocator.type: pooled
[DEBUG] 2023-05-15 13:57:28.690 [main] ByteBufUtil:96--Dio.netty.threadLocalDirectBufferSize: 0
[DEBUG] 2023-05-15 13:57:28.690 [main] ByteBufUtil:99--Dio.netty.maxThreadLocalCharBufferSize: 16384
[DEBUG] 2023-05-15 13:57:30.040 [Forwarding newSession on session null to remote] DefaultChannelId:79--Dio.netty.processId: 17248 (auto-detected)
[DEBUG] 2023-05-15 13:57:30.040 [Forwarding newSession on session null to remote] NetUtil:135--Djava.net.preferIPv4Stack: false
[DEBUG] 2023-05-15 13:57:30.040 [Forwarding newSession on session null to remote] NetUtil:136--Djava.net.preferIPv6Addresses: false
[DEBUG] 2023-05-15 13:57:30.253 [Forwarding newSession on session null to remote] NetUtilInitializations:129-Loopback interface: lo (Software Loopback Interface 1, 127.0.0.1)
[DEBUG] 2023-05-15 13:57:30.253 [Forwarding newSession on session null to remote] NetUtil:187-Failed to get SOMAXCONN from sysctl and file \proc\sys\net\core\somaxconn. Default: 200
[DEBUG] 2023-05-15 13:57:30.475 [Forwarding newSession on session null to remote] DefaultChannelId:101--Dio.netty.machineId: d0:c6:37:ff:fe:f7:a9:b8 (auto-detected)
[DEBUG] 2023-05-15 13:57:30.522 [AsyncHttpClient-1-2] AbstractByteBuf:63--Dio.netty.buffer.checkAccessible: true
[DEBUG] 2023-05-15 13:57:30.522 [AsyncHttpClient-1-2] AbstractByteBuf:64--Dio.netty.buffer.checkBounds: true
[DEBUG] 2023-05-15 13:57:30.522 [AsyncHttpClient-1-2] ResourceLeakDetectorFactory:196-Loaded default ResourceLeakDetector: io.netty.util.ResourceLeakDetector@4af338e6
[DEBUG] 2023-05-15 13:57:30.553 [AsyncHttpClient-1-2] Recycler:103--Dio.netty.recycler.maxCapacityPerThread: 4096
[DEBUG] 2023-05-15 13:57:30.553 [AsyncHttpClient-1-2] Recycler:104--Dio.netty.recycler.maxSharedCapacityFactor: 2
[DEBUG] 2023-05-15 13:57:30.553 [AsyncHttpClient-1-2] Recycler:105--Dio.netty.recycler.linkCapacity: 16
[DEBUG] 2023-05-15 13:57:30.553 [AsyncHttpClient-1-2] Recycler:106--Dio.netty.recycler.ratio: 8
[DEBUG] 2023-05-15 13:57:30.553 [AsyncHttpClient-1-2] Recycler:107--Dio.netty.recycler.delayedQueue.ratio: 8
[DEBUG] 2023-05-15 13:57:31.222 [AsyncHttpClient-1-2] Brotli:38-brotli4j not in the classpath; Brotli support will be unavailable.
[DEBUG] 2023-05-15 13:57:31.384 [main] ThreadLocalRandom:214--Dio.netty.initialSeedUniquifier: 0x17b34b06597db981
[DEBUG] 2023-05-15 13:57:33.925 [main] BaseTest:29-Init HomePage
[DEBUG] 2023-05-15 13:57:33.940 [main] BaseTest:29-Init SearchPage
[DEBUG] 2023-05-15 13:57:34.160 [main] BaseTest:41-Home page: https://elmir.ua/ is opened
[DEBUG] 2023-05-15 13:57:34.161 [main] BaseTest:33-Method closePopupWindow started
[DEBUG] 2023-05-15 13:57:35.114 [main] BaseTest:36-popupWindow closed
[DEBUG] 2023-05-15 13:57:35.114 [main] BaseTest:40-Method searchProduct started
[DEBUG] 2023-05-15 13:57:35.164 [main] BaseTest:42-Cleared searchBox
[DEBUG] 2023-05-15 13:57:35.316 [main] BaseTest:44-Entered search text: Видеокарта Inno3D NVIDIA CMP 90-HX MINING CARD (ACMP-90HX-3FS, 288-9N612-101KT)
[DEBUG] 2023-05-15 13:57:54.470 [main] BaseTest:46-Pressed ENTER key
[DEBUG] 2023-05-15 13:58:04.709 [main] BaseTest:40-Method searchProduct started
[DEBUG] 2023-05-15 13:58:04.747 [main] BaseTest:42-Cleared searchBox
[DEBUG] 2023-05-15 13:58:04.842 [main] BaseTest:44-Entered search text: МФУ Kyocera Ecosys M2040dn (1102S33NL0)
[DEBUG] 2023-05-15 13:58:08.324 [main] BaseTest:46-Pressed ENTER key
[DEBUG] 2023-05-15 13:58:08.593 [main] BaseTest:40-Method searchProduct started
[DEBUG] 2023-05-15 13:58:08.633 [main] BaseTest:42-Cleared searchBox
[DEBUG] 2023-05-15 13:58:08.744 [main] BaseTest:44-Entered search text: Bluetooth-адаптер Baseus Bluetooth Qiyin AUX Black (WXQY-01)
[DEBUG] 2023-05-15 13:58:16.453 [main] BaseTest:46-Pressed ENTER key
[DEBUG] 2023-05-15 13:58:16.734 [main] BaseTest:40-Method searchProduct started
[DEBUG] 2023-05-15 13:58:16.763 [main] BaseTest:42-Cleared searchBox
[DEBUG] 2023-05-15 13:58:16.843 [main] BaseTest:44-Entered search text: Штатив VELBON EX-323 Mini
[DEBUG] 2023-05-15 13:58:17.385 [main] BaseTest:46-Pressed ENTER key
[DEBUG] 2023-05-15 14:01:33.381 [main] InternalLoggerFactory:76-Using Log4J2 as the default logging framework
[DEBUG] 2023-05-15 14:01:33.397 [main] ResourceLeakDetector:129--Dio.netty.leakDetection.level: simple
[DEBUG] 2023-05-15 14:01:33.397 [main] ResourceLeakDetector:130--Dio.netty.leakDetection.targetRecords: 4
[DEBUG] 2023-05-15 14:01:33.397 [main] ResourceLeakDetectorFactory:196-Loaded default ResourceLeakDetector: io.netty.util.ResourceLeakDetector@6fe46b62
[DEBUG] 2023-05-15 14:01:33.412 [main] PlatformDependent0:460--Dio.netty.noUnsafe: false
[DEBUG] 2023-05-15 14:01:33.412 [main] PlatformDependent0:954-Java version: 11
[DEBUG] 2023-05-15 14:01:33.412 [main] PlatformDependent0:135-sun.misc.Unsafe.theUnsafe: available
[DEBUG] 2023-05-15 14:01:33.412 [main] PlatformDependent0:159-sun.misc.Unsafe.copyMemory: available
[DEBUG] 2023-05-15 14:01:33.412 [main] PlatformDependent0:202-java.nio.Buffer.address: available
[DEBUG] 2023-05-15 14:01:33.412 [main] PlatformDependent0:285-direct buffer constructor: unavailable: Reflective setAccessible(true) disabled
[DEBUG] 2023-05-15 14:01:33.412 [main] PlatformDependent0:350-java.nio.Bits.unaligned: available, true
[DEBUG] 2023-05-15 14:01:33.412 [main] PlatformDependent0:417-jdk.internal.misc.Unsafe.allocateUninitializedArray(int): unavailable: class io.netty.util.internal.PlatformDependent0$6 cannot access class jdk.internal.misc.Unsafe (in module java.base) because module java.base does not export jdk.internal.misc to unnamed module @57bd802b
[DEBUG] 2023-05-15 14:01:33.412 [main] PlatformDependent0:446-java.nio.DirectByteBuffer.<init>(long, int): unavailable
[DEBUG] 2023-05-15 14:01:33.412 [main] PlatformDependent:1103-sun.misc.Unsafe: available
[DEBUG] 2023-05-15 14:01:33.412 [main] PlatformDependent:1205-maxDirectMemory: 2109734912 bytes (maybe)
[DEBUG] 2023-05-15 14:01:33.412 [main] PlatformDependent:1224--Dio.netty.tmpdir: C:\Users\YURAKO~1.000\AppData\Local\Temp (java.io.tmpdir)
[DEBUG] 2023-05-15 14:01:33.412 [main] PlatformDependent:1303--Dio.netty.bitMode: 64 (sun.arch.data.model)
[DEBUG] 2023-05-15 14:01:33.412 [main] PlatformDependent:1063-Platform: Windows
[DEBUG] 2023-05-15 14:01:33.412 [main] PlatformDependent:178--Dio.netty.maxDirectMemory: -1 bytes
[DEBUG] 2023-05-15 14:01:33.412 [main] PlatformDependent:185--Dio.netty.uninitializedArrayAllocationThreshold: -1
[DEBUG] 2023-05-15 14:01:33.412 [main] CleanerJava9:71-java.nio.ByteBuffer.cleaner(): available
[DEBUG] 2023-05-15 14:01:33.412 [main] PlatformDependent:205--Dio.netty.noPreferDirect: false
[DEBUG] 2023-05-15 14:01:33.428 [main] PlatformDependent:967-org.jctools-core.MpscChunkedArrayQueue: available
[DEBUG] 2023-05-15 14:01:33.444 [main] InternalThreadLocalMap:83--Dio.netty.threadLocalMap.stringBuilder.initialSize: 1024
[DEBUG] 2023-05-15 14:01:33.444 [main] InternalThreadLocalMap:86--Dio.netty.threadLocalMap.stringBuilder.maxSize: 4096
[DEBUG] 2023-05-15 14:01:33.490 [main] JdkSslContext:97-Default protocols (JDK): [TLSv1.3, TLSv1.2] 
[DEBUG] 2023-05-15 14:01:33.490 [main] JdkSslContext:98-Default cipher suites (JDK): [TLS_ECDHE_ECDSA_WITH_AES_256_GCM_SHA384, TLS_ECDHE_ECDSA_WITH_AES_128_GCM_SHA256, TLS_ECDHE_RSA_WITH_AES_128_GCM_SHA256, TLS_ECDHE_RSA_WITH_AES_256_GCM_SHA384, TLS_ECDHE_RSA_WITH_AES_128_CBC_SHA, TLS_ECDHE_RSA_WITH_AES_256_CBC_SHA, TLS_RSA_WITH_AES_128_GCM_SHA256, TLS_RSA_WITH_AES_128_CBC_SHA, TLS_RSA_WITH_AES_256_CBC_SHA, TLS_AES_128_GCM_SHA256, TLS_AES_256_GCM_SHA384]
[DEBUG] 2023-05-15 14:01:33.506 [main] MultithreadEventLoopGroup:44--Dio.netty.eventLoopThreads: 16
[DEBUG] 2023-05-15 14:01:33.522 [main] NioEventLoop:106--Dio.netty.noKeySetOptimization: false
[DEBUG] 2023-05-15 14:01:33.522 [main] NioEventLoop:107--Dio.netty.selectorAutoRebuildThreshold: 512
[DEBUG] 2023-05-15 14:01:33.553 [main] PooledByteBufAllocator:155--Dio.netty.allocator.numHeapArenas: 16
[DEBUG] 2023-05-15 14:01:33.553 [main] PooledByteBufAllocator:156--Dio.netty.allocator.numDirectArenas: 16
[DEBUG] 2023-05-15 14:01:33.553 [main] PooledByteBufAllocator:158--Dio.netty.allocator.pageSize: 8192
[DEBUG] 2023-05-15 14:01:33.553 [main] PooledByteBufAllocator:163--Dio.netty.allocator.maxOrder: 11
[DEBUG] 2023-05-15 14:01:33.553 [main] PooledByteBufAllocator:167--Dio.netty.allocator.chunkSize: 16777216
[DEBUG] 2023-05-15 14:01:33.553 [main] PooledByteBufAllocator:168--Dio.netty.allocator.smallCacheSize: 256
[DEBUG] 2023-05-15 14:01:33.553 [main] PooledByteBufAllocator:169--Dio.netty.allocator.normalCacheSize: 64
[DEBUG] 2023-05-15 14:01:33.553 [main] PooledByteBufAllocator:170--Dio.netty.allocator.maxCachedBufferCapacity: 32768
[DEBUG] 2023-05-15 14:01:33.553 [main] PooledByteBufAllocator:171--Dio.netty.allocator.cacheTrimInterval: 8192
[DEBUG] 2023-05-15 14:01:33.553 [main] PooledByteBufAllocator:172--Dio.netty.allocator.cacheTrimIntervalMillis: 0
[DEBUG] 2023-05-15 14:01:33.553 [main] PooledByteBufAllocator:173--Dio.netty.allocator.useCacheForAllThreads: true
[DEBUG] 2023-05-15 14:01:33.553 [main] PooledByteBufAllocator:174--Dio.netty.allocator.maxCachedByteBuffersPerChunk: 1023
[DEBUG] 2023-05-15 14:01:33.553 [main] ByteBufUtil:87--Dio.netty.allocator.type: pooled
[DEBUG] 2023-05-15 14:01:33.553 [main] ByteBufUtil:96--Dio.netty.threadLocalDirectBufferSize: 0
[DEBUG] 2023-05-15 14:01:33.553 [main] ByteBufUtil:99--Dio.netty.maxThreadLocalCharBufferSize: 16384
[DEBUG] 2023-05-15 14:01:34.360 [Forwarding newSession on session null to remote] DefaultChannelId:79--Dio.netty.processId: 15552 (auto-detected)
[DEBUG] 2023-05-15 14:01:34.360 [Forwarding newSession on session null to remote] NetUtil:135--Djava.net.preferIPv4Stack: false
[DEBUG] 2023-05-15 14:01:34.360 [Forwarding newSession on session null to remote] NetUtil:136--Djava.net.preferIPv6Addresses: false
[DEBUG] 2023-05-15 14:01:34.566 [Forwarding newSession on session null to remote] NetUtilInitializations:129-Loopback interface: lo (Software Loopback Interface 1, 127.0.0.1)
[DEBUG] 2023-05-15 14:01:34.566 [Forwarding newSession on session null to remote] NetUtil:187-Failed to get SOMAXCONN from sysctl and file \proc\sys\net\core\somaxconn. Default: 200
[DEBUG] 2023-05-15 14:01:34.801 [Forwarding newSession on session null to remote] DefaultChannelId:101--Dio.netty.machineId: d0:c6:37:ff:fe:f7:a9:b8 (auto-detected)
[DEBUG] 2023-05-15 14:01:34.835 [AsyncHttpClient-1-2] AbstractByteBuf:63--Dio.netty.buffer.checkAccessible: true
[DEBUG] 2023-05-15 14:01:34.835 [AsyncHttpClient-1-2] AbstractByteBuf:64--Dio.netty.buffer.checkBounds: true
[DEBUG] 2023-05-15 14:01:34.835 [AsyncHttpClient-1-2] ResourceLeakDetectorFactory:196-Loaded default ResourceLeakDetector: io.netty.util.ResourceLeakDetector@2a90a7fc
[DEBUG] 2023-05-15 14:01:34.867 [AsyncHttpClient-1-2] Recycler:103--Dio.netty.recycler.maxCapacityPerThread: 4096
[DEBUG] 2023-05-15 14:01:34.867 [AsyncHttpClient-1-2] Recycler:104--Dio.netty.recycler.maxSharedCapacityFactor: 2
[DEBUG] 2023-05-15 14:01:34.867 [AsyncHttpClient-1-2] Recycler:105--Dio.netty.recycler.linkCapacity: 16
[DEBUG] 2023-05-15 14:01:34.867 [AsyncHttpClient-1-2] Recycler:106--Dio.netty.recycler.ratio: 8
[DEBUG] 2023-05-15 14:01:34.867 [AsyncHttpClient-1-2] Recycler:107--Dio.netty.recycler.delayedQueue.ratio: 8
[DEBUG] 2023-05-15 14:01:35.568 [AsyncHttpClient-1-2] Brotli:38-brotli4j not in the classpath; Brotli support will be unavailable.
[DEBUG] 2023-05-15 14:01:35.700 [main] ThreadLocalRandom:214--Dio.netty.initialSeedUniquifier: 0x70d808d5663d60e6
[DEBUG] 2023-05-15 14:01:38.283 [main] BaseTest:29-Init HomePage
[DEBUG] 2023-05-15 14:01:38.298 [main] BaseTest:29-Init SearchPage
[DEBUG] 2023-05-15 14:01:38.541 [main] BaseTest:41-Home page: https://elmir.ua/ is opened
[DEBUG] 2023-05-15 14:01:38.541 [main] BaseTest:33-Method closePopupWindow started
[DEBUG] 2023-05-15 14:01:39.504 [main] BaseTest:36-popupWindow closed
[DEBUG] 2023-05-15 14:01:39.505 [main] BaseTest:40-Method searchProduct started
[DEBUG] 2023-05-15 14:01:39.542 [main] BaseTest:42-Cleared searchBox
[DEBUG] 2023-05-15 14:01:39.714 [main] BaseTest:44-Entered search text: Видеокарта Inno3D NVIDIA CMP 90-HX MINING CARD (ACMP-90HX-3FS, 288-9N612-101KT)
[DEBUG] 2023-05-15 14:01:55.568 [main] BaseTest:46-Pressed ENTER key
[DEBUG] 2023-05-15 14:02:05.968 [main] BaseTest:40-Method searchProduct started
[DEBUG] 2023-05-15 14:02:06.005 [main] BaseTest:42-Cleared searchBox
[DEBUG] 2023-05-15 14:02:06.092 [main] BaseTest:44-Entered search text: МФУ Kyocera Ecosys M2040dn (1102S33NL0)
[DEBUG] 2023-05-15 14:02:12.178 [main] BaseTest:46-Pressed ENTER key
[DEBUG] 2023-05-15 14:02:12.442 [main] BaseTest:40-Method searchProduct started
[DEBUG] 2023-05-15 14:02:12.478 [main] BaseTest:42-Cleared searchBox
[DEBUG] 2023-05-15 14:02:12.588 [main] BaseTest:44-Entered search text: Bluetooth-адаптер Baseus Bluetooth Qiyin AUX Black (WXQY-01)
[DEBUG] 2023-05-15 14:02:14.021 [main] BaseTest:46-Pressed ENTER key
[DEBUG] 2023-05-15 14:02:14.248 [main] BaseTest:40-Method searchProduct started
[DEBUG] 2023-05-15 14:02:14.301 [main] BaseTest:42-Cleared searchBox
[DEBUG] 2023-05-15 14:02:14.377 [main] BaseTest:44-Entered search text: Штатив VELBON EX-323 Mini
[DEBUG] 2023-05-15 14:02:16.376 [main] BaseTest:46-Pressed ENTER key
[DEBUG] 2023-05-15 14:06:48.243 [main] InternalLoggerFactory:76-Using Log4J2 as the default logging framework
[DEBUG] 2023-05-15 14:06:48.258 [main] ResourceLeakDetector:129--Dio.netty.leakDetection.level: simple
[DEBUG] 2023-05-15 14:06:48.258 [main] ResourceLeakDetector:130--Dio.netty.leakDetection.targetRecords: 4
[DEBUG] 2023-05-15 14:06:48.258 [main] ResourceLeakDetectorFactory:196-Loaded default ResourceLeakDetector: io.netty.util.ResourceLeakDetector@375b5b7f
[DEBUG] 2023-05-15 14:06:48.274 [main] PlatformDependent0:460--Dio.netty.noUnsafe: false
[DEBUG] 2023-05-15 14:06:48.274 [main] PlatformDependent0:954-Java version: 11
[DEBUG] 2023-05-15 14:06:48.274 [main] PlatformDependent0:135-sun.misc.Unsafe.theUnsafe: available
[DEBUG] 2023-05-15 14:06:48.274 [main] PlatformDependent0:159-sun.misc.Unsafe.copyMemory: available
[DEBUG] 2023-05-15 14:06:48.274 [main] PlatformDependent0:202-java.nio.Buffer.address: available
[DEBUG] 2023-05-15 14:06:48.274 [main] PlatformDependent0:285-direct buffer constructor: unavailable: Reflective setAccessible(true) disabled
[DEBUG] 2023-05-15 14:06:48.274 [main] PlatformDependent0:350-java.nio.Bits.unaligned: available, true
[DEBUG] 2023-05-15 14:06:48.274 [main] PlatformDependent0:417-jdk.internal.misc.Unsafe.allocateUninitializedArray(int): unavailable: class io.netty.util.internal.PlatformDependent0$6 cannot access class jdk.internal.misc.Unsafe (in module java.base) because module java.base does not export jdk.internal.misc to unnamed module @a567e72
[DEBUG] 2023-05-15 14:06:48.274 [main] PlatformDependent0:446-java.nio.DirectByteBuffer.<init>(long, int): unavailable
[DEBUG] 2023-05-15 14:06:48.274 [main] PlatformDependent:1103-sun.misc.Unsafe: available
[DEBUG] 2023-05-15 14:06:48.274 [main] PlatformDependent:1205-maxDirectMemory: 2109734912 bytes (maybe)
[DEBUG] 2023-05-15 14:06:48.274 [main] PlatformDependent:1224--Dio.netty.tmpdir: C:\Users\YURAKO~1.000\AppData\Local\Temp (java.io.tmpdir)
[DEBUG] 2023-05-15 14:06:48.274 [main] PlatformDependent:1303--Dio.netty.bitMode: 64 (sun.arch.data.model)
[DEBUG] 2023-05-15 14:06:48.274 [main] PlatformDependent:1063-Platform: Windows
[DEBUG] 2023-05-15 14:06:48.290 [main] PlatformDependent:178--Dio.netty.maxDirectMemory: -1 bytes
[DEBUG] 2023-05-15 14:06:48.290 [main] PlatformDependent:185--Dio.netty.uninitializedArrayAllocationThreshold: -1
[DEBUG] 2023-05-15 14:06:48.290 [main] CleanerJava9:71-java.nio.ByteBuffer.cleaner(): available
[DEBUG] 2023-05-15 14:06:48.290 [main] PlatformDependent:205--Dio.netty.noPreferDirect: false
[DEBUG] 2023-05-15 14:06:48.290 [main] PlatformDependent:967-org.jctools-core.MpscChunkedArrayQueue: available
[DEBUG] 2023-05-15 14:06:48.305 [main] InternalThreadLocalMap:83--Dio.netty.threadLocalMap.stringBuilder.initialSize: 1024
[DEBUG] 2023-05-15 14:06:48.305 [main] InternalThreadLocalMap:86--Dio.netty.threadLocalMap.stringBuilder.maxSize: 4096
[DEBUG] 2023-05-15 14:06:48.352 [main] JdkSslContext:97-Default protocols (JDK): [TLSv1.3, TLSv1.2] 
[DEBUG] 2023-05-15 14:06:48.352 [main] JdkSslContext:98-Default cipher suites (JDK): [TLS_ECDHE_ECDSA_WITH_AES_256_GCM_SHA384, TLS_ECDHE_ECDSA_WITH_AES_128_GCM_SHA256, TLS_ECDHE_RSA_WITH_AES_128_GCM_SHA256, TLS_ECDHE_RSA_WITH_AES_256_GCM_SHA384, TLS_ECDHE_RSA_WITH_AES_128_CBC_SHA, TLS_ECDHE_RSA_WITH_AES_256_CBC_SHA, TLS_RSA_WITH_AES_128_GCM_SHA256, TLS_RSA_WITH_AES_128_CBC_SHA, TLS_RSA_WITH_AES_256_CBC_SHA, TLS_AES_128_GCM_SHA256, TLS_AES_256_GCM_SHA384]
[DEBUG] 2023-05-15 14:06:48.368 [main] MultithreadEventLoopGroup:44--Dio.netty.eventLoopThreads: 16
[DEBUG] 2023-05-15 14:06:48.368 [main] NioEventLoop:106--Dio.netty.noKeySetOptimization: false
[DEBUG] 2023-05-15 14:06:48.368 [main] NioEventLoop:107--Dio.netty.selectorAutoRebuildThreshold: 512
[DEBUG] 2023-05-15 14:06:48.400 [main] PooledByteBufAllocator:155--Dio.netty.allocator.numHeapArenas: 16
[DEBUG] 2023-05-15 14:06:48.400 [main] PooledByteBufAllocator:156--Dio.netty.allocator.numDirectArenas: 16
[DEBUG] 2023-05-15 14:06:48.400 [main] PooledByteBufAllocator:158--Dio.netty.allocator.pageSize: 8192
[DEBUG] 2023-05-15 14:06:48.400 [main] PooledByteBufAllocator:163--Dio.netty.allocator.maxOrder: 11
[DEBUG] 2023-05-15 14:06:48.400 [main] PooledByteBufAllocator:167--Dio.netty.allocator.chunkSize: 16777216
[DEBUG] 2023-05-15 14:06:48.400 [main] PooledByteBufAllocator:168--Dio.netty.allocator.smallCacheSize: 256
[DEBUG] 2023-05-15 14:06:48.400 [main] PooledByteBufAllocator:169--Dio.netty.allocator.normalCacheSize: 64
[DEBUG] 2023-05-15 14:06:48.400 [main] PooledByteBufAllocator:170--Dio.netty.allocator.maxCachedBufferCapacity: 32768
[DEBUG] 2023-05-15 14:06:48.400 [main] PooledByteBufAllocator:171--Dio.netty.allocator.cacheTrimInterval: 8192
[DEBUG] 2023-05-15 14:06:48.400 [main] PooledByteBufAllocator:172--Dio.netty.allocator.cacheTrimIntervalMillis: 0
[DEBUG] 2023-05-15 14:06:48.400 [main] PooledByteBufAllocator:173--Dio.netty.allocator.useCacheForAllThreads: true
[DEBUG] 2023-05-15 14:06:48.400 [main] PooledByteBufAllocator:174--Dio.netty.allocator.maxCachedByteBuffersPerChunk: 1023
[DEBUG] 2023-05-15 14:06:48.416 [main] ByteBufUtil:87--Dio.netty.allocator.type: pooled
[DEBUG] 2023-05-15 14:06:48.416 [main] ByteBufUtil:96--Dio.netty.threadLocalDirectBufferSize: 0
[DEBUG] 2023-05-15 14:06:48.416 [main] ByteBufUtil:99--Dio.netty.maxThreadLocalCharBufferSize: 16384
[DEBUG] 2023-05-15 14:06:49.172 [Forwarding newSession on session null to remote] DefaultChannelId:79--Dio.netty.processId: 18896 (auto-detected)
[DEBUG] 2023-05-15 14:06:49.172 [Forwarding newSession on session null to remote] NetUtil:135--Djava.net.preferIPv4Stack: false
[DEBUG] 2023-05-15 14:06:49.172 [Forwarding newSession on session null to remote] NetUtil:136--Djava.net.preferIPv6Addresses: false
[DEBUG] 2023-05-15 14:06:49.378 [Forwarding newSession on session null to remote] NetUtilInitializations:129-Loopback interface: lo (Software Loopback Interface 1, 127.0.0.1)
[DEBUG] 2023-05-15 14:06:49.378 [Forwarding newSession on session null to remote] NetUtil:187-Failed to get SOMAXCONN from sysctl and file \proc\sys\net\core\somaxconn. Default: 200
[DEBUG] 2023-05-15 14:06:49.631 [Forwarding newSession on session null to remote] DefaultChannelId:101--Dio.netty.machineId: d0:c6:37:ff:fe:f7:a9:b8 (auto-detected)
[DEBUG] 2023-05-15 14:06:49.678 [AsyncHttpClient-1-2] AbstractByteBuf:63--Dio.netty.buffer.checkAccessible: true
[DEBUG] 2023-05-15 14:06:49.678 [AsyncHttpClient-1-2] AbstractByteBuf:64--Dio.netty.buffer.checkBounds: true
[DEBUG] 2023-05-15 14:06:49.678 [AsyncHttpClient-1-2] ResourceLeakDetectorFactory:196-Loaded default ResourceLeakDetector: io.netty.util.ResourceLeakDetector@3c70b475
[DEBUG] 2023-05-15 14:06:49.710 [AsyncHttpClient-1-2] Recycler:103--Dio.netty.recycler.maxCapacityPerThread: 4096
[DEBUG] 2023-05-15 14:06:49.710 [AsyncHttpClient-1-2] Recycler:104--Dio.netty.recycler.maxSharedCapacityFactor: 2
[DEBUG] 2023-05-15 14:06:49.710 [AsyncHttpClient-1-2] Recycler:105--Dio.netty.recycler.linkCapacity: 16
[DEBUG] 2023-05-15 14:06:49.710 [AsyncHttpClient-1-2] Recycler:106--Dio.netty.recycler.ratio: 8
[DEBUG] 2023-05-15 14:06:49.710 [AsyncHttpClient-1-2] Recycler:107--Dio.netty.recycler.delayedQueue.ratio: 8
[DEBUG] 2023-05-15 14:06:50.335 [AsyncHttpClient-1-2] Brotli:38-brotli4j not in the classpath; Brotli support will be unavailable.
[DEBUG] 2023-05-15 14:06:50.528 [main] ThreadLocalRandom:214--Dio.netty.initialSeedUniquifier: 0x472c56e6a5e2f36a
[DEBUG] 2023-05-15 14:06:52.894 [main] BaseTest:29-Init HomePage
[DEBUG] 2023-05-15 14:06:52.910 [main] BaseTest:29-Init SearchPage
[DEBUG] 2023-05-15 14:06:53.183 [main] BaseTest:41-Home page: https://elmir.ua/ is opened
[DEBUG] 2023-05-15 14:06:53.184 [main] BaseTest:33-Method closePopupWindow started
[DEBUG] 2023-05-15 14:06:54.517 [main] BaseTest:36-popupWindow closed
[DEBUG] 2023-05-15 14:06:54.517 [main] BaseTest:40-Method searchProduct started
[DEBUG] 2023-05-15 14:06:54.563 [main] BaseTest:42-Cleared searchBox
[DEBUG] 2023-05-15 14:06:54.741 [main] BaseTest:44-Entered search text: Видеокарта Inno3D NVIDIA CMP 90-HX MINING CARD (ACMP-90HX-3FS, 288-9N612-101KT)
[DEBUG] 2023-05-15 14:07:16.590 [main] BaseTest:46-Pressed ENTER key
[DEBUG] 2023-05-15 14:07:26.726 [main] BaseTest:40-Method searchProduct started
[DEBUG] 2023-05-15 14:07:26.762 [main] BaseTest:42-Cleared searchBox
[DEBUG] 2023-05-15 14:07:26.869 [main] BaseTest:44-Entered search text: МФУ Kyocera Ecosys M2040dn (1102S33NL0)
[DEBUG] 2023-05-15 14:07:45.307 [main] BaseTest:46-Pressed ENTER key
[DEBUG] 2023-05-15 14:07:45.708 [main] BaseTest:40-Method searchProduct started
[DEBUG] 2023-05-15 14:07:45.745 [main] BaseTest:42-Cleared searchBox
[DEBUG] 2023-05-15 14:07:45.847 [main] BaseTest:44-Entered search text: Bluetooth-адаптер Baseus Bluetooth Qiyin AUX Black (WXQY-01)
[DEBUG] 2023-05-15 14:07:46.363 [main] BaseTest:46-Pressed ENTER key
[DEBUG] 2023-05-15 14:07:46.623 [main] BaseTest:40-Method searchProduct started
[DEBUG] 2023-05-15 14:07:46.656 [main] BaseTest:42-Cleared searchBox
[DEBUG] 2023-05-15 14:07:46.736 [main] BaseTest:44-Entered search text: Штатив VELBON EX-323 Mini
[DEBUG] 2023-05-15 14:07:47.119 [main] BaseTest:46-Pressed ENTER key
[DEBUG] 2023-05-15 14:10:04.269 [main] InternalLoggerFactory:76-Using Log4J2 as the default logging framework
[DEBUG] 2023-05-15 14:10:04.284 [main] ResourceLeakDetector:129--Dio.netty.leakDetection.level: simple
[DEBUG] 2023-05-15 14:10:04.284 [main] ResourceLeakDetector:130--Dio.netty.leakDetection.targetRecords: 4
[DEBUG] 2023-05-15 14:10:04.284 [main] ResourceLeakDetectorFactory:196-Loaded default ResourceLeakDetector: io.netty.util.ResourceLeakDetector@69eb86b4
[DEBUG] 2023-05-15 14:10:04.300 [main] PlatformDependent0:460--Dio.netty.noUnsafe: false
[DEBUG] 2023-05-15 14:10:04.300 [main] PlatformDependent0:954-Java version: 11
[DEBUG] 2023-05-15 14:10:04.300 [main] PlatformDependent0:135-sun.misc.Unsafe.theUnsafe: available
[DEBUG] 2023-05-15 14:10:04.300 [main] PlatformDependent0:159-sun.misc.Unsafe.copyMemory: available
[DEBUG] 2023-05-15 14:10:04.300 [main] PlatformDependent0:202-java.nio.Buffer.address: available
[DEBUG] 2023-05-15 14:10:04.300 [main] PlatformDependent0:285-direct buffer constructor: unavailable: Reflective setAccessible(true) disabled
[DEBUG] 2023-05-15 14:10:04.300 [main] PlatformDependent0:350-java.nio.Bits.unaligned: available, true
[DEBUG] 2023-05-15 14:10:04.300 [main] PlatformDependent0:417-jdk.internal.misc.Unsafe.allocateUninitializedArray(int): unavailable: class io.netty.util.internal.PlatformDependent0$6 cannot access class jdk.internal.misc.Unsafe (in module java.base) because module java.base does not export jdk.internal.misc to unnamed module @16fe9c29
[DEBUG] 2023-05-15 14:10:04.300 [main] PlatformDependent0:446-java.nio.DirectByteBuffer.<init>(long, int): unavailable
[DEBUG] 2023-05-15 14:10:04.300 [main] PlatformDependent:1103-sun.misc.Unsafe: available
[DEBUG] 2023-05-15 14:10:04.300 [main] PlatformDependent:1205-maxDirectMemory: 2109734912 bytes (maybe)
[DEBUG] 2023-05-15 14:10:04.300 [main] PlatformDependent:1224--Dio.netty.tmpdir: C:\Users\YURAKO~1.000\AppData\Local\Temp (java.io.tmpdir)
[DEBUG] 2023-05-15 14:10:04.300 [main] PlatformDependent:1303--Dio.netty.bitMode: 64 (sun.arch.data.model)
[DEBUG] 2023-05-15 14:10:04.300 [main] PlatformDependent:1063-Platform: Windows
[DEBUG] 2023-05-15 14:10:04.300 [main] PlatformDependent:178--Dio.netty.maxDirectMemory: -1 bytes
[DEBUG] 2023-05-15 14:10:04.300 [main] PlatformDependent:185--Dio.netty.uninitializedArrayAllocationThreshold: -1
[DEBUG] 2023-05-15 14:10:04.300 [main] CleanerJava9:71-java.nio.ByteBuffer.cleaner(): available
[DEBUG] 2023-05-15 14:10:04.300 [main] PlatformDependent:205--Dio.netty.noPreferDirect: false
[DEBUG] 2023-05-15 14:10:04.315 [main] PlatformDependent:967-org.jctools-core.MpscChunkedArrayQueue: available
[DEBUG] 2023-05-15 14:10:04.331 [main] InternalThreadLocalMap:83--Dio.netty.threadLocalMap.stringBuilder.initialSize: 1024
[DEBUG] 2023-05-15 14:10:04.331 [main] InternalThreadLocalMap:86--Dio.netty.threadLocalMap.stringBuilder.maxSize: 4096
[DEBUG] 2023-05-15 14:10:04.378 [main] JdkSslContext:97-Default protocols (JDK): [TLSv1.3, TLSv1.2] 
[DEBUG] 2023-05-15 14:10:04.378 [main] JdkSslContext:98-Default cipher suites (JDK): [TLS_ECDHE_ECDSA_WITH_AES_256_GCM_SHA384, TLS_ECDHE_ECDSA_WITH_AES_128_GCM_SHA256, TLS_ECDHE_RSA_WITH_AES_128_GCM_SHA256, TLS_ECDHE_RSA_WITH_AES_256_GCM_SHA384, TLS_ECDHE_RSA_WITH_AES_128_CBC_SHA, TLS_ECDHE_RSA_WITH_AES_256_CBC_SHA, TLS_RSA_WITH_AES_128_GCM_SHA256, TLS_RSA_WITH_AES_128_CBC_SHA, TLS_RSA_WITH_AES_256_CBC_SHA, TLS_AES_128_GCM_SHA256, TLS_AES_256_GCM_SHA384]
[DEBUG] 2023-05-15 14:10:04.409 [main] MultithreadEventLoopGroup:44--Dio.netty.eventLoopThreads: 16
[DEBUG] 2023-05-15 14:10:04.409 [main] NioEventLoop:106--Dio.netty.noKeySetOptimization: false
[DEBUG] 2023-05-15 14:10:04.409 [main] NioEventLoop:107--Dio.netty.selectorAutoRebuildThreshold: 512
[DEBUG] 2023-05-15 14:10:04.440 [main] PooledByteBufAllocator:155--Dio.netty.allocator.numHeapArenas: 16
[DEBUG] 2023-05-15 14:10:04.440 [main] PooledByteBufAllocator:156--Dio.netty.allocator.numDirectArenas: 16
[DEBUG] 2023-05-15 14:10:04.440 [main] PooledByteBufAllocator:158--Dio.netty.allocator.pageSize: 8192
[DEBUG] 2023-05-15 14:10:04.440 [main] PooledByteBufAllocator:163--Dio.netty.allocator.maxOrder: 11
[DEBUG] 2023-05-15 14:10:04.440 [main] PooledByteBufAllocator:167--Dio.netty.allocator.chunkSize: 16777216
[DEBUG] 2023-05-15 14:10:04.440 [main] PooledByteBufAllocator:168--Dio.netty.allocator.smallCacheSize: 256
[DEBUG] 2023-05-15 14:10:04.440 [main] PooledByteBufAllocator:169--Dio.netty.allocator.normalCacheSize: 64
[DEBUG] 2023-05-15 14:10:04.440 [main] PooledByteBufAllocator:170--Dio.netty.allocator.maxCachedBufferCapacity: 32768
[DEBUG] 2023-05-15 14:10:04.440 [main] PooledByteBufAllocator:171--Dio.netty.allocator.cacheTrimInterval: 8192
[DEBUG] 2023-05-15 14:10:04.440 [main] PooledByteBufAllocator:172--Dio.netty.allocator.cacheTrimIntervalMillis: 0
[DEBUG] 2023-05-15 14:10:04.440 [main] PooledByteBufAllocator:173--Dio.netty.allocator.useCacheForAllThreads: true
[DEBUG] 2023-05-15 14:10:04.440 [main] PooledByteBufAllocator:174--Dio.netty.allocator.maxCachedByteBuffersPerChunk: 1023
[DEBUG] 2023-05-15 14:10:04.456 [main] ByteBufUtil:87--Dio.netty.allocator.type: pooled
[DEBUG] 2023-05-15 14:10:04.456 [main] ByteBufUtil:96--Dio.netty.threadLocalDirectBufferSize: 0
[DEBUG] 2023-05-15 14:10:04.456 [main] ByteBufUtil:99--Dio.netty.maxThreadLocalCharBufferSize: 16384
[DEBUG] 2023-05-15 14:10:05.234 [Forwarding newSession on session null to remote] DefaultChannelId:79--Dio.netty.processId: 17936 (auto-detected)
[DEBUG] 2023-05-15 14:10:05.234 [Forwarding newSession on session null to remote] NetUtil:135--Djava.net.preferIPv4Stack: false
[DEBUG] 2023-05-15 14:10:05.234 [Forwarding newSession on session null to remote] NetUtil:136--Djava.net.preferIPv6Addresses: false
[DEBUG] 2023-05-15 14:10:05.441 [Forwarding newSession on session null to remote] NetUtilInitializations:129-Loopback interface: lo (Software Loopback Interface 1, 127.0.0.1)
[DEBUG] 2023-05-15 14:10:05.441 [Forwarding newSession on session null to remote] NetUtil:187-Failed to get SOMAXCONN from sysctl and file \proc\sys\net\core\somaxconn. Default: 200
[DEBUG] 2023-05-15 14:10:05.666 [Forwarding newSession on session null to remote] DefaultChannelId:101--Dio.netty.machineId: d0:c6:37:ff:fe:f7:a9:b8 (auto-detected)
[DEBUG] 2023-05-15 14:10:05.713 [AsyncHttpClient-1-2] AbstractByteBuf:63--Dio.netty.buffer.checkAccessible: true
[DEBUG] 2023-05-15 14:10:05.713 [AsyncHttpClient-1-2] AbstractByteBuf:64--Dio.netty.buffer.checkBounds: true
[DEBUG] 2023-05-15 14:10:05.713 [AsyncHttpClient-1-2] ResourceLeakDetectorFactory:196-Loaded default ResourceLeakDetector: io.netty.util.ResourceLeakDetector@1eb75f51
[DEBUG] 2023-05-15 14:10:05.744 [AsyncHttpClient-1-2] Recycler:103--Dio.netty.recycler.maxCapacityPerThread: 4096
[DEBUG] 2023-05-15 14:10:05.744 [AsyncHttpClient-1-2] Recycler:104--Dio.netty.recycler.maxSharedCapacityFactor: 2
[DEBUG] 2023-05-15 14:10:05.744 [AsyncHttpClient-1-2] Recycler:105--Dio.netty.recycler.linkCapacity: 16
[DEBUG] 2023-05-15 14:10:05.744 [AsyncHttpClient-1-2] Recycler:106--Dio.netty.recycler.ratio: 8
[DEBUG] 2023-05-15 14:10:05.744 [AsyncHttpClient-1-2] Recycler:107--Dio.netty.recycler.delayedQueue.ratio: 8
[DEBUG] 2023-05-15 14:10:06.416 [AsyncHttpClient-1-2] Brotli:38-brotli4j not in the classpath; Brotli support will be unavailable.
[DEBUG] 2023-05-15 14:10:06.570 [main] ThreadLocalRandom:214--Dio.netty.initialSeedUniquifier: 0x0a216c9a2f89026e
[DEBUG] 2023-05-15 14:10:09.057 [main] BaseTest:29-Init HomePage
[DEBUG] 2023-05-15 14:10:09.088 [main] BaseTest:29-Init SearchPage
[DEBUG] 2023-05-15 14:10:09.309 [main] BaseTest:41-Home page: https://elmir.ua/ is opened
[DEBUG] 2023-05-15 14:10:09.309 [main] BaseTest:33-Method closePopupWindow started
[DEBUG] 2023-05-15 14:10:10.192 [main] BaseTest:36-popupWindow closed
[DEBUG] 2023-05-15 14:10:10.193 [main] BaseTest:40-Method searchProduct started
[DEBUG] 2023-05-15 14:10:10.278 [main] BaseTest:42-Cleared searchBox
[DEBUG] 2023-05-15 14:10:10.457 [main] BaseTest:44-Entered search text: Видеокарта Inno3D NVIDIA CMP 90-HX MINING CARD (ACMP-90HX-3FS, 288-9N612-101KT)
[DEBUG] 2023-05-15 14:10:27.272 [main] BaseTest:46-Pressed ENTER key
[DEBUG] 2023-05-15 14:10:37.566 [main] BaseTest:40-Method searchProduct started
[DEBUG] 2023-05-15 14:10:37.617 [main] BaseTest:42-Cleared searchBox
[DEBUG] 2023-05-15 14:10:37.711 [main] BaseTest:44-Entered search text: МФУ Kyocera Ecosys M2040dn (1102S33NL0)
[DEBUG] 2023-05-15 14:10:39.552 [main] BaseTest:46-Pressed ENTER key
[DEBUG] 2023-05-15 14:10:39.816 [main] BaseTest:40-Method searchProduct started
[DEBUG] 2023-05-15 14:10:39.846 [main] BaseTest:42-Cleared searchBox
[DEBUG] 2023-05-15 14:10:39.960 [main] BaseTest:44-Entered search text: Bluetooth-адаптер Baseus Bluetooth Qiyin AUX Black (WXQY-01)
[DEBUG] 2023-05-15 14:10:41.476 [main] BaseTest:46-Pressed ENTER key
[DEBUG] 2023-05-15 14:10:41.732 [main] BaseTest:40-Method searchProduct started
[DEBUG] 2023-05-15 14:10:41.766 [main] BaseTest:42-Cleared searchBox
[DEBUG] 2023-05-15 14:10:41.837 [main] BaseTest:44-Entered search text: Штатив VELBON EX-323 Mini
[DEBUG] 2023-05-15 14:10:48.295 [main] BaseTest:46-Pressed ENTER key
[DEBUG] 2023-05-15 14:14:40.361 [main] InternalLoggerFactory:76-Using Log4J2 as the default logging framework
[DEBUG] 2023-05-15 14:14:40.361 [main] ResourceLeakDetector:129--Dio.netty.leakDetection.level: simple
[DEBUG] 2023-05-15 14:14:40.361 [main] ResourceLeakDetector:130--Dio.netty.leakDetection.targetRecords: 4
[DEBUG] 2023-05-15 14:14:40.361 [main] ResourceLeakDetectorFactory:196-Loaded default ResourceLeakDetector: io.netty.util.ResourceLeakDetector@6a933be2
[DEBUG] 2023-05-15 14:14:40.377 [main] PlatformDependent0:460--Dio.netty.noUnsafe: false
[DEBUG] 2023-05-15 14:14:40.377 [main] PlatformDependent0:954-Java version: 11
[DEBUG] 2023-05-15 14:14:40.377 [main] PlatformDependent0:135-sun.misc.Unsafe.theUnsafe: available
[DEBUG] 2023-05-15 14:14:40.377 [main] PlatformDependent0:159-sun.misc.Unsafe.copyMemory: available
[DEBUG] 2023-05-15 14:14:40.377 [main] PlatformDependent0:202-java.nio.Buffer.address: available
[DEBUG] 2023-05-15 14:14:40.377 [main] PlatformDependent0:285-direct buffer constructor: unavailable: Reflective setAccessible(true) disabled
[DEBUG] 2023-05-15 14:14:40.377 [main] PlatformDependent0:350-java.nio.Bits.unaligned: available, true
[DEBUG] 2023-05-15 14:14:40.377 [main] PlatformDependent0:417-jdk.internal.misc.Unsafe.allocateUninitializedArray(int): unavailable: class io.netty.util.internal.PlatformDependent0$6 cannot access class jdk.internal.misc.Unsafe (in module java.base) because module java.base does not export jdk.internal.misc to unnamed module @7c974942
[DEBUG] 2023-05-15 14:14:40.392 [main] PlatformDependent0:446-java.nio.DirectByteBuffer.<init>(long, int): unavailable
[DEBUG] 2023-05-15 14:14:40.392 [main] PlatformDependent:1103-sun.misc.Unsafe: available
[DEBUG] 2023-05-15 14:14:40.392 [main] PlatformDependent:1205-maxDirectMemory: 2109734912 bytes (maybe)
[DEBUG] 2023-05-15 14:14:40.392 [main] PlatformDependent:1224--Dio.netty.tmpdir: C:\Users\YURAKO~1.000\AppData\Local\Temp (java.io.tmpdir)
[DEBUG] 2023-05-15 14:14:40.392 [main] PlatformDependent:1303--Dio.netty.bitMode: 64 (sun.arch.data.model)
[DEBUG] 2023-05-15 14:14:40.392 [main] PlatformDependent:1063-Platform: Windows
[DEBUG] 2023-05-15 14:14:40.392 [main] PlatformDependent:178--Dio.netty.maxDirectMemory: -1 bytes
[DEBUG] 2023-05-15 14:14:40.392 [main] PlatformDependent:185--Dio.netty.uninitializedArrayAllocationThreshold: -1
[DEBUG] 2023-05-15 14:14:40.392 [main] CleanerJava9:71-java.nio.ByteBuffer.cleaner(): available
[DEBUG] 2023-05-15 14:14:40.392 [main] PlatformDependent:205--Dio.netty.noPreferDirect: false
[DEBUG] 2023-05-15 14:14:40.392 [main] PlatformDependent:967-org.jctools-core.MpscChunkedArrayQueue: available
[DEBUG] 2023-05-15 14:14:40.408 [main] InternalThreadLocalMap:83--Dio.netty.threadLocalMap.stringBuilder.initialSize: 1024
[DEBUG] 2023-05-15 14:14:40.408 [main] InternalThreadLocalMap:86--Dio.netty.threadLocalMap.stringBuilder.maxSize: 4096
[DEBUG] 2023-05-15 14:14:40.439 [main] JdkSslContext:97-Default protocols (JDK): [TLSv1.3, TLSv1.2] 
[DEBUG] 2023-05-15 14:14:40.439 [main] JdkSslContext:98-Default cipher suites (JDK): [TLS_ECDHE_ECDSA_WITH_AES_256_GCM_SHA384, TLS_ECDHE_ECDSA_WITH_AES_128_GCM_SHA256, TLS_ECDHE_RSA_WITH_AES_128_GCM_SHA256, TLS_ECDHE_RSA_WITH_AES_256_GCM_SHA384, TLS_ECDHE_RSA_WITH_AES_128_CBC_SHA, TLS_ECDHE_RSA_WITH_AES_256_CBC_SHA, TLS_RSA_WITH_AES_128_GCM_SHA256, TLS_RSA_WITH_AES_128_CBC_SHA, TLS_RSA_WITH_AES_256_CBC_SHA, TLS_AES_128_GCM_SHA256, TLS_AES_256_GCM_SHA384]
[DEBUG] 2023-05-15 14:14:40.455 [main] MultithreadEventLoopGroup:44--Dio.netty.eventLoopThreads: 16
[DEBUG] 2023-05-15 14:14:40.455 [main] NioEventLoop:106--Dio.netty.noKeySetOptimization: false
[DEBUG] 2023-05-15 14:14:40.455 [main] NioEventLoop:107--Dio.netty.selectorAutoRebuildThreshold: 512
[DEBUG] 2023-05-15 14:14:40.486 [main] PooledByteBufAllocator:155--Dio.netty.allocator.numHeapArenas: 16
[DEBUG] 2023-05-15 14:14:40.486 [main] PooledByteBufAllocator:156--Dio.netty.allocator.numDirectArenas: 16
[DEBUG] 2023-05-15 14:14:40.486 [main] PooledByteBufAllocator:158--Dio.netty.allocator.pageSize: 8192
[DEBUG] 2023-05-15 14:14:40.486 [main] PooledByteBufAllocator:163--Dio.netty.allocator.maxOrder: 11
[DEBUG] 2023-05-15 14:14:40.486 [main] PooledByteBufAllocator:167--Dio.netty.allocator.chunkSize: 16777216
[DEBUG] 2023-05-15 14:14:40.486 [main] PooledByteBufAllocator:168--Dio.netty.allocator.smallCacheSize: 256
[DEBUG] 2023-05-15 14:14:40.486 [main] PooledByteBufAllocator:169--Dio.netty.allocator.normalCacheSize: 64
[DEBUG] 2023-05-15 14:14:40.486 [main] PooledByteBufAllocator:170--Dio.netty.allocator.maxCachedBufferCapacity: 32768
[DEBUG] 2023-05-15 14:14:40.486 [main] PooledByteBufAllocator:171--Dio.netty.allocator.cacheTrimInterval: 8192
[DEBUG] 2023-05-15 14:14:40.486 [main] PooledByteBufAllocator:172--Dio.netty.allocator.cacheTrimIntervalMillis: 0
[DEBUG] 2023-05-15 14:14:40.486 [main] PooledByteBufAllocator:173--Dio.netty.allocator.useCacheForAllThreads: true
[DEBUG] 2023-05-15 14:14:40.486 [main] PooledByteBufAllocator:174--Dio.netty.allocator.maxCachedByteBuffersPerChunk: 1023
[DEBUG] 2023-05-15 14:14:40.507 [main] ByteBufUtil:87--Dio.netty.allocator.type: pooled
[DEBUG] 2023-05-15 14:14:40.507 [main] ByteBufUtil:96--Dio.netty.threadLocalDirectBufferSize: 0
[DEBUG] 2023-05-15 14:14:40.507 [main] ByteBufUtil:99--Dio.netty.maxThreadLocalCharBufferSize: 16384
[DEBUG] 2023-05-15 14:14:41.285 [Forwarding newSession on session null to remote] DefaultChannelId:79--Dio.netty.processId: 1480 (auto-detected)
[DEBUG] 2023-05-15 14:14:41.285 [Forwarding newSession on session null to remote] NetUtil:135--Djava.net.preferIPv4Stack: false
[DEBUG] 2023-05-15 14:14:41.285 [Forwarding newSession on session null to remote] NetUtil:136--Djava.net.preferIPv6Addresses: false
[DEBUG] 2023-05-15 14:14:41.488 [Forwarding newSession on session null to remote] NetUtilInitializations:129-Loopback interface: lo (Software Loopback Interface 1, 127.0.0.1)
[DEBUG] 2023-05-15 14:14:41.488 [Forwarding newSession on session null to remote] NetUtil:187-Failed to get SOMAXCONN from sysctl and file \proc\sys\net\core\somaxconn. Default: 200
[DEBUG] 2023-05-15 14:14:41.725 [Forwarding newSession on session null to remote] DefaultChannelId:101--Dio.netty.machineId: d0:c6:37:ff:fe:f7:a9:b8 (auto-detected)
[DEBUG] 2023-05-15 14:14:41.756 [AsyncHttpClient-1-2] AbstractByteBuf:63--Dio.netty.buffer.checkAccessible: true
[DEBUG] 2023-05-15 14:14:41.756 [AsyncHttpClient-1-2] AbstractByteBuf:64--Dio.netty.buffer.checkBounds: true
[DEBUG] 2023-05-15 14:14:41.756 [AsyncHttpClient-1-2] ResourceLeakDetectorFactory:196-Loaded default ResourceLeakDetector: io.netty.util.ResourceLeakDetector@cc39e60
[DEBUG] 2023-05-15 14:14:41.787 [AsyncHttpClient-1-2] Recycler:103--Dio.netty.recycler.maxCapacityPerThread: 4096
[DEBUG] 2023-05-15 14:14:41.787 [AsyncHttpClient-1-2] Recycler:104--Dio.netty.recycler.maxSharedCapacityFactor: 2
[DEBUG] 2023-05-15 14:14:41.787 [AsyncHttpClient-1-2] Recycler:105--Dio.netty.recycler.linkCapacity: 16
[DEBUG] 2023-05-15 14:14:41.787 [AsyncHttpClient-1-2] Recycler:106--Dio.netty.recycler.ratio: 8
[DEBUG] 2023-05-15 14:14:41.787 [AsyncHttpClient-1-2] Recycler:107--Dio.netty.recycler.delayedQueue.ratio: 8
[DEBUG] 2023-05-15 14:14:42.498 [AsyncHttpClient-1-2] Brotli:38-brotli4j not in the classpath; Brotli support will be unavailable.
[DEBUG] 2023-05-15 14:14:42.617 [main] ThreadLocalRandom:214--Dio.netty.initialSeedUniquifier: 0x9ab3e2ba83c983d4
[DEBUG] 2023-05-15 14:14:45.023 [main] BaseTest:29-Init HomePage
[DEBUG] 2023-05-15 14:14:45.038 [main] BaseTest:29-Init SearchPage
[DEBUG] 2023-05-15 14:14:45.291 [main] BaseTest:41-Home page: https://elmir.ua/ is opened
[DEBUG] 2023-05-15 14:14:45.291 [main] BaseTest:40-Method searchProduct started
[DEBUG] 2023-05-15 14:15:31.519 [main] InternalLoggerFactory:76-Using Log4J2 as the default logging framework
[DEBUG] 2023-05-15 14:15:31.535 [main] ResourceLeakDetector:129--Dio.netty.leakDetection.level: simple
[DEBUG] 2023-05-15 14:15:31.535 [main] ResourceLeakDetector:130--Dio.netty.leakDetection.targetRecords: 4
[DEBUG] 2023-05-15 14:15:31.535 [main] ResourceLeakDetectorFactory:196-Loaded default ResourceLeakDetector: io.netty.util.ResourceLeakDetector@3eba57a7
[DEBUG] 2023-05-15 14:15:31.551 [main] PlatformDependent0:460--Dio.netty.noUnsafe: false
[DEBUG] 2023-05-15 14:15:31.551 [main] PlatformDependent0:954-Java version: 11
[DEBUG] 2023-05-15 14:15:31.551 [main] PlatformDependent0:135-sun.misc.Unsafe.theUnsafe: available
[DEBUG] 2023-05-15 14:15:31.551 [main] PlatformDependent0:159-sun.misc.Unsafe.copyMemory: available
[DEBUG] 2023-05-15 14:15:31.551 [main] PlatformDependent0:202-java.nio.Buffer.address: available
[DEBUG] 2023-05-15 14:15:31.551 [main] PlatformDependent0:285-direct buffer constructor: unavailable: Reflective setAccessible(true) disabled
[DEBUG] 2023-05-15 14:15:31.551 [main] PlatformDependent0:350-java.nio.Bits.unaligned: available, true
[DEBUG] 2023-05-15 14:15:31.551 [main] PlatformDependent0:417-jdk.internal.misc.Unsafe.allocateUninitializedArray(int): unavailable: class io.netty.util.internal.PlatformDependent0$6 cannot access class jdk.internal.misc.Unsafe (in module java.base) because module java.base does not export jdk.internal.misc to unnamed module @4d4960c8
[DEBUG] 2023-05-15 14:15:31.566 [main] PlatformDependent0:446-java.nio.DirectByteBuffer.<init>(long, int): unavailable
[DEBUG] 2023-05-15 14:15:31.566 [main] PlatformDependent:1103-sun.misc.Unsafe: available
[DEBUG] 2023-05-15 14:15:31.566 [main] PlatformDependent:1205-maxDirectMemory: 2109734912 bytes (maybe)
[DEBUG] 2023-05-15 14:15:31.566 [main] PlatformDependent:1224--Dio.netty.tmpdir: C:\Users\YURAKO~1.000\AppData\Local\Temp (java.io.tmpdir)
[DEBUG] 2023-05-15 14:15:31.566 [main] PlatformDependent:1303--Dio.netty.bitMode: 64 (sun.arch.data.model)
[DEBUG] 2023-05-15 14:15:31.566 [main] PlatformDependent:1063-Platform: Windows
[DEBUG] 2023-05-15 14:15:31.566 [main] PlatformDependent:178--Dio.netty.maxDirectMemory: -1 bytes
[DEBUG] 2023-05-15 14:15:31.566 [main] PlatformDependent:185--Dio.netty.uninitializedArrayAllocationThreshold: -1
[DEBUG] 2023-05-15 14:15:31.566 [main] CleanerJava9:71-java.nio.ByteBuffer.cleaner(): available
[DEBUG] 2023-05-15 14:15:31.566 [main] PlatformDependent:205--Dio.netty.noPreferDirect: false
[DEBUG] 2023-05-15 14:15:31.566 [main] PlatformDependent:967-org.jctools-core.MpscChunkedArrayQueue: available
[DEBUG] 2023-05-15 14:15:31.582 [main] InternalThreadLocalMap:83--Dio.netty.threadLocalMap.stringBuilder.initialSize: 1024
[DEBUG] 2023-05-15 14:15:31.582 [main] InternalThreadLocalMap:86--Dio.netty.threadLocalMap.stringBuilder.maxSize: 4096
[DEBUG] 2023-05-15 14:15:31.598 [main] JdkSslContext:97-Default protocols (JDK): [TLSv1.3, TLSv1.2] 
[DEBUG] 2023-05-15 14:15:31.598 [main] JdkSslContext:98-Default cipher suites (JDK): [TLS_ECDHE_ECDSA_WITH_AES_256_GCM_SHA384, TLS_ECDHE_ECDSA_WITH_AES_128_GCM_SHA256, TLS_ECDHE_RSA_WITH_AES_128_GCM_SHA256, TLS_ECDHE_RSA_WITH_AES_256_GCM_SHA384, TLS_ECDHE_RSA_WITH_AES_128_CBC_SHA, TLS_ECDHE_RSA_WITH_AES_256_CBC_SHA, TLS_RSA_WITH_AES_128_GCM_SHA256, TLS_RSA_WITH_AES_128_CBC_SHA, TLS_RSA_WITH_AES_256_CBC_SHA, TLS_AES_128_GCM_SHA256, TLS_AES_256_GCM_SHA384]
[DEBUG] 2023-05-15 14:15:31.613 [main] MultithreadEventLoopGroup:44--Dio.netty.eventLoopThreads: 16
[DEBUG] 2023-05-15 14:15:31.629 [main] NioEventLoop:106--Dio.netty.noKeySetOptimization: false
[DEBUG] 2023-05-15 14:15:31.629 [main] NioEventLoop:107--Dio.netty.selectorAutoRebuildThreshold: 512
[DEBUG] 2023-05-15 14:15:31.660 [main] PooledByteBufAllocator:155--Dio.netty.allocator.numHeapArenas: 16
[DEBUG] 2023-05-15 14:15:31.660 [main] PooledByteBufAllocator:156--Dio.netty.allocator.numDirectArenas: 16
[DEBUG] 2023-05-15 14:15:31.660 [main] PooledByteBufAllocator:158--Dio.netty.allocator.pageSize: 8192
[DEBUG] 2023-05-15 14:15:31.660 [main] PooledByteBufAllocator:163--Dio.netty.allocator.maxOrder: 11
[DEBUG] 2023-05-15 14:15:31.660 [main] PooledByteBufAllocator:167--Dio.netty.allocator.chunkSize: 16777216
[DEBUG] 2023-05-15 14:15:31.660 [main] PooledByteBufAllocator:168--Dio.netty.allocator.smallCacheSize: 256
[DEBUG] 2023-05-15 14:15:31.660 [main] PooledByteBufAllocator:169--Dio.netty.allocator.normalCacheSize: 64
[DEBUG] 2023-05-15 14:15:31.660 [main] PooledByteBufAllocator:170--Dio.netty.allocator.maxCachedBufferCapacity: 32768
[DEBUG] 2023-05-15 14:15:31.660 [main] PooledByteBufAllocator:171--Dio.netty.allocator.cacheTrimInterval: 8192
[DEBUG] 2023-05-15 14:15:31.660 [main] PooledByteBufAllocator:172--Dio.netty.allocator.cacheTrimIntervalMillis: 0
[DEBUG] 2023-05-15 14:15:31.660 [main] PooledByteBufAllocator:173--Dio.netty.allocator.useCacheForAllThreads: true
[DEBUG] 2023-05-15 14:15:31.660 [main] PooledByteBufAllocator:174--Dio.netty.allocator.maxCachedByteBuffersPerChunk: 1023
[DEBUG] 2023-05-15 14:15:31.680 [main] ByteBufUtil:87--Dio.netty.allocator.type: pooled
[DEBUG] 2023-05-15 14:15:31.680 [main] ByteBufUtil:96--Dio.netty.threadLocalDirectBufferSize: 0
[DEBUG] 2023-05-15 14:15:31.680 [main] ByteBufUtil:99--Dio.netty.maxThreadLocalCharBufferSize: 16384
[DEBUG] 2023-05-15 14:15:32.413 [Forwarding newSession on session null to remote] DefaultChannelId:79--Dio.netty.processId: 12408 (auto-detected)
[DEBUG] 2023-05-15 14:15:32.413 [Forwarding newSession on session null to remote] NetUtil:135--Djava.net.preferIPv4Stack: false
[DEBUG] 2023-05-15 14:15:32.413 [Forwarding newSession on session null to remote] NetUtil:136--Djava.net.preferIPv6Addresses: false
[DEBUG] 2023-05-15 14:15:32.627 [Forwarding newSession on session null to remote] NetUtilInitializations:129-Loopback interface: lo (Software Loopback Interface 1, 127.0.0.1)
[DEBUG] 2023-05-15 14:15:32.627 [Forwarding newSession on session null to remote] NetUtil:187-Failed to get SOMAXCONN from sysctl and file \proc\sys\net\core\somaxconn. Default: 200
[DEBUG] 2023-05-15 14:15:32.861 [Forwarding newSession on session null to remote] DefaultChannelId:101--Dio.netty.machineId: d0:c6:37:ff:fe:f7:a9:b8 (auto-detected)
[DEBUG] 2023-05-15 14:15:32.896 [AsyncHttpClient-1-2] AbstractByteBuf:63--Dio.netty.buffer.checkAccessible: true
[DEBUG] 2023-05-15 14:15:32.896 [AsyncHttpClient-1-2] AbstractByteBuf:64--Dio.netty.buffer.checkBounds: true
[DEBUG] 2023-05-15 14:15:32.896 [AsyncHttpClient-1-2] ResourceLeakDetectorFactory:196-Loaded default ResourceLeakDetector: io.netty.util.ResourceLeakDetector@3c13fc83
[DEBUG] 2023-05-15 14:15:32.911 [AsyncHttpClient-1-2] Recycler:103--Dio.netty.recycler.maxCapacityPerThread: 4096
[DEBUG] 2023-05-15 14:15:32.911 [AsyncHttpClient-1-2] Recycler:104--Dio.netty.recycler.maxSharedCapacityFactor: 2
[DEBUG] 2023-05-15 14:15:32.911 [AsyncHttpClient-1-2] Recycler:105--Dio.netty.recycler.linkCapacity: 16
[DEBUG] 2023-05-15 14:15:32.911 [AsyncHttpClient-1-2] Recycler:106--Dio.netty.recycler.ratio: 8
[DEBUG] 2023-05-15 14:15:32.911 [AsyncHttpClient-1-2] Recycler:107--Dio.netty.recycler.delayedQueue.ratio: 8
[DEBUG] 2023-05-15 14:15:33.612 [AsyncHttpClient-1-2] Brotli:38-brotli4j not in the classpath; Brotli support will be unavailable.
[DEBUG] 2023-05-15 14:15:33.758 [main] ThreadLocalRandom:214--Dio.netty.initialSeedUniquifier: 0xb5bd6fae5ff5b2d1
[DEBUG] 2023-05-15 14:15:36.247 [main] BaseTest:29-Init HomePage
[DEBUG] 2023-05-15 14:15:36.263 [main] BaseTest:29-Init SearchPage
[DEBUG] 2023-05-15 14:15:36.530 [main] BaseTest:41-Home page: https://elmir.ua/ is opened
[DEBUG] 2023-05-15 14:15:36.532 [main] BaseTest:33-Method closePopupWindow started
[DEBUG] 2023-05-15 14:15:37.393 [main] BaseTest:36-popupWindow closed
[DEBUG] 2023-05-15 14:15:37.395 [main] BaseTest:40-Method searchProduct started
[DEBUG] 2023-05-15 14:15:37.488 [main] BaseTest:42-Cleared searchBox
[DEBUG] 2023-05-15 14:15:37.653 [main] BaseTest:44-Entered search text: Видеокарта Inno3D NVIDIA CMP 90-HX MINING CARD (ACMP-90HX-3FS, 288-9N612-101KT)
[DEBUG] 2023-05-15 14:15:55.331 [main] BaseTest:46-Pressed ENTER key
[DEBUG] 2023-05-15 14:16:05.903 [main] BaseTest:40-Method searchProduct started
[DEBUG] 2023-05-15 14:16:05.949 [main] BaseTest:42-Cleared searchBox
[DEBUG] 2023-05-15 14:16:06.043 [main] BaseTest:44-Entered search text: МФУ Kyocera Ecosys M2040dn (1102S33NL0)
[DEBUG] 2023-05-15 14:16:12.243 [main] BaseTest:46-Pressed ENTER key
[DEBUG] 2023-05-15 14:16:12.592 [main] BaseTest:40-Method searchProduct started
[DEBUG] 2023-05-15 14:16:12.634 [main] BaseTest:42-Cleared searchBox
[DEBUG] 2023-05-15 14:16:12.736 [main] BaseTest:44-Entered search text: Bluetooth-адаптер Baseus Bluetooth Qiyin AUX Black (WXQY-01)
[DEBUG] 2023-05-15 14:16:13.777 [main] BaseTest:46-Pressed ENTER key
[DEBUG] 2023-05-15 14:16:14.125 [main] BaseTest:40-Method searchProduct started
[DEBUG] 2023-05-15 14:16:14.158 [main] BaseTest:42-Cleared searchBox
[DEBUG] 2023-05-15 14:16:14.237 [main] BaseTest:44-Entered search text: Штатив VELBON EX-323 Mini
[DEBUG] 2023-05-15 14:16:16.728 [main] BaseTest:46-Pressed ENTER key
[DEBUG] 2023-05-15 14:17:53.076 [main] InternalLoggerFactory:76-Using Log4J2 as the default logging framework
[DEBUG] 2023-05-15 14:17:53.091 [main] ResourceLeakDetector:129--Dio.netty.leakDetection.level: simple
[DEBUG] 2023-05-15 14:17:53.091 [main] ResourceLeakDetector:130--Dio.netty.leakDetection.targetRecords: 4
[DEBUG] 2023-05-15 14:17:53.091 [main] ResourceLeakDetectorFactory:196-Loaded default ResourceLeakDetector: io.netty.util.ResourceLeakDetector@6a933be2
[DEBUG] 2023-05-15 14:17:53.107 [main] PlatformDependent0:460--Dio.netty.noUnsafe: false
[DEBUG] 2023-05-15 14:17:53.107 [main] PlatformDependent0:954-Java version: 11
[DEBUG] 2023-05-15 14:17:53.107 [main] PlatformDependent0:135-sun.misc.Unsafe.theUnsafe: available
[DEBUG] 2023-05-15 14:17:53.107 [main] PlatformDependent0:159-sun.misc.Unsafe.copyMemory: available
[DEBUG] 2023-05-15 14:17:53.107 [main] PlatformDependent0:202-java.nio.Buffer.address: available
[DEBUG] 2023-05-15 14:17:53.107 [main] PlatformDependent0:285-direct buffer constructor: unavailable: Reflective setAccessible(true) disabled
[DEBUG] 2023-05-15 14:17:53.107 [main] PlatformDependent0:350-java.nio.Bits.unaligned: available, true
[DEBUG] 2023-05-15 14:17:53.107 [main] PlatformDependent0:417-jdk.internal.misc.Unsafe.allocateUninitializedArray(int): unavailable: class io.netty.util.internal.PlatformDependent0$6 cannot access class jdk.internal.misc.Unsafe (in module java.base) because module java.base does not export jdk.internal.misc to unnamed module @7c974942
[DEBUG] 2023-05-15 14:17:53.107 [main] PlatformDependent0:446-java.nio.DirectByteBuffer.<init>(long, int): unavailable
[DEBUG] 2023-05-15 14:17:53.107 [main] PlatformDependent:1103-sun.misc.Unsafe: available
[DEBUG] 2023-05-15 14:17:53.107 [main] PlatformDependent:1205-maxDirectMemory: 2109734912 bytes (maybe)
[DEBUG] 2023-05-15 14:17:53.107 [main] PlatformDependent:1224--Dio.netty.tmpdir: C:\Users\YURAKO~1.000\AppData\Local\Temp (java.io.tmpdir)
[DEBUG] 2023-05-15 14:17:53.107 [main] PlatformDependent:1303--Dio.netty.bitMode: 64 (sun.arch.data.model)
[DEBUG] 2023-05-15 14:17:53.107 [main] PlatformDependent:1063-Platform: Windows
[DEBUG] 2023-05-15 14:17:53.123 [main] PlatformDependent:178--Dio.netty.maxDirectMemory: -1 bytes
[DEBUG] 2023-05-15 14:17:53.123 [main] PlatformDependent:185--Dio.netty.uninitializedArrayAllocationThreshold: -1
[DEBUG] 2023-05-15 14:17:53.123 [main] CleanerJava9:71-java.nio.ByteBuffer.cleaner(): available
[DEBUG] 2023-05-15 14:17:53.123 [main] PlatformDependent:205--Dio.netty.noPreferDirect: false
[DEBUG] 2023-05-15 14:17:53.123 [main] PlatformDependent:967-org.jctools-core.MpscChunkedArrayQueue: available
[DEBUG] 2023-05-15 14:17:53.138 [main] InternalThreadLocalMap:83--Dio.netty.threadLocalMap.stringBuilder.initialSize: 1024
[DEBUG] 2023-05-15 14:17:53.138 [main] InternalThreadLocalMap:86--Dio.netty.threadLocalMap.stringBuilder.maxSize: 4096
[DEBUG] 2023-05-15 14:17:53.185 [main] JdkSslContext:97-Default protocols (JDK): [TLSv1.3, TLSv1.2] 
[DEBUG] 2023-05-15 14:17:53.185 [main] JdkSslContext:98-Default cipher suites (JDK): [TLS_ECDHE_ECDSA_WITH_AES_256_GCM_SHA384, TLS_ECDHE_ECDSA_WITH_AES_128_GCM_SHA256, TLS_ECDHE_RSA_WITH_AES_128_GCM_SHA256, TLS_ECDHE_RSA_WITH_AES_256_GCM_SHA384, TLS_ECDHE_RSA_WITH_AES_128_CBC_SHA, TLS_ECDHE_RSA_WITH_AES_256_CBC_SHA, TLS_RSA_WITH_AES_128_GCM_SHA256, TLS_RSA_WITH_AES_128_CBC_SHA, TLS_RSA_WITH_AES_256_CBC_SHA, TLS_AES_128_GCM_SHA256, TLS_AES_256_GCM_SHA384]
[DEBUG] 2023-05-15 14:17:53.201 [main] MultithreadEventLoopGroup:44--Dio.netty.eventLoopThreads: 16
[DEBUG] 2023-05-15 14:17:53.201 [main] NioEventLoop:106--Dio.netty.noKeySetOptimization: false
[DEBUG] 2023-05-15 14:17:53.201 [main] NioEventLoop:107--Dio.netty.selectorAutoRebuildThreshold: 512
[DEBUG] 2023-05-15 14:17:53.234 [main] PooledByteBufAllocator:155--Dio.netty.allocator.numHeapArenas: 16
[DEBUG] 2023-05-15 14:17:53.234 [main] PooledByteBufAllocator:156--Dio.netty.allocator.numDirectArenas: 16
[DEBUG] 2023-05-15 14:17:53.234 [main] PooledByteBufAllocator:158--Dio.netty.allocator.pageSize: 8192
[DEBUG] 2023-05-15 14:17:53.234 [main] PooledByteBufAllocator:163--Dio.netty.allocator.maxOrder: 11
[DEBUG] 2023-05-15 14:17:53.234 [main] PooledByteBufAllocator:167--Dio.netty.allocator.chunkSize: 16777216
[DEBUG] 2023-05-15 14:17:53.234 [main] PooledByteBufAllocator:168--Dio.netty.allocator.smallCacheSize: 256
[DEBUG] 2023-05-15 14:17:53.234 [main] PooledByteBufAllocator:169--Dio.netty.allocator.normalCacheSize: 64
[DEBUG] 2023-05-15 14:17:53.234 [main] PooledByteBufAllocator:170--Dio.netty.allocator.maxCachedBufferCapacity: 32768
[DEBUG] 2023-05-15 14:17:53.234 [main] PooledByteBufAllocator:171--Dio.netty.allocator.cacheTrimInterval: 8192
[DEBUG] 2023-05-15 14:17:53.234 [main] PooledByteBufAllocator:172--Dio.netty.allocator.cacheTrimIntervalMillis: 0
[DEBUG] 2023-05-15 14:17:53.234 [main] PooledByteBufAllocator:173--Dio.netty.allocator.useCacheForAllThreads: true
[DEBUG] 2023-05-15 14:17:53.234 [main] PooledByteBufAllocator:174--Dio.netty.allocator.maxCachedByteBuffersPerChunk: 1023
[DEBUG] 2023-05-15 14:17:53.250 [main] ByteBufUtil:87--Dio.netty.allocator.type: pooled
[DEBUG] 2023-05-15 14:17:53.250 [main] ByteBufUtil:96--Dio.netty.threadLocalDirectBufferSize: 0
[DEBUG] 2023-05-15 14:17:53.250 [main] ByteBufUtil:99--Dio.netty.maxThreadLocalCharBufferSize: 16384
[DEBUG] 2023-05-15 14:17:54.022 [Forwarding newSession on session null to remote] DefaultChannelId:79--Dio.netty.processId: 8928 (auto-detected)
[DEBUG] 2023-05-15 14:17:54.022 [Forwarding newSession on session null to remote] NetUtil:135--Djava.net.preferIPv4Stack: false
[DEBUG] 2023-05-15 14:17:54.022 [Forwarding newSession on session null to remote] NetUtil:136--Djava.net.preferIPv6Addresses: false
[DEBUG] 2023-05-15 14:17:54.243 [Forwarding newSession on session null to remote] NetUtilInitializations:129-Loopback interface: lo (Software Loopback Interface 1, 127.0.0.1)
[DEBUG] 2023-05-15 14:17:54.243 [Forwarding newSession on session null to remote] NetUtil:187-Failed to get SOMAXCONN from sysctl and file \proc\sys\net\core\somaxconn. Default: 200
[DEBUG] 2023-05-15 14:17:54.465 [Forwarding newSession on session null to remote] DefaultChannelId:101--Dio.netty.machineId: d0:c6:37:ff:fe:f7:a9:b8 (auto-detected)
[DEBUG] 2023-05-15 14:17:54.512 [AsyncHttpClient-1-2] AbstractByteBuf:63--Dio.netty.buffer.checkAccessible: true
[DEBUG] 2023-05-15 14:17:54.512 [AsyncHttpClient-1-2] AbstractByteBuf:64--Dio.netty.buffer.checkBounds: true
[DEBUG] 2023-05-15 14:17:54.512 [AsyncHttpClient-1-2] ResourceLeakDetectorFactory:196-Loaded default ResourceLeakDetector: io.netty.util.ResourceLeakDetector@48320857
[DEBUG] 2023-05-15 14:17:54.543 [AsyncHttpClient-1-2] Recycler:103--Dio.netty.recycler.maxCapacityPerThread: 4096
[DEBUG] 2023-05-15 14:17:54.543 [AsyncHttpClient-1-2] Recycler:104--Dio.netty.recycler.maxSharedCapacityFactor: 2
[DEBUG] 2023-05-15 14:17:54.543 [AsyncHttpClient-1-2] Recycler:105--Dio.netty.recycler.linkCapacity: 16
[DEBUG] 2023-05-15 14:17:54.543 [AsyncHttpClient-1-2] Recycler:106--Dio.netty.recycler.ratio: 8
[DEBUG] 2023-05-15 14:17:54.559 [AsyncHttpClient-1-2] Recycler:107--Dio.netty.recycler.delayedQueue.ratio: 8
[DEBUG] 2023-05-15 14:17:55.194 [AsyncHttpClient-1-2] Brotli:38-brotli4j not in the classpath; Brotli support will be unavailable.
[DEBUG] 2023-05-15 14:17:55.373 [main] ThreadLocalRandom:214--Dio.netty.initialSeedUniquifier: 0x1de71a10235658ff
[DEBUG] 2023-05-15 14:17:57.937 [main] BaseTest:29-Init HomePage
[DEBUG] 2023-05-15 14:17:57.953 [main] BaseTest:29-Init SearchPage
[DEBUG] 2023-05-15 14:17:58.204 [main] BaseTest:41-Home page: https://elmir.ua/ is opened
[DEBUG] 2023-05-15 14:17:58.204 [main] BaseTest:33-Method closePopupWindow started
[DEBUG] 2023-05-15 14:17:59.208 [main] BaseTest:36-popupWindow closed
[DEBUG] 2023-05-15 14:17:59.209 [main] BaseTest:40-Method searchProduct started
[DEBUG] 2023-05-15 14:17:59.252 [main] BaseTest:42-Cleared searchBox
[DEBUG] 2023-05-15 14:17:59.397 [main] BaseTest:44-Entered search text: Видеокарта Inno3D NVIDIA CMP 90-HX MINING CARD (ACMP-90HX-3FS, 288-9N612-101KT)
[DEBUG] 2023-05-15 14:18:16.388 [main] BaseTest:46-Pressed ENTER key
[DEBUG] 2023-05-15 14:18:26.656 [main] BaseTest:40-Method searchProduct started
[DEBUG] 2023-05-15 14:18:26.690 [main] BaseTest:42-Cleared searchBox
[DEBUG] 2023-05-15 14:18:26.789 [main] BaseTest:44-Entered search text: МФУ Kyocera Ecosys M2040dn (1102S33NL0)
[DEBUG] 2023-05-15 14:18:28.187 [main] BaseTest:46-Pressed ENTER key
[DEBUG] 2023-05-15 14:18:28.497 [main] BaseTest:40-Method searchProduct started
[DEBUG] 2023-05-15 14:18:28.528 [main] BaseTest:42-Cleared searchBox
[DEBUG] 2023-05-15 14:18:28.637 [main] BaseTest:44-Entered search text: Bluetooth-адаптер Baseus Bluetooth Qiyin AUX Black (WXQY-01)
[DEBUG] 2023-05-15 14:18:30.597 [main] BaseTest:46-Pressed ENTER key
[DEBUG] 2023-05-15 14:18:30.876 [main] BaseTest:40-Method searchProduct started
[DEBUG] 2023-05-15 14:18:30.913 [main] BaseTest:42-Cleared searchBox
[DEBUG] 2023-05-15 14:18:31.002 [main] BaseTest:44-Entered search text: Штатив VELBON EX-323 Mini
[DEBUG] 2023-05-15 14:18:31.766 [main] BaseTest:46-Pressed ENTER key
